OpenMP enabled (max_threads=16)
Thread settings: nthreads=16 (chrono/collision/eigen)
  analyze_once : yes
ANCF 3443 cantilever shell demo
  integration  : ContInt
  solver       : PARDISO_MKL
  res          : 0 (100x100 elements)
  elements     : 10000
  nodes        : 10201
  tip_nodes    : 101
  x_size,y_size: 4, 2 m
  dx, dy       : 0.04, 0.02 m
  thickness    : 0.1 m
  tip_force_z  : -500 N (total, distributed over 101 nodes)
  schedule     : Fz=const for steps 0..4, then Fz=0 for steps 5..9
  dt           : 0.0005 s
  steps        : 10 (t_end=0.005 s)

  PARDISO Analysis Phase... Done in 478.366 ms.
  PARDISO Factorization Phase... Done in 434.034 ms.
  Solver setup [0] n = 122917  nnz = 13050079
     analyze?        1
     use learner?    1
     pattern locked? 1
     call learner?   1
     call reserve?   0
     timer assembly matrix:   1.81897 s
     timer analyze+factorize: 0.912499 s
  PARDISO Solve Phase... Done in 180.514 ms.
  Solver solve [0]  |residual| = 2.88946e-16
  PARDISO Factorization Phase... Done in 401.888 ms.
  Solver setup [1] n = 122917  nnz = 13050079
     analyze?        0
     use learner?    1
     pattern locked? 1
     call learner?   0
     call reserve?   0
     timer assembly matrix:   2.10027 s
     timer analyze+factorize: 1.31443 s
  PARDISO Solve Phase... Done in 144.286 ms.
  Solver solve [1]  |residual| = 3.95234e-21
  PARDISO Factorization Phase... Done in 397.184 ms.
  Solver setup [2] n = 122917  nnz = 13050079
     analyze?        0
     use learner?    1
     pattern locked? 1
     call learner?   0
     call reserve?   0
     timer assembly matrix:   2.32021 s
     timer analyze+factorize: 1.71165 s
  PARDISO Solve Phase... Done in 147.044 ms.
  Solver solve [2]  |residual| = 3.37572e-16
  PARDISO Factorization Phase... Done in 408.382 ms.
  Solver setup [3] n = 122917  nnz = 13050079
     analyze?        0
     use learner?    1
     pattern locked? 1
     call learner?   0
     call reserve?   0
     timer assembly matrix:   2.53761 s
     timer analyze+factorize: 2.12007 s
  PARDISO Solve Phase... Done in 145.693 ms.
  Solver solve [3]  |residual| = 1.30451e-21
  PARDISO Factorization Phase... Done in 391.904 ms.
  Solver setup [4] n = 122917  nnz = 13050079
     analyze?        0
     use learner?    1
     pattern locked? 1
     call learner?   0
     call reserve?   0
     timer assembly matrix:   2.7569 s
     timer analyze+factorize: 2.51202 s
  PARDISO Solve Phase... Done in 145.584 ms.
  Solver solve [4]  |residual| = 8.97073e-25
  PARDISO Factorization Phase... Done in 395.197 ms.
  Solver setup [5] n = 122917  nnz = 13050079
     analyze?        0
     use learner?    1
     pattern locked? 1
     call learner?   0
     call reserve?   0
     timer assembly matrix:   2.97726 s
     timer analyze+factorize: 2.90726 s
  PARDISO Solve Phase... Done in 178.902 ms.
  Solver solve [5]  |residual| = 3.77812e-16
  PARDISO Factorization Phase... Done in 405.403 ms.
  Solver setup [6] n = 122917  nnz = 13050079
     analyze?        0
     use learner?    1
     pattern locked? 1
     call learner?   0
     call reserve?   0
     timer assembly matrix:   3.25845 s
     timer analyze+factorize: 3.31271 s
  PARDISO Solve Phase... Done in 147.559 ms.
  Solver solve [6]  |residual| = 7.5807e-22
  PARDISO Factorization Phase... Done in 399.336 ms.
  Solver setup [7] n = 122917  nnz = 13050079
     analyze?        0
     use learner?    1
     pattern locked? 1
     call learner?   0
     call reserve?   0
     timer assembly matrix:   3.47897 s
     timer analyze+factorize: 3.71207 s
  PARDISO Solve Phase... Done in 146.834 ms.
  Solver solve [7]  |residual| = 3.44604e-16
  PARDISO Factorization Phase... Done in 398.771 ms.
  Solver setup [8] n = 122917  nnz = 13050079
     analyze?        0
     use learner?    1
     pattern locked? 1
     call learner?   0
     call reserve?   0
     timer assembly matrix:   3.69884 s
     timer analyze+factorize: 4.11088 s
  PARDISO Solve Phase... Done in 147.893 ms.
  Solver solve [8]  |residual| = 5.27194e-22
  PARDISO Factorization Phase... Done in 391.659 ms.
  Solver setup [9] n = 122917  nnz = 13050079
     analyze?        0
     use learner?    1
     pattern locked? 1
     call learner?   0
     call reserve?   0
     timer assembly matrix:   3.91885 s
     timer analyze+factorize: 4.50258 s
  PARDISO Solve Phase... Done in 146.181 ms.
  Solver solve [9]  |residual| = 3.22333e-16
  PARDISO Factorization Phase... Done in 413.882 ms.
  Solver setup [10] n = 122917  nnz = 13050079
     analyze?        0
     use learner?    1
     pattern locked? 1
     call learner?   0
     call reserve?   0
     timer assembly matrix:   4.14051 s
     timer analyze+factorize: 4.9165 s
  PARDISO Solve Phase... Done in 156.572 ms.
  Solver solve [10]  |residual| = 4.2445e-21
  PARDISO Factorization Phase... Done in 399.443 ms.
  Solver setup [11] n = 122917  nnz = 13050079
     analyze?        0
     use learner?    1
     pattern locked? 1
     call learner?   0
     call reserve?   0
     timer assembly matrix:   4.35834 s
     timer analyze+factorize: 5.31599 s
  PARDISO Solve Phase... Done in 145.584 ms.
  Solver solve [11]  |residual| = 2.79236e-16
  PARDISO Factorization Phase... Done in 393.636 ms.
  Solver setup [12] n = 122917  nnz = 13050079
     analyze?        0
     use learner?    1
     pattern locked? 1
     call learner?   0
     call reserve?   0
     timer assembly matrix:   4.57728 s
     timer analyze+factorize: 5.70966 s
  PARDISO Solve Phase... Done in 146.893 ms.
  Solver solve [12]  |residual| = 1.18339e-21
  PARDISO Factorization Phase... Done in 392.106 ms.
  Solver setup [13] n = 122917  nnz = 13050079
     analyze?        0
     use learner?    1
     pattern locked? 1
     call learner?   0
     call reserve?   0
     timer assembly matrix:   4.79799 s
     timer analyze+factorize: 6.1018 s
  PARDISO Solve Phase... Done in 149.906 ms.
  Solver solve [13]  |residual| = 2.52851e-16
  PARDISO Factorization Phase... Done in 390.534 ms.
  Solver setup [14] n = 122917  nnz = 13050079
     analyze?        0
     use learner?    1
     pattern locked? 1
     call learner?   0
     call reserve?   0
     timer assembly matrix:   5.01678 s
     timer analyze+factorize: 6.49238 s
  PARDISO Solve Phase... Done in 145.724 ms.
  Solver solve [14]  |residual| = 6.57302e-22
  PARDISO Factorization Phase... Done in 394.37 ms.
  Solver setup [15] n = 122917  nnz = 13050079
     analyze?        0
     use learner?    1
     pattern locked? 1
     call learner?   0
     call reserve?   0
     timer assembly matrix:   5.23573 s
     timer analyze+factorize: 6.88678 s
  PARDISO Solve Phase... Done in 146.258 ms.
  Solver solve [15]  |residual| = 2.25154e-16
  PARDISO Factorization Phase... Done in 393.282 ms.
  Solver setup [16] n = 122917  nnz = 13050079
     analyze?        0
     use learner?    1
     pattern locked? 1
     call learner?   0
     call reserve?   0
     timer assembly matrix:   5.45461 s
     timer analyze+factorize: 7.2801 s
  PARDISO Solve Phase... Done in 145.307 ms.
  Solver solve [16]  |residual| = 4.31809e-22
  PARDISO Factorization Phase... Done in 400.942 ms.
  Solver setup [17] n = 122917  nnz = 13050079
     analyze?        0
     use learner?    1
     pattern locked? 1
     call learner?   0
     call reserve?   0
     timer assembly matrix:   5.67292 s
     timer analyze+factorize: 7.68108 s
  PARDISO Solve Phase... Done in 146.177 ms.
  Solver solve [17]  |residual| = 2.00892e-16
  PARDISO Factorization Phase... Done in 400.017 ms.
  Solver setup [18] n = 122917  nnz = 13050079
     analyze?        0
     use learner?    1
     pattern locked? 1
     call learner?   0
     call reserve?   0
     timer assembly matrix:   5.88958 s
     timer analyze+factorize: 8.08114 s
  PARDISO Solve Phase... Done in 146.087 ms.
  Solver solve [18]  |residual| = 3.01268e-22
  PARDISO Factorization Phase... Done in 392.324 ms.
  Solver setup [19] n = 122917  nnz = 13050079
     analyze?        0
     use learner?    1
     pattern locked? 1
     call learner?   0
     call reserve?   0
     timer assembly matrix:   6.10651 s
     timer analyze+factorize: 8.47349 s
  PARDISO Solve Phase... Done in 144.437 ms.
  Solver solve [19]  |residual| = 1.81089e-16
  PARDISO Factorization Phase... Done in 397.087 ms.
  Solver setup [20] n = 122917  nnz = 13050079
     analyze?        0
     use learner?    1
     pattern locked? 1
     call learner?   0
     call reserve?   0
     timer assembly matrix:   6.32378 s
     timer analyze+factorize: 8.87061 s
  PARDISO Solve Phase... Done in 145.81 ms.
  Solver solve [20]  |residual| = 2.22145e-22
Wall time (loop)     : 20.003512 s
Simulation time      : 0.005000 s
RTF (wall/sim)       : 4000.702478

Final avg tip pos    : (4.000000, 1.000000, -0.000046) m
peakRSS=2328828kB total=20.64s
