OpenMP enabled (max_threads=16)
Thread settings: nthreads=16 (chrono/collision/eigen)
  analyze_once : yes
ANCF 3443 cantilever shell demo
  integration  : ContInt
  solver       : PARDISO_MKL
  res          : 0 (140x140 elements)
  elements     : 19600
  nodes        : 19881
  tip_nodes    : 141
  x_size,y_size: 4, 2 m
  dx, dy       : 0.0285714, 0.0142857 m
  thickness    : 0.1 m
  tip_force_z  : -500 N (total, distributed over 141 nodes)
  schedule     : Fz=const for steps 0..4, then Fz=0 for steps 5..9
  dt           : 0.0005 s
  steps        : 10 (t_end=0.005 s)

  PARDISO Analysis Phase... Done in 859.276 ms.
  PARDISO Factorization Phase... Done in 1082.7 ms.
  Solver setup [0] n = 239277  nnz = 25527639
     analyze?        1
     use learner?    1
     pattern locked? 1
     call learner?   1
     call reserve?   0
     timer assembly matrix:   3.65007 s
     timer analyze+factorize: 1.94207 s
  PARDISO Solve Phase... Done in 290.436 ms.
  Solver solve [0]  |residual| = 4.21464e-16
  PARDISO Factorization Phase... Done in 1076.22 ms.
  Solver setup [1] n = 239277  nnz = 25527639
     analyze?        0
     use learner?    1
     pattern locked? 1
     call learner?   0
     call reserve?   0
     timer assembly matrix:   4.07595 s
     timer analyze+factorize: 3.01833 s
  PARDISO Solve Phase... Done in 349.419 ms.
  Solver solve [1]  |residual| = 5.09254e-21
  PARDISO Factorization Phase... Done in 1075.81 ms.
  Solver setup [2] n = 239277  nnz = 25527639
     analyze?        0
     use learner?    1
     pattern locked? 1
     call learner?   0
     call reserve?   0
     timer assembly matrix:   4.56119 s
     timer analyze+factorize: 4.0942 s
  PARDISO Solve Phase... Done in 352.427 ms.
  Solver solve [2]  |residual| = 4.87954e-16
  PARDISO Factorization Phase... Done in 1085.16 ms.
  Solver setup [3] n = 239277  nnz = 25527639
     analyze?        0
     use learner?    1
     pattern locked? 1
     call learner?   0
     call reserve?   0
     timer assembly matrix:   5.05775 s
     timer analyze+factorize: 5.17941 s
  PARDISO Solve Phase... Done in 353.077 ms.
  Solver solve [3]  |residual| = 1.85004e-21
  PARDISO Factorization Phase... Done in 1066.74 ms.
  Solver setup [4] n = 239277  nnz = 25527639
     analyze?        0
     use learner?    1
     pattern locked? 1
     call learner?   0
     call reserve?   0
     timer assembly matrix:   5.53642 s
     timer analyze+factorize: 6.2462 s
  PARDISO Solve Phase... Done in 347.227 ms.
  Solver solve [4]  |residual| = 5.47082e-16
  PARDISO Factorization Phase... Done in 1080.39 ms.
  Solver setup [5] n = 239277  nnz = 25527639
     analyze?        0
     use learner?    1
     pattern locked? 1
     call learner?   0
     call reserve?   0
     timer assembly matrix:   6.03328 s
     timer analyze+factorize: 7.32663 s
  PARDISO Solve Phase... Done in 284.594 ms.
  Solver solve [5]  |residual| = 1.00524e-21
  PARDISO Factorization Phase... Done in 1066.41 ms.
  Solver setup [6] n = 239277  nnz = 25527639
     analyze?        0
     use learner?    1
     pattern locked? 1
     call learner?   0
     call reserve?   0
     timer assembly matrix:   6.46716 s
     timer analyze+factorize: 8.39308 s
  PARDISO Solve Phase... Done in 284.058 ms.
  Solver solve [6]  |residual| = 1.32511e-24
  PARDISO Factorization Phase... Done in 1078.24 ms.
  Solver setup [7] n = 239277  nnz = 25527639
     analyze?        0
     use learner?    1
     pattern locked? 1
     call learner?   0
     call reserve?   0
     timer assembly matrix:   6.90295 s
     timer analyze+factorize: 9.47137 s
  PARDISO Solve Phase... Done in 282.002 ms.
  Solver solve [7]  |residual| = 4.98193e-16
  PARDISO Factorization Phase... Done in 1103.41 ms.
  Solver setup [8] n = 239277  nnz = 25527639
     analyze?        0
     use learner?    1
     pattern locked? 1
     call learner?   0
     call reserve?   0
     timer assembly matrix:   7.33212 s
     timer analyze+factorize: 10.5748 s
  PARDISO Solve Phase... Done in 284.031 ms.
  Solver solve [8]  |residual| = 7.33511e-22
  PARDISO Factorization Phase... Done in 1084 ms.
  Solver setup [9] n = 239277  nnz = 25527639
     analyze?        0
     use learner?    1
     pattern locked? 1
     call learner?   0
     call reserve?   0
     timer assembly matrix:   7.75838 s
     timer analyze+factorize: 11.6589 s
  PARDISO Solve Phase... Done in 284.929 ms.
  Solver solve [9]  |residual| = 4.40191e-16
  PARDISO Factorization Phase... Done in 1078.13 ms.
  Solver setup [10] n = 239277  nnz = 25527639
     analyze?        0
     use learner?    1
     pattern locked? 1
     call learner?   0
     call reserve?   0
     timer assembly matrix:   8.18235 s
     timer analyze+factorize: 12.737 s
  PARDISO Solve Phase... Done in 282.139 ms.
  Solver solve [10]  |residual| = 5.5747e-21
  PARDISO Factorization Phase... Done in 1075.7 ms.
  Solver setup [11] n = 239277  nnz = 25527639
     analyze?        0
     use learner?    1
     pattern locked? 1
     call learner?   0
     call reserve?   0
     timer assembly matrix:   8.60753 s
     timer analyze+factorize: 13.8128 s
  PARDISO Solve Phase... Done in 282.106 ms.
  Solver solve [11]  |residual| = 3.9499e-16
  PARDISO Factorization Phase... Done in 1066.03 ms.
  Solver setup [12] n = 239277  nnz = 25527639
     analyze?        0
     use learner?    1
     pattern locked? 1
     call learner?   0
     call reserve?   0
     timer assembly matrix:   9.03467 s
     timer analyze+factorize: 14.8788 s
  PARDISO Solve Phase... Done in 283.35 ms.
  Solver solve [12]  |residual| = 1.73414e-21
  PARDISO Factorization Phase... Done in 1076.16 ms.
  Solver setup [13] n = 239277  nnz = 25527639
     analyze?        0
     use learner?    1
     pattern locked? 1
     call learner?   0
     call reserve?   0
     timer assembly matrix:   9.45977 s
     timer analyze+factorize: 15.9551 s
  PARDISO Solve Phase... Done in 354.2 ms.
  Solver solve [13]  |residual| = 1.30936e-24
  PARDISO Factorization Phase... Done in 1099 ms.
  Solver setup [14] n = 239277  nnz = 25527639
     analyze?        0
     use learner?    1
     pattern locked? 1
     call learner?   0
     call reserve?   0
     timer assembly matrix:   9.93999 s
     timer analyze+factorize: 17.0541 s
  PARDISO Solve Phase... Done in 289.174 ms.
  Solver solve [14]  |residual| = 3.57589e-16
  PARDISO Factorization Phase... Done in 1108.59 ms.
  Solver setup [15] n = 239277  nnz = 25527639
     analyze?        0
     use learner?    1
     pattern locked? 1
     call learner?   0
     call reserve?   0
     timer assembly matrix:   10.3704 s
     timer analyze+factorize: 18.1627 s
  PARDISO Solve Phase... Done in 355.053 ms.
  Solver solve [15]  |residual| = 9.02796e-22
  PARDISO Factorization Phase... Done in 1069.18 ms.
  Solver setup [16] n = 239277  nnz = 25527639
     analyze?        0
     use learner?    1
     pattern locked? 1
     call learner?   0
     call reserve?   0
     timer assembly matrix:   10.8496 s
     timer analyze+factorize: 19.2326 s
  PARDISO Solve Phase... Done in 283.743 ms.
  Solver solve [16]  |residual| = 3.17202e-16
  PARDISO Factorization Phase... Done in 1075.97 ms.
  Solver setup [17] n = 239277  nnz = 25527639
     analyze?        0
     use learner?    1
     pattern locked? 1
     call learner?   0
     call reserve?   0
     timer assembly matrix:   11.2768 s
     timer analyze+factorize: 20.3086 s
  PARDISO Solve Phase... Done in 284.257 ms.
  Solver solve [17]  |residual| = 5.67912e-22
  PARDISO Factorization Phase... Done in 1082.2 ms.
  Solver setup [18] n = 239277  nnz = 25527639
     analyze?        0
     use learner?    1
     pattern locked? 1
     call learner?   0
     call reserve?   0
     timer assembly matrix:   11.7042 s
     timer analyze+factorize: 21.3908 s
  PARDISO Solve Phase... Done in 282.937 ms.
  Solver solve [18]  |residual| = 2.74728e-16
  PARDISO Factorization Phase... Done in 1074.74 ms.
  Solver setup [19] n = 239277  nnz = 25527639
     analyze?        0
     use learner?    1
     pattern locked? 1
     call learner?   0
     call reserve?   0
     timer assembly matrix:   12.1301 s
     timer analyze+factorize: 22.4656 s
  PARDISO Solve Phase... Done in 288.051 ms.
  Solver solve [19]  |residual| = 4.08585e-22
  PARDISO Factorization Phase... Done in 1082.94 ms.
  Solver setup [20] n = 239277  nnz = 25527639
     analyze?        0
     use learner?    1
     pattern locked? 1
     call learner?   0
     call reserve?   0
     timer assembly matrix:   12.5578 s
     timer analyze+factorize: 23.5486 s
  PARDISO Solve Phase... Done in 356.12 ms.
  Solver solve [20]  |residual| = 2.48263e-16
  PARDISO Factorization Phase... Done in 1088.09 ms.
  Solver setup [21] n = 239277  nnz = 25527639
     analyze?        0
     use learner?    1
     pattern locked? 1
     call learner?   0
     call reserve?   0
     timer assembly matrix:   13.0362 s
     timer analyze+factorize: 24.6367 s
  PARDISO Solve Phase... Done in 363.318 ms.
  Solver solve [21]  |residual| = 3.12557e-22
Wall time (loop)     : 48.131877 s
Simulation time      : 0.005000 s
RTF (wall/sim)       : 9626.375413

Final avg tip pos    : (4.000000, 1.000000, -0.000046) m
peakRSS=4591760kB total=49.38s
