OpenMP enabled (max_threads=16)
Thread settings: nthreads=16 (chrono/collision/eigen)
  analyze_once : yes
ANCF 3443 cantilever shell demo
  integration  : ContInt
  solver       : PARDISO_MKL
  res          : 0 (50x50 elements)
  elements     : 2500
  nodes        : 2601
  tip_nodes    : 51
  x_size,y_size: 4, 2 m
  dx, dy       : 0.08, 0.04 m
  thickness    : 0.1 m
  tip_force_z  : -500 N (total, distributed over 51 nodes)
  schedule     : Fz=const for steps 0..4, then Fz=0 for steps 5..9
  dt           : 0.0005 s
  steps        : 10 (t_end=0.005 s)

  PARDISO Analysis Phase... Done in 102.737 ms.
  PARDISO Factorization Phase... Done in 53.0755 ms.
  Solver setup [0] n = 31467  nnz = 3285129
     analyze?        1
     use learner?    1
     pattern locked? 1
     call learner?   1
     call reserve?   0
     timer assembly matrix:   0.468979 s
     timer analyze+factorize: 0.155919 s
  PARDISO Solve Phase... Done in 40.5057 ms.
  Solver solve [0]  |residual| = 1.20934e-16
  PARDISO Factorization Phase... Done in 54.1508 ms.
  Solver setup [1] n = 31467  nnz = 3285129
     analyze?        0
     use learner?    1
     pattern locked? 1
     call learner?   0
     call reserve?   0
     timer assembly matrix:   0.555029 s
     timer analyze+factorize: 0.210115 s
  PARDISO Solve Phase... Done in 29.7171 ms.
  Solver solve [1]  |residual| = 3.38114e-21
  PARDISO Factorization Phase... Done in 54.9536 ms.
  Solver setup [2] n = 31467  nnz = 3285129
     analyze?        0
     use learner?    1
     pattern locked? 1
     call learner?   0
     call reserve?   0
     timer assembly matrix:   0.640738 s
     timer analyze+factorize: 0.265117 s
  PARDISO Solve Phase... Done in 29.7401 ms.
  Solver solve [2]  |residual| = 1.40009e-16
  PARDISO Factorization Phase... Done in 50.1451 ms.
  Solver setup [3] n = 31467  nnz = 3285129
     analyze?        0
     use learner?    1
     pattern locked? 1
     call learner?   0
     call reserve?   0
     timer assembly matrix:   0.727671 s
     timer analyze+factorize: 0.315306 s
  PARDISO Solve Phase... Done in 29.9962 ms.
  Solver solve [3]  |residual| = 7.9117e-22
  PARDISO Factorization Phase... Done in 59.4872 ms.
  Solver setup [4] n = 31467  nnz = 3285129
     analyze?        0
     use learner?    1
     pattern locked? 1
     call learner?   0
     call reserve?   0
     timer assembly matrix:   0.8144 s
     timer analyze+factorize: 0.37484 s
  PARDISO Solve Phase... Done in 37.8442 ms.
  Solver solve [4]  |residual| = 1.97647e-16
  PARDISO Factorization Phase... Done in 51.0626 ms.
  Solver setup [5] n = 31467  nnz = 3285129
     analyze?        0
     use learner?    1
     pattern locked? 1
     call learner?   0
     call reserve?   0
     timer assembly matrix:   0.900682 s
     timer analyze+factorize: 0.42595 s
  PARDISO Solve Phase... Done in 29.4393 ms.
  Solver solve [5]  |residual| = 3.96591e-22
  PARDISO Factorization Phase... Done in 52.9536 ms.
  Solver setup [6] n = 31467  nnz = 3285129
     analyze?        0
     use learner?    1
     pattern locked? 1
     call learner?   0
     call reserve?   0
     timer assembly matrix:   0.98755 s
     timer analyze+factorize: 0.478949 s
  PARDISO Solve Phase... Done in 30.0963 ms.
  Solver solve [6]  |residual| = 1.74504e-16
  PARDISO Factorization Phase... Done in 53.9621 ms.
  Solver setup [7] n = 31467  nnz = 3285129
     analyze?        0
     use learner?    1
     pattern locked? 1
     call learner?   0
     call reserve?   0
     timer assembly matrix:   1.07423 s
     timer analyze+factorize: 0.532959 s
  PARDISO Solve Phase... Done in 29.5685 ms.
  Solver solve [7]  |residual| = 3.0571e-22
  PARDISO Factorization Phase... Done in 52.9966 ms.
  Solver setup [8] n = 31467  nnz = 3285129
     analyze?        0
     use learner?    1
     pattern locked? 1
     call learner?   0
     call reserve?   0
     timer assembly matrix:   1.16057 s
     timer analyze+factorize: 0.586003 s
  PARDISO Solve Phase... Done in 29.635 ms.
  Solver solve [8]  |residual| = 1.50412e-16
  PARDISO Factorization Phase... Done in 53.9209 ms.
  Solver setup [9] n = 31467  nnz = 3285129
     analyze?        0
     use learner?    1
     pattern locked? 1
     call learner?   0
     call reserve?   0
     timer assembly matrix:   1.24713 s
     timer analyze+factorize: 0.639983 s
  PARDISO Solve Phase... Done in 29.4416 ms.
  Solver solve [9]  |residual| = 2.86816e-21
  PARDISO Factorization Phase... Done in 51.9851 ms.
  Solver setup [10] n = 31467  nnz = 3285129
     analyze?        0
     use learner?    1
     pattern locked? 1
     call learner?   0
     call reserve?   0
     timer assembly matrix:   1.33341 s
     timer analyze+factorize: 0.692013 s
  PARDISO Solve Phase... Done in 29.6944 ms.
  Solver solve [10]  |residual| = 1.37781e-16
  PARDISO Factorization Phase... Done in 55.1766 ms.
  Solver setup [11] n = 31467  nnz = 3285129
     analyze?        0
     use learner?    1
     pattern locked? 1
     call learner?   0
     call reserve?   0
     timer assembly matrix:   1.42057 s
     timer analyze+factorize: 0.747237 s
  PARDISO Solve Phase... Done in 31.2767 ms.
  Solver solve [11]  |residual| = 6.57731e-22
  PARDISO Factorization Phase... Done in 51.9971 ms.
  Solver setup [12] n = 31467  nnz = 3285129
     analyze?        0
     use learner?    1
     pattern locked? 1
     call learner?   0
     call reserve?   0
     timer assembly matrix:   1.50727 s
     timer analyze+factorize: 0.799279 s
  PARDISO Solve Phase... Done in 29.4478 ms.
  Solver solve [12]  |residual| = 1.23894e-16
  PARDISO Factorization Phase... Done in 53.5216 ms.
  Solver setup [13] n = 31467  nnz = 3285129
     analyze?        0
     use learner?    1
     pattern locked? 1
     call learner?   0
     call reserve?   0
     timer assembly matrix:   1.59394 s
     timer analyze+factorize: 0.852847 s
  PARDISO Solve Phase... Done in 29.4812 ms.
  Solver solve [13]  |residual| = 3.81826e-22
  PARDISO Factorization Phase... Done in 53.7902 ms.
  Solver setup [14] n = 31467  nnz = 3285129
     analyze?        0
     use learner?    1
     pattern locked? 1
     call learner?   0
     call reserve?   0
     timer assembly matrix:   1.67984 s
     timer analyze+factorize: 0.906683 s
  PARDISO Solve Phase... Done in 29.538 ms.
  Solver solve [14]  |residual| = 1.16035e-16
  PARDISO Factorization Phase... Done in 51.8339 ms.
  Solver setup [15] n = 31467  nnz = 3285129
     analyze?        0
     use learner?    1
     pattern locked? 1
     call learner?   0
     call reserve?   0
     timer assembly matrix:   1.76662 s
     timer analyze+factorize: 0.95856 s
  PARDISO Solve Phase... Done in 29.7993 ms.
  Solver solve [15]  |residual| = 2.24325e-22
  PARDISO Factorization Phase... Done in 52.8783 ms.
  Solver setup [16] n = 31467  nnz = 3285129
     analyze?        0
     use learner?    1
     pattern locked? 1
     call learner?   0
     call reserve?   0
     timer assembly matrix:   1.85345 s
     timer analyze+factorize: 1.01148 s
  PARDISO Solve Phase... Done in 29.7135 ms.
  Solver solve [16]  |residual| = 9.53349e-17
  PARDISO Factorization Phase... Done in 53.0694 ms.
  Solver setup [17] n = 31467  nnz = 3285129
     analyze?        0
     use learner?    1
     pattern locked? 1
     call learner?   0
     call reserve?   0
     timer assembly matrix:   1.94129 s
     timer analyze+factorize: 1.06459 s
  PARDISO Solve Phase... Done in 32.2412 ms.
  Solver solve [17]  |residual| = 1.75643e-22
  PARDISO Factorization Phase... Done in 54.9035 ms.
  Solver setup [18] n = 31467  nnz = 3285129
     analyze?        0
     use learner?    1
     pattern locked? 1
     call learner?   0
     call reserve?   0
     timer assembly matrix:   2.02811 s
     timer analyze+factorize: 1.11954 s
  PARDISO Solve Phase... Done in 30.4295 ms.
  Solver solve [18]  |residual| = 9.25293e-17
  PARDISO Factorization Phase... Done in 53.8374 ms.
  Solver setup [19] n = 31467  nnz = 3285129
     analyze?        0
     use learner?    1
     pattern locked? 1
     call learner?   0
     call reserve?   0
     timer assembly matrix:   2.11434 s
     timer analyze+factorize: 1.17342 s
  PARDISO Solve Phase... Done in 29.7675 ms.
  Solver solve [19]  |residual| = 1.25423e-22
Wall time (loop)     : 4.329478 s
Simulation time      : 0.005000 s
RTF (wall/sim)       : 865.895699

Final avg tip pos    : (4.000000, 1.000000, -0.000046) m
peakRSS=583520kB total=4.50s
