OpenMP enabled (max_threads=16)
Thread settings: nthreads=16 (chrono/collision/eigen)
  analyze_once : yes
ANCF 3443 cantilever shell demo
  integration  : ContInt
  solver       : CUSTOM
  res          : 0 (50x50 elements)
  elements     : 2500
  nodes        : 2601
  tip_nodes    : 51
  x_size,y_size: 4, 2 m
  dx, dy       : 0.08, 0.04 m
  thickness    : 0.1 m
  tip_force_z  : -500 N (total, distributed over 51 nodes)
  schedule     : Fz=const for steps 0..4, then Fz=0 for steps 5..9
  dt           : 0.0005 s
  steps        : 10 (t_end=0.005 s)

  CuDSS Analysis Phase... Done in 70.3256 ms.
  CuDSS Factorization Phase... Done in 51.1003 ms.
  Solver setup [0] n = 31467  nnz = 3285129
     analyze?        1
     use learner?    1
     pattern locked? 1
     call learner?   1
     call reserve?   0
     timer assembly matrix:   0.515171 s
     timer analyze+factorize: 0.12603 s
  CuDSS Solve Phase... Done in 4.69626 ms.
  Solver solve [0]  |residual| = 1.8436e-16
  CuDSS Refactorization Phase... Done in 46.3939 ms.
  Solver setup [1] n = 31467  nnz = 3285129
     analyze?        0
     use learner?    1
     pattern locked? 1
     call learner?   0
     call reserve?   0
     timer assembly matrix:   0.591299 s
     timer analyze+factorize: 0.175756 s
  CuDSS Solve Phase... Done in 0.877824 ms.
  Solver solve [1]  |residual| = 3.87043e-21
  CuDSS Refactorization Phase... Done in 42.1615 ms.
  Solver setup [2] n = 31467  nnz = 3285129
     analyze?        0
     use learner?    1
     pattern locked? 1
     call learner?   0
     call reserve?   0
     timer assembly matrix:   0.677547 s
     timer analyze+factorize: 0.221324 s
  CuDSS Solve Phase... Done in 0.827488 ms.
  Solver solve [2]  |residual| = 2.56498e-16
  CuDSS Refactorization Phase... Done in 43.3981 ms.
  Solver setup [3] n = 31467  nnz = 3285129
     analyze?        0
     use learner?    1
     pattern locked? 1
     call learner?   0
     call reserve?   0
     timer assembly matrix:   0.763595 s
     timer analyze+factorize: 0.268104 s
  CuDSS Solve Phase... Done in 0.821024 ms.
  Solver solve [3]  |residual| = 1.16317e-21
  CuDSS Refactorization Phase... Done in 42.4834 ms.
  Solver setup [4] n = 31467  nnz = 3285129
     analyze?        0
     use learner?    1
     pattern locked? 1
     call learner?   0
     call reserve?   0
     timer assembly matrix:   0.850141 s
     timer analyze+factorize: 0.313957 s
  CuDSS Solve Phase... Done in 0.82064 ms.
  Solver solve [4]  |residual| = 2.57373e-16
  CuDSS Refactorization Phase... Done in 43.3452 ms.
  Solver setup [5] n = 31467  nnz = 3285129
     analyze?        0
     use learner?    1
     pattern locked? 1
     call learner?   0
     call reserve?   0
     timer assembly matrix:   0.936377 s
     timer analyze+factorize: 0.360677 s
  CuDSS Solve Phase... Done in 0.820416 ms.
  Solver solve [5]  |residual| = 7.15645e-22
  CuDSS Refactorization Phase... Done in 44.3333 ms.
  Solver setup [6] n = 31467  nnz = 3285129
     analyze?        0
     use learner?    1
     pattern locked? 1
     call learner?   0
     call reserve?   0
     timer assembly matrix:   1.02289 s
     timer analyze+factorize: 0.40839 s
  CuDSS Solve Phase... Done in 0.818304 ms.
  Solver solve [6]  |residual| = 2.66053e-16
  CuDSS Refactorization Phase... Done in 42.9153 ms.
  Solver setup [7] n = 31467  nnz = 3285129
     analyze?        0
     use learner?    1
     pattern locked? 1
     call learner?   0
     call reserve?   0
     timer assembly matrix:   1.10844 s
     timer analyze+factorize: 0.45466 s
  CuDSS Solve Phase... Done in 0.821248 ms.
  Solver solve [7]  |residual| = 4.8099e-22
  CuDSS Refactorization Phase... Done in 42.576 ms.
  Solver setup [8] n = 31467  nnz = 3285129
     analyze?        0
     use learner?    1
     pattern locked? 1
     call learner?   0
     call reserve?   0
     timer assembly matrix:   1.19455 s
     timer analyze+factorize: 0.500574 s
  CuDSS Solve Phase... Done in 0.825792 ms.
  Solver solve [8]  |residual| = 2.53615e-16
  CuDSS Refactorization Phase... Done in 42.777 ms.
  Solver setup [9] n = 31467  nnz = 3285129
     analyze?        0
     use learner?    1
     pattern locked? 1
     call learner?   0
     call reserve?   0
     timer assembly matrix:   1.28115 s
     timer analyze+factorize: 0.546708 s
  CuDSS Solve Phase... Done in 0.825408 ms.
  Solver solve [9]  |residual| = 3.58234e-21
  CuDSS Refactorization Phase... Done in 43.2705 ms.
  Solver setup [10] n = 31467  nnz = 3285129
     analyze?        0
     use learner?    1
     pattern locked? 1
     call learner?   0
     call reserve?   0
     timer assembly matrix:   1.36817 s
     timer analyze+factorize: 0.593463 s
  CuDSS Solve Phase... Done in 0.927232 ms.
  Solver solve [10]  |residual| = 2.20361e-16
  CuDSS Refactorization Phase... Done in 42.3956 ms.
  Solver setup [11] n = 31467  nnz = 3285129
     analyze?        0
     use learner?    1
     pattern locked? 1
     call learner?   0
     call reserve?   0
     timer assembly matrix:   1.45509 s
     timer analyze+factorize: 0.639197 s
  CuDSS Solve Phase... Done in 0.820992 ms.
  Solver solve [11]  |residual| = 1.06021e-21
  CuDSS Refactorization Phase... Done in 43.6027 ms.
  Solver setup [12] n = 31467  nnz = 3285129
     analyze?        0
     use learner?    1
     pattern locked? 1
     call learner?   0
     call reserve?   0
     timer assembly matrix:   1.54182 s
     timer analyze+factorize: 0.686142 s
  CuDSS Solve Phase... Done in 0.824992 ms.
  Solver solve [12]  |residual| = 2.01586e-16
  CuDSS Refactorization Phase... Done in 46.0466 ms.
  Solver setup [13] n = 31467  nnz = 3285129
     analyze?        0
     use learner?    1
     pattern locked? 1
     call learner?   0
     call reserve?   0
     timer assembly matrix:   1.62825 s
     timer analyze+factorize: 0.735546 s
  CuDSS Solve Phase... Done in 0.876416 ms.
  Solver solve [13]  |residual| = 5.22732e-22
  CuDSS Refactorization Phase... Done in 46.1616 ms.
  Solver setup [14] n = 31467  nnz = 3285129
     analyze?        0
     use learner?    1
     pattern locked? 1
     call learner?   0
     call reserve?   0
     timer assembly matrix:   1.71486 s
     timer analyze+factorize: 0.785068 s
  CuDSS Solve Phase... Done in 0.823296 ms.
  Solver solve [14]  |residual| = 1.90089e-16
  CuDSS Refactorization Phase... Done in 42.8886 ms.
  Solver setup [15] n = 31467  nnz = 3285129
     analyze?        0
     use learner?    1
     pattern locked? 1
     call learner?   0
     call reserve?   0
     timer assembly matrix:   1.80156 s
     timer analyze+factorize: 0.831345 s
  CuDSS Solve Phase... Done in 0.820256 ms.
  Solver solve [15]  |residual| = 4.0122e-22
  CuDSS Refactorization Phase... Done in 43.0092 ms.
  Solver setup [16] n = 31467  nnz = 3285129
     analyze?        0
     use learner?    1
     pattern locked? 1
     call learner?   0
     call reserve?   0
     timer assembly matrix:   1.88827 s
     timer analyze+factorize: 0.877709 s
  CuDSS Solve Phase... Done in 0.82448 ms.
  Solver solve [16]  |residual| = 1.80314e-16
  CuDSS Refactorization Phase... Done in 42.2788 ms.
  Solver setup [17] n = 31467  nnz = 3285129
     analyze?        0
     use learner?    1
     pattern locked? 1
     call learner?   0
     call reserve?   0
     timer assembly matrix:   1.9746 s
     timer analyze+factorize: 0.923803 s
  CuDSS Solve Phase... Done in 0.824928 ms.
  Solver solve [17]  |residual| = 2.83923e-22
  CuDSS Refactorization Phase... Done in 43.0618 ms.
  Solver setup [18] n = 31467  nnz = 3285129
     analyze?        0
     use learner?    1
     pattern locked? 1
     call learner?   0
     call reserve?   0
     timer assembly matrix:   2.06029 s
     timer analyze+factorize: 0.970224 s
  CuDSS Solve Phase... Done in 0.825152 ms.
  Solver solve [18]  |residual| = 1.54339e-16
  CuDSS Refactorization Phase... Done in 42.7493 ms.
  Solver setup [19] n = 31467  nnz = 3285129
     analyze?        0
     use learner?    1
     pattern locked? 1
     call learner?   0
     call reserve?   0
     timer assembly matrix:   2.14672 s
     timer analyze+factorize: 1.01634 s
  CuDSS Solve Phase... Done in 0.820192 ms.
  Solver solve [19]  |residual| = 2.10756e-22
Wall time (loop)     : 3.596157 s
Simulation time      : 0.005000 s
RTF (wall/sim)       : 719.231348

Final avg tip pos    : (4.000000, 1.000000, -0.000046) m
peakRSS=603388kB total=3.95s
