OpenMP enabled (max_threads=16)
Thread settings: nthreads=16 (chrono/collision/eigen)
  analyze_once : yes
ANCF 3443 cantilever shell demo
  integration  : ContInt
  solver       : PARDISO_MKL
  res          : 0 (50x50 elements)
  elements     : 2500
  nodes        : 2601
  tip_nodes    : 51
  x_size,y_size: 4, 2 m
  dx, dy       : 0.08, 0.04 m
  thickness    : 0.1 m
  tip_force_z  : -500 N (total, distributed over 51 nodes)
  schedule     : Fz=const for steps 0..4, then Fz=0 for steps 5..9
  dt           : 0.0005 s
  steps        : 10 (t_end=0.005 s)

  PARDISO Analysis Phase... Done in 101.385 ms.
  PARDISO Factorization Phase... Done in 56.6698 ms.
  Solver setup [0] n = 31467  nnz = 3285129
     analyze?        1
     use learner?    1
     pattern locked? 1
     call learner?   1
     call reserve?   0
     timer assembly matrix:   0.516141 s
     timer analyze+factorize: 0.158134 s
  PARDISO Solve Phase... Done in 32.5996 ms.
  Solver solve [0]  |residual| = 1.20932e-16
  PARDISO Factorization Phase... Done in 52.4826 ms.
  Solver setup [1] n = 31467  nnz = 3285129
     analyze?        0
     use learner?    1
     pattern locked? 1
     call learner?   0
     call reserve?   0
     timer assembly matrix:   0.57088 s
     timer analyze+factorize: 0.210651 s
  PARDISO Solve Phase... Done in 23.59 ms.
  Solver solve [1]  |residual| = 2.93163e-21
  PARDISO Factorization Phase... Done in 52.6519 ms.
  Solver setup [2] n = 31467  nnz = 3285129
     analyze?        0
     use learner?    1
     pattern locked? 1
     call learner?   0
     call reserve?   0
     timer assembly matrix:   0.633887 s
     timer analyze+factorize: 0.263341 s
  PARDISO Solve Phase... Done in 23.9759 ms.
  Solver solve [2]  |residual| = 1.36145e-16
  PARDISO Factorization Phase... Done in 50.3046 ms.
  Solver setup [3] n = 31467  nnz = 3285129
     analyze?        0
     use learner?    1
     pattern locked? 1
     call learner?   0
     call reserve?   0
     timer assembly matrix:   0.688207 s
     timer analyze+factorize: 0.313675 s
  PARDISO Solve Phase... Done in 24.3274 ms.
  Solver solve [3]  |residual| = 7.63654e-22
  PARDISO Factorization Phase... Done in 52.7209 ms.
  Solver setup [4] n = 31467  nnz = 3285129
     analyze?        0
     use learner?    1
     pattern locked? 1
     call learner?   0
     call reserve?   0
     timer assembly matrix:   0.743511 s
     timer analyze+factorize: 0.36643 s
  PARDISO Solve Phase... Done in 24.6271 ms.
  Solver solve [4]  |residual| = 1.88861e-16
  PARDISO Factorization Phase... Done in 51.5489 ms.
  Solver setup [5] n = 31467  nnz = 3285129
     analyze?        0
     use learner?    1
     pattern locked? 1
     call learner?   0
     call reserve?   0
     timer assembly matrix:   0.79763 s
     timer analyze+factorize: 0.418009 s
  PARDISO Solve Phase... Done in 23.9808 ms.
  Solver solve [5]  |residual| = 4.08295e-22
  PARDISO Factorization Phase... Done in 50.9259 ms.
  Solver setup [6] n = 31467  nnz = 3285129
     analyze?        0
     use learner?    1
     pattern locked? 1
     call learner?   0
     call reserve?   0
     timer assembly matrix:   0.853989 s
     timer analyze+factorize: 0.468969 s
  PARDISO Solve Phase... Done in 23.4744 ms.
  Solver solve [6]  |residual| = 1.685e-16
  PARDISO Factorization Phase... Done in 51.914 ms.
  Solver setup [7] n = 31467  nnz = 3285129
     analyze?        0
     use learner?    1
     pattern locked? 1
     call learner?   0
     call reserve?   0
     timer assembly matrix:   0.909365 s
     timer analyze+factorize: 0.520917 s
  PARDISO Solve Phase... Done in 23.6657 ms.
  Solver solve [7]  |residual| = 2.95546e-22
  PARDISO Factorization Phase... Done in 58.1225 ms.
  Solver setup [8] n = 31467  nnz = 3285129
     analyze?        0
     use learner?    1
     pattern locked? 1
     call learner?   0
     call reserve?   0
     timer assembly matrix:   0.9672 s
     timer analyze+factorize: 0.579083 s
  PARDISO Solve Phase... Done in 29.1421 ms.
  Solver solve [8]  |residual| = 1.49356e-16
  PARDISO Factorization Phase... Done in 50.9118 ms.
  Solver setup [9] n = 31467  nnz = 3285129
     analyze?        0
     use learner?    1
     pattern locked? 1
     call learner?   0
     call reserve?   0
     timer assembly matrix:   1.02217 s
     timer analyze+factorize: 0.630033 s
  PARDISO Solve Phase... Done in 23.7772 ms.
  Solver solve [9]  |residual| = 2.64392e-21
  PARDISO Factorization Phase... Done in 54.3287 ms.
  Solver setup [10] n = 31467  nnz = 3285129
     analyze?        0
     use learner?    1
     pattern locked? 1
     call learner?   0
     call reserve?   0
     timer assembly matrix:   1.08681 s
     timer analyze+factorize: 0.684398 s
  PARDISO Solve Phase... Done in 23.6221 ms.
  Solver solve [10]  |residual| = 1.32411e-16
  PARDISO Factorization Phase... Done in 52.5897 ms.
  Solver setup [11] n = 31467  nnz = 3285129
     analyze?        0
     use learner?    1
     pattern locked? 1
     call learner?   0
     call reserve?   0
     timer assembly matrix:   1.14142 s
     timer analyze+factorize: 0.737028 s
  PARDISO Solve Phase... Done in 23.4616 ms.
  Solver solve [11]  |residual| = 6.79508e-22
  PARDISO Factorization Phase... Done in 52.3782 ms.
  Solver setup [12] n = 31467  nnz = 3285129
     analyze?        0
     use learner?    1
     pattern locked? 1
     call learner?   0
     call reserve?   0
     timer assembly matrix:   1.19608 s
     timer analyze+factorize: 0.78943 s
  PARDISO Solve Phase... Done in 23.51 ms.
  Solver solve [12]  |residual| = 1.20455e-16
  PARDISO Factorization Phase... Done in 52.2883 ms.
  Solver setup [13] n = 31467  nnz = 3285129
     analyze?        0
     use learner?    1
     pattern locked? 1
     call learner?   0
     call reserve?   0
     timer assembly matrix:   1.25091 s
     timer analyze+factorize: 0.841743 s
  PARDISO Solve Phase... Done in 23.5094 ms.
  Solver solve [13]  |residual| = 3.50398e-22
  PARDISO Factorization Phase... Done in 51.2938 ms.
  Solver setup [14] n = 31467  nnz = 3285129
     analyze?        0
     use learner?    1
     pattern locked? 1
     call learner?   0
     call reserve?   0
     timer assembly matrix:   1.30582 s
     timer analyze+factorize: 0.893067 s
  PARDISO Solve Phase... Done in 24.2182 ms.
  Solver solve [14]  |residual| = 1.10932e-16
  PARDISO Factorization Phase... Done in 53.6033 ms.
  Solver setup [15] n = 31467  nnz = 3285129
     analyze?        0
     use learner?    1
     pattern locked? 1
     call learner?   0
     call reserve?   0
     timer assembly matrix:   1.36086 s
     timer analyze+factorize: 0.946706 s
  PARDISO Solve Phase... Done in 25.3538 ms.
  Solver solve [15]  |residual| = 2.35103e-22
  PARDISO Factorization Phase... Done in 51.5249 ms.
  Solver setup [16] n = 31467  nnz = 3285129
     analyze?        0
     use learner?    1
     pattern locked? 1
     call learner?   0
     call reserve?   0
     timer assembly matrix:   1.4156 s
     timer analyze+factorize: 0.998267 s
  PARDISO Solve Phase... Done in 24.479 ms.
  Solver solve [16]  |residual| = 9.34799e-17
  PARDISO Factorization Phase... Done in 52.2625 ms.
  Solver setup [17] n = 31467  nnz = 3285129
     analyze?        0
     use learner?    1
     pattern locked? 1
     call learner?   0
     call reserve?   0
     timer assembly matrix:   1.47024 s
     timer analyze+factorize: 1.05056 s
  PARDISO Solve Phase... Done in 24.2415 ms.
  Solver solve [17]  |residual| = 1.64811e-22
  PARDISO Factorization Phase... Done in 52.2001 ms.
  Solver setup [18] n = 31467  nnz = 3285129
     analyze?        0
     use learner?    1
     pattern locked? 1
     call learner?   0
     call reserve?   0
     timer assembly matrix:   1.52505 s
     timer analyze+factorize: 1.10279 s
  PARDISO Solve Phase... Done in 23.8284 ms.
  Solver solve [18]  |residual| = 9.18205e-17
  PARDISO Factorization Phase... Done in 53.2354 ms.
  Solver setup [19] n = 31467  nnz = 3285129
     analyze?        0
     use learner?    1
     pattern locked? 1
     call learner?   0
     call reserve?   0
     timer assembly matrix:   1.58431 s
     timer analyze+factorize: 1.15611 s
  PARDISO Solve Phase... Done in 23.5668 ms.
  Solver solve [19]  |residual| = 1.27696e-22
Wall time (loop)     : 3.616760 s
Simulation time      : 0.005000 s
RTF (wall/sim)       : 723.352097

Final avg tip pos    : (4.000000, 1.000000, -0.000046) m
peakRSS=584764kB total=3.78s
