OpenMP enabled (max_threads=16)
Thread settings: nthreads=16 (chrono/collision/eigen)
  analyze_once : yes
ANCF 3443 cantilever shell demo
  integration  : ContInt
  solver       : CUSTOM
  res          : 0 (70x70 elements)
  elements     : 4900
  nodes        : 5041
  tip_nodes    : 71
  x_size,y_size: 4, 2 m
  dx, dy       : 0.0571429, 0.0285714 m
  thickness    : 0.1 m
  tip_force_z  : -500 N (total, distributed over 71 nodes)
  schedule     : Fz=const for steps 0..4, then Fz=0 for steps 5..9
  dt           : 0.0005 s
  steps        : 10 (t_end=0.005 s)

  CuDSS CopyMatrixH2D Phase... Done in 8.14874 ms.
  CuDSS Analysis Phase... Done in 117.977 ms.
  CuDSS Factorization Phase... Done in 109.941 ms.
  Solver setup [0] n = 60847  nnz = 6413509
     analyze?        1
     use learner?    1
     pattern locked? 1
     call learner?   1
     call reserve?   0
     timer assembly matrix:   0.969065 s
     timer analyze+factorize: 0.236773 s
  CuDSS CopyRhsH2D Phase... Done in 0.057888 ms.
  CuDSS Solve Phase... Done in 5.01043 ms.
  CuDSS CopySolD2H Phase... Done in 0.081312 ms.
  Solver solve [0]  |residual| = 2.96213e-16
  CuDSS CopyMatrixH2D Phase... Done in 6.67594 ms.
  CuDSS Refactorization Phase... Done in 105.382 ms.
  Solver setup [1] n = 60847  nnz = 6413509
     analyze?        0
     use learner?    1
     pattern locked? 1
     call learner?   0
     call reserve?   0
     timer assembly matrix:   1.14042 s
     timer analyze+factorize: 0.348952 s
  CuDSS CopyRhsH2D Phase... Done in 0.069216 ms.
  CuDSS Solve Phase... Done in 1.35718 ms.
  CuDSS CopySolD2H Phase... Done in 0.07152 ms.
  Solver solve [1]  |residual| = 4.86076e-21
  CuDSS CopyMatrixH2D Phase... Done in 5.26419 ms.
  CuDSS Refactorization Phase... Done in 106.513 ms.
  Solver setup [2] n = 60847  nnz = 6413509
     analyze?        0
     use learner?    1
     pattern locked? 1
     call learner?   0
     call reserve?   0
     timer assembly matrix:   1.25541 s
     timer analyze+factorize: 0.460798 s
  CuDSS CopyRhsH2D Phase... Done in 0.06288 ms.
  CuDSS Solve Phase... Done in 1.3375 ms.
  CuDSS CopySolD2H Phase... Done in 0.073632 ms.
  Solver solve [2]  |residual| = 3.9481e-16
  CuDSS CopyMatrixH2D Phase... Done in 5.25504 ms.
  CuDSS Refactorization Phase... Done in 103.995 ms.
  Solver setup [3] n = 60847  nnz = 6413509
     analyze?        0
     use learner?    1
     pattern locked? 1
     call learner?   0
     call reserve?   0
     timer assembly matrix:   1.36156 s
     timer analyze+factorize: 0.570119 s
  CuDSS CopyRhsH2D Phase... Done in 0.058848 ms.
  CuDSS Solve Phase... Done in 1.31955 ms.
  CuDSS CopySolD2H Phase... Done in 0.075648 ms.
  Solver solve [3]  |residual| = 1.68583e-21
  CuDSS CopyMatrixH2D Phase... Done in 5.21286 ms.
  CuDSS Refactorization Phase... Done in 104.842 ms.
  Solver setup [4] n = 60847  nnz = 6413509
     analyze?        0
     use learner?    1
     pattern locked? 1
     call learner?   0
     call reserve?   0
     timer assembly matrix:   1.46804 s
     timer analyze+factorize: 0.680235 s
  CuDSS CopyRhsH2D Phase... Done in 0.062912 ms.
  CuDSS Solve Phase... Done in 1.34096 ms.
  CuDSS CopySolD2H Phase... Done in 0.073728 ms.
  Solver solve [4]  |residual| = 4.08361e-16
  CuDSS CopyMatrixH2D Phase... Done in 5.22627 ms.
  CuDSS Refactorization Phase... Done in 104.765 ms.
  Solver setup [5] n = 60847  nnz = 6413509
     analyze?        0
     use learner?    1
     pattern locked? 1
     call learner?   0
     call reserve?   0
     timer assembly matrix:   1.57432 s
     timer analyze+factorize: 0.790289 s
  CuDSS CopyRhsH2D Phase... Done in 0.061408 ms.
  CuDSS Solve Phase... Done in 1.32909 ms.
  CuDSS CopySolD2H Phase... Done in 0.079776 ms.
  Solver solve [5]  |residual| = 9.85703e-22
  CuDSS CopyMatrixH2D Phase... Done in 5.28384 ms.
  CuDSS Refactorization Phase... Done in 106.756 ms.
  Solver setup [6] n = 60847  nnz = 6413509
     analyze?        0
     use learner?    1
     pattern locked? 1
     call learner?   0
     call reserve?   0
     timer assembly matrix:   1.681 s
     timer analyze+factorize: 0.902412 s
  CuDSS CopyRhsH2D Phase... Done in 0.068064 ms.
  CuDSS Solve Phase... Done in 1.34278 ms.
  CuDSS CopySolD2H Phase... Done in 0.07408 ms.
  Solver solve [6]  |residual| = 4.12352e-16
  CuDSS CopyMatrixH2D Phase... Done in 5.31034 ms.
  CuDSS Refactorization Phase... Done in 105.777 ms.
  Solver setup [7] n = 60847  nnz = 6413509
     analyze?        0
     use learner?    1
     pattern locked? 1
     call learner?   0
     call reserve?   0
     timer assembly matrix:   1.78736 s
     timer analyze+factorize: 1.01357 s
  CuDSS CopyRhsH2D Phase... Done in 0.063424 ms.
  CuDSS Solve Phase... Done in 1.32797 ms.
  CuDSS CopySolD2H Phase... Done in 0.075744 ms.
  Solver solve [7]  |residual| = 7.62603e-22
  CuDSS CopyMatrixH2D Phase... Done in 5.23523 ms.
  CuDSS Refactorization Phase... Done in 107.111 ms.
  Solver setup [8] n = 60847  nnz = 6413509
     analyze?        0
     use learner?    1
     pattern locked? 1
     call learner?   0
     call reserve?   0
     timer assembly matrix:   1.89447 s
     timer analyze+factorize: 1.12599 s
  CuDSS CopyRhsH2D Phase... Done in 0.064704 ms.
  CuDSS Solve Phase... Done in 1.33741 ms.
  CuDSS CopySolD2H Phase... Done in 0.077472 ms.
  Solver solve [8]  |residual| = 3.76154e-16
  CuDSS CopyMatrixH2D Phase... Done in 5.36 ms.
  CuDSS Refactorization Phase... Done in 106.556 ms.
  Solver setup [9] n = 60847  nnz = 6413509
     analyze?        0
     use learner?    1
     pattern locked? 1
     call learner?   0
     call reserve?   0
     timer assembly matrix:   2.00019 s
     timer analyze+factorize: 1.23798 s
  CuDSS CopyRhsH2D Phase... Done in 0.064192 ms.
  CuDSS Solve Phase... Done in 1.3408 ms.
  CuDSS CopySolD2H Phase... Done in 0.07664 ms.
  Solver solve [9]  |residual| = 4.98234e-21
  CuDSS CopyMatrixH2D Phase... Done in 6.87366 ms.
  CuDSS Refactorization Phase... Done in 104.918 ms.
  Solver setup [10] n = 60847  nnz = 6413509
     analyze?        0
     use learner?    1
     pattern locked? 1
     call learner?   0
     call reserve?   0
     timer assembly matrix:   2.10688 s
     timer analyze+factorize: 1.34986 s
  CuDSS CopyRhsH2D Phase... Done in 0.067424 ms.
  CuDSS Solve Phase... Done in 1.34141 ms.
  CuDSS CopySolD2H Phase... Done in 0.076096 ms.
  Solver solve [10]  |residual| = 3.18349e-16
  CuDSS CopyMatrixH2D Phase... Done in 5.36102 ms.
  CuDSS Refactorization Phase... Done in 105.302 ms.
  Solver setup [11] n = 60847  nnz = 6413509
     analyze?        0
     use learner?    1
     pattern locked? 1
     call learner?   0
     call reserve?   0
     timer assembly matrix:   2.22151 s
     timer analyze+factorize: 1.4606 s
  CuDSS CopyRhsH2D Phase... Done in 0.065472 ms.
  CuDSS Solve Phase... Done in 1.33597 ms.
  CuDSS CopySolD2H Phase... Done in 0.0736 ms.
  Solver solve [11]  |residual| = 1.5697e-21
  CuDSS CopyMatrixH2D Phase... Done in 5.66778 ms.
  CuDSS Refactorization Phase... Done in 105.815 ms.
  Solver setup [12] n = 60847  nnz = 6413509
     analyze?        0
     use learner?    1
     pattern locked? 1
     call learner?   0
     call reserve?   0
     timer assembly matrix:   2.32847 s
     timer analyze+factorize: 1.57217 s
  CuDSS CopyRhsH2D Phase... Done in 0.064416 ms.
  CuDSS Solve Phase... Done in 1.34627 ms.
  CuDSS CopySolD2H Phase... Done in 0.07552 ms.
  Solver solve [12]  |residual| = 2.8548e-16
  CuDSS CopyMatrixH2D Phase... Done in 5.44442 ms.
  CuDSS Refactorization Phase... Done in 103.479 ms.
  Solver setup [13] n = 60847  nnz = 6413509
     analyze?        0
     use learner?    1
     pattern locked? 1
     call learner?   0
     call reserve?   0
     timer assembly matrix:   2.43637 s
     timer analyze+factorize: 1.68118 s
  CuDSS CopyRhsH2D Phase... Done in 0.066976 ms.
  CuDSS Solve Phase... Done in 1.3424 ms.
  CuDSS CopySolD2H Phase... Done in 0.074016 ms.
  Solver solve [13]  |residual| = 8.31409e-22
  CuDSS CopyMatrixH2D Phase... Done in 5.90394 ms.
  CuDSS Refactorization Phase... Done in 104.048 ms.
  Solver setup [14] n = 60847  nnz = 6413509
     analyze?        0
     use learner?    1
     pattern locked? 1
     call learner?   0
     call reserve?   0
     timer assembly matrix:   2.54265 s
     timer analyze+factorize: 1.79121 s
  CuDSS CopyRhsH2D Phase... Done in 0.064448 ms.
  CuDSS Solve Phase... Done in 1.33306 ms.
  CuDSS CopySolD2H Phase... Done in 0.075328 ms.
  Solver solve [14]  |residual| = 2.85786e-16
  CuDSS CopyMatrixH2D Phase... Done in 5.30509 ms.
  CuDSS Refactorization Phase... Done in 105.583 ms.
  Solver setup [15] n = 60847  nnz = 6413509
     analyze?        0
     use learner?    1
     pattern locked? 1
     call learner?   0
     call reserve?   0
     timer assembly matrix:   2.64966 s
     timer analyze+factorize: 1.90217 s
  CuDSS CopyRhsH2D Phase... Done in 0.0624 ms.
  CuDSS Solve Phase... Done in 1.32669 ms.
  CuDSS CopySolD2H Phase... Done in 0.073952 ms.
  Solver solve [15]  |residual| = 5.48936e-22
  CuDSS CopyMatrixH2D Phase... Done in 5.34227 ms.
  CuDSS Refactorization Phase... Done in 104.266 ms.
  Solver setup [16] n = 60847  nnz = 6413509
     analyze?        0
     use learner?    1
     pattern locked? 1
     call learner?   0
     call reserve?   0
     timer assembly matrix:   2.75731 s
     timer analyze+factorize: 2.01185 s
  CuDSS CopyRhsH2D Phase... Done in 0.057664 ms.
  CuDSS Solve Phase... Done in 1.32998 ms.
  CuDSS CopySolD2H Phase... Done in 0.074368 ms.
  Solver solve [16]  |residual| = 2.42723e-16
  CuDSS CopyMatrixH2D Phase... Done in 5.26333 ms.
  CuDSS Refactorization Phase... Done in 104.285 ms.
  Solver setup [17] n = 60847  nnz = 6413509
     analyze?        0
     use learner?    1
     pattern locked? 1
     call learner?   0
     call reserve?   0
     timer assembly matrix:   2.86391 s
     timer analyze+factorize: 2.12147 s
  CuDSS CopyRhsH2D Phase... Done in 0.058848 ms.
  CuDSS Solve Phase... Done in 1.3384 ms.
  CuDSS CopySolD2H Phase... Done in 0.07712 ms.
  Solver solve [17]  |residual| = 3.87305e-22
  CuDSS CopyMatrixH2D Phase... Done in 5.97568 ms.
  CuDSS Refactorization Phase... Done in 105.335 ms.
  Solver setup [18] n = 60847  nnz = 6413509
     analyze?        0
     use learner?    1
     pattern locked? 1
     call learner?   0
     call reserve?   0
     timer assembly matrix:   2.97094 s
     timer analyze+factorize: 2.23286 s
  CuDSS CopyRhsH2D Phase... Done in 0.059584 ms.
  CuDSS Solve Phase... Done in 1.33808 ms.
  CuDSS CopySolD2H Phase... Done in 0.075424 ms.
  Solver solve [18]  |residual| = 2.18923e-16
  CuDSS CopyMatrixH2D Phase... Done in 5.3392 ms.
  CuDSS Refactorization Phase... Done in 104.886 ms.
  Solver setup [19] n = 60847  nnz = 6413509
     analyze?        0
     use learner?    1
     pattern locked? 1
     call learner?   0
     call reserve?   0
     timer assembly matrix:   3.07782 s
     timer analyze+factorize: 2.34316 s
  CuDSS CopyRhsH2D Phase... Done in 0.06272 ms.
  CuDSS Solve Phase... Done in 1.33904 ms.
  CuDSS CopySolD2H Phase... Done in 0.073248 ms.
  Solver solve [19]  |residual| = 3.04998e-22
Wall time (loop)     : 6.222900 s
Simulation time      : 0.005000 s
RTF (wall/sim)       : 1244.579989

Final avg tip pos    : (4.000000, 1.000000, -0.000046) m
