OpenMP enabled (max_threads=16)
Thread settings: nthreads=16 (chrono/collision/eigen)
  analyze_once : yes
ANCF 3443 cantilever shell demo
  integration  : PreInt
  solver       : CUSTOM
  res          : 0 (100x100 elements)
  elements     : 10000
  nodes        : 10201
  tip_nodes    : 101
  x_size,y_size: 4, 2 m
  dx, dy       : 0.04, 0.02 m
  thickness    : 0.1 m
  tip_force_z  : -500 N (total, distributed over 101 nodes)
  schedule     : Fz=const for steps 0..4, then Fz=0 for steps 5..9
  dt           : 0.0005 s
  steps        : 10 (t_end=0.005 s)

  CuDSS Analysis Phase... Done in 255.176 ms.
  CuDSS Factorization Phase... Done in 350.317 ms.
  Solver setup [0] n = 122917  nnz = 13050079
     analyze?        1
     use learner?    1
     pattern locked? 1
     call learner?   1
     call reserve?   0
     timer assembly matrix:   1.86529 s
     timer analyze+factorize: 0.642461 s
  CuDSS Solve Phase... Done in 6.16938 ms.
  Solver solve [0]  |residual| = 5.22299e-16
  CuDSS Refactorization Phase... Done in 326.103 ms.
  Solver setup [1] n = 122917  nnz = 13050079
     analyze?        0
     use learner?    1
     pattern locked? 1
     call learner?   0
     call reserve?   0
     timer assembly matrix:   2.08944 s
     timer analyze+factorize: 0.983129 s
  CuDSS Solve Phase... Done in 3.13638 ms.
  Solver solve [1]  |residual| = 1.49307e-18
  CuDSS Refactorization Phase... Done in 321.834 ms.
  Solver setup [2] n = 122917  nnz = 13050079
     analyze?        0
     use learner?    1
     pattern locked? 1
     call learner?   0
     call reserve?   0
     timer assembly matrix:   2.36809 s
     timer analyze+factorize: 1.31936 s
  CuDSS Solve Phase... Done in 2.83584 ms.
  Solver solve [2]  |residual| = 7.88464e-19
  CuDSS Refactorization Phase... Done in 336.456 ms.
  Solver setup [3] n = 122917  nnz = 13050079
     analyze?        0
     use learner?    1
     pattern locked? 1
     call learner?   0
     call reserve?   0
     timer assembly matrix:   2.58821 s
     timer analyze+factorize: 1.66857 s
  CuDSS Solve Phase... Done in 2.6464 ms.
  Solver solve [3]  |residual| = 1.03245e-18
  CuDSS Refactorization Phase... Done in 336.119 ms.
  Solver setup [4] n = 122917  nnz = 13050079
     analyze?        0
     use learner?    1
     pattern locked? 1
     call learner?   0
     call reserve?   0
     timer assembly matrix:   2.8077 s
     timer analyze+factorize: 2.01582 s
  CuDSS Solve Phase... Done in 2.35094 ms.
  Solver solve [4]  |residual| = 5.88441e-16
  CuDSS Refactorization Phase... Done in 309.764 ms.
  Solver setup [5] n = 122917  nnz = 13050079
     analyze?        0
     use learner?    1
     pattern locked? 1
     call learner?   0
     call reserve?   0
     timer assembly matrix:   3.02485 s
     timer analyze+factorize: 2.33684 s
  CuDSS Solve Phase... Done in 2.24256 ms.
  Solver solve [5]  |residual| = 7.52988e-19
  CuDSS Refactorization Phase... Done in 309.322 ms.
  Solver setup [6] n = 122917  nnz = 13050079
     analyze?        0
     use learner?    1
     pattern locked? 1
     call learner?   0
     call reserve?   0
     timer assembly matrix:   3.29127 s
     timer analyze+factorize: 2.65748 s
  CuDSS Solve Phase... Done in 2.2696 ms.
  Solver solve [6]  |residual| = 6.46167e-19
  CuDSS Refactorization Phase... Done in 309.375 ms.
  Solver setup [7] n = 122917  nnz = 13050079
     analyze?        0
     use learner?    1
     pattern locked? 1
     call learner?   0
     call reserve?   0
     timer assembly matrix:   3.56407 s
     timer analyze+factorize: 2.9782 s
  CuDSS Solve Phase... Done in 2.25341 ms.
  Solver solve [7]  |residual| = 8.14694e-19
  CuDSS Refactorization Phase... Done in 309.389 ms.
  Solver setup [8] n = 122917  nnz = 13050079
     analyze?        0
     use learner?    1
     pattern locked? 1
     call learner?   0
     call reserve?   0
     timer assembly matrix:   3.78604 s
     timer analyze+factorize: 3.29886 s
  CuDSS Solve Phase... Done in 2.23747 ms.
  Solver solve [8]  |residual| = 6.23939e-16
  CuDSS Refactorization Phase... Done in 306.877 ms.
  Solver setup [9] n = 122917  nnz = 13050079
     analyze?        0
     use learner?    1
     pattern locked? 1
     call learner?   0
     call reserve?   0
     timer assembly matrix:   4.00628 s
     timer analyze+factorize: 3.61738 s
  CuDSS Solve Phase... Done in 2.26797 ms.
  Solver solve [9]  |residual| = 6.42168e-19
  CuDSS Refactorization Phase... Done in 308.861 ms.
  Solver setup [10] n = 122917  nnz = 13050079
     analyze?        0
     use learner?    1
     pattern locked? 1
     call learner?   0
     call reserve?   0
     timer assembly matrix:   4.22872 s
     timer analyze+factorize: 3.93867 s
  CuDSS Solve Phase... Done in 2.24762 ms.
  Solver solve [10]  |residual| = 7.6705e-19
  CuDSS Refactorization Phase... Done in 308.121 ms.
  Solver setup [11] n = 122917  nnz = 13050079
     analyze?        0
     use learner?    1
     pattern locked? 1
     call learner?   0
     call reserve?   0
     timer assembly matrix:   4.44552 s
     timer analyze+factorize: 4.25822 s
  CuDSS Solve Phase... Done in 2.26186 ms.
  Solver solve [11]  |residual| = 7.74754e-19
  CuDSS Refactorization Phase... Done in 309.952 ms.
  Solver setup [12] n = 122917  nnz = 13050079
     analyze?        0
     use learner?    1
     pattern locked? 1
     call learner?   0
     call reserve?   0
     timer assembly matrix:   4.66823 s
     timer analyze+factorize: 4.57912 s
  CuDSS Solve Phase... Done in 2.2623 ms.
  Solver solve [12]  |residual| = 5.88122e-16
  CuDSS Refactorization Phase... Done in 310.135 ms.
  Solver setup [13] n = 122917  nnz = 13050079
     analyze?        0
     use learner?    1
     pattern locked? 1
     call learner?   0
     call reserve?   0
     timer assembly matrix:   4.88631 s
     timer analyze+factorize: 4.90089 s
  CuDSS Solve Phase... Done in 2.51968 ms.
  Solver solve [13]  |residual| = 8.82736e-19
  CuDSS Refactorization Phase... Done in 307.882 ms.
  Solver setup [14] n = 122917  nnz = 13050079
     analyze?        0
     use learner?    1
     pattern locked? 1
     call learner?   0
     call reserve?   0
     timer assembly matrix:   5.10345 s
     timer analyze+factorize: 5.21997 s
  CuDSS Solve Phase... Done in 2.26989 ms.
  Solver solve [14]  |residual| = 7.73036e-19
  CuDSS Refactorization Phase... Done in 309.417 ms.
  Solver setup [15] n = 122917  nnz = 13050079
     analyze?        0
     use learner?    1
     pattern locked? 1
     call learner?   0
     call reserve?   0
     timer assembly matrix:   5.3204 s
     timer analyze+factorize: 5.54052 s
  CuDSS Solve Phase... Done in 2.2783 ms.
  Solver solve [15]  |residual| = 7.08967e-19
  CuDSS Refactorization Phase... Done in 307.632 ms.
  Solver setup [16] n = 122917  nnz = 13050079
     analyze?        0
     use learner?    1
     pattern locked? 1
     call learner?   0
     call reserve?   0
     timer assembly matrix:   5.53799 s
     timer analyze+factorize: 5.85919 s
  CuDSS Solve Phase... Done in 2.27709 ms.
  Solver solve [16]  |residual| = 5.44795e-16
  CuDSS Refactorization Phase... Done in 308.52 ms.
  Solver setup [17] n = 122917  nnz = 13050079
     analyze?        0
     use learner?    1
     pattern locked? 1
     call learner?   0
     call reserve?   0
     timer assembly matrix:   5.75477 s
     timer analyze+factorize: 6.17937 s
  CuDSS Solve Phase... Done in 2.26262 ms.
  Solver solve [17]  |residual| = 5.97499e-19
  CuDSS Refactorization Phase... Done in 331.511 ms.
  Solver setup [18] n = 122917  nnz = 13050079
     analyze?        0
     use learner?    1
     pattern locked? 1
     call learner?   0
     call reserve?   0
     timer assembly matrix:   5.97284 s
     timer analyze+factorize: 6.52229 s
  CuDSS Solve Phase... Done in 2.27571 ms.
  Solver solve [18]  |residual| = 8.45551e-19
  CuDSS Refactorization Phase... Done in 310.23 ms.
  Solver setup [19] n = 122917  nnz = 13050079
     analyze?        0
     use learner?    1
     pattern locked? 1
     call learner?   0
     call reserve?   0
     timer assembly matrix:   6.19545 s
     timer analyze+factorize: 6.84358 s
  CuDSS Solve Phase... Done in 2.28381 ms.
  Solver solve [19]  |residual| = 9.62429e-19
  CuDSS Refactorization Phase... Done in 306.582 ms.
  Solver setup [20] n = 122917  nnz = 13050079
     analyze?        0
     use learner?    1
     pattern locked? 1
     call learner?   0
     call reserve?   0
     timer assembly matrix:   6.41591 s
     timer analyze+factorize: 7.16142 s
  CuDSS Solve Phase... Done in 2.25814 ms.
  Solver solve [20]  |residual| = 4.85397e-16
  CuDSS Refactorization Phase... Done in 308.527 ms.
  Solver setup [21] n = 122917  nnz = 13050079
     analyze?        0
     use learner?    1
     pattern locked? 1
     call learner?   0
     call reserve?   0
     timer assembly matrix:   6.64598 s
     timer analyze+factorize: 7.48118 s
  CuDSS Solve Phase... Done in 2.25424 ms.
  Solver solve [21]  |residual| = 7.48332e-19
  CuDSS Refactorization Phase... Done in 309.008 ms.
  Solver setup [22] n = 122917  nnz = 13050079
     analyze?        0
     use learner?    1
     pattern locked? 1
     call learner?   0
     call reserve?   0
     timer assembly matrix:   6.8633 s
     timer analyze+factorize: 7.80499 s
  CuDSS Solve Phase... Done in 2.26954 ms.
  Solver solve [22]  |residual| = 6.71913e-19
  CuDSS Refactorization Phase... Done in 309.248 ms.
  Solver setup [23] n = 122917  nnz = 13050079
     analyze?        0
     use learner?    1
     pattern locked? 1
     call learner?   0
     call reserve?   0
     timer assembly matrix:   7.07919 s
     timer analyze+factorize: 8.12539 s
  CuDSS Solve Phase... Done in 2.26259 ms.
  Solver solve [23]  |residual| = 8.23329e-19
  CuDSS Refactorization Phase... Done in 309.231 ms.
  Solver setup [24] n = 122917  nnz = 13050079
     analyze?        0
     use learner?    1
     pattern locked? 1
     call learner?   0
     call reserve?   0
     timer assembly matrix:   7.29527 s
     timer analyze+factorize: 8.44567 s
  CuDSS Solve Phase... Done in 2.25642 ms.
  Solver solve [24]  |residual| = 4.50817e-16
  CuDSS Refactorization Phase... Done in 309.221 ms.
  Solver setup [25] n = 122917  nnz = 13050079
     analyze?        0
     use learner?    1
     pattern locked? 1
     call learner?   0
     call reserve?   0
     timer assembly matrix:   7.51216 s
     timer analyze+factorize: 8.76607 s
  CuDSS Solve Phase... Done in 2.24726 ms.
  Solver solve [25]  |residual| = 7.07478e-19
  CuDSS Refactorization Phase... Done in 312.46 ms.
  Solver setup [26] n = 122917  nnz = 13050079
     analyze?        0
     use learner?    1
     pattern locked? 1
     call learner?   0
     call reserve?   0
     timer assembly matrix:   7.73035 s
     timer analyze+factorize: 9.09004 s
  CuDSS Solve Phase... Done in 2.26634 ms.
  Solver solve [26]  |residual| = 9.08794e-19
  CuDSS Refactorization Phase... Done in 308.131 ms.
  Solver setup [27] n = 122917  nnz = 13050079
     analyze?        0
     use learner?    1
     pattern locked? 1
     call learner?   0
     call reserve?   0
     timer assembly matrix:   7.94801 s
     timer analyze+factorize: 9.40939 s
  CuDSS Solve Phase... Done in 2.25104 ms.
  Solver solve [27]  |residual| = 7.15027e-19
  CuDSS Refactorization Phase... Done in 309.023 ms.
  Solver setup [28] n = 122917  nnz = 13050079
     analyze?        0
     use learner?    1
     pattern locked? 1
     call learner?   0
     call reserve?   0
     timer assembly matrix:   8.16708 s
     timer analyze+factorize: 9.72956 s
  CuDSS Solve Phase... Done in 2.25984 ms.
  Solver solve [28]  |residual| = 4.03241e-16
  CuDSS Refactorization Phase... Done in 309.415 ms.
  Solver setup [29] n = 122917  nnz = 13050079
     analyze?        0
     use learner?    1
     pattern locked? 1
     call learner?   0
     call reserve?   0
     timer assembly matrix:   8.40015 s
     timer analyze+factorize: 10.0502 s
  CuDSS Solve Phase... Done in 2.26563 ms.
  Solver solve [29]  |residual| = 6.85694e-19
  CuDSS Refactorization Phase... Done in 318.095 ms.
  Solver setup [30] n = 122917  nnz = 13050079
     analyze?        0
     use learner?    1
     pattern locked? 1
     call learner?   0
     call reserve?   0
     timer assembly matrix:   8.6178 s
     timer analyze+factorize: 10.3793 s
  CuDSS Solve Phase... Done in 2.64006 ms.
  Solver solve [30]  |residual| = 6.18165e-19
  CuDSS Refactorization Phase... Done in 340.584 ms.
  Solver setup [31] n = 122917  nnz = 13050079
     analyze?        0
     use learner?    1
     pattern locked? 1
     call learner?   0
     call reserve?   0
     timer assembly matrix:   8.8873 s
     timer analyze+factorize: 10.7309 s
  CuDSS Solve Phase... Done in 2.74138 ms.
  Solver solve [31]  |residual| = 7.36847e-19
  CuDSS Refactorization Phase... Done in 319.594 ms.
  Solver setup [32] n = 122917  nnz = 13050079
     analyze?        0
     use learner?    1
     pattern locked? 1
     call learner?   0
     call reserve?   0
     timer assembly matrix:   9.12106 s
     timer analyze+factorize: 11.0639 s
  CuDSS Solve Phase... Done in 2.24614 ms.
  Solver solve [32]  |residual| = 3.8611e-16
  CuDSS Refactorization Phase... Done in 325.522 ms.
  Solver setup [33] n = 122917  nnz = 13050079
     analyze?        0
     use learner?    1
     pattern locked? 1
     call learner?   0
     call reserve?   0
     timer assembly matrix:   9.35682 s
     timer analyze+factorize: 11.4085 s
  CuDSS Solve Phase... Done in 2.53859 ms.
  Solver solve [33]  |residual| = 9.90155e-19
  CuDSS Refactorization Phase... Done in 335.181 ms.
  Solver setup [34] n = 122917  nnz = 13050079
     analyze?        0
     use learner?    1
     pattern locked? 1
     call learner?   0
     call reserve?   0
     timer assembly matrix:   9.65262 s
     timer analyze+factorize: 11.7553 s
  CuDSS Solve Phase... Done in 2.33898 ms.
  Solver solve [34]  |residual| = 7.56427e-19
  CuDSS Refactorization Phase... Done in 320.19 ms.
  Solver setup [35] n = 122917  nnz = 13050079
     analyze?        0
     use learner?    1
     pattern locked? 1
     call learner?   0
     call reserve?   0
     timer assembly matrix:   9.9022 s
     timer analyze+factorize: 12.0883 s
  CuDSS Solve Phase... Done in 2.26048 ms.
  Solver solve [35]  |residual| = 7.22701e-19
  CuDSS Refactorization Phase... Done in 317.107 ms.
  Solver setup [36] n = 122917  nnz = 13050079
     analyze?        0
     use learner?    1
     pattern locked? 1
     call learner?   0
     call reserve?   0
     timer assembly matrix:   10.1233 s
     timer analyze+factorize: 12.417 s
  CuDSS Solve Phase... Done in 2.25174 ms.
  Solver solve [36]  |residual| = 3.64129e-16
  CuDSS Refactorization Phase... Done in 317.853 ms.
  Solver setup [37] n = 122917  nnz = 13050079
     analyze?        0
     use learner?    1
     pattern locked? 1
     call learner?   0
     call reserve?   0
     timer assembly matrix:   10.3455 s
     timer analyze+factorize: 12.7459 s
  CuDSS Solve Phase... Done in 2.27232 ms.
  Solver solve [37]  |residual| = 1.0419e-18
  CuDSS Refactorization Phase... Done in 311.454 ms.
  Solver setup [38] n = 122917  nnz = 13050079
     analyze?        0
     use learner?    1
     pattern locked? 1
     call learner?   0
     call reserve?   0
     timer assembly matrix:   10.5646 s
     timer analyze+factorize: 13.0686 s
  CuDSS Solve Phase... Done in 2.2569 ms.
  Solver solve [38]  |residual| = 8.40037e-19
  CuDSS Refactorization Phase... Done in 308.688 ms.
  Solver setup [39] n = 122917  nnz = 13050079
     analyze?        0
     use learner?    1
     pattern locked? 1
     call learner?   0
     call reserve?   0
     timer assembly matrix:   10.783 s
     timer analyze+factorize: 13.3886 s
  CuDSS Solve Phase... Done in 2.26842 ms.
  Solver solve [39]  |residual| = 8.20518e-19
Wall time (loop)     : 40.966027 s
Simulation time      : 0.005000 s
RTF (wall/sim)       : 8193.205453

Final avg tip pos    : (3.999999, 1.000000, -0.000046) m
peakRSS=11690336kB total=80.18s
