OpenMP enabled (max_threads=16)
Thread settings: nthreads=16 (chrono/collision/eigen)
  analyze_once : yes
ANCF 3443 cantilever shell demo
  integration  : PreInt
  solver       : PARDISO_MKL
  res          : 0 (10x10 elements)
  elements     : 100
  nodes        : 121
  tip_nodes    : 11
  x_size,y_size: 4, 2 m
  dx, dy       : 0.4, 0.2 m
  thickness    : 0.1 m
  tip_force_z  : -500 N (total, distributed over 11 nodes)
  schedule     : Fz=const for steps 0..4, then Fz=0 for steps 5..9
  dt           : 0.0005 s
  steps        : 10 (t_end=0.005 s)

  PARDISO Analysis Phase... Done in 11.0471 ms.
  PARDISO Factorization Phase... Done in 3.11437 ms.
  Solver setup [0] n = 1507  nnz = 138769
     analyze?        1
     use learner?    1
     pattern locked? 1
     call learner?   1
     call reserve?   0
     timer assembly matrix:   0.0195273 s
     timer analyze+factorize: 0.0142343 s
  PARDISO Solve Phase... Done in 1.04942 ms.
  Solver solve [0]  |residual| = 5.89459e-17
  PARDISO Factorization Phase... Done in 1.92512 ms.
  Solver setup [1] n = 1507  nnz = 138769
     analyze?        0
     use learner?    1
     pattern locked? 1
     call learner?   0
     call reserve?   0
     timer assembly matrix:   0.021695 s
     timer analyze+factorize: 0.0161934 s
  PARDISO Solve Phase... Done in 0.498865 ms.
  Solver solve [1]  |residual| = 2.02443e-21
  PARDISO Factorization Phase... Done in 2.24345 ms.
  Solver setup [2] n = 1507  nnz = 138769
     analyze?        0
     use learner?    1
     pattern locked? 1
     call learner?   0
     call reserve?   0
     timer assembly matrix:   0.0239324 s
     timer analyze+factorize: 0.0184554 s
  PARDISO Solve Phase... Done in 0.499417 ms.
  Solver solve [2]  |residual| = 5.46915e-23
  PARDISO Factorization Phase... Done in 2.34642 ms.
  Solver setup [3] n = 1507  nnz = 138769
     analyze?        0
     use learner?    1
     pattern locked? 1
     call learner?   0
     call reserve?   0
     timer assembly matrix:   0.0261233 s
     timer analyze+factorize: 0.0208193 s
  PARDISO Solve Phase... Done in 0.487058 ms.
  Solver solve [3]  |residual| = 8.06466e-23
  PARDISO Factorization Phase... Done in 2.16684 ms.
  Solver setup [4] n = 1507  nnz = 138769
     analyze?        0
     use learner?    1
     pattern locked? 1
     call learner?   0
     call reserve?   0
     timer assembly matrix:   0.028293 s
     timer analyze+factorize: 0.023004 s
  PARDISO Solve Phase... Done in 0.48977 ms.
  Solver solve [4]  |residual| = 5.51012e-17
  PARDISO Factorization Phase... Done in 2.25222 ms.
  Solver setup [5] n = 1507  nnz = 138769
     analyze?        0
     use learner?    1
     pattern locked? 1
     call learner?   0
     call reserve?   0
     timer assembly matrix:   0.0304942 s
     timer analyze+factorize: 0.025273 s
  PARDISO Solve Phase... Done in 0.477693 ms.
  Solver solve [5]  |residual| = 3.7222e-22
  PARDISO Factorization Phase... Done in 2.14033 ms.
  Solver setup [6] n = 1507  nnz = 138769
     analyze?        0
     use learner?    1
     pattern locked? 1
     call learner?   0
     call reserve?   0
     timer assembly matrix:   0.0326528 s
     timer analyze+factorize: 0.0274327 s
  PARDISO Solve Phase... Done in 0.533986 ms.
  Solver solve [6]  |residual| = 5.8896e-23
  PARDISO Factorization Phase... Done in 1.73783 ms.
  Solver setup [7] n = 1507  nnz = 138769
     analyze?        0
     use learner?    1
     pattern locked? 1
     call learner?   0
     call reserve?   0
     timer assembly matrix:   0.0348559 s
     timer analyze+factorize: 0.0291933 s
  PARDISO Solve Phase... Done in 0.446029 ms.
  Solver solve [7]  |residual| = 7.12951e-23
  PARDISO Factorization Phase... Done in 1.79763 ms.
  Solver setup [8] n = 1507  nnz = 138769
     analyze?        0
     use learner?    1
     pattern locked? 1
     call learner?   0
     call reserve?   0
     timer assembly matrix:   0.037038 s
     timer analyze+factorize: 0.0310149 s
  PARDISO Solve Phase... Done in 0.437429 ms.
  Solver solve [8]  |residual| = 4.07479e-17
  PARDISO Factorization Phase... Done in 1.77382 ms.
  Solver setup [9] n = 1507  nnz = 138769
     analyze?        0
     use learner?    1
     pattern locked? 1
     call learner?   0
     call reserve?   0
     timer assembly matrix:   0.0392304 s
     timer analyze+factorize: 0.0328154 s
  PARDISO Solve Phase... Done in 0.429072 ms.
  Solver solve [9]  |residual| = 1.57672e-22
  PARDISO Factorization Phase... Done in 1.66747 ms.
  Solver setup [10] n = 1507  nnz = 138769
     analyze?        0
     use learner?    1
     pattern locked? 1
     call learner?   0
     call reserve?   0
     timer assembly matrix:   0.0414339 s
     timer analyze+factorize: 0.0345107 s
  PARDISO Solve Phase... Done in 0.435657 ms.
  Solver solve [10]  |residual| = 6.49365e-23
  PARDISO Factorization Phase... Done in 1.71484 ms.
  Solver setup [11] n = 1507  nnz = 138769
     analyze?        0
     use learner?    1
     pattern locked? 1
     call learner?   0
     call reserve?   0
     timer assembly matrix:   0.0435908 s
     timer analyze+factorize: 0.0362415 s
  PARDISO Solve Phase... Done in 0.414326 ms.
  Solver solve [11]  |residual| = 5.47972e-23
  PARDISO Factorization Phase... Done in 1.58902 ms.
  Solver setup [12] n = 1507  nnz = 138769
     analyze?        0
     use learner?    1
     pattern locked? 1
     call learner?   0
     call reserve?   0
     timer assembly matrix:   0.0457295 s
     timer analyze+factorize: 0.0378458 s
  PARDISO Solve Phase... Done in 0.425604 ms.
  Solver solve [12]  |residual| = 4.8772e-17
  PARDISO Factorization Phase... Done in 1.85992 ms.
  Solver setup [13] n = 1507  nnz = 138769
     analyze?        0
     use learner?    1
     pattern locked? 1
     call learner?   0
     call reserve?   0
     timer assembly matrix:   0.047909 s
     timer analyze+factorize: 0.0397199 s
  PARDISO Solve Phase... Done in 0.41351 ms.
  Solver solve [13]  |residual| = 1.5446e-22
  PARDISO Factorization Phase... Done in 1.66717 ms.
  Solver setup [14] n = 1507  nnz = 138769
     analyze?        0
     use learner?    1
     pattern locked? 1
     call learner?   0
     call reserve?   0
     timer assembly matrix:   0.0500841 s
     timer analyze+factorize: 0.0414076 s
  PARDISO Solve Phase... Done in 0.432312 ms.
  Solver solve [14]  |residual| = 5.04932e-23
  PARDISO Factorization Phase... Done in 1.49651 ms.
  Solver setup [15] n = 1507  nnz = 138769
     analyze?        0
     use learner?    1
     pattern locked? 1
     call learner?   0
     call reserve?   0
     timer assembly matrix:   0.0526727 s
     timer analyze+factorize: 0.0429326 s
  PARDISO Solve Phase... Done in 0.422184 ms.
  Solver solve [15]  |residual| = 6.15054e-23
  PARDISO Factorization Phase... Done in 2.05711 ms.
  Solver setup [16] n = 1507  nnz = 138769
     analyze?        0
     use learner?    1
     pattern locked? 1
     call learner?   0
     call reserve?   0
     timer assembly matrix:   0.0548351 s
     timer analyze+factorize: 0.045005 s
  PARDISO Solve Phase... Done in 0.41615 ms.
  Solver solve [16]  |residual| = 6.42162e-17
  PARDISO Factorization Phase... Done in 1.62606 ms.
  Solver setup [17] n = 1507  nnz = 138769
     analyze?        0
     use learner?    1
     pattern locked? 1
     call learner?   0
     call reserve?   0
     timer assembly matrix:   0.0569982 s
     timer analyze+factorize: 0.0466483 s
  PARDISO Solve Phase... Done in 0.40492 ms.
  Solver solve [17]  |residual| = 2.13388e-21
  PARDISO Factorization Phase... Done in 1.62851 ms.
  Solver setup [18] n = 1507  nnz = 138769
     analyze?        0
     use learner?    1
     pattern locked? 1
     call learner?   0
     call reserve?   0
     timer assembly matrix:   0.0591719 s
     timer analyze+factorize: 0.0482938 s
  PARDISO Solve Phase... Done in 0.411173 ms.
  Solver solve [18]  |residual| = 7.39905e-23
  PARDISO Factorization Phase... Done in 1.88832 ms.
  Solver setup [19] n = 1507  nnz = 138769
     analyze?        0
     use learner?    1
     pattern locked? 1
     call learner?   0
     call reserve?   0
     timer assembly matrix:   0.0613321 s
     timer analyze+factorize: 0.0501981 s
  PARDISO Solve Phase... Done in 0.402548 ms.
  Solver solve [19]  |residual| = 5.76835e-23
  PARDISO Factorization Phase... Done in 1.85752 ms.
  Solver setup [20] n = 1507  nnz = 138769
     analyze?        0
     use learner?    1
     pattern locked? 1
     call learner?   0
     call reserve?   0
     timer assembly matrix:   0.0634973 s
     timer analyze+factorize: 0.0520726 s
  PARDISO Solve Phase... Done in 0.4006 ms.
  Solver solve [20]  |residual| = 7.85088e-17
  PARDISO Factorization Phase... Done in 1.85391 ms.
  Solver setup [21] n = 1507  nnz = 138769
     analyze?        0
     use learner?    1
     pattern locked? 1
     call learner?   0
     call reserve?   0
     timer assembly matrix:   0.0656456 s
     timer analyze+factorize: 0.0539423 s
  PARDISO Solve Phase... Done in 0.402868 ms.
  Solver solve [21]  |residual| = 5.44533e-22
  PARDISO Factorization Phase... Done in 1.75267 ms.
  Solver setup [22] n = 1507  nnz = 138769
     analyze?        0
     use learner?    1
     pattern locked? 1
     call learner?   0
     call reserve?   0
     timer assembly matrix:   0.0677883 s
     timer analyze+factorize: 0.0557139 s
  PARDISO Solve Phase... Done in 0.43596 ms.
  Solver solve [22]  |residual| = 7.53254e-23
  PARDISO Factorization Phase... Done in 1.62354 ms.
  Solver setup [23] n = 1507  nnz = 138769
     analyze?        0
     use learner?    1
     pattern locked? 1
     call learner?   0
     call reserve?   0
     timer assembly matrix:   0.0699717 s
     timer analyze+factorize: 0.0573523 s
  PARDISO Solve Phase... Done in 0.41181 ms.
  Solver solve [23]  |residual| = 8.06215e-23
  PARDISO Factorization Phase... Done in 1.90733 ms.
  Solver setup [24] n = 1507  nnz = 138769
     analyze?        0
     use learner?    1
     pattern locked? 1
     call learner?   0
     call reserve?   0
     timer assembly matrix:   0.0721274 s
     timer analyze+factorize: 0.0592824 s
  PARDISO Solve Phase... Done in 0.458271 ms.
  Solver solve [24]  |residual| = 3.69384e-17
  PARDISO Factorization Phase... Done in 1.85341 ms.
  Solver setup [25] n = 1507  nnz = 138769
     analyze?        0
     use learner?    1
     pattern locked? 1
     call learner?   0
     call reserve?   0
     timer assembly matrix:   0.0742811 s
     timer analyze+factorize: 0.0611549 s
  PARDISO Solve Phase... Done in 0.411316 ms.
  Solver solve [25]  |residual| = 2.13998e-22
  PARDISO Factorization Phase... Done in 1.82726 ms.
  Solver setup [26] n = 1507  nnz = 138769
     analyze?        0
     use learner?    1
     pattern locked? 1
     call learner?   0
     call reserve?   0
     timer assembly matrix:   0.0764469 s
     timer analyze+factorize: 0.0629986 s
  PARDISO Solve Phase... Done in 0.40254 ms.
  Solver solve [26]  |residual| = 6.73944e-23
  PARDISO Factorization Phase... Done in 1.94677 ms.
  Solver setup [27] n = 1507  nnz = 138769
     analyze?        0
     use learner?    1
     pattern locked? 1
     call learner?   0
     call reserve?   0
     timer assembly matrix:   0.0785715 s
     timer analyze+factorize: 0.064962 s
  PARDISO Solve Phase... Done in 0.411601 ms.
  Solver solve [27]  |residual| = 5.91546e-23
  PARDISO Factorization Phase... Done in 1.88785 ms.
  Solver setup [28] n = 1507  nnz = 138769
     analyze?        0
     use learner?    1
     pattern locked? 1
     call learner?   0
     call reserve?   0
     timer assembly matrix:   0.0807268 s
     timer analyze+factorize: 0.0668674 s
  PARDISO Solve Phase... Done in 0.418552 ms.
  Solver solve [28]  |residual| = 2.51888e-17
  PARDISO Factorization Phase... Done in 1.62857 ms.
  Solver setup [29] n = 1507  nnz = 138769
     analyze?        0
     use learner?    1
     pattern locked? 1
     call learner?   0
     call reserve?   0
     timer assembly matrix:   0.0828753 s
     timer analyze+factorize: 0.0685119 s
  PARDISO Solve Phase... Done in 0.412689 ms.
  Solver solve [29]  |residual| = 8.89484e-23
  PARDISO Factorization Phase... Done in 1.63744 ms.
  Solver setup [30] n = 1507  nnz = 138769
     analyze?        0
     use learner?    1
     pattern locked? 1
     call learner?   0
     call reserve?   0
     timer assembly matrix:   0.0850258 s
     timer analyze+factorize: 0.0701656 s
  PARDISO Solve Phase... Done in 0.413723 ms.
  Solver solve [30]  |residual| = 9.35785e-23
  PARDISO Factorization Phase... Done in 1.6884 ms.
  Solver setup [31] n = 1507  nnz = 138769
     analyze?        0
     use learner?    1
     pattern locked? 1
     call learner?   0
     call reserve?   0
     timer assembly matrix:   0.0871785 s
     timer analyze+factorize: 0.0718687 s
  PARDISO Solve Phase... Done in 0.418675 ms.
  Solver solve [31]  |residual| = 6.62737e-23
  PARDISO Factorization Phase... Done in 1.87811 ms.
  Solver setup [32] n = 1507  nnz = 138769
     analyze?        0
     use learner?    1
     pattern locked? 1
     call learner?   0
     call reserve?   0
     timer assembly matrix:   0.0893311 s
     timer analyze+factorize: 0.0737629 s
  PARDISO Solve Phase... Done in 0.405797 ms.
  Solver solve [32]  |residual| = 2.41754e-17
  PARDISO Factorization Phase... Done in 1.64745 ms.
  Solver setup [33] n = 1507  nnz = 138769
     analyze?        0
     use learner?    1
     pattern locked? 1
     call learner?   0
     call reserve?   0
     timer assembly matrix:   0.0915295 s
     timer analyze+factorize: 0.0754302 s
  PARDISO Solve Phase... Done in 0.425529 ms.
  Solver solve [33]  |residual| = 1.3783e-22
  PARDISO Factorization Phase... Done in 1.66167 ms.
  Solver setup [34] n = 1507  nnz = 138769
     analyze?        0
     use learner?    1
     pattern locked? 1
     call learner?   0
     call reserve?   0
     timer assembly matrix:   0.0936859 s
     timer analyze+factorize: 0.0771076 s
  PARDISO Solve Phase... Done in 0.402736 ms.
  Solver solve [34]  |residual| = 6.83325e-23
  PARDISO Factorization Phase... Done in 1.82548 ms.
  Solver setup [35] n = 1507  nnz = 138769
     analyze?        0
     use learner?    1
     pattern locked? 1
     call learner?   0
     call reserve?   0
     timer assembly matrix:   0.0958673 s
     timer analyze+factorize: 0.0789612 s
  PARDISO Solve Phase... Done in 0.437222 ms.
  Solver solve [35]  |residual| = 6.74709e-23
  PARDISO Factorization Phase... Done in 1.9811 ms.
  Solver setup [36] n = 1507  nnz = 138769
     analyze?        0
     use learner?    1
     pattern locked? 1
     call learner?   0
     call reserve?   0
     timer assembly matrix:   0.0980168 s
     timer analyze+factorize: 0.0809611 s
  PARDISO Solve Phase... Done in 0.422371 ms.
  Solver solve [36]  |residual| = 2.45799e-17
  PARDISO Factorization Phase... Done in 1.83857 ms.
  Solver setup [37] n = 1507  nnz = 138769
     analyze?        0
     use learner?    1
     pattern locked? 1
     call learner?   0
     call reserve?   0
     timer assembly matrix:   0.100174 s
     timer analyze+factorize: 0.0828137 s
  PARDISO Solve Phase... Done in 0.42265 ms.
  Solver solve [37]  |residual| = 1.24776e-22
  PARDISO Factorization Phase... Done in 1.58264 ms.
  Solver setup [38] n = 1507  nnz = 138769
     analyze?        0
     use learner?    1
     pattern locked? 1
     call learner?   0
     call reserve?   0
     timer assembly matrix:   0.102324 s
     timer analyze+factorize: 0.0844128 s
  PARDISO Solve Phase... Done in 0.414686 ms.
  Solver solve [38]  |residual| = 5.62046e-23
  PARDISO Factorization Phase... Done in 1.89221 ms.
  Solver setup [39] n = 1507  nnz = 138769
     analyze?        0
     use learner?    1
     pattern locked? 1
     call learner?   0
     call reserve?   0
     timer assembly matrix:   0.104487 s
     timer analyze+factorize: 0.08632 s
  PARDISO Solve Phase... Done in 0.403552 ms.
  Solver solve [39]  |residual| = 6.25016e-23
Wall time (loop)     : 0.406643 s
Simulation time      : 0.005000 s
RTF (wall/sim)       : 81.328509

Final avg tip pos    : (4.000000, 1.000000, -0.000043) m
peakRSS=163600kB total=0.81s
