OpenMP enabled (max_threads=16)
Thread settings: nthreads=16 (chrono/collision/eigen)
  analyze_once : yes
ANCF 3443 cantilever shell demo
  integration  : PreInt
  solver       : CUSTOM
  res          : 0 (20x20 elements)
  elements     : 400
  nodes        : 441
  tip_nodes    : 21
  x_size,y_size: 4, 2 m
  dx, dy       : 0.2, 0.1 m
  thickness    : 0.1 m
  tip_force_z  : -500 N (total, distributed over 21 nodes)
  schedule     : Fz=const for steps 0..4, then Fz=0 for steps 5..9
  dt           : 0.0005 s
  steps        : 10 (t_end=0.005 s)

  CuDSS Analysis Phase... Done in 19.3103 ms.
  CuDSS Factorization Phase... Done in 10.1575 ms.
  Solver setup [0] n = 5397  nnz = 536559
     analyze?        1
     use learner?    1
     pattern locked? 1
     call learner?   1
     call reserve?   0
     timer assembly matrix:   0.0698485 s
     timer analyze+factorize: 0.0305777 s
  CuDSS Solve Phase... Done in 1.22368 ms.
  Solver solve [0]  |residual| = 8.51132e-17
  CuDSS Refactorization Phase... Done in 5.99539 ms.
  Solver setup [1] n = 5397  nnz = 536559
     analyze?        0
     use learner?    1
     pattern locked? 1
     call learner?   0
     call reserve?   0
     timer assembly matrix:   0.0785236 s
     timer analyze+factorize: 0.0370634 s
  CuDSS Solve Phase... Done in 0.336896 ms.
  Solver solve [1]  |residual| = 4.09585e-21
  CuDSS Refactorization Phase... Done in 5.54982 ms.
  Solver setup [2] n = 5397  nnz = 536559
     analyze?        0
     use learner?    1
     pattern locked? 1
     call learner?   0
     call reserve?   0
     timer assembly matrix:   0.0870425 s
     timer analyze+factorize: 0.0430395 s
  CuDSS Solve Phase... Done in 0.335872 ms.
  Solver solve [2]  |residual| = 2.84401e-21
  CuDSS Refactorization Phase... Done in 5.57875 ms.
  Solver setup [3] n = 5397  nnz = 536559
     analyze?        0
     use learner?    1
     pattern locked? 1
     call learner?   0
     call reserve?   0
     timer assembly matrix:   0.0956262 s
     timer analyze+factorize: 0.0490364 s
  CuDSS Solve Phase... Done in 0.334848 ms.
  Solver solve [3]  |residual| = 3.53e-21
  CuDSS Refactorization Phase... Done in 5.6207 ms.
  Solver setup [4] n = 5397  nnz = 536559
     analyze?        0
     use learner?    1
     pattern locked? 1
     call learner?   0
     call reserve?   0
     timer assembly matrix:   0.104421 s
     timer analyze+factorize: 0.0551717 s
  CuDSS Solve Phase... Done in 0.33792 ms.
  Solver solve [4]  |residual| = 8.3818e-17
  CuDSS Refactorization Phase... Done in 5.92832 ms.
  Solver setup [5] n = 5397  nnz = 536559
     analyze?        0
     use learner?    1
     pattern locked? 1
     call learner?   0
     call reserve?   0
     timer assembly matrix:   0.112929 s
     timer analyze+factorize: 0.0615303 s
  CuDSS Solve Phase... Done in 0.320512 ms.
  Solver solve [5]  |residual| = 1.8973e-21
  CuDSS Refactorization Phase... Done in 5.75552 ms.
  Solver setup [6] n = 5397  nnz = 536559
     analyze?        0
     use learner?    1
     pattern locked? 1
     call learner?   0
     call reserve?   0
     timer assembly matrix:   0.121663 s
     timer analyze+factorize: 0.0677331 s
  CuDSS Solve Phase... Done in 0.338944 ms.
  Solver solve [6]  |residual| = 2.1568e-21
  CuDSS Refactorization Phase... Done in 5.7639 ms.
  Solver setup [7] n = 5397  nnz = 536559
     analyze?        0
     use learner?    1
     pattern locked? 1
     call learner?   0
     call reserve?   0
     timer assembly matrix:   0.130128 s
     timer analyze+factorize: 0.0739282 s
  CuDSS Solve Phase... Done in 0.339968 ms.
  Solver solve [7]  |residual| = 2.35086e-21
  CuDSS Refactorization Phase... Done in 5.5553 ms.
  Solver setup [8] n = 5397  nnz = 536559
     analyze?        0
     use learner?    1
     pattern locked? 1
     call learner?   0
     call reserve?   0
     timer assembly matrix:   0.138687 s
     timer analyze+factorize: 0.0799123 s
  CuDSS Solve Phase... Done in 0.336896 ms.
  Solver solve [8]  |residual| = 7.85027e-17
  CuDSS Refactorization Phase... Done in 5.80403 ms.
  Solver setup [9] n = 5397  nnz = 536559
     analyze?        0
     use learner?    1
     pattern locked? 1
     call learner?   0
     call reserve?   0
     timer assembly matrix:   0.147433 s
     timer analyze+factorize: 0.0861681 s
  CuDSS Solve Phase... Done in 0.34816 ms.
  Solver solve [9]  |residual| = 2.19343e-21
  CuDSS Refactorization Phase... Done in 5.86976 ms.
  Solver setup [10] n = 5397  nnz = 536559
     analyze?        0
     use learner?    1
     pattern locked? 1
     call learner?   0
     call reserve?   0
     timer assembly matrix:   0.156212 s
     timer analyze+factorize: 0.0924926 s
  CuDSS Solve Phase... Done in 0.346112 ms.
  Solver solve [10]  |residual| = 2.37441e-21
  CuDSS Refactorization Phase... Done in 5.91091 ms.
  Solver setup [11] n = 5397  nnz = 536559
     analyze?        0
     use learner?    1
     pattern locked? 1
     call learner?   0
     call reserve?   0
     timer assembly matrix:   0.164895 s
     timer analyze+factorize: 0.0988365 s
  CuDSS Solve Phase... Done in 0.335872 ms.
  Solver solve [11]  |residual| = 2.12504e-21
  CuDSS Refactorization Phase... Done in 5.60464 ms.
  Solver setup [12] n = 5397  nnz = 536559
     analyze?        0
     use learner?    1
     pattern locked? 1
     call learner?   0
     call reserve?   0
     timer assembly matrix:   0.173479 s
     timer analyze+factorize: 0.104868 s
  CuDSS Solve Phase... Done in 0.3328 ms.
  Solver solve [12]  |residual| = 1.08026e-16
  CuDSS Refactorization Phase... Done in 5.78515 ms.
  Solver setup [13] n = 5397  nnz = 536559
     analyze?        0
     use learner?    1
     pattern locked? 1
     call learner?   0
     call reserve?   0
     timer assembly matrix:   0.182094 s
     timer analyze+factorize: 0.111098 s
  CuDSS Solve Phase... Done in 0.33792 ms.
  Solver solve [13]  |residual| = 2.10903e-21
  CuDSS Refactorization Phase... Done in 5.79034 ms.
  Solver setup [14] n = 5397  nnz = 536559
     analyze?        0
     use learner?    1
     pattern locked? 1
     call learner?   0
     call reserve?   0
     timer assembly matrix:   0.196079 s
     timer analyze+factorize: 0.117375 s
  CuDSS Solve Phase... Done in 0.359136 ms.
  Solver solve [14]  |residual| = 3.94128e-21
  CuDSS Refactorization Phase... Done in 6.21869 ms.
  Solver setup [15] n = 5397  nnz = 536559
     analyze?        0
     use learner?    1
     pattern locked? 1
     call learner?   0
     call reserve?   0
     timer assembly matrix:   0.207798 s
     timer analyze+factorize: 0.124063 s
  CuDSS Solve Phase... Done in 0.321536 ms.
  Solver solve [15]  |residual| = 2.98422e-21
  CuDSS Refactorization Phase... Done in 5.88614 ms.
  Solver setup [16] n = 5397  nnz = 536559
     analyze?        0
     use learner?    1
     pattern locked? 1
     call learner?   0
     call reserve?   0
     timer assembly matrix:   0.216842 s
     timer analyze+factorize: 0.130419 s
  CuDSS Solve Phase... Done in 0.340992 ms.
  Solver solve [16]  |residual| = 1.0028e-16
  CuDSS Refactorization Phase... Done in 5.74877 ms.
  Solver setup [17] n = 5397  nnz = 536559
     analyze?        0
     use learner?    1
     pattern locked? 1
     call learner?   0
     call reserve?   0
     timer assembly matrix:   0.226951 s
     timer analyze+factorize: 0.136617 s
  CuDSS Solve Phase... Done in 0.33792 ms.
  Solver solve [17]  |residual| = 3.74166e-21
  CuDSS Refactorization Phase... Done in 5.68464 ms.
  Solver setup [18] n = 5397  nnz = 536559
     analyze?        0
     use learner?    1
     pattern locked? 1
     call learner?   0
     call reserve?   0
     timer assembly matrix:   0.235498 s
     timer analyze+factorize: 0.142733 s
  CuDSS Solve Phase... Done in 0.338944 ms.
  Solver solve [18]  |residual| = 2.94828e-21
  CuDSS Refactorization Phase... Done in 6.25626 ms.
  Solver setup [19] n = 5397  nnz = 536559
     analyze?        0
     use learner?    1
     pattern locked? 1
     call learner?   0
     call reserve?   0
     timer assembly matrix:   0.244089 s
     timer analyze+factorize: 0.149466 s
  CuDSS Solve Phase... Done in 0.323584 ms.
  Solver solve [19]  |residual| = 3.27401e-21
  CuDSS Refactorization Phase... Done in 5.7031 ms.
  Solver setup [20] n = 5397  nnz = 536559
     analyze?        0
     use learner?    1
     pattern locked? 1
     call learner?   0
     call reserve?   0
     timer assembly matrix:   0.25263 s
     timer analyze+factorize: 0.155606 s
  CuDSS Solve Phase... Done in 0.33792 ms.
  Solver solve [20]  |residual| = 7.13571e-17
  CuDSS Refactorization Phase... Done in 5.55549 ms.
  Solver setup [21] n = 5397  nnz = 536559
     analyze?        0
     use learner?    1
     pattern locked? 1
     call learner?   0
     call reserve?   0
     timer assembly matrix:   0.261347 s
     timer analyze+factorize: 0.161598 s
  CuDSS Solve Phase... Done in 0.335872 ms.
  Solver solve [21]  |residual| = 2.07975e-21
  CuDSS Refactorization Phase... Done in 6.28762 ms.
  Solver setup [22] n = 5397  nnz = 536559
     analyze?        0
     use learner?    1
     pattern locked? 1
     call learner?   0
     call reserve?   0
     timer assembly matrix:   0.269961 s
     timer analyze+factorize: 0.168351 s
  CuDSS Solve Phase... Done in 0.336896 ms.
  Solver solve [22]  |residual| = 3.24327e-21
  CuDSS Refactorization Phase... Done in 5.55203 ms.
  Solver setup [23] n = 5397  nnz = 536559
     analyze?        0
     use learner?    1
     pattern locked? 1
     call learner?   0
     call reserve?   0
     timer assembly matrix:   0.278495 s
     timer analyze+factorize: 0.174358 s
  CuDSS Solve Phase... Done in 0.33792 ms.
  Solver solve [23]  |residual| = 2.72653e-21
  CuDSS Refactorization Phase... Done in 5.6865 ms.
  Solver setup [24] n = 5397  nnz = 536559
     analyze?        0
     use learner?    1
     pattern locked? 1
     call learner?   0
     call reserve?   0
     timer assembly matrix:   0.287057 s
     timer analyze+factorize: 0.180472 s
  CuDSS Solve Phase... Done in 0.336896 ms.
  Solver solve [24]  |residual| = 7.6812e-17
  CuDSS Refactorization Phase... Done in 5.80554 ms.
  Solver setup [25] n = 5397  nnz = 536559
     analyze?        0
     use learner?    1
     pattern locked? 1
     call learner?   0
     call reserve?   0
     timer assembly matrix:   0.295748 s
     timer analyze+factorize: 0.186708 s
  CuDSS Solve Phase... Done in 0.334848 ms.
  Solver solve [25]  |residual| = 2.28958e-21
  CuDSS Refactorization Phase... Done in 6.12998 ms.
  Solver setup [26] n = 5397  nnz = 536559
     analyze?        0
     use learner?    1
     pattern locked? 1
     call learner?   0
     call reserve?   0
     timer assembly matrix:   0.304639 s
     timer analyze+factorize: 0.193273 s
  CuDSS Solve Phase... Done in 0.32256 ms.
  Solver solve [26]  |residual| = 2.81168e-21
  CuDSS Refactorization Phase... Done in 5.75123 ms.
  Solver setup [27] n = 5397  nnz = 536559
     analyze?        0
     use learner?    1
     pattern locked? 1
     call learner?   0
     call reserve?   0
     timer assembly matrix:   0.313236 s
     timer analyze+factorize: 0.199453 s
  CuDSS Solve Phase... Done in 0.335872 ms.
  Solver solve [27]  |residual| = 2.34257e-21
  CuDSS Refactorization Phase... Done in 5.8271 ms.
  Solver setup [28] n = 5397  nnz = 536559
     analyze?        0
     use learner?    1
     pattern locked? 1
     call learner?   0
     call reserve?   0
     timer assembly matrix:   0.321966 s
     timer analyze+factorize: 0.205818 s
  CuDSS Solve Phase... Done in 0.324608 ms.
  Solver solve [28]  |residual| = 7.08564e-17
  CuDSS Refactorization Phase... Done in 5.66176 ms.
  Solver setup [29] n = 5397  nnz = 536559
     analyze?        0
     use learner?    1
     pattern locked? 1
     call learner?   0
     call reserve?   0
     timer assembly matrix:   0.331334 s
     timer analyze+factorize: 0.211927 s
  CuDSS Solve Phase... Done in 0.337248 ms.
  Solver solve [29]  |residual| = 3.08761e-21
  CuDSS Refactorization Phase... Done in 5.78278 ms.
  Solver setup [30] n = 5397  nnz = 536559
     analyze?        0
     use learner?    1
     pattern locked? 1
     call learner?   0
     call reserve?   0
     timer assembly matrix:   0.339997 s
     timer analyze+factorize: 0.218149 s
  CuDSS Solve Phase... Done in 0.33792 ms.
  Solver solve [30]  |residual| = 3.29739e-21
  CuDSS Refactorization Phase... Done in 5.5624 ms.
  Solver setup [31] n = 5397  nnz = 536559
     analyze?        0
     use learner?    1
     pattern locked? 1
     call learner?   0
     call reserve?   0
     timer assembly matrix:   0.348553 s
     timer analyze+factorize: 0.224137 s
  CuDSS Solve Phase... Done in 0.334848 ms.
  Solver solve [31]  |residual| = 1.82875e-21
  CuDSS Refactorization Phase... Done in 5.88566 ms.
  Solver setup [32] n = 5397  nnz = 536559
     analyze?        0
     use learner?    1
     pattern locked? 1
     call learner?   0
     call reserve?   0
     timer assembly matrix:   0.357195 s
     timer analyze+factorize: 0.23055 s
  CuDSS Solve Phase... Done in 0.339968 ms.
  Solver solve [32]  |residual| = 5.96881e-17
  CuDSS Refactorization Phase... Done in 5.74131 ms.
  Solver setup [33] n = 5397  nnz = 536559
     analyze?        0
     use learner?    1
     pattern locked? 1
     call learner?   0
     call reserve?   0
     timer assembly matrix:   0.370116 s
     timer analyze+factorize: 0.236765 s
  CuDSS Solve Phase... Done in 0.34816 ms.
  Solver solve [33]  |residual| = 2.25708e-21
  CuDSS Refactorization Phase... Done in 5.89757 ms.
  Solver setup [34] n = 5397  nnz = 536559
     analyze?        0
     use learner?    1
     pattern locked? 1
     call learner?   0
     call reserve?   0
     timer assembly matrix:   0.37941 s
     timer analyze+factorize: 0.243154 s
  CuDSS Solve Phase... Done in 0.340992 ms.
  Solver solve [34]  |residual| = 2.53276e-21
  CuDSS Refactorization Phase... Done in 6.18509 ms.
  Solver setup [35] n = 5397  nnz = 536559
     analyze?        0
     use learner?    1
     pattern locked? 1
     call learner?   0
     call reserve?   0
     timer assembly matrix:   0.388172 s
     timer analyze+factorize: 0.249921 s
  CuDSS Solve Phase... Done in 0.372736 ms.
  Solver solve [35]  |residual| = 2.731e-21
  CuDSS Refactorization Phase... Done in 5.71856 ms.
  Solver setup [36] n = 5397  nnz = 536559
     analyze?        0
     use learner?    1
     pattern locked? 1
     call learner?   0
     call reserve?   0
     timer assembly matrix:   0.399068 s
     timer analyze+factorize: 0.256143 s
  CuDSS Solve Phase... Done in 0.33792 ms.
  Solver solve [36]  |residual| = 5.45234e-17
  CuDSS Refactorization Phase... Done in 5.71027 ms.
  Solver setup [37] n = 5397  nnz = 536559
     analyze?        0
     use learner?    1
     pattern locked? 1
     call learner?   0
     call reserve?   0
     timer assembly matrix:   0.407803 s
     timer analyze+factorize: 0.26237 s
  CuDSS Solve Phase... Done in 0.340992 ms.
  Solver solve [37]  |residual| = 2.09804e-21
  CuDSS Refactorization Phase... Done in 5.50682 ms.
  Solver setup [38] n = 5397  nnz = 536559
     analyze?        0
     use learner?    1
     pattern locked? 1
     call learner?   0
     call reserve?   0
     timer assembly matrix:   0.41981 s
     timer analyze+factorize: 0.268356 s
  CuDSS Solve Phase... Done in 0.35328 ms.
  Solver solve [38]  |residual| = 1.91142e-21
  CuDSS Refactorization Phase... Done in 6.36669 ms.
  Solver setup [39] n = 5397  nnz = 536559
     analyze?        0
     use learner?    1
     pattern locked? 1
     call learner?   0
     call reserve?   0
     timer assembly matrix:   0.434502 s
     timer analyze+factorize: 0.275165 s
  CuDSS Solve Phase... Done in 0.345472 ms.
  Solver solve [39]  |residual| = 2.06838e-21
Wall time (loop)     : 1.416968 s
Simulation time      : 0.005000 s
RTF (wall/sim)       : 283.393507

Final avg tip pos    : (4.000000, 1.000000, -0.000045) m
peakRSS=812124kB total=3.17s
