OpenMP enabled (max_threads=16)
Thread settings: nthreads=16 (chrono/collision/eigen)
  analyze_once : yes
ANCF 3443 cantilever shell demo
  integration  : PreInt
  solver       : CUSTOM
  res          : 0 (20x20 elements)
  elements     : 400
  nodes        : 441
  tip_nodes    : 21
  x_size,y_size: 4, 2 m
  dx, dy       : 0.2, 0.1 m
  thickness    : 0.1 m
  tip_force_z  : -500 N (total, distributed over 21 nodes)
  schedule     : Fz=const for steps 0..4, then Fz=0 for steps 5..9
  dt           : 0.0005 s
  steps        : 10 (t_end=0.005 s)

  CuDSS Analysis Phase... Done in 21.296 ms.
  CuDSS Factorization Phase... Done in 10.8908 ms.
  Solver setup [0] n = 5397  nnz = 536559
     analyze?        1
     use learner?    1
     pattern locked? 1
     call learner?   1
     call reserve?   0
     timer assembly matrix:   0.0886292 s
     timer analyze+factorize: 0.0334551 s
  CuDSS Solve Phase... Done in 1.57677 ms.
  Solver solve [0]  |residual| = 8.02297e-17
  CuDSS Refactorization Phase... Done in 5.79907 ms.
  Solver setup [1] n = 5397  nnz = 536559
     analyze?        0
     use learner?    1
     pattern locked? 1
     call learner?   0
     call reserve?   0
     timer assembly matrix:   0.102166 s
     timer analyze+factorize: 0.0396822 s
  CuDSS Solve Phase... Done in 0.350208 ms.
  Solver solve [1]  |residual| = 3.97955e-21
  CuDSS Refactorization Phase... Done in 5.59514 ms.
  Solver setup [2] n = 5397  nnz = 536559
     analyze?        0
     use learner?    1
     pattern locked? 1
     call learner?   0
     call reserve?   0
     timer assembly matrix:   0.115621 s
     timer analyze+factorize: 0.0456977 s
  CuDSS Solve Phase... Done in 0.348448 ms.
  Solver solve [2]  |residual| = 2.89859e-21
  CuDSS Refactorization Phase... Done in 5.71251 ms.
  Solver setup [3] n = 5397  nnz = 536559
     analyze?        0
     use learner?    1
     pattern locked? 1
     call learner?   0
     call reserve?   0
     timer assembly matrix:   0.12906 s
     timer analyze+factorize: 0.0519278 s
  CuDSS Solve Phase... Done in 0.347136 ms.
  Solver solve [3]  |residual| = 3.53961e-21
  CuDSS Refactorization Phase... Done in 5.56986 ms.
  Solver setup [4] n = 5397  nnz = 536559
     analyze?        0
     use learner?    1
     pattern locked? 1
     call learner?   0
     call reserve?   0
     timer assembly matrix:   0.142492 s
     timer analyze+factorize: 0.057925 s
  CuDSS Solve Phase... Done in 0.346784 ms.
  Solver solve [4]  |residual| = 9.71566e-17
  CuDSS Refactorization Phase... Done in 5.7712 ms.
  Solver setup [5] n = 5397  nnz = 536559
     analyze?        0
     use learner?    1
     pattern locked? 1
     call learner?   0
     call reserve?   0
     timer assembly matrix:   0.155874 s
     timer analyze+factorize: 0.0641225 s
  CuDSS Solve Phase... Done in 0.34816 ms.
  Solver solve [5]  |residual| = 1.95307e-21
  CuDSS Refactorization Phase... Done in 5.74662 ms.
  Solver setup [6] n = 5397  nnz = 536559
     analyze?        0
     use learner?    1
     pattern locked? 1
     call learner?   0
     call reserve?   0
     timer assembly matrix:   0.16927 s
     timer analyze+factorize: 0.0702958 s
  CuDSS Solve Phase... Done in 0.350208 ms.
  Solver solve [6]  |residual| = 2.13692e-21
  CuDSS Refactorization Phase... Done in 5.69734 ms.
  Solver setup [7] n = 5397  nnz = 536559
     analyze?        0
     use learner?    1
     pattern locked? 1
     call learner?   0
     call reserve?   0
     timer assembly matrix:   0.182752 s
     timer analyze+factorize: 0.0764221 s
  CuDSS Solve Phase... Done in 0.347936 ms.
  Solver solve [7]  |residual| = 2.42717e-21
  CuDSS Refactorization Phase... Done in 5.72464 ms.
  Solver setup [8] n = 5397  nnz = 536559
     analyze?        0
     use learner?    1
     pattern locked? 1
     call learner?   0
     call reserve?   0
     timer assembly matrix:   0.196173 s
     timer analyze+factorize: 0.082588 s
  CuDSS Solve Phase... Done in 0.347136 ms.
  Solver solve [8]  |residual| = 9.75431e-17
  CuDSS Refactorization Phase... Done in 5.62653 ms.
  Solver setup [9] n = 5397  nnz = 536559
     analyze?        0
     use learner?    1
     pattern locked? 1
     call learner?   0
     call reserve?   0
     timer assembly matrix:   0.209599 s
     timer analyze+factorize: 0.0886361 s
  CuDSS Solve Phase... Done in 0.347136 ms.
  Solver solve [9]  |residual| = 2.22621e-21
  CuDSS Refactorization Phase... Done in 5.74099 ms.
  Solver setup [10] n = 5397  nnz = 536559
     analyze?        0
     use learner?    1
     pattern locked? 1
     call learner?   0
     call reserve?   0
     timer assembly matrix:   0.223062 s
     timer analyze+factorize: 0.0947986 s
  CuDSS Solve Phase... Done in 0.346912 ms.
  Solver solve [10]  |residual| = 2.38184e-21
  CuDSS Refactorization Phase... Done in 5.87008 ms.
  Solver setup [11] n = 5397  nnz = 536559
     analyze?        0
     use learner?    1
     pattern locked? 1
     call learner?   0
     call reserve?   0
     timer assembly matrix:   0.236504 s
     timer analyze+factorize: 0.101102 s
  CuDSS Solve Phase... Done in 0.347904 ms.
  Solver solve [11]  |residual| = 2.17925e-21
  CuDSS Refactorization Phase... Done in 5.86883 ms.
  Solver setup [12] n = 5397  nnz = 536559
     analyze?        0
     use learner?    1
     pattern locked? 1
     call learner?   0
     call reserve?   0
     timer assembly matrix:   0.250001 s
     timer analyze+factorize: 0.107398 s
  CuDSS Solve Phase... Done in 0.34688 ms.
  Solver solve [12]  |residual| = 9.0177e-17
  CuDSS Refactorization Phase... Done in 5.99107 ms.
  Solver setup [13] n = 5397  nnz = 536559
     analyze?        0
     use learner?    1
     pattern locked? 1
     call learner?   0
     call reserve?   0
     timer assembly matrix:   0.263616 s
     timer analyze+factorize: 0.113852 s
  CuDSS Solve Phase... Done in 0.351104 ms.
  Solver solve [13]  |residual| = 2.12409e-21
  CuDSS Refactorization Phase... Done in 5.60506 ms.
  Solver setup [14] n = 5397  nnz = 536559
     analyze?        0
     use learner?    1
     pattern locked? 1
     call learner?   0
     call reserve?   0
     timer assembly matrix:   0.277039 s
     timer analyze+factorize: 0.119887 s
  CuDSS Solve Phase... Done in 0.345088 ms.
  Solver solve [14]  |residual| = 3.91876e-21
  CuDSS Refactorization Phase... Done in 5.71606 ms.
  Solver setup [15] n = 5397  nnz = 536559
     analyze?        0
     use learner?    1
     pattern locked? 1
     call learner?   0
     call reserve?   0
     timer assembly matrix:   0.290447 s
     timer analyze+factorize: 0.126025 s
  CuDSS Solve Phase... Done in 0.345088 ms.
  Solver solve [15]  |residual| = 3.00445e-21
  CuDSS Refactorization Phase... Done in 5.79478 ms.
  Solver setup [16] n = 5397  nnz = 536559
     analyze?        0
     use learner?    1
     pattern locked? 1
     call learner?   0
     call reserve?   0
     timer assembly matrix:   0.303931 s
     timer analyze+factorize: 0.132248 s
  CuDSS Solve Phase... Done in 0.348096 ms.
  Solver solve [16]  |residual| = 9.37142e-17
  CuDSS Refactorization Phase... Done in 5.8839 ms.
  Solver setup [17] n = 5397  nnz = 536559
     analyze?        0
     use learner?    1
     pattern locked? 1
     call learner?   0
     call reserve?   0
     timer assembly matrix:   0.317423 s
     timer analyze+factorize: 0.138563 s
  CuDSS Solve Phase... Done in 0.346112 ms.
  Solver solve [17]  |residual| = 3.37884e-21
  CuDSS Refactorization Phase... Done in 5.76918 ms.
  Solver setup [18] n = 5397  nnz = 536559
     analyze?        0
     use learner?    1
     pattern locked? 1
     call learner?   0
     call reserve?   0
     timer assembly matrix:   0.330888 s
     timer analyze+factorize: 0.144751 s
  CuDSS Solve Phase... Done in 0.351232 ms.
  Solver solve [18]  |residual| = 2.97045e-21
  CuDSS Refactorization Phase... Done in 5.71325 ms.
  Solver setup [19] n = 5397  nnz = 536559
     analyze?        0
     use learner?    1
     pattern locked? 1
     call learner?   0
     call reserve?   0
     timer assembly matrix:   0.344354 s
     timer analyze+factorize: 0.150889 s
  CuDSS Solve Phase... Done in 0.347136 ms.
  Solver solve [19]  |residual| = 3.28078e-21
  CuDSS Refactorization Phase... Done in 5.84749 ms.
  Solver setup [20] n = 5397  nnz = 536559
     analyze?        0
     use learner?    1
     pattern locked? 1
     call learner?   0
     call reserve?   0
     timer assembly matrix:   0.357935 s
     timer analyze+factorize: 0.15716 s
  CuDSS Solve Phase... Done in 0.34816 ms.
  Solver solve [20]  |residual| = 8.11952e-17
  CuDSS Refactorization Phase... Done in 5.76019 ms.
  Solver setup [21] n = 5397  nnz = 536559
     analyze?        0
     use learner?    1
     pattern locked? 1
     call learner?   0
     call reserve?   0
     timer assembly matrix:   0.371423 s
     timer analyze+factorize: 0.16334 s
  CuDSS Solve Phase... Done in 0.345088 ms.
  Solver solve [21]  |residual| = 1.99653e-21
  CuDSS Refactorization Phase... Done in 5.65216 ms.
  Solver setup [22] n = 5397  nnz = 536559
     analyze?        0
     use learner?    1
     pattern locked? 1
     call learner?   0
     call reserve?   0
     timer assembly matrix:   0.384928 s
     timer analyze+factorize: 0.169497 s
  CuDSS Solve Phase... Done in 0.347136 ms.
  Solver solve [22]  |residual| = 3.27102e-21
  CuDSS Refactorization Phase... Done in 5.55341 ms.
  Solver setup [23] n = 5397  nnz = 536559
     analyze?        0
     use learner?    1
     pattern locked? 1
     call learner?   0
     call reserve?   0
     timer assembly matrix:   0.398374 s
     timer analyze+factorize: 0.175492 s
  CuDSS Solve Phase... Done in 0.346112 ms.
  Solver solve [23]  |residual| = 2.17348e-21
  CuDSS Refactorization Phase... Done in 5.85888 ms.
  Solver setup [24] n = 5397  nnz = 536559
     analyze?        0
     use learner?    1
     pattern locked? 1
     call learner?   0
     call reserve?   0
     timer assembly matrix:   0.411857 s
     timer analyze+factorize: 0.181791 s
  CuDSS Solve Phase... Done in 0.34688 ms.
  Solver solve [24]  |residual| = 6.69751e-17
  CuDSS Refactorization Phase... Done in 5.7848 ms.
  Solver setup [25] n = 5397  nnz = 536559
     analyze?        0
     use learner?    1
     pattern locked? 1
     call learner?   0
     call reserve?   0
     timer assembly matrix:   0.425252 s
     timer analyze+factorize: 0.188001 s
  CuDSS Solve Phase... Done in 0.347136 ms.
  Solver solve [25]  |residual| = 2.47392e-21
  CuDSS Refactorization Phase... Done in 5.57782 ms.
  Solver setup [26] n = 5397  nnz = 536559
     analyze?        0
     use learner?    1
     pattern locked? 1
     call learner?   0
     call reserve?   0
     timer assembly matrix:   0.438716 s
     timer analyze+factorize: 0.193999 s
  CuDSS Solve Phase... Done in 0.348992 ms.
  Solver solve [26]  |residual| = 1.77649e-21
  CuDSS Refactorization Phase... Done in 5.79232 ms.
  Solver setup [27] n = 5397  nnz = 536559
     analyze?        0
     use learner?    1
     pattern locked? 1
     call learner?   0
     call reserve?   0
     timer assembly matrix:   0.452158 s
     timer analyze+factorize: 0.200216 s
  CuDSS Solve Phase... Done in 0.347136 ms.
  Solver solve [27]  |residual| = 3.44577e-21
  CuDSS Refactorization Phase... Done in 5.63354 ms.
  Solver setup [28] n = 5397  nnz = 536559
     analyze?        0
     use learner?    1
     pattern locked? 1
     call learner?   0
     call reserve?   0
     timer assembly matrix:   0.465547 s
     timer analyze+factorize: 0.206271 s
  CuDSS Solve Phase... Done in 0.347136 ms.
  Solver solve [28]  |residual| = 6.40132e-17
  CuDSS Refactorization Phase... Done in 5.80851 ms.
  Solver setup [29] n = 5397  nnz = 536559
     analyze?        0
     use learner?    1
     pattern locked? 1
     call learner?   0
     call reserve?   0
     timer assembly matrix:   0.478961 s
     timer analyze+factorize: 0.212496 s
  CuDSS Solve Phase... Done in 0.345088 ms.
  Solver solve [29]  |residual| = 1.94912e-21
  CuDSS Refactorization Phase... Done in 5.81981 ms.
  Solver setup [30] n = 5397  nnz = 536559
     analyze?        0
     use learner?    1
     pattern locked? 1
     call learner?   0
     call reserve?   0
     timer assembly matrix:   0.492413 s
     timer analyze+factorize: 0.218745 s
  CuDSS Solve Phase... Done in 0.34816 ms.
  Solver solve [30]  |residual| = 2.19865e-21
  CuDSS Refactorization Phase... Done in 5.70003 ms.
  Solver setup [31] n = 5397  nnz = 536559
     analyze?        0
     use learner?    1
     pattern locked? 1
     call learner?   0
     call reserve?   0
     timer assembly matrix:   0.505841 s
     timer analyze+factorize: 0.224867 s
  CuDSS Solve Phase... Done in 0.347136 ms.
  Solver solve [31]  |residual| = 2.24084e-21
  CuDSS Refactorization Phase... Done in 5.69725 ms.
  Solver setup [32] n = 5397  nnz = 536559
     analyze?        0
     use learner?    1
     pattern locked? 1
     call learner?   0
     call reserve?   0
     timer assembly matrix:   0.519269 s
     timer analyze+factorize: 0.231003 s
  CuDSS Solve Phase... Done in 0.34592 ms.
  Solver solve [32]  |residual| = 6.73666e-17
  CuDSS Refactorization Phase... Done in 5.71856 ms.
  Solver setup [33] n = 5397  nnz = 536559
     analyze?        0
     use learner?    1
     pattern locked? 1
     call learner?   0
     call reserve?   0
     timer assembly matrix:   0.532769 s
     timer analyze+factorize: 0.237146 s
  CuDSS Solve Phase... Done in 0.346112 ms.
  Solver solve [33]  |residual| = 2.89409e-21
  CuDSS Refactorization Phase... Done in 5.86797 ms.
  Solver setup [34] n = 5397  nnz = 536559
     analyze?        0
     use learner?    1
     pattern locked? 1
     call learner?   0
     call reserve?   0
     timer assembly matrix:   0.54624 s
     timer analyze+factorize: 0.24344 s
  CuDSS Solve Phase... Done in 0.347136 ms.
  Solver solve [34]  |residual| = 2.28303e-21
  CuDSS Refactorization Phase... Done in 5.82704 ms.
  Solver setup [35] n = 5397  nnz = 536559
     analyze?        0
     use learner?    1
     pattern locked? 1
     call learner?   0
     call reserve?   0
     timer assembly matrix:   0.559726 s
     timer analyze+factorize: 0.249688 s
  CuDSS Solve Phase... Done in 0.346112 ms.
  Solver solve [35]  |residual| = 1.60002e-21
  CuDSS Refactorization Phase... Done in 5.7377 ms.
  Solver setup [36] n = 5397  nnz = 536559
     analyze?        0
     use learner?    1
     pattern locked? 1
     call learner?   0
     call reserve?   0
     timer assembly matrix:   0.573219 s
     timer analyze+factorize: 0.255852 s
  CuDSS Solve Phase... Done in 0.346112 ms.
  Solver solve [36]  |residual| = 5.19251e-17
  CuDSS Refactorization Phase... Done in 5.52374 ms.
  Solver setup [37] n = 5397  nnz = 536559
     analyze?        0
     use learner?    1
     pattern locked? 1
     call learner?   0
     call reserve?   0
     timer assembly matrix:   0.586716 s
     timer analyze+factorize: 0.261797 s
  CuDSS Solve Phase... Done in 0.346112 ms.
  Solver solve [37]  |residual| = 2.80942e-21
  CuDSS Refactorization Phase... Done in 5.68528 ms.
  Solver setup [38] n = 5397  nnz = 536559
     analyze?        0
     use learner?    1
     pattern locked? 1
     call learner?   0
     call reserve?   0
     timer assembly matrix:   0.600117 s
     timer analyze+factorize: 0.267908 s
  CuDSS Solve Phase... Done in 0.347136 ms.
  Solver solve [38]  |residual| = 2.02732e-21
  CuDSS Refactorization Phase... Done in 5.54336 ms.
  Solver setup [39] n = 5397  nnz = 536559
     analyze?        0
     use learner?    1
     pattern locked? 1
     call learner?   0
     call reserve?   0
     timer assembly matrix:   0.613481 s
     timer analyze+factorize: 0.273885 s
  CuDSS Solve Phase... Done in 0.347136 ms.
  Solver solve [39]  |residual| = 2.11173e-21
Wall time (loop)     : 1.590204 s
Simulation time      : 0.005000 s
RTF (wall/sim)       : 318.040881

Final avg tip pos    : (4.000000, 1.000000, -0.000045) m
peakRSS=811968kB total=3.35s
