OpenMP enabled (max_threads=16)
Thread settings: nthreads=16 (chrono/collision/eigen)
  analyze_once : yes
ANCF 3443 cantilever shell demo
  integration  : PreInt
  solver       : PARDISO_MKL
  res          : 0 (30x30 elements)
  elements     : 900
  nodes        : 961
  tip_nodes    : 31
  x_size,y_size: 4, 2 m
  dx, dy       : 0.133333, 0.0666667 m
  thickness    : 0.1 m
  tip_force_z  : -500 N (total, distributed over 31 nodes)
  schedule     : Fz=const for steps 0..4, then Fz=0 for steps 5..9
  dt           : 0.0005 s
  steps        : 10 (t_end=0.005 s)

  PARDISO Analysis Phase... Done in 39.8682 ms.
  PARDISO Factorization Phase... Done in 15.1361 ms.
  Solver setup [0] n = 11687  nnz = 1193549
     analyze?        1
     use learner?    1
     pattern locked? 1
     call learner?   1
     call reserve?   0
     timer assembly matrix:   0.204824 s
     timer analyze+factorize: 0.0550944 s
  PARDISO Solve Phase... Done in 11.1752 ms.
  Solver solve [0]  |residual| = 8.72025e-17
  PARDISO Factorization Phase... Done in 13.9721 ms.
  Solver setup [1] n = 11687  nnz = 1193549
     analyze?        0
     use learner?    1
     pattern locked? 1
     call learner?   0
     call reserve?   0
     timer assembly matrix:   0.224423 s
     timer analyze+factorize: 0.0691063 s
  PARDISO Solve Phase... Done in 8.09368 ms.
  Solver solve [1]  |residual| = 6.08136e-21
  PARDISO Factorization Phase... Done in 12.9834 ms.
  Solver setup [2] n = 11687  nnz = 1193549
     analyze?        0
     use learner?    1
     pattern locked? 1
     call learner?   0
     call reserve?   0
     timer assembly matrix:   0.244142 s
     timer analyze+factorize: 0.082125 s
  PARDISO Solve Phase... Done in 7.53483 ms.
  Solver solve [2]  |residual| = 4.88867e-21
  PARDISO Factorization Phase... Done in 12.7594 ms.
  Solver setup [3] n = 11687  nnz = 1193549
     analyze?        0
     use learner?    1
     pattern locked? 1
     call learner?   0
     call reserve?   0
     timer assembly matrix:   0.264368 s
     timer analyze+factorize: 0.0949098 s
  PARDISO Solve Phase... Done in 7.28452 ms.
  Solver solve [3]  |residual| = 4.23399e-21
  PARDISO Factorization Phase... Done in 12.9199 ms.
  Solver setup [4] n = 11687  nnz = 1193549
     analyze?        0
     use learner?    1
     pattern locked? 1
     call learner?   0
     call reserve?   0
     timer assembly matrix:   0.284178 s
     timer analyze+factorize: 0.107861 s
  PARDISO Solve Phase... Done in 7.37073 ms.
  Solver solve [4]  |residual| = 1.06417e-16
  PARDISO Factorization Phase... Done in 13.2926 ms.
  Solver setup [5] n = 11687  nnz = 1193549
     analyze?        0
     use learner?    1
     pattern locked? 1
     call learner?   0
     call reserve?   0
     timer assembly matrix:   0.30433 s
     timer analyze+factorize: 0.121185 s
  PARDISO Solve Phase... Done in 8.06351 ms.
  Solver solve [5]  |residual| = 4.01623e-21
  PARDISO Factorization Phase... Done in 13.9082 ms.
  Solver setup [6] n = 11687  nnz = 1193549
     analyze?        0
     use learner?    1
     pattern locked? 1
     call learner?   0
     call reserve?   0
     timer assembly matrix:   0.324792 s
     timer analyze+factorize: 0.135125 s
  PARDISO Solve Phase... Done in 7.5427 ms.
  Solver solve [6]  |residual| = 4.35408e-21
  PARDISO Factorization Phase... Done in 13.4037 ms.
  Solver setup [7] n = 11687  nnz = 1193549
     analyze?        0
     use learner?    1
     pattern locked? 1
     call learner?   0
     call reserve?   0
     timer assembly matrix:   0.344941 s
     timer analyze+factorize: 0.14856 s
  PARDISO Solve Phase... Done in 7.48099 ms.
  Solver solve [7]  |residual| = 3.41698e-21
  PARDISO Factorization Phase... Done in 12.6846 ms.
  Solver setup [8] n = 11687  nnz = 1193549
     analyze?        0
     use learner?    1
     pattern locked? 1
     call learner?   0
     call reserve?   0
     timer assembly matrix:   0.365396 s
     timer analyze+factorize: 0.161272 s
  PARDISO Solve Phase... Done in 7.28328 ms.
  Solver solve [8]  |residual| = 9.91168e-17
  PARDISO Factorization Phase... Done in 13.3129 ms.
  Solver setup [9] n = 11687  nnz = 1193549
     analyze?        0
     use learner?    1
     pattern locked? 1
     call learner?   0
     call reserve?   0
     timer assembly matrix:   0.385561 s
     timer analyze+factorize: 0.174628 s
  PARDISO Solve Phase... Done in 7.45853 ms.
  Solver solve [9]  |residual| = 3.70363e-21
  PARDISO Factorization Phase... Done in 12.3363 ms.
  Solver setup [10] n = 11687  nnz = 1193549
     analyze?        0
     use learner?    1
     pattern locked? 1
     call learner?   0
     call reserve?   0
     timer assembly matrix:   0.405028 s
     timer analyze+factorize: 0.186995 s
  PARDISO Solve Phase... Done in 7.26333 ms.
  Solver solve [10]  |residual| = 3.87744e-21
  PARDISO Factorization Phase... Done in 13.663 ms.
  Solver setup [11] n = 11687  nnz = 1193549
     analyze?        0
     use learner?    1
     pattern locked? 1
     call learner?   0
     call reserve?   0
     timer assembly matrix:   0.424461 s
     timer analyze+factorize: 0.200684 s
  PARDISO Solve Phase... Done in 7.29482 ms.
  Solver solve [11]  |residual| = 3.71081e-21
  PARDISO Factorization Phase... Done in 12.5905 ms.
  Solver setup [12] n = 11687  nnz = 1193549
     analyze?        0
     use learner?    1
     pattern locked? 1
     call learner?   0
     call reserve?   0
     timer assembly matrix:   0.443882 s
     timer analyze+factorize: 0.2133 s
  PARDISO Solve Phase... Done in 7.27693 ms.
  Solver solve [12]  |residual| = 9.39244e-17
  PARDISO Factorization Phase... Done in 14.4975 ms.
  Solver setup [13] n = 11687  nnz = 1193549
     analyze?        0
     use learner?    1
     pattern locked? 1
     call learner?   0
     call reserve?   0
     timer assembly matrix:   0.463778 s
     timer analyze+factorize: 0.227826 s
  PARDISO Solve Phase... Done in 7.19474 ms.
  Solver solve [13]  |residual| = 3.51107e-21
  PARDISO Factorization Phase... Done in 13.0678 ms.
  Solver setup [14] n = 11687  nnz = 1193549
     analyze?        0
     use learner?    1
     pattern locked? 1
     call learner?   0
     call reserve?   0
     timer assembly matrix:   0.483456 s
     timer analyze+factorize: 0.240924 s
  PARDISO Solve Phase... Done in 7.31347 ms.
  Solver solve [14]  |residual| = 4.78653e-21
  PARDISO Factorization Phase... Done in 14.4211 ms.
  Solver setup [15] n = 11687  nnz = 1193549
     analyze?        0
     use learner?    1
     pattern locked? 1
     call learner?   0
     call reserve?   0
     timer assembly matrix:   0.502789 s
     timer analyze+factorize: 0.255376 s
  PARDISO Solve Phase... Done in 7.39807 ms.
  Solver solve [15]  |residual| = 3.95469e-21
  PARDISO Factorization Phase... Done in 12.104 ms.
  Solver setup [16] n = 11687  nnz = 1193549
     analyze?        0
     use learner?    1
     pattern locked? 1
     call learner?   0
     call reserve?   0
     timer assembly matrix:   0.522429 s
     timer analyze+factorize: 0.267511 s
  PARDISO Solve Phase... Done in 7.29838 ms.
  Solver solve [16]  |residual| = 1.09657e-16
  PARDISO Factorization Phase... Done in 12.7394 ms.
  Solver setup [17] n = 11687  nnz = 1193549
     analyze?        0
     use learner?    1
     pattern locked? 1
     call learner?   0
     call reserve?   0
     timer assembly matrix:   0.542576 s
     timer analyze+factorize: 0.280288 s
  PARDISO Solve Phase... Done in 7.37071 ms.
  Solver solve [17]  |residual| = 4.71903e-21
  PARDISO Factorization Phase... Done in 12.0679 ms.
  Solver setup [18] n = 11687  nnz = 1193549
     analyze?        0
     use learner?    1
     pattern locked? 1
     call learner?   0
     call reserve?   0
     timer assembly matrix:   0.562082 s
     timer analyze+factorize: 0.292387 s
  PARDISO Solve Phase... Done in 7.32588 ms.
  Solver solve [18]  |residual| = 3.54539e-21
  PARDISO Factorization Phase... Done in 14.8847 ms.
  Solver setup [19] n = 11687  nnz = 1193549
     analyze?        0
     use learner?    1
     pattern locked? 1
     call learner?   0
     call reserve?   0
     timer assembly matrix:   0.581707 s
     timer analyze+factorize: 0.307304 s
  PARDISO Solve Phase... Done in 7.27953 ms.
  Solver solve [19]  |residual| = 4.50494e-21
  PARDISO Factorization Phase... Done in 14.5144 ms.
  Solver setup [20] n = 11687  nnz = 1193549
     analyze?        0
     use learner?    1
     pattern locked? 1
     call learner?   0
     call reserve?   0
     timer assembly matrix:   0.602843 s
     timer analyze+factorize: 0.32185 s
  PARDISO Solve Phase... Done in 7.38903 ms.
  Solver solve [20]  |residual| = 8.72528e-17
  PARDISO Factorization Phase... Done in 13.0351 ms.
  Solver setup [21] n = 11687  nnz = 1193549
     analyze?        0
     use learner?    1
     pattern locked? 1
     call learner?   0
     call reserve?   0
     timer assembly matrix:   0.622242 s
     timer analyze+factorize: 0.334916 s
  PARDISO Solve Phase... Done in 7.17349 ms.
  Solver solve [21]  |residual| = 3.9291e-21
  PARDISO Factorization Phase... Done in 13.5284 ms.
  Solver setup [22] n = 11687  nnz = 1193549
     analyze?        0
     use learner?    1
     pattern locked? 1
     call learner?   0
     call reserve?   0
     timer assembly matrix:   0.641913 s
     timer analyze+factorize: 0.348478 s
  PARDISO Solve Phase... Done in 7.26385 ms.
  Solver solve [22]  |residual| = 4.91821e-21
  PARDISO Factorization Phase... Done in 14.4687 ms.
  Solver setup [23] n = 11687  nnz = 1193549
     analyze?        0
     use learner?    1
     pattern locked? 1
     call learner?   0
     call reserve?   0
     timer assembly matrix:   0.661235 s
     timer analyze+factorize: 0.362974 s
  PARDISO Solve Phase... Done in 7.32314 ms.
  Solver solve [23]  |residual| = 5.13178e-21
  PARDISO Factorization Phase... Done in 14.2407 ms.
  Solver setup [24] n = 11687  nnz = 1193549
     analyze?        0
     use learner?    1
     pattern locked? 1
     call learner?   0
     call reserve?   0
     timer assembly matrix:   0.680677 s
     timer analyze+factorize: 0.377241 s
  PARDISO Solve Phase... Done in 8.02219 ms.
  Solver solve [24]  |residual| = 7.21641e-17
  PARDISO Factorization Phase... Done in 13.729 ms.
  Solver setup [25] n = 11687  nnz = 1193549
     analyze?        0
     use learner?    1
     pattern locked? 1
     call learner?   0
     call reserve?   0
     timer assembly matrix:   0.699899 s
     timer analyze+factorize: 0.391001 s
  PARDISO Solve Phase... Done in 7.34323 ms.
  Solver solve [25]  |residual| = 3.58915e-21
  PARDISO Factorization Phase... Done in 14.3412 ms.
  Solver setup [26] n = 11687  nnz = 1193549
     analyze?        0
     use learner?    1
     pattern locked? 1
     call learner?   0
     call reserve?   0
     timer assembly matrix:   0.719336 s
     timer analyze+factorize: 0.405369 s
  PARDISO Solve Phase... Done in 7.23 ms.
  Solver solve [26]  |residual| = 3.94496e-21
  PARDISO Factorization Phase... Done in 13.5407 ms.
  Solver setup [27] n = 11687  nnz = 1193549
     analyze?        0
     use learner?    1
     pattern locked? 1
     call learner?   0
     call reserve?   0
     timer assembly matrix:   0.738789 s
     timer analyze+factorize: 0.418931 s
  PARDISO Solve Phase... Done in 7.37367 ms.
  Solver solve [27]  |residual| = 3.42412e-21
  PARDISO Factorization Phase... Done in 12.9978 ms.
  Solver setup [28] n = 11687  nnz = 1193549
     analyze?        0
     use learner?    1
     pattern locked? 1
     call learner?   0
     call reserve?   0
     timer assembly matrix:   0.758288 s
     timer analyze+factorize: 0.431954 s
  PARDISO Solve Phase... Done in 7.35345 ms.
  Solver solve [28]  |residual| = 6.67233e-17
  PARDISO Factorization Phase... Done in 13.6652 ms.
  Solver setup [29] n = 11687  nnz = 1193549
     analyze?        0
     use learner?    1
     pattern locked? 1
     call learner?   0
     call reserve?   0
     timer assembly matrix:   0.778164 s
     timer analyze+factorize: 0.445647 s
  PARDISO Solve Phase... Done in 7.4767 ms.
  Solver solve [29]  |residual| = 4.58237e-21
  PARDISO Factorization Phase... Done in 13.1901 ms.
  Solver setup [30] n = 11687  nnz = 1193549
     analyze?        0
     use learner?    1
     pattern locked? 1
     call learner?   0
     call reserve?   0
     timer assembly matrix:   0.798087 s
     timer analyze+factorize: 0.458868 s
  PARDISO Solve Phase... Done in 7.26933 ms.
  Solver solve [30]  |residual| = 5.55881e-21
  PARDISO Factorization Phase... Done in 13.4349 ms.
  Solver setup [31] n = 11687  nnz = 1193549
     analyze?        0
     use learner?    1
     pattern locked? 1
     call learner?   0
     call reserve?   0
     timer assembly matrix:   0.817537 s
     timer analyze+factorize: 0.47233 s
  PARDISO Solve Phase... Done in 7.16848 ms.
  Solver solve [31]  |residual| = 3.91496e-21
  PARDISO Factorization Phase... Done in 14.1309 ms.
  Solver setup [32] n = 11687  nnz = 1193549
     analyze?        0
     use learner?    1
     pattern locked? 1
     call learner?   0
     call reserve?   0
     timer assembly matrix:   0.837271 s
     timer analyze+factorize: 0.486487 s
  PARDISO Solve Phase... Done in 7.33072 ms.
  Solver solve [32]  |residual| = 5.89556e-17
  PARDISO Factorization Phase... Done in 14.379 ms.
  Solver setup [33] n = 11687  nnz = 1193549
     analyze?        0
     use learner?    1
     pattern locked? 1
     call learner?   0
     call reserve?   0
     timer assembly matrix:   0.856643 s
     timer analyze+factorize: 0.500905 s
  PARDISO Solve Phase... Done in 8.19073 ms.
  Solver solve [33]  |residual| = 4.18722e-21
  PARDISO Factorization Phase... Done in 13.7157 ms.
  Solver setup [34] n = 11687  nnz = 1193549
     analyze?        0
     use learner?    1
     pattern locked? 1
     call learner?   0
     call reserve?   0
     timer assembly matrix:   0.876116 s
     timer analyze+factorize: 0.514647 s
  PARDISO Solve Phase... Done in 7.28624 ms.
  Solver solve [34]  |residual| = 3.57582e-21
  PARDISO Factorization Phase... Done in 12.584 ms.
  Solver setup [35] n = 11687  nnz = 1193549
     analyze?        0
     use learner?    1
     pattern locked? 1
     call learner?   0
     call reserve?   0
     timer assembly matrix:   0.89568 s
     timer analyze+factorize: 0.527255 s
  PARDISO Solve Phase... Done in 7.23346 ms.
  Solver solve [35]  |residual| = 3.6395e-21
  PARDISO Factorization Phase... Done in 13.93 ms.
  Solver setup [36] n = 11687  nnz = 1193549
     analyze?        0
     use learner?    1
     pattern locked? 1
     call learner?   0
     call reserve?   0
     timer assembly matrix:   0.915151 s
     timer analyze+factorize: 0.541211 s
  PARDISO Solve Phase... Done in 7.26001 ms.
  Solver solve [36]  |residual| = 5.10299e-17
  PARDISO Factorization Phase... Done in 13.8639 ms.
  Solver setup [37] n = 11687  nnz = 1193549
     analyze?        0
     use learner?    1
     pattern locked? 1
     call learner?   0
     call reserve?   0
     timer assembly matrix:   0.934549 s
     timer analyze+factorize: 0.555101 s
  PARDISO Solve Phase... Done in 7.75631 ms.
  Solver solve [37]  |residual| = 3.27217e-21
  PARDISO Factorization Phase... Done in 14.6593 ms.
  Solver setup [38] n = 11687  nnz = 1193549
     analyze?        0
     use learner?    1
     pattern locked? 1
     call learner?   0
     call reserve?   0
     timer assembly matrix:   0.95419 s
     timer analyze+factorize: 0.56979 s
  PARDISO Solve Phase... Done in 7.34195 ms.
  Solver solve [38]  |residual| = 4.032e-21
  PARDISO Factorization Phase... Done in 13.3313 ms.
  Solver setup [39] n = 11687  nnz = 1193549
     analyze?        0
     use learner?    1
     pattern locked? 1
     call learner?   0
     call reserve?   0
     timer assembly matrix:   0.973655 s
     timer analyze+factorize: 0.583148 s
  PARDISO Solve Phase... Done in 7.2198 ms.
  Solver solve [39]  |residual| = 3.64165e-21
Wall time (loop)     : 3.342704 s
Simulation time      : 0.005000 s
RTF (wall/sim)       : 668.540758

Final avg tip pos    : (4.000000, 1.000000, -0.000045) m
peakRSS=1169832kB total=6.85s
