OpenMP enabled (max_threads=16)
Thread settings: nthreads=16 (chrono/collision/eigen)
  analyze_once : yes
ANCF 3443 cantilever shell demo
  integration  : PreInt
  solver       : CUSTOM
  res          : 0 (40x40 elements)
  elements     : 1600
  nodes        : 1681
  tip_nodes    : 41
  x_size,y_size: 4, 2 m
  dx, dy       : 0.1, 0.05 m
  thickness    : 0.1 m
  tip_force_z  : -500 N (total, distributed over 41 nodes)
  schedule     : Fz=const for steps 0..4, then Fz=0 for steps 5..9
  dt           : 0.0005 s
  steps        : 10 (t_end=0.005 s)

  CuDSS Analysis Phase... Done in 50.3415 ms.
  CuDSS Factorization Phase... Done in 32.4404 ms.
  Solver setup [0] n = 20377  nnz = 2109739
     analyze?        1
     use learner?    1
     pattern locked? 1
     call learner?   1
     call reserve?   0
     timer assembly matrix:   0.335959 s
     timer analyze+factorize: 0.0857604 s
  CuDSS Solve Phase... Done in 4.76419 ms.
  Solver solve [0]  |residual| = 1.53736e-16
  CuDSS Refactorization Phase... Done in 28.5754 ms.
  Solver setup [1] n = 20377  nnz = 2109739
     analyze?        0
     use learner?    1
     pattern locked? 1
     call learner?   0
     call reserve?   0
     timer assembly matrix:   0.390869 s
     timer analyze+factorize: 0.116257 s
  CuDSS Solve Phase... Done in 0.713664 ms.
  Solver solve [1]  |residual| = 2.86084e-20
  CuDSS Refactorization Phase... Done in 27.6401 ms.
  Solver setup [2] n = 20377  nnz = 2109739
     analyze?        0
     use learner?    1
     pattern locked? 1
     call learner?   0
     call reserve?   0
     timer assembly matrix:   0.445376 s
     timer analyze+factorize: 0.145805 s
  CuDSS Solve Phase... Done in 0.71056 ms.
  Solver solve [2]  |residual| = 2.12101e-20
  CuDSS Refactorization Phase... Done in 28.0855 ms.
  Solver setup [3] n = 20377  nnz = 2109739
     analyze?        0
     use learner?    1
     pattern locked? 1
     call learner?   0
     call reserve?   0
     timer assembly matrix:   0.500875 s
     timer analyze+factorize: 0.175827 s
  CuDSS Solve Phase... Done in 0.710144 ms.
  Solver solve [3]  |residual| = 2.31348e-20
  CuDSS Refactorization Phase... Done in 27.7327 ms.
  Solver setup [4] n = 20377  nnz = 2109739
     analyze?        0
     use learner?    1
     pattern locked? 1
     call learner?   0
     call reserve?   0
     timer assembly matrix:   0.555863 s
     timer analyze+factorize: 0.205559 s
  CuDSS Solve Phase... Done in 0.707488 ms.
  Solver solve [4]  |residual| = 2.17133e-16
  CuDSS Refactorization Phase... Done in 27.8027 ms.
  Solver setup [5] n = 20377  nnz = 2109739
     analyze?        0
     use learner?    1
     pattern locked? 1
     call learner?   0
     call reserve?   0
     timer assembly matrix:   0.611156 s
     timer analyze+factorize: 0.235321 s
  CuDSS Solve Phase... Done in 0.707456 ms.
  Solver solve [5]  |residual| = 2.29844e-20
  CuDSS Refactorization Phase... Done in 27.6258 ms.
  Solver setup [6] n = 20377  nnz = 2109739
     analyze?        0
     use learner?    1
     pattern locked? 1
     call learner?   0
     call reserve?   0
     timer assembly matrix:   0.66624 s
     timer analyze+factorize: 0.264919 s
  CuDSS Solve Phase... Done in 0.712288 ms.
  Solver solve [6]  |residual| = 2.4303e-20
  CuDSS Refactorization Phase... Done in 27.1383 ms.
  Solver setup [7] n = 20377  nnz = 2109739
     analyze?        0
     use learner?    1
     pattern locked? 1
     call learner?   0
     call reserve?   0
     timer assembly matrix:   0.721388 s
     timer analyze+factorize: 0.293986 s
  CuDSS Solve Phase... Done in 0.706976 ms.
  Solver solve [7]  |residual| = 2.32151e-20
  CuDSS Refactorization Phase... Done in 27.6459 ms.
  Solver setup [8] n = 20377  nnz = 2109739
     analyze?        0
     use learner?    1
     pattern locked? 1
     call learner?   0
     call reserve?   0
     timer assembly matrix:   0.776272 s
     timer analyze+factorize: 0.323592 s
  CuDSS Solve Phase... Done in 0.707264 ms.
  Solver solve [8]  |residual| = 1.96124e-16
  CuDSS Refactorization Phase... Done in 27.937 ms.
  Solver setup [9] n = 20377  nnz = 2109739
     analyze?        0
     use learner?    1
     pattern locked? 1
     call learner?   0
     call reserve?   0
     timer assembly matrix:   0.830851 s
     timer analyze+factorize: 0.353448 s
  CuDSS Solve Phase... Done in 0.706848 ms.
  Solver solve [9]  |residual| = 2.73666e-20
  CuDSS Refactorization Phase... Done in 29.4756 ms.
  Solver setup [10] n = 20377  nnz = 2109739
     analyze?        0
     use learner?    1
     pattern locked? 1
     call learner?   0
     call reserve?   0
     timer assembly matrix:   0.885931 s
     timer analyze+factorize: 0.384882 s
  CuDSS Solve Phase... Done in 0.711744 ms.
  Solver solve [10]  |residual| = 2.03035e-20
  CuDSS Refactorization Phase... Done in 28.9612 ms.
  Solver setup [11] n = 20377  nnz = 2109739
     analyze?        0
     use learner?    1
     pattern locked? 1
     call learner?   0
     call reserve?   0
     timer assembly matrix:   0.94102 s
     timer analyze+factorize: 0.415758 s
  CuDSS Solve Phase... Done in 0.706432 ms.
  Solver solve [11]  |residual| = 3.25876e-20
  CuDSS Refactorization Phase... Done in 27.9499 ms.
  Solver setup [12] n = 20377  nnz = 2109739
     analyze?        0
     use learner?    1
     pattern locked? 1
     call learner?   0
     call reserve?   0
     timer assembly matrix:   0.996285 s
     timer analyze+factorize: 0.445686 s
  CuDSS Solve Phase... Done in 0.711488 ms.
  Solver solve [12]  |residual| = 1.98223e-16
  CuDSS Refactorization Phase... Done in 28.5488 ms.
  Solver setup [13] n = 20377  nnz = 2109739
     analyze?        0
     use learner?    1
     pattern locked? 1
     call learner?   0
     call reserve?   0
     timer assembly matrix:   1.05091 s
     timer analyze+factorize: 0.476227 s
  CuDSS Solve Phase... Done in 0.705152 ms.
  Solver solve [13]  |residual| = 2.50678e-20
  CuDSS Refactorization Phase... Done in 27.6631 ms.
  Solver setup [14] n = 20377  nnz = 2109739
     analyze?        0
     use learner?    1
     pattern locked? 1
     call learner?   0
     call reserve?   0
     timer assembly matrix:   1.10568 s
     timer analyze+factorize: 0.505834 s
  CuDSS Solve Phase... Done in 0.709216 ms.
  Solver solve [14]  |residual| = 2.04499e-20
  CuDSS Refactorization Phase... Done in 27.8929 ms.
  Solver setup [15] n = 20377  nnz = 2109739
     analyze?        0
     use learner?    1
     pattern locked? 1
     call learner?   0
     call reserve?   0
     timer assembly matrix:   1.16017 s
     timer analyze+factorize: 0.535641 s
  CuDSS Solve Phase... Done in 0.706368 ms.
  Solver solve [15]  |residual| = 2.28151e-20
  CuDSS Refactorization Phase... Done in 28.4916 ms.
  Solver setup [16] n = 20377  nnz = 2109739
     analyze?        0
     use learner?    1
     pattern locked? 1
     call learner?   0
     call reserve?   0
     timer assembly matrix:   1.21504 s
     timer analyze+factorize: 0.566087 s
  CuDSS Solve Phase... Done in 0.709504 ms.
  Solver solve [16]  |residual| = 1.84174e-16
  CuDSS Refactorization Phase... Done in 27.9841 ms.
  Solver setup [17] n = 20377  nnz = 2109739
     analyze?        0
     use learner?    1
     pattern locked? 1
     call learner?   0
     call reserve?   0
     timer assembly matrix:   1.26985 s
     timer analyze+factorize: 0.596032 s
  CuDSS Solve Phase... Done in 0.709728 ms.
  Solver solve [17]  |residual| = 2.41081e-20
  CuDSS Refactorization Phase... Done in 28.3233 ms.
  Solver setup [18] n = 20377  nnz = 2109739
     analyze?        0
     use learner?    1
     pattern locked? 1
     call learner?   0
     call reserve?   0
     timer assembly matrix:   1.32432 s
     timer analyze+factorize: 0.626301 s
  CuDSS Solve Phase... Done in 0.707712 ms.
  Solver solve [18]  |residual| = 2.13943e-20
  CuDSS Refactorization Phase... Done in 28.8043 ms.
  Solver setup [19] n = 20377  nnz = 2109739
     analyze?        0
     use learner?    1
     pattern locked? 1
     call learner?   0
     call reserve?   0
     timer assembly matrix:   1.37888 s
     timer analyze+factorize: 0.65703 s
  CuDSS Solve Phase... Done in 0.714624 ms.
  Solver solve [19]  |residual| = 2.42293e-20
  CuDSS Refactorization Phase... Done in 27.6014 ms.
  Solver setup [20] n = 20377  nnz = 2109739
     analyze?        0
     use learner?    1
     pattern locked? 1
     call learner?   0
     call reserve?   0
     timer assembly matrix:   1.43377 s
     timer analyze+factorize: 0.686558 s
  CuDSS Solve Phase... Done in 0.710272 ms.
  Solver solve [20]  |residual| = 1.55353e-16
  CuDSS Refactorization Phase... Done in 28.1101 ms.
  Solver setup [21] n = 20377  nnz = 2109739
     analyze?        0
     use learner?    1
     pattern locked? 1
     call learner?   0
     call reserve?   0
     timer assembly matrix:   1.4882 s
     timer analyze+factorize: 0.716571 s
  CuDSS Solve Phase... Done in 0.710048 ms.
  Solver solve [21]  |residual| = 2.29957e-20
  CuDSS Refactorization Phase... Done in 28.0757 ms.
  Solver setup [22] n = 20377  nnz = 2109739
     analyze?        0
     use learner?    1
     pattern locked? 1
     call learner?   0
     call reserve?   0
     timer assembly matrix:   1.54292 s
     timer analyze+factorize: 0.746595 s
  CuDSS Solve Phase... Done in 0.708928 ms.
  Solver solve [22]  |residual| = 2.42869e-20
  CuDSS Refactorization Phase... Done in 29.1502 ms.
  Solver setup [23] n = 20377  nnz = 2109739
     analyze?        0
     use learner?    1
     pattern locked? 1
     call learner?   0
     call reserve?   0
     timer assembly matrix:   1.59733 s
     timer analyze+factorize: 0.777677 s
  CuDSS Solve Phase... Done in 0.707392 ms.
  Solver solve [23]  |residual| = 2.22779e-20
  CuDSS Refactorization Phase... Done in 28.0529 ms.
  Solver setup [24] n = 20377  nnz = 2109739
     analyze?        0
     use learner?    1
     pattern locked? 1
     call learner?   0
     call reserve?   0
     timer assembly matrix:   1.65237 s
     timer analyze+factorize: 0.807642 s
  CuDSS Solve Phase... Done in 0.706752 ms.
  Solver solve [24]  |residual| = 1.63232e-16
  CuDSS Refactorization Phase... Done in 28.3973 ms.
  Solver setup [25] n = 20377  nnz = 2109739
     analyze?        0
     use learner?    1
     pattern locked? 1
     call learner?   0
     call reserve?   0
     timer assembly matrix:   1.70759 s
     timer analyze+factorize: 0.83796 s
  CuDSS Solve Phase... Done in 0.707456 ms.
  Solver solve [25]  |residual| = 3.41895e-20
  CuDSS Refactorization Phase... Done in 27.8195 ms.
  Solver setup [26] n = 20377  nnz = 2109739
     analyze?        0
     use learner?    1
     pattern locked? 1
     call learner?   0
     call reserve?   0
     timer assembly matrix:   1.7627 s
     timer analyze+factorize: 0.867712 s
  CuDSS Solve Phase... Done in 0.710848 ms.
  Solver solve [26]  |residual| = 2.35044e-20
  CuDSS Refactorization Phase... Done in 27.8152 ms.
  Solver setup [27] n = 20377  nnz = 2109739
     analyze?        0
     use learner?    1
     pattern locked? 1
     call learner?   0
     call reserve?   0
     timer assembly matrix:   1.81811 s
     timer analyze+factorize: 0.897487 s
  CuDSS Solve Phase... Done in 0.702688 ms.
  Solver solve [27]  |residual| = 2.2924e-20
  CuDSS Refactorization Phase... Done in 27.7836 ms.
  Solver setup [28] n = 20377  nnz = 2109739
     analyze?        0
     use learner?    1
     pattern locked? 1
     call learner?   0
     call reserve?   0
     timer assembly matrix:   1.87286 s
     timer analyze+factorize: 0.927288 s
  CuDSS Solve Phase... Done in 0.713248 ms.
  Solver solve [28]  |residual| = 1.53993e-16
  CuDSS Refactorization Phase... Done in 28.6403 ms.
  Solver setup [29] n = 20377  nnz = 2109739
     analyze?        0
     use learner?    1
     pattern locked? 1
     call learner?   0
     call reserve?   0
     timer assembly matrix:   1.92754 s
     timer analyze+factorize: 0.957864 s
  CuDSS Solve Phase... Done in 0.767616 ms.
  Solver solve [29]  |residual| = 2.5107e-20
  CuDSS Refactorization Phase... Done in 29.8283 ms.
  Solver setup [30] n = 20377  nnz = 2109739
     analyze?        0
     use learner?    1
     pattern locked? 1
     call learner?   0
     call reserve?   0
     timer assembly matrix:   1.98242 s
     timer analyze+factorize: 0.989927 s
  CuDSS Solve Phase... Done in 0.713216 ms.
  Solver solve [30]  |residual| = 1.99515e-20
  CuDSS Refactorization Phase... Done in 28.1356 ms.
  Solver setup [31] n = 20377  nnz = 2109739
     analyze?        0
     use learner?    1
     pattern locked? 1
     call learner?   0
     call reserve?   0
     timer assembly matrix:   2.03761 s
     timer analyze+factorize: 1.02032 s
  CuDSS Solve Phase... Done in 0.711552 ms.
  Solver solve [31]  |residual| = 2.30178e-20
  CuDSS Refactorization Phase... Done in 27.9483 ms.
  Solver setup [32] n = 20377  nnz = 2109739
     analyze?        0
     use learner?    1
     pattern locked? 1
     call learner?   0
     call reserve?   0
     timer assembly matrix:   2.09238 s
     timer analyze+factorize: 1.05023 s
  CuDSS Solve Phase... Done in 0.709856 ms.
  Solver solve [32]  |residual| = 1.30095e-16
  CuDSS Refactorization Phase... Done in 28.4931 ms.
  Solver setup [33] n = 20377  nnz = 2109739
     analyze?        0
     use learner?    1
     pattern locked? 1
     call learner?   0
     call reserve?   0
     timer assembly matrix:   2.14709 s
     timer analyze+factorize: 1.08067 s
  CuDSS Solve Phase... Done in 0.707616 ms.
  Solver solve [33]  |residual| = 2.778e-20
  CuDSS Refactorization Phase... Done in 28.0545 ms.
  Solver setup [34] n = 20377  nnz = 2109739
     analyze?        0
     use learner?    1
     pattern locked? 1
     call learner?   0
     call reserve?   0
     timer assembly matrix:   2.20185 s
     timer analyze+factorize: 1.11068 s
  CuDSS Solve Phase... Done in 0.709184 ms.
  Solver solve [34]  |residual| = 2.22908e-20
  CuDSS Refactorization Phase... Done in 29.5014 ms.
  Solver setup [35] n = 20377  nnz = 2109739
     analyze?        0
     use learner?    1
     pattern locked? 1
     call learner?   0
     call reserve?   0
     timer assembly matrix:   2.25659 s
     timer analyze+factorize: 1.14256 s
  CuDSS Solve Phase... Done in 0.706944 ms.
  Solver solve [35]  |residual| = 2.28464e-20
  CuDSS Refactorization Phase... Done in 28.3325 ms.
  Solver setup [36] n = 20377  nnz = 2109739
     analyze?        0
     use learner?    1
     pattern locked? 1
     call learner?   0
     call reserve?   0
     timer assembly matrix:   2.31165 s
     timer analyze+factorize: 1.17282 s
  CuDSS Solve Phase... Done in 0.707904 ms.
  Solver solve [36]  |residual| = 1.13487e-16
  CuDSS Refactorization Phase... Done in 28.8893 ms.
  Solver setup [37] n = 20377  nnz = 2109739
     analyze?        0
     use learner?    1
     pattern locked? 1
     call learner?   0
     call reserve?   0
     timer assembly matrix:   2.36613 s
     timer analyze+factorize: 1.20364 s
  CuDSS Solve Phase... Done in 0.704096 ms.
  Solver solve [37]  |residual| = 3.22458e-20
  CuDSS Refactorization Phase... Done in 28.3101 ms.
  Solver setup [38] n = 20377  nnz = 2109739
     analyze?        0
     use learner?    1
     pattern locked? 1
     call learner?   0
     call reserve?   0
     timer assembly matrix:   2.42052 s
     timer analyze+factorize: 1.23389 s
  CuDSS Solve Phase... Done in 0.707552 ms.
  Solver solve [38]  |residual| = 2.15849e-20
  CuDSS Refactorization Phase... Done in 28.1663 ms.
  Solver setup [39] n = 20377  nnz = 2109739
     analyze?        0
     use learner?    1
     pattern locked? 1
     call learner?   0
     call reserve?   0
     timer assembly matrix:   2.47528 s
     timer analyze+factorize: 1.264 s
  CuDSS Solve Phase... Done in 0.770592 ms.
  Solver solve [39]  |residual| = 2.38935e-20
Wall time (loop)     : 6.449053 s
Simulation time      : 0.005000 s
RTF (wall/sim)       : 1289.810687

Final avg tip pos    : (4.000000, 1.000000, -0.000046) m
peakRSS=2121768kB total=12.90s
