OpenMP enabled (max_threads=16)
Thread settings: nthreads=16 (chrono/collision/eigen)
  analyze_once : yes
ANCF 3443 cantilever shell demo
  integration  : PreInt
  solver       : PARDISO_MKL
  res          : 0 (50x50 elements)
  elements     : 2500
  nodes        : 2601
  tip_nodes    : 51
  x_size,y_size: 4, 2 m
  dx, dy       : 0.08, 0.04 m
  thickness    : 0.1 m
  tip_force_z  : -500 N (total, distributed over 51 nodes)
  schedule     : Fz=const for steps 0..4, then Fz=0 for steps 5..9
  dt           : 0.0005 s
  steps        : 10 (t_end=0.005 s)

  PARDISO Analysis Phase... Done in 113.356 ms.
  PARDISO Factorization Phase... Done in 55.4711 ms.
  Solver setup [0] n = 31467  nnz = 3285129
     analyze?        1
     use learner?    1
     pattern locked? 1
     call learner?   1
     call reserve?   0
     timer assembly matrix:   0.513736 s
     timer analyze+factorize: 0.168927 s
  PARDISO Solve Phase... Done in 32.1839 ms.
  Solver solve [0]  |residual| = 1.2339e-16
  PARDISO Factorization Phase... Done in 55.8775 ms.
  Solver setup [1] n = 31467  nnz = 3285129
     analyze?        0
     use learner?    1
     pattern locked? 1
     call learner?   0
     call reserve?   0
     timer assembly matrix:   0.568305 s
     timer analyze+factorize: 0.224844 s
  PARDISO Solve Phase... Done in 22.9992 ms.
  Solver solve [1]  |residual| = 3.86067e-20
  PARDISO Factorization Phase... Done in 52.2231 ms.
  Solver setup [2] n = 31467  nnz = 3285129
     analyze?        0
     use learner?    1
     pattern locked? 1
     call learner?   0
     call reserve?   0
     timer assembly matrix:   0.622741 s
     timer analyze+factorize: 0.277102 s
  PARDISO Solve Phase... Done in 23.9865 ms.
  Solver solve [2]  |residual| = 2.67354e-20
  PARDISO Factorization Phase... Done in 52.1186 ms.
  Solver setup [3] n = 31467  nnz = 3285129
     analyze?        0
     use learner?    1
     pattern locked? 1
     call learner?   0
     call reserve?   0
     timer assembly matrix:   0.677259 s
     timer analyze+factorize: 0.329257 s
  PARDISO Solve Phase... Done in 23.0108 ms.
  Solver solve [3]  |residual| = 2.93738e-20
  PARDISO Factorization Phase... Done in 51.6992 ms.
  Solver setup [4] n = 31467  nnz = 3285129
     analyze?        0
     use learner?    1
     pattern locked? 1
     call learner?   0
     call reserve?   0
     timer assembly matrix:   0.731194 s
     timer analyze+factorize: 0.380991 s
  PARDISO Solve Phase... Done in 23.3936 ms.
  Solver solve [4]  |residual| = 1.38882e-16
  PARDISO Factorization Phase... Done in 50.738 ms.
  Solver setup [5] n = 31467  nnz = 3285129
     analyze?        0
     use learner?    1
     pattern locked? 1
     call learner?   0
     call reserve?   0
     timer assembly matrix:   0.785009 s
     timer analyze+factorize: 0.431767 s
  PARDISO Solve Phase... Done in 23.1642 ms.
  Solver solve [5]  |residual| = 2.93464e-20
  PARDISO Factorization Phase... Done in 50.7419 ms.
  Solver setup [6] n = 31467  nnz = 3285129
     analyze?        0
     use learner?    1
     pattern locked? 1
     call learner?   0
     call reserve?   0
     timer assembly matrix:   0.839086 s
     timer analyze+factorize: 0.482544 s
  PARDISO Solve Phase... Done in 22.9391 ms.
  Solver solve [6]  |residual| = 3.083e-20
  PARDISO Factorization Phase... Done in 53.6132 ms.
  Solver setup [7] n = 31467  nnz = 3285129
     analyze?        0
     use learner?    1
     pattern locked? 1
     call learner?   0
     call reserve?   0
     timer assembly matrix:   0.89351 s
     timer analyze+factorize: 0.536193 s
  PARDISO Solve Phase... Done in 23.9169 ms.
  Solver solve [7]  |residual| = 3.25751e-20
  PARDISO Factorization Phase... Done in 50.1867 ms.
  Solver setup [8] n = 31467  nnz = 3285129
     analyze?        0
     use learner?    1
     pattern locked? 1
     call learner?   0
     call reserve?   0
     timer assembly matrix:   0.947724 s
     timer analyze+factorize: 0.586417 s
  PARDISO Solve Phase... Done in 22.9651 ms.
  Solver solve [8]  |residual| = 1.75601e-16
  PARDISO Factorization Phase... Done in 50.3461 ms.
  Solver setup [9] n = 31467  nnz = 3285129
     analyze?        0
     use learner?    1
     pattern locked? 1
     call learner?   0
     call reserve?   0
     timer assembly matrix:   1.00185 s
     timer analyze+factorize: 0.63681 s
  PARDISO Solve Phase... Done in 22.9462 ms.
  Solver solve [9]  |residual| = 3.07837e-20
  PARDISO Factorization Phase... Done in 51.555 ms.
  Solver setup [10] n = 31467  nnz = 3285129
     analyze?        0
     use learner?    1
     pattern locked? 1
     call learner?   0
     call reserve?   0
     timer assembly matrix:   1.05657 s
     timer analyze+factorize: 0.688401 s
  PARDISO Solve Phase... Done in 23.4564 ms.
  Solver solve [10]  |residual| = 3.0856e-20
  PARDISO Factorization Phase... Done in 48.7955 ms.
  Solver setup [11] n = 31467  nnz = 3285129
     analyze?        0
     use learner?    1
     pattern locked? 1
     call learner?   0
     call reserve?   0
     timer assembly matrix:   1.11112 s
     timer analyze+factorize: 0.737231 s
  PARDISO Solve Phase... Done in 23.1917 ms.
  Solver solve [11]  |residual| = 3.30517e-20
  PARDISO Factorization Phase... Done in 51.4042 ms.
  Solver setup [12] n = 31467  nnz = 3285129
     analyze?        0
     use learner?    1
     pattern locked? 1
     call learner?   0
     call reserve?   0
     timer assembly matrix:   1.16548 s
     timer analyze+factorize: 0.788674 s
  PARDISO Solve Phase... Done in 23.1244 ms.
  Solver solve [12]  |residual| = 1.95323e-16
  PARDISO Factorization Phase... Done in 50.4381 ms.
  Solver setup [13] n = 31467  nnz = 3285129
     analyze?        0
     use learner?    1
     pattern locked? 1
     call learner?   0
     call reserve?   0
     timer assembly matrix:   1.22001 s
     timer analyze+factorize: 0.839146 s
  PARDISO Solve Phase... Done in 22.8961 ms.
  Solver solve [13]  |residual| = 2.63042e-20
  PARDISO Factorization Phase... Done in 52.0821 ms.
  Solver setup [14] n = 31467  nnz = 3285129
     analyze?        0
     use learner?    1
     pattern locked? 1
     call learner?   0
     call reserve?   0
     timer assembly matrix:   1.2744 s
     timer analyze+factorize: 0.891262 s
  PARDISO Solve Phase... Done in 22.9202 ms.
  Solver solve [14]  |residual| = 3.1597e-20
  PARDISO Factorization Phase... Done in 51.3117 ms.
  Solver setup [15] n = 31467  nnz = 3285129
     analyze?        0
     use learner?    1
     pattern locked? 1
     call learner?   0
     call reserve?   0
     timer assembly matrix:   1.32851 s
     timer analyze+factorize: 0.942605 s
  PARDISO Solve Phase... Done in 23.3474 ms.
  Solver solve [15]  |residual| = 2.65536e-20
  PARDISO Factorization Phase... Done in 52.5714 ms.
  Solver setup [16] n = 31467  nnz = 3285129
     analyze?        0
     use learner?    1
     pattern locked? 1
     call learner?   0
     call reserve?   0
     timer assembly matrix:   1.3826 s
     timer analyze+factorize: 0.995213 s
  PARDISO Solve Phase... Done in 23.0894 ms.
  Solver solve [16]  |residual| = 1.66503e-16
  PARDISO Factorization Phase... Done in 50.969 ms.
  Solver setup [17] n = 31467  nnz = 3285129
     analyze?        0
     use learner?    1
     pattern locked? 1
     call learner?   0
     call reserve?   0
     timer assembly matrix:   1.43714 s
     timer analyze+factorize: 1.04622 s
  PARDISO Solve Phase... Done in 23.0829 ms.
  Solver solve [17]  |residual| = 3.0438e-20
  PARDISO Factorization Phase... Done in 51.8987 ms.
  Solver setup [18] n = 31467  nnz = 3285129
     analyze?        0
     use learner?    1
     pattern locked? 1
     call learner?   0
     call reserve?   0
     timer assembly matrix:   1.49151 s
     timer analyze+factorize: 1.09815 s
  PARDISO Solve Phase... Done in 23.1165 ms.
  Solver solve [18]  |residual| = 2.73319e-20
  PARDISO Factorization Phase... Done in 50.6513 ms.
  Solver setup [19] n = 31467  nnz = 3285129
     analyze?        0
     use learner?    1
     pattern locked? 1
     call learner?   0
     call reserve?   0
     timer assembly matrix:   1.54584 s
     timer analyze+factorize: 1.14883 s
  PARDISO Solve Phase... Done in 22.8888 ms.
  Solver solve [19]  |residual| = 2.83024e-20
  PARDISO Factorization Phase... Done in 50.1247 ms.
  Solver setup [20] n = 31467  nnz = 3285129
     analyze?        0
     use learner?    1
     pattern locked? 1
     call learner?   0
     call reserve?   0
     timer assembly matrix:   1.60039 s
     timer analyze+factorize: 1.19899 s
  PARDISO Solve Phase... Done in 23.0621 ms.
  Solver solve [20]  |residual| = 1.30871e-16
  PARDISO Factorization Phase... Done in 52.1963 ms.
  Solver setup [21] n = 31467  nnz = 3285129
     analyze?        0
     use learner?    1
     pattern locked? 1
     call learner?   0
     call reserve?   0
     timer assembly matrix:   1.65473 s
     timer analyze+factorize: 1.25123 s
  PARDISO Solve Phase... Done in 23.0446 ms.
  Solver solve [21]  |residual| = 3.23194e-20
  PARDISO Factorization Phase... Done in 51.4195 ms.
  Solver setup [22] n = 31467  nnz = 3285129
     analyze?        0
     use learner?    1
     pattern locked? 1
     call learner?   0
     call reserve?   0
     timer assembly matrix:   1.7086 s
     timer analyze+factorize: 1.30268 s
  PARDISO Solve Phase... Done in 23.0926 ms.
  Solver solve [22]  |residual| = 2.92581e-20
  PARDISO Factorization Phase... Done in 52.9561 ms.
  Solver setup [23] n = 31467  nnz = 3285129
     analyze?        0
     use learner?    1
     pattern locked? 1
     call learner?   0
     call reserve?   0
     timer assembly matrix:   1.76268 s
     timer analyze+factorize: 1.35568 s
  PARDISO Solve Phase... Done in 25.8345 ms.
  Solver solve [23]  |residual| = 3.45094e-20
  PARDISO Factorization Phase... Done in 51.7676 ms.
  Solver setup [24] n = 31467  nnz = 3285129
     analyze?        0
     use learner?    1
     pattern locked? 1
     call learner?   0
     call reserve?   0
     timer assembly matrix:   1.81731 s
     timer analyze+factorize: 1.40748 s
  PARDISO Solve Phase... Done in 23.0273 ms.
  Solver solve [24]  |residual| = 1.32243e-16
  PARDISO Factorization Phase... Done in 53.2274 ms.
  Solver setup [25] n = 31467  nnz = 3285129
     analyze?        0
     use learner?    1
     pattern locked? 1
     call learner?   0
     call reserve?   0
     timer assembly matrix:   1.87157 s
     timer analyze+factorize: 1.46075 s
  PARDISO Solve Phase... Done in 23.8953 ms.
  Solver solve [25]  |residual| = 2.84375e-20
  PARDISO Factorization Phase... Done in 47.6849 ms.
  Solver setup [26] n = 31467  nnz = 3285129
     analyze?        0
     use learner?    1
     pattern locked? 1
     call learner?   0
     call reserve?   0
     timer assembly matrix:   1.92551 s
     timer analyze+factorize: 1.50847 s
  PARDISO Solve Phase... Done in 22.957 ms.
  Solver solve [26]  |residual| = 2.94575e-20
  PARDISO Factorization Phase... Done in 50.7624 ms.
  Solver setup [27] n = 31467  nnz = 3285129
     analyze?        0
     use learner?    1
     pattern locked? 1
     call learner?   0
     call reserve?   0
     timer assembly matrix:   1.98042 s
     timer analyze+factorize: 1.55927 s
  PARDISO Solve Phase... Done in 24.2093 ms.
  Solver solve [27]  |residual| = 3.20873e-20
  PARDISO Factorization Phase... Done in 51.1385 ms.
  Solver setup [28] n = 31467  nnz = 3285129
     analyze?        0
     use learner?    1
     pattern locked? 1
     call learner?   0
     call reserve?   0
     timer assembly matrix:   2.03444 s
     timer analyze+factorize: 1.61044 s
  PARDISO Solve Phase... Done in 23.1774 ms.
  Solver solve [28]  |residual| = 1.05792e-16
  PARDISO Factorization Phase... Done in 47.4527 ms.
  Solver setup [29] n = 31467  nnz = 3285129
     analyze?        0
     use learner?    1
     pattern locked? 1
     call learner?   0
     call reserve?   0
     timer assembly matrix:   2.08986 s
     timer analyze+factorize: 1.65794 s
  PARDISO Solve Phase... Done in 23.3921 ms.
  Solver solve [29]  |residual| = 2.72662e-20
  PARDISO Factorization Phase... Done in 51.7009 ms.
  Solver setup [30] n = 31467  nnz = 3285129
     analyze?        0
     use learner?    1
     pattern locked? 1
     call learner?   0
     call reserve?   0
     timer assembly matrix:   2.14408 s
     timer analyze+factorize: 1.70967 s
  PARDISO Solve Phase... Done in 23.117 ms.
  Solver solve [30]  |residual| = 2.71551e-20
  PARDISO Factorization Phase... Done in 51.3926 ms.
  Solver setup [31] n = 31467  nnz = 3285129
     analyze?        0
     use learner?    1
     pattern locked? 1
     call learner?   0
     call reserve?   0
     timer assembly matrix:   2.19827 s
     timer analyze+factorize: 1.7611 s
  PARDISO Solve Phase... Done in 23.344 ms.
  Solver solve [31]  |residual| = 3.48436e-20
  PARDISO Factorization Phase... Done in 53.0238 ms.
  Solver setup [32] n = 31467  nnz = 3285129
     analyze?        0
     use learner?    1
     pattern locked? 1
     call learner?   0
     call reserve?   0
     timer assembly matrix:   2.25259 s
     timer analyze+factorize: 1.81416 s
  PARDISO Solve Phase... Done in 23.109 ms.
  Solver solve [32]  |residual| = 1.07302e-16
  PARDISO Factorization Phase... Done in 51.4906 ms.
  Solver setup [33] n = 31467  nnz = 3285129
     analyze?        0
     use learner?    1
     pattern locked? 1
     call learner?   0
     call reserve?   0
     timer assembly matrix:   2.30705 s
     timer analyze+factorize: 1.86569 s
  PARDISO Solve Phase... Done in 23.3111 ms.
  Solver solve [33]  |residual| = 3.07574e-20
  PARDISO Factorization Phase... Done in 51.8106 ms.
  Solver setup [34] n = 31467  nnz = 3285129
     analyze?        0
     use learner?    1
     pattern locked? 1
     call learner?   0
     call reserve?   0
     timer assembly matrix:   2.36156 s
     timer analyze+factorize: 1.91754 s
  PARDISO Solve Phase... Done in 23.0815 ms.
  Solver solve [34]  |residual| = 2.91996e-20
  PARDISO Factorization Phase... Done in 51.6047 ms.
  Solver setup [35] n = 31467  nnz = 3285129
     analyze?        0
     use learner?    1
     pattern locked? 1
     call learner?   0
     call reserve?   0
     timer assembly matrix:   2.41646 s
     timer analyze+factorize: 1.96918 s
  PARDISO Solve Phase... Done in 23.071 ms.
  Solver solve [35]  |residual| = 2.88755e-20
  PARDISO Factorization Phase... Done in 50.3633 ms.
  Solver setup [36] n = 31467  nnz = 3285129
     analyze?        0
     use learner?    1
     pattern locked? 1
     call learner?   0
     call reserve?   0
     timer assembly matrix:   2.47096 s
     timer analyze+factorize: 2.01958 s
  PARDISO Solve Phase... Done in 23.4315 ms.
  Solver solve [36]  |residual| = 8.85128e-17
  PARDISO Factorization Phase... Done in 50.272 ms.
  Solver setup [37] n = 31467  nnz = 3285129
     analyze?        0
     use learner?    1
     pattern locked? 1
     call learner?   0
     call reserve?   0
     timer assembly matrix:   2.5255 s
     timer analyze+factorize: 2.06989 s
  PARDISO Solve Phase... Done in 23.2123 ms.
  Solver solve [37]  |residual| = 2.88003e-20
  PARDISO Factorization Phase... Done in 51.7832 ms.
  Solver setup [38] n = 31467  nnz = 3285129
     analyze?        0
     use learner?    1
     pattern locked? 1
     call learner?   0
     call reserve?   0
     timer assembly matrix:   2.5794 s
     timer analyze+factorize: 2.12171 s
  PARDISO Solve Phase... Done in 23.3898 ms.
  Solver solve [38]  |residual| = 2.62237e-20
  PARDISO Factorization Phase... Done in 48.6917 ms.
  Solver setup [39] n = 31467  nnz = 3285129
     analyze?        0
     use learner?    1
     pattern locked? 1
     call learner?   0
     call reserve?   0
     timer assembly matrix:   2.63405 s
     timer analyze+factorize: 2.17044 s
  PARDISO Solve Phase... Done in 23.164 ms.
  Solver solve [39]  |residual| = 3.15307e-20
Wall time (loop)     : 9.879094 s
Simulation time      : 0.005000 s
RTF (wall/sim)       : 1975.818882

Final avg tip pos    : (4.000000, 1.000000, -0.000046) m
peakRSS=3145616kB total=19.65s
