OpenMP enabled (max_threads=16)
Thread settings: nthreads=16 (chrono/collision/eigen)
  analyze_once : yes
ANCF 3443 cantilever shell demo
  integration  : PreInt
  solver       : PARDISO_MKL
  res          : 0 (50x50 elements)
  elements     : 2500
  nodes        : 2601
  tip_nodes    : 51
  x_size,y_size: 4, 2 m
  dx, dy       : 0.08, 0.04 m
  thickness    : 0.1 m
  tip_force_z  : -500 N (total, distributed over 51 nodes)
  schedule     : Fz=const for steps 0..4, then Fz=0 for steps 5..9
  dt           : 0.0005 s
  steps        : 10 (t_end=0.005 s)

  PARDISO Analysis Phase... Done in 104.547 ms.
  PARDISO Factorization Phase... Done in 54.8512 ms.
  Solver setup [0] n = 31467  nnz = 3285129
     analyze?        1
     use learner?    1
     pattern locked? 1
     call learner?   1
     call reserve?   0
     timer assembly matrix:   0.510051 s
     timer analyze+factorize: 0.159493 s
  PARDISO Solve Phase... Done in 39.6747 ms.
  Solver solve [0]  |residual| = 1.11017e-16
  PARDISO Factorization Phase... Done in 50.8757 ms.
  Solver setup [1] n = 31467  nnz = 3285129
     analyze?        0
     use learner?    1
     pattern locked? 1
     call learner?   0
     call reserve?   0
     timer assembly matrix:   0.596613 s
     timer analyze+factorize: 0.210412 s
  PARDISO Solve Phase... Done in 31.6077 ms.
  Solver solve [1]  |residual| = 4.33486e-20
  PARDISO Factorization Phase... Done in 53.7547 ms.
  Solver setup [2] n = 31467  nnz = 3285129
     analyze?        0
     use learner?    1
     pattern locked? 1
     call learner?   0
     call reserve?   0
     timer assembly matrix:   0.683679 s
     timer analyze+factorize: 0.26421 s
  PARDISO Solve Phase... Done in 28.782 ms.
  Solver solve [2]  |residual| = 2.54956e-20
  PARDISO Factorization Phase... Done in 51.9285 ms.
  Solver setup [3] n = 31467  nnz = 3285129
     analyze?        0
     use learner?    1
     pattern locked? 1
     call learner?   0
     call reserve?   0
     timer assembly matrix:   0.770492 s
     timer analyze+factorize: 0.316182 s
  PARDISO Solve Phase... Done in 29.2552 ms.
  Solver solve [3]  |residual| = 2.98269e-20
  PARDISO Factorization Phase... Done in 51.7092 ms.
  Solver setup [4] n = 31467  nnz = 3285129
     analyze?        0
     use learner?    1
     pattern locked? 1
     call learner?   0
     call reserve?   0
     timer assembly matrix:   0.856622 s
     timer analyze+factorize: 0.367936 s
  PARDISO Solve Phase... Done in 28.7853 ms.
  Solver solve [4]  |residual| = 1.34161e-16
  PARDISO Factorization Phase... Done in 53.8386 ms.
  Solver setup [5] n = 31467  nnz = 3285129
     analyze?        0
     use learner?    1
     pattern locked? 1
     call learner?   0
     call reserve?   0
     timer assembly matrix:   0.943012 s
     timer analyze+factorize: 0.421819 s
  PARDISO Solve Phase... Done in 29.6894 ms.
  Solver solve [5]  |residual| = 3.03232e-20
  PARDISO Factorization Phase... Done in 53.5266 ms.
  Solver setup [6] n = 31467  nnz = 3285129
     analyze?        0
     use learner?    1
     pattern locked? 1
     call learner?   0
     call reserve?   0
     timer assembly matrix:   1.0297 s
     timer analyze+factorize: 0.47539 s
  PARDISO Solve Phase... Done in 28.8816 ms.
  Solver solve [6]  |residual| = 3.26937e-20
  PARDISO Factorization Phase... Done in 53.7947 ms.
  Solver setup [7] n = 31467  nnz = 3285129
     analyze?        0
     use learner?    1
     pattern locked? 1
     call learner?   0
     call reserve?   0
     timer assembly matrix:   1.11635 s
     timer analyze+factorize: 0.529232 s
  PARDISO Solve Phase... Done in 29.1767 ms.
  Solver solve [7]  |residual| = 2.77642e-20
  PARDISO Factorization Phase... Done in 51.9871 ms.
  Solver setup [8] n = 31467  nnz = 3285129
     analyze?        0
     use learner?    1
     pattern locked? 1
     call learner?   0
     call reserve?   0
     timer assembly matrix:   1.20329 s
     timer analyze+factorize: 0.581263 s
  PARDISO Solve Phase... Done in 29.2493 ms.
  Solver solve [8]  |residual| = 1.96633e-16
  PARDISO Factorization Phase... Done in 53.0045 ms.
  Solver setup [9] n = 31467  nnz = 3285129
     analyze?        0
     use learner?    1
     pattern locked? 1
     call learner?   0
     call reserve?   0
     timer assembly matrix:   1.29105 s
     timer analyze+factorize: 0.634323 s
  PARDISO Solve Phase... Done in 29.5482 ms.
  Solver solve [9]  |residual| = 2.85335e-20
  PARDISO Factorization Phase... Done in 51.2946 ms.
  Solver setup [10] n = 31467  nnz = 3285129
     analyze?        0
     use learner?    1
     pattern locked? 1
     call learner?   0
     call reserve?   0
     timer assembly matrix:   1.3775 s
     timer analyze+factorize: 0.685659 s
  PARDISO Solve Phase... Done in 28.8274 ms.
  Solver solve [10]  |residual| = 2.74202e-20
  PARDISO Factorization Phase... Done in 52.0587 ms.
  Solver setup [11] n = 31467  nnz = 3285129
     analyze?        0
     use learner?    1
     pattern locked? 1
     call learner?   0
     call reserve?   0
     timer assembly matrix:   1.46299 s
     timer analyze+factorize: 0.73776 s
  PARDISO Solve Phase... Done in 30.3082 ms.
  Solver solve [11]  |residual| = 2.55721e-20
  PARDISO Factorization Phase... Done in 54.8501 ms.
  Solver setup [12] n = 31467  nnz = 3285129
     analyze?        0
     use learner?    1
     pattern locked? 1
     call learner?   0
     call reserve?   0
     timer assembly matrix:   1.54998 s
     timer analyze+factorize: 0.792651 s
  PARDISO Solve Phase... Done in 28.8646 ms.
  Solver solve [12]  |residual| = 1.82368e-16
  PARDISO Factorization Phase... Done in 53.9147 ms.
  Solver setup [13] n = 31467  nnz = 3285129
     analyze?        0
     use learner?    1
     pattern locked? 1
     call learner?   0
     call reserve?   0
     timer assembly matrix:   1.63639 s
     timer analyze+factorize: 0.846609 s
  PARDISO Solve Phase... Done in 28.8261 ms.
  Solver solve [13]  |residual| = 2.97465e-20
  PARDISO Factorization Phase... Done in 53.9456 ms.
  Solver setup [14] n = 31467  nnz = 3285129
     analyze?        0
     use learner?    1
     pattern locked? 1
     call learner?   0
     call reserve?   0
     timer assembly matrix:   1.7226 s
     timer analyze+factorize: 0.900599 s
  PARDISO Solve Phase... Done in 28.9599 ms.
  Solver solve [14]  |residual| = 3.48536e-20
  PARDISO Factorization Phase... Done in 52.1091 ms.
  Solver setup [15] n = 31467  nnz = 3285129
     analyze?        0
     use learner?    1
     pattern locked? 1
     call learner?   0
     call reserve?   0
     timer assembly matrix:   1.8092 s
     timer analyze+factorize: 0.952754 s
  PARDISO Solve Phase... Done in 28.8428 ms.
  Solver solve [15]  |residual| = 3.427e-20
  PARDISO Factorization Phase... Done in 49.7471 ms.
  Solver setup [16] n = 31467  nnz = 3285129
     analyze?        0
     use learner?    1
     pattern locked? 1
     call learner?   0
     call reserve?   0
     timer assembly matrix:   1.89534 s
     timer analyze+factorize: 1.00255 s
  PARDISO Solve Phase... Done in 28.9382 ms.
  Solver solve [16]  |residual| = 1.57123e-16
  PARDISO Factorization Phase... Done in 51.223 ms.
  Solver setup [17] n = 31467  nnz = 3285129
     analyze?        0
     use learner?    1
     pattern locked? 1
     call learner?   0
     call reserve?   0
     timer assembly matrix:   1.98236 s
     timer analyze+factorize: 1.05381 s
  PARDISO Solve Phase... Done in 29.0309 ms.
  Solver solve [17]  |residual| = 2.70742e-20
  PARDISO Factorization Phase... Done in 53.0687 ms.
  Solver setup [18] n = 31467  nnz = 3285129
     analyze?        0
     use learner?    1
     pattern locked? 1
     call learner?   0
     call reserve?   0
     timer assembly matrix:   2.06824 s
     timer analyze+factorize: 1.10693 s
  PARDISO Solve Phase... Done in 29.4264 ms.
  Solver solve [18]  |residual| = 2.53605e-20
  PARDISO Factorization Phase... Done in 50.3917 ms.
  Solver setup [19] n = 31467  nnz = 3285129
     analyze?        0
     use learner?    1
     pattern locked? 1
     call learner?   0
     call reserve?   0
     timer assembly matrix:   2.15408 s
     timer analyze+factorize: 1.15737 s
  PARDISO Solve Phase... Done in 28.8567 ms.
  Solver solve [19]  |residual| = 2.5132e-20
  PARDISO Factorization Phase... Done in 50.6111 ms.
  Solver setup [20] n = 31467  nnz = 3285129
     analyze?        0
     use learner?    1
     pattern locked? 1
     call learner?   0
     call reserve?   0
     timer assembly matrix:   2.24046 s
     timer analyze+factorize: 1.2086 s
  PARDISO Solve Phase... Done in 23.4311 ms.
  Solver solve [20]  |residual| = 1.34715e-16
  PARDISO Factorization Phase... Done in 51.6836 ms.
  Solver setup [21] n = 31467  nnz = 3285129
     analyze?        0
     use learner?    1
     pattern locked? 1
     call learner?   0
     call reserve?   0
     timer assembly matrix:   2.29546 s
     timer analyze+factorize: 1.26032 s
  PARDISO Solve Phase... Done in 23.0087 ms.
  Solver solve [21]  |residual| = 3.69373e-20
  PARDISO Factorization Phase... Done in 51.1087 ms.
  Solver setup [22] n = 31467  nnz = 3285129
     analyze?        0
     use learner?    1
     pattern locked? 1
     call learner?   0
     call reserve?   0
     timer assembly matrix:   2.34972 s
     timer analyze+factorize: 1.31145 s
  PARDISO Solve Phase... Done in 24.138 ms.
  Solver solve [22]  |residual| = 2.69578e-20
  PARDISO Factorization Phase... Done in 51.3485 ms.
  Solver setup [23] n = 31467  nnz = 3285129
     analyze?        0
     use learner?    1
     pattern locked? 1
     call learner?   0
     call reserve?   0
     timer assembly matrix:   2.40534 s
     timer analyze+factorize: 1.36284 s
  PARDISO Solve Phase... Done in 23.1726 ms.
  Solver solve [23]  |residual| = 3.0022e-20
  PARDISO Factorization Phase... Done in 51.1428 ms.
  Solver setup [24] n = 31467  nnz = 3285129
     analyze?        0
     use learner?    1
     pattern locked? 1
     call learner?   0
     call reserve?   0
     timer assembly matrix:   2.45961 s
     timer analyze+factorize: 1.41402 s
  PARDISO Solve Phase... Done in 22.8721 ms.
  Solver solve [24]  |residual| = 1.30805e-16
  PARDISO Factorization Phase... Done in 51.3082 ms.
  Solver setup [25] n = 31467  nnz = 3285129
     analyze?        0
     use learner?    1
     pattern locked? 1
     call learner?   0
     call reserve?   0
     timer assembly matrix:   2.51502 s
     timer analyze+factorize: 1.46536 s
  PARDISO Solve Phase... Done in 23.6966 ms.
  Solver solve [25]  |residual| = 2.92069e-20
  PARDISO Factorization Phase... Done in 50.0722 ms.
  Solver setup [26] n = 31467  nnz = 3285129
     analyze?        0
     use learner?    1
     pattern locked? 1
     call learner?   0
     call reserve?   0
     timer assembly matrix:   2.5696 s
     timer analyze+factorize: 1.51547 s
  PARDISO Solve Phase... Done in 23.0614 ms.
  Solver solve [26]  |residual| = 3.29535e-20
  PARDISO Factorization Phase... Done in 49.9244 ms.
  Solver setup [27] n = 31467  nnz = 3285129
     analyze?        0
     use learner?    1
     pattern locked? 1
     call learner?   0
     call reserve?   0
     timer assembly matrix:   2.62389 s
     timer analyze+factorize: 1.56543 s
  PARDISO Solve Phase... Done in 24.7813 ms.
  Solver solve [27]  |residual| = 3.35007e-20
  PARDISO Factorization Phase... Done in 53.0978 ms.
  Solver setup [28] n = 31467  nnz = 3285129
     analyze?        0
     use learner?    1
     pattern locked? 1
     call learner?   0
     call reserve?   0
     timer assembly matrix:   2.67745 s
     timer analyze+factorize: 1.61855 s
  PARDISO Solve Phase... Done in 22.9744 ms.
  Solver solve [28]  |residual| = 1.1971e-16
  PARDISO Factorization Phase... Done in 49.739 ms.
  Solver setup [29] n = 31467  nnz = 3285129
     analyze?        0
     use learner?    1
     pattern locked? 1
     call learner?   0
     call reserve?   0
     timer assembly matrix:   2.73196 s
     timer analyze+factorize: 1.66833 s
  PARDISO Solve Phase... Done in 22.8241 ms.
  Solver solve [29]  |residual| = 3.26105e-20
  PARDISO Factorization Phase... Done in 49.6669 ms.
  Solver setup [30] n = 31467  nnz = 3285129
     analyze?        0
     use learner?    1
     pattern locked? 1
     call learner?   0
     call reserve?   0
     timer assembly matrix:   2.78621 s
     timer analyze+factorize: 1.71803 s
  PARDISO Solve Phase... Done in 22.9104 ms.
  Solver solve [30]  |residual| = 2.24649e-20
  PARDISO Factorization Phase... Done in 52.9257 ms.
  Solver setup [31] n = 31467  nnz = 3285129
     analyze?        0
     use learner?    1
     pattern locked? 1
     call learner?   0
     call reserve?   0
     timer assembly matrix:   2.84119 s
     timer analyze+factorize: 1.77099 s
  PARDISO Solve Phase... Done in 23.13 ms.
  Solver solve [31]  |residual| = 2.79845e-20
  PARDISO Factorization Phase... Done in 53.0373 ms.
  Solver setup [32] n = 31467  nnz = 3285129
     analyze?        0
     use learner?    1
     pattern locked? 1
     call learner?   0
     call reserve?   0
     timer assembly matrix:   2.89539 s
     timer analyze+factorize: 1.82406 s
  PARDISO Solve Phase... Done in 23.6714 ms.
  Solver solve [32]  |residual| = 9.7434e-17
  PARDISO Factorization Phase... Done in 50.8642 ms.
  Solver setup [33] n = 31467  nnz = 3285129
     analyze?        0
     use learner?    1
     pattern locked? 1
     call learner?   0
     call reserve?   0
     timer assembly matrix:   2.95008 s
     timer analyze+factorize: 1.87496 s
  PARDISO Solve Phase... Done in 22.9654 ms.
  Solver solve [33]  |residual| = 3.01101e-20
  PARDISO Factorization Phase... Done in 50.21 ms.
  Solver setup [34] n = 31467  nnz = 3285129
     analyze?        0
     use learner?    1
     pattern locked? 1
     call learner?   0
     call reserve?   0
     timer assembly matrix:   3.00433 s
     timer analyze+factorize: 1.9252 s
  PARDISO Solve Phase... Done in 22.9389 ms.
  Solver solve [34]  |residual| = 2.9272e-20
  PARDISO Factorization Phase... Done in 50.7973 ms.
  Solver setup [35] n = 31467  nnz = 3285129
     analyze?        0
     use learner?    1
     pattern locked? 1
     call learner?   0
     call reserve?   0
     timer assembly matrix:   3.05899 s
     timer analyze+factorize: 1.97604 s
  PARDISO Solve Phase... Done in 23.0621 ms.
  Solver solve [35]  |residual| = 2.31036e-20
  PARDISO Factorization Phase... Done in 51.0694 ms.
  Solver setup [36] n = 31467  nnz = 3285129
     analyze?        0
     use learner?    1
     pattern locked? 1
     call learner?   0
     call reserve?   0
     timer assembly matrix:   3.11334 s
     timer analyze+factorize: 2.02714 s
  PARDISO Solve Phase... Done in 23.2121 ms.
  Solver solve [36]  |residual| = 8.7206e-17
  PARDISO Factorization Phase... Done in 51.0413 ms.
  Solver setup [37] n = 31467  nnz = 3285129
     analyze?        0
     use learner?    1
     pattern locked? 1
     call learner?   0
     call reserve?   0
     timer assembly matrix:   3.16766 s
     timer analyze+factorize: 2.07822 s
  PARDISO Solve Phase... Done in 22.8589 ms.
  Solver solve [37]  |residual| = 2.99911e-20
  PARDISO Factorization Phase... Done in 52.3014 ms.
  Solver setup [38] n = 31467  nnz = 3285129
     analyze?        0
     use learner?    1
     pattern locked? 1
     call learner?   0
     call reserve?   0
     timer assembly matrix:   3.22151 s
     timer analyze+factorize: 2.13056 s
  PARDISO Solve Phase... Done in 22.8894 ms.
  Solver solve [38]  |residual| = 2.64525e-20
  PARDISO Factorization Phase... Done in 49.2828 ms.
  Solver setup [39] n = 31467  nnz = 3285129
     analyze?        0
     use learner?    1
     pattern locked? 1
     call learner?   0
     call reserve?   0
     timer assembly matrix:   3.27642 s
     timer analyze+factorize: 2.17988 s
  PARDISO Solve Phase... Done in 22.8982 ms.
  Solver solve [39]  |residual| = 2.55732e-20
Wall time (loop)     : 10.665414 s
Simulation time      : 0.005000 s
RTF (wall/sim)       : 2133.082712

Final avg tip pos    : (4.000000, 1.000000, -0.000046) m
peakRSS=3155000kB total=20.49s
