OpenMP enabled (max_threads=16)
Thread settings: nthreads=16 (chrono/collision/eigen)
  analyze_once : yes
ANCF 3443 cantilever shell demo
  integration  : PreInt
  solver       : CUSTOM
  res          : 0 (70x70 elements)
  elements     : 4900
  nodes        : 5041
  tip_nodes    : 71
  x_size,y_size: 4, 2 m
  dx, dy       : 0.0571429, 0.0285714 m
  thickness    : 0.1 m
  tip_force_z  : -500 N (total, distributed over 71 nodes)
  schedule     : Fz=const for steps 0..4, then Fz=0 for steps 5..9
  dt           : 0.0005 s
  steps        : 10 (t_end=0.005 s)

  CuDSS Analysis Phase... Done in 122.51 ms.
  CuDSS Factorization Phase... Done in 115.917 ms.
  Solver setup [0] n = 60847  nnz = 6413509
     analyze?        1
     use learner?    1
     pattern locked? 1
     call learner?   1
     call reserve?   0
     timer assembly matrix:   0.954067 s
     timer analyze+factorize: 0.264408 s
  CuDSS Solve Phase... Done in 5.04995 ms.
  Solver solve [0]  |residual| = 3.1598e-16
  CuDSS Refactorization Phase... Done in 105.656 ms.
  Solver setup [1] n = 60847  nnz = 6413509
     analyze?        0
     use learner?    1
     pattern locked? 1
     call learner?   0
     call reserve?   0
     timer assembly matrix:   1.1219 s
     timer analyze+factorize: 0.375446 s
  CuDSS Solve Phase... Done in 1.32381 ms.
  Solver solve [1]  |residual| = 4.58655e-19
  CuDSS Refactorization Phase... Done in 103.815 ms.
  Solver setup [2] n = 60847  nnz = 6413509
     analyze?        0
     use learner?    1
     pattern locked? 1
     call learner?   0
     call reserve?   0
     timer assembly matrix:   1.28887 s
     timer analyze+factorize: 0.484763 s
  CuDSS Solve Phase... Done in 1.30403 ms.
  Solver solve [2]  |residual| = 1.84985e-19
  CuDSS Refactorization Phase... Done in 104.122 ms.
  Solver setup [3] n = 60847  nnz = 6413509
     analyze?        0
     use learner?    1
     pattern locked? 1
     call learner?   0
     call reserve?   0
     timer assembly matrix:   1.45944 s
     timer analyze+factorize: 0.594244 s
  CuDSS Solve Phase... Done in 1.30611 ms.
  Solver solve [3]  |residual| = 1.78052e-19
  CuDSS Refactorization Phase... Done in 102.631 ms.
  Solver setup [4] n = 60847  nnz = 6413509
     analyze?        0
     use learner?    1
     pattern locked? 1
     call learner?   0
     call reserve?   0
     timer assembly matrix:   1.62787 s
     timer analyze+factorize: 0.703365 s
  CuDSS Solve Phase... Done in 1.31312 ms.
  Solver solve [4]  |residual| = 3.95217e-16
  CuDSS Refactorization Phase... Done in 102.991 ms.
  Solver setup [5] n = 60847  nnz = 6413509
     analyze?        0
     use learner?    1
     pattern locked? 1
     call learner?   0
     call reserve?   0
     timer assembly matrix:   1.79765 s
     timer analyze+factorize: 0.813024 s
  CuDSS Solve Phase... Done in 1.3433 ms.
  Solver solve [5]  |residual| = 1.52315e-19
  CuDSS Refactorization Phase... Done in 104.605 ms.
  Solver setup [6] n = 60847  nnz = 6413509
     analyze?        0
     use learner?    1
     pattern locked? 1
     call learner?   0
     call reserve?   0
     timer assembly matrix:   1.90554 s
     timer analyze+factorize: 0.92305 s
  CuDSS Solve Phase... Done in 1.32698 ms.
  Solver solve [6]  |residual| = 1.9573e-19
  CuDSS Refactorization Phase... Done in 104.906 ms.
  Solver setup [7] n = 60847  nnz = 6413509
     analyze?        0
     use learner?    1
     pattern locked? 1
     call learner?   0
     call reserve?   0
     timer assembly matrix:   2.07567 s
     timer analyze+factorize: 1.03472 s
  CuDSS Solve Phase... Done in 1.32621 ms.
  Solver solve [7]  |residual| = 2.77449e-19
  CuDSS Refactorization Phase... Done in 103.447 ms.
  Solver setup [8] n = 60847  nnz = 6413509
     analyze?        0
     use learner?    1
     pattern locked? 1
     call learner?   0
     call reserve?   0
     timer assembly matrix:   2.24346 s
     timer analyze+factorize: 1.14365 s
  CuDSS Solve Phase... Done in 1.31174 ms.
  Solver solve [8]  |residual| = 4.36558e-16
  CuDSS Refactorization Phase... Done in 104.595 ms.
  Solver setup [9] n = 60847  nnz = 6413509
     analyze?        0
     use learner?    1
     pattern locked? 1
     call learner?   0
     call reserve?   0
     timer assembly matrix:   2.41335 s
     timer analyze+factorize: 1.25525 s
  CuDSS Solve Phase... Done in 1.32214 ms.
  Solver solve [9]  |residual| = 2.01345e-19
  CuDSS Refactorization Phase... Done in 104.093 ms.
  Solver setup [10] n = 60847  nnz = 6413509
     analyze?        0
     use learner?    1
     pattern locked? 1
     call learner?   0
     call reserve?   0
     timer assembly matrix:   2.58324 s
     timer analyze+factorize: 1.36475 s
  CuDSS Solve Phase... Done in 1.30704 ms.
  Solver solve [10]  |residual| = 3.02471e-19
  CuDSS Refactorization Phase... Done in 103.507 ms.
  Solver setup [11] n = 60847  nnz = 6413509
     analyze?        0
     use learner?    1
     pattern locked? 1
     call learner?   0
     call reserve?   0
     timer assembly matrix:   2.69051 s
     timer analyze+factorize: 1.47374 s
  CuDSS Solve Phase... Done in 1.3248 ms.
  Solver solve [11]  |residual| = 2.00308e-19
  CuDSS Refactorization Phase... Done in 104.396 ms.
  Solver setup [12] n = 60847  nnz = 6413509
     analyze?        0
     use learner?    1
     pattern locked? 1
     call learner?   0
     call reserve?   0
     timer assembly matrix:   2.8592 s
     timer analyze+factorize: 1.58353 s
  CuDSS Solve Phase... Done in 1.33274 ms.
  Solver solve [12]  |residual| = 4.28624e-16
  CuDSS Refactorization Phase... Done in 103.19 ms.
  Solver setup [13] n = 60847  nnz = 6413509
     analyze?        0
     use learner?    1
     pattern locked? 1
     call learner?   0
     call reserve?   0
     timer assembly matrix:   3.02912 s
     timer analyze+factorize: 1.69338 s
  CuDSS Solve Phase... Done in 1.3321 ms.
  Solver solve [13]  |residual| = 2.10236e-19
  CuDSS Refactorization Phase... Done in 103.19 ms.
  Solver setup [14] n = 60847  nnz = 6413509
     analyze?        0
     use learner?    1
     pattern locked? 1
     call learner?   0
     call reserve?   0
     timer assembly matrix:   3.19893 s
     timer analyze+factorize: 1.80346 s
  CuDSS Solve Phase... Done in 1.39952 ms.
  Solver solve [14]  |residual| = 2.09144e-19
  CuDSS Refactorization Phase... Done in 102.047 ms.
  Solver setup [15] n = 60847  nnz = 6413509
     analyze?        0
     use learner?    1
     pattern locked? 1
     call learner?   0
     call reserve?   0
     timer assembly matrix:   3.36714 s
     timer analyze+factorize: 1.91267 s
  CuDSS Solve Phase... Done in 1.3375 ms.
  Solver solve [15]  |residual| = 1.67355e-19
  CuDSS Refactorization Phase... Done in 103.132 ms.
  Solver setup [16] n = 60847  nnz = 6413509
     analyze?        0
     use learner?    1
     pattern locked? 1
     call learner?   0
     call reserve?   0
     timer assembly matrix:   3.47406 s
     timer analyze+factorize: 2.02115 s
  CuDSS Solve Phase... Done in 1.31715 ms.
  Solver solve [16]  |residual| = 3.60274e-16
  CuDSS Refactorization Phase... Done in 103.077 ms.
  Solver setup [17] n = 60847  nnz = 6413509
     analyze?        0
     use learner?    1
     pattern locked? 1
     call learner?   0
     call reserve?   0
     timer assembly matrix:   3.58074 s
     timer analyze+factorize: 2.12954 s
  CuDSS Solve Phase... Done in 1.30582 ms.
  Solver solve [17]  |residual| = 2.34936e-19
  CuDSS Refactorization Phase... Done in 103.415 ms.
  Solver setup [18] n = 60847  nnz = 6413509
     analyze?        0
     use learner?    1
     pattern locked? 1
     call learner?   0
     call reserve?   0
     timer assembly matrix:   3.68734 s
     timer analyze+factorize: 2.23827 s
  CuDSS Solve Phase... Done in 1.33014 ms.
  Solver solve [18]  |residual| = 1.98059e-19
  CuDSS Refactorization Phase... Done in 103.858 ms.
  Solver setup [19] n = 60847  nnz = 6413509
     analyze?        0
     use learner?    1
     pattern locked? 1
     call learner?   0
     call reserve?   0
     timer assembly matrix:   3.79853 s
     timer analyze+factorize: 2.34746 s
  CuDSS Solve Phase... Done in 1.33075 ms.
  Solver solve [19]  |residual| = 1.63834e-19
  CuDSS Refactorization Phase... Done in 103.258 ms.
  Solver setup [20] n = 60847  nnz = 6413509
     analyze?        0
     use learner?    1
     pattern locked? 1
     call learner?   0
     call reserve?   0
     timer assembly matrix:   3.9055 s
     timer analyze+factorize: 2.45605 s
  CuDSS Solve Phase... Done in 1.31082 ms.
  Solver solve [20]  |residual| = 3.23173e-16
  CuDSS Refactorization Phase... Done in 102.567 ms.
  Solver setup [21] n = 60847  nnz = 6413509
     analyze?        0
     use learner?    1
     pattern locked? 1
     call learner?   0
     call reserve?   0
     timer assembly matrix:   4.01204 s
     timer analyze+factorize: 2.56396 s
  CuDSS Solve Phase... Done in 1.30294 ms.
  Solver solve [21]  |residual| = 1.9938e-19
  CuDSS Refactorization Phase... Done in 103.253 ms.
  Solver setup [22] n = 60847  nnz = 6413509
     analyze?        0
     use learner?    1
     pattern locked? 1
     call learner?   0
     call reserve?   0
     timer assembly matrix:   4.11846 s
     timer analyze+factorize: 2.67253 s
  CuDSS Solve Phase... Done in 1.32438 ms.
  Solver solve [22]  |residual| = 1.97306e-19
  CuDSS Refactorization Phase... Done in 102.893 ms.
  Solver setup [23] n = 60847  nnz = 6413509
     analyze?        0
     use learner?    1
     pattern locked? 1
     call learner?   0
     call reserve?   0
     timer assembly matrix:   4.22541 s
     timer analyze+factorize: 2.78083 s
  CuDSS Solve Phase... Done in 1.30755 ms.
  Solver solve [23]  |residual| = 1.6763e-19
  CuDSS Refactorization Phase... Done in 105.426 ms.
  Solver setup [24] n = 60847  nnz = 6413509
     analyze?        0
     use learner?    1
     pattern locked? 1
     call learner?   0
     call reserve?   0
     timer assembly matrix:   4.33185 s
     timer analyze+factorize: 2.89159 s
  CuDSS Solve Phase... Done in 1.3319 ms.
  Solver solve [24]  |residual| = 2.90704e-16
  CuDSS Refactorization Phase... Done in 104.019 ms.
  Solver setup [25] n = 60847  nnz = 6413509
     analyze?        0
     use learner?    1
     pattern locked? 1
     call learner?   0
     call reserve?   0
     timer assembly matrix:   4.49959 s
     timer analyze+factorize: 3.00228 s
  CuDSS Solve Phase... Done in 1.32045 ms.
  Solver solve [25]  |residual| = 2.0488e-19
  CuDSS Refactorization Phase... Done in 103.739 ms.
  Solver setup [26] n = 60847  nnz = 6413509
     analyze?        0
     use learner?    1
     pattern locked? 1
     call learner?   0
     call reserve?   0
     timer assembly matrix:   4.60608 s
     timer analyze+factorize: 3.11137 s
  CuDSS Solve Phase... Done in 1.31626 ms.
  Solver solve [26]  |residual| = 1.89233e-19
  CuDSS Refactorization Phase... Done in 102.713 ms.
  Solver setup [27] n = 60847  nnz = 6413509
     analyze?        0
     use learner?    1
     pattern locked? 1
     call learner?   0
     call reserve?   0
     timer assembly matrix:   4.77403 s
     timer analyze+factorize: 3.21954 s
  CuDSS Solve Phase... Done in 1.30768 ms.
  Solver solve [27]  |residual| = 2.31491e-19
  CuDSS Refactorization Phase... Done in 102.14 ms.
  Solver setup [28] n = 60847  nnz = 6413509
     analyze?        0
     use learner?    1
     pattern locked? 1
     call learner?   0
     call reserve?   0
     timer assembly matrix:   4.94509 s
     timer analyze+factorize: 3.32822 s
  CuDSS Solve Phase... Done in 1.30077 ms.
  Solver solve [28]  |residual| = 2.79369e-16
  CuDSS Refactorization Phase... Done in 103.157 ms.
  Solver setup [29] n = 60847  nnz = 6413509
     analyze?        0
     use learner?    1
     pattern locked? 1
     call learner?   0
     call reserve?   0
     timer assembly matrix:   5.11335 s
     timer analyze+factorize: 3.43806 s
  CuDSS Solve Phase... Done in 1.33082 ms.
  Solver solve [29]  |residual| = 1.89606e-19
  CuDSS Refactorization Phase... Done in 102.107 ms.
  Solver setup [30] n = 60847  nnz = 6413509
     analyze?        0
     use learner?    1
     pattern locked? 1
     call learner?   0
     call reserve?   0
     timer assembly matrix:   5.22053 s
     timer analyze+factorize: 3.54553 s
  CuDSS Solve Phase... Done in 1.3239 ms.
  Solver solve [30]  |residual| = 2.01883e-19
  CuDSS Refactorization Phase... Done in 102.979 ms.
  Solver setup [31] n = 60847  nnz = 6413509
     analyze?        0
     use learner?    1
     pattern locked? 1
     call learner?   0
     call reserve?   0
     timer assembly matrix:   5.38994 s
     timer analyze+factorize: 3.65514 s
  CuDSS Solve Phase... Done in 1.33174 ms.
  Solver solve [31]  |residual| = 2.49799e-19
  CuDSS Refactorization Phase... Done in 102.665 ms.
  Solver setup [32] n = 60847  nnz = 6413509
     analyze?        0
     use learner?    1
     pattern locked? 1
     call learner?   0
     call reserve?   0
     timer assembly matrix:   5.55989 s
     timer analyze+factorize: 3.76443 s
  CuDSS Solve Phase... Done in 1.33478 ms.
  Solver solve [32]  |residual| = 2.41393e-16
  CuDSS Refactorization Phase... Done in 102.995 ms.
  Solver setup [33] n = 60847  nnz = 6413509
     analyze?        0
     use learner?    1
     pattern locked? 1
     call learner?   0
     call reserve?   0
     timer assembly matrix:   5.73009 s
     timer analyze+factorize: 3.87412 s
  CuDSS Solve Phase... Done in 1.33158 ms.
  Solver solve [33]  |residual| = 1.86405e-19
  CuDSS Refactorization Phase... Done in 103.234 ms.
  Solver setup [34] n = 60847  nnz = 6413509
     analyze?        0
     use learner?    1
     pattern locked? 1
     call learner?   0
     call reserve?   0
     timer assembly matrix:   5.89958 s
     timer analyze+factorize: 3.9838 s
  CuDSS Solve Phase... Done in 1.30931 ms.
  Solver solve [34]  |residual| = 1.98678e-19
  CuDSS Refactorization Phase... Done in 103.293 ms.
  Solver setup [35] n = 60847  nnz = 6413509
     analyze?        0
     use learner?    1
     pattern locked? 1
     call learner?   0
     call reserve?   0
     timer assembly matrix:   6.00554 s
     timer analyze+factorize: 4.09238 s
  CuDSS Solve Phase... Done in 1.30637 ms.
  Solver solve [35]  |residual| = 2.27353e-19
  CuDSS Refactorization Phase... Done in 102.752 ms.
  Solver setup [36] n = 60847  nnz = 6413509
     analyze?        0
     use learner?    1
     pattern locked? 1
     call learner?   0
     call reserve?   0
     timer assembly matrix:   6.11204 s
     timer analyze+factorize: 4.20068 s
  CuDSS Solve Phase... Done in 1.31571 ms.
  Solver solve [36]  |residual| = 2.20574e-16
  CuDSS Refactorization Phase... Done in 103.623 ms.
  Solver setup [37] n = 60847  nnz = 6413509
     analyze?        0
     use learner?    1
     pattern locked? 1
     call learner?   0
     call reserve?   0
     timer assembly matrix:   6.21879 s
     timer analyze+factorize: 4.30964 s
  CuDSS Solve Phase... Done in 1.34061 ms.
  Solver solve [37]  |residual| = 1.95071e-19
  CuDSS Refactorization Phase... Done in 103.433 ms.
  Solver setup [38] n = 60847  nnz = 6413509
     analyze?        0
     use learner?    1
     pattern locked? 1
     call learner?   0
     call reserve?   0
     timer assembly matrix:   6.32592 s
     timer analyze+factorize: 4.41852 s
  CuDSS Solve Phase... Done in 1.31203 ms.
  Solver solve [38]  |residual| = 1.9448e-19
  CuDSS Refactorization Phase... Done in 103.517 ms.
  Solver setup [39] n = 60847  nnz = 6413509
     analyze?        0
     use learner?    1
     pattern locked? 1
     call learner?   0
     call reserve?   0
     timer assembly matrix:   6.43245 s
     timer analyze+factorize: 4.52742 s
  CuDSS Solve Phase... Done in 1.29846 ms.
  Solver solve [39]  |residual| = 2.30773e-19
Wall time (loop)     : 19.063672 s
Simulation time      : 0.005000 s
RTF (wall/sim)       : 3812.734310

Final avg tip pos    : (4.000000, 1.000000, -0.000046) m
peakRSS=5879660kB total=38.22s
