OpenMP enabled (max_threads=16)
Thread settings: nthreads=16 (chrono/collision/eigen)
  analyze_once : yes
ANCF 3443 cantilever shell demo
  integration  : PreInt
  solver       : CUSTOM
  res          : 0 (70x70 elements)
  elements     : 4900
  nodes        : 5041
  tip_nodes    : 71
  x_size,y_size: 4, 2 m
  dx, dy       : 0.0571429, 0.0285714 m
  thickness    : 0.1 m
  tip_force_z  : -500 N (total, distributed over 71 nodes)
  schedule     : Fz=const for steps 0..4, then Fz=0 for steps 5..9
  dt           : 0.0005 s
  steps        : 10 (t_end=0.005 s)

  CuDSS Analysis Phase... Done in 122.994 ms.
  CuDSS Factorization Phase... Done in 118.797 ms.
  Solver setup [0] n = 60847  nnz = 6413509
     analyze?        1
     use learner?    1
     pattern locked? 1
     call learner?   1
     call reserve?   0
     timer assembly matrix:   0.897737 s
     timer analyze+factorize: 0.266351 s
  CuDSS Solve Phase... Done in 5.1248 ms.
  Solver solve [0]  |residual| = 3.03213e-16
  CuDSS Refactorization Phase... Done in 104.189 ms.
  Solver setup [1] n = 60847  nnz = 6413509
     analyze?        0
     use learner?    1
     pattern locked? 1
     call learner?   0
     call reserve?   0
     timer assembly matrix:   1.00438 s
     timer analyze+factorize: 0.375868 s
  CuDSS Solve Phase... Done in 1.32291 ms.
  Solver solve [1]  |residual| = 4.58548e-19
  CuDSS Refactorization Phase... Done in 103.717 ms.
  Solver setup [2] n = 60847  nnz = 6413509
     analyze?        0
     use learner?    1
     pattern locked? 1
     call learner?   0
     call reserve?   0
     timer assembly matrix:   1.17372 s
     timer analyze+factorize: 0.491204 s
  CuDSS Solve Phase... Done in 1.32774 ms.
  Solver solve [2]  |residual| = 1.93666e-19
  CuDSS Refactorization Phase... Done in 105.071 ms.
  Solver setup [3] n = 60847  nnz = 6413509
     analyze?        0
     use learner?    1
     pattern locked? 1
     call learner?   0
     call reserve?   0
     timer assembly matrix:   1.34187 s
     timer analyze+factorize: 0.601705 s
  CuDSS Solve Phase... Done in 1.31619 ms.
  Solver solve [3]  |residual| = 1.79259e-19
  CuDSS Refactorization Phase... Done in 104.213 ms.
  Solver setup [4] n = 60847  nnz = 6413509
     analyze?        0
     use learner?    1
     pattern locked? 1
     call learner?   0
     call reserve?   0
     timer assembly matrix:   1.44823 s
     timer analyze+factorize: 0.711288 s
  CuDSS Solve Phase... Done in 1.33149 ms.
  Solver solve [4]  |residual| = 3.83181e-16
  CuDSS Refactorization Phase... Done in 105.417 ms.
  Solver setup [5] n = 60847  nnz = 6413509
     analyze?        0
     use learner?    1
     pattern locked? 1
     call learner?   0
     call reserve?   0
     timer assembly matrix:   1.5551 s
     timer analyze+factorize: 0.822664 s
  CuDSS Solve Phase... Done in 1.32688 ms.
  Solver solve [5]  |residual| = 1.68361e-19
  CuDSS Refactorization Phase... Done in 106.594 ms.
  Solver setup [6] n = 60847  nnz = 6413509
     analyze?        0
     use learner?    1
     pattern locked? 1
     call learner?   0
     call reserve?   0
     timer assembly matrix:   1.66259 s
     timer analyze+factorize: 0.934577 s
  CuDSS Solve Phase... Done in 1.33085 ms.
  Solver solve [6]  |residual| = 2.32956e-19
  CuDSS Refactorization Phase... Done in 104.631 ms.
  Solver setup [7] n = 60847  nnz = 6413509
     analyze?        0
     use learner?    1
     pattern locked? 1
     call learner?   0
     call reserve?   0
     timer assembly matrix:   1.8309 s
     timer analyze+factorize: 1.0464 s
  CuDSS Solve Phase... Done in 1.33683 ms.
  Solver solve [7]  |residual| = 2.89221e-19
  CuDSS Refactorization Phase... Done in 105.102 ms.
  Solver setup [8] n = 60847  nnz = 6413509
     analyze?        0
     use learner?    1
     pattern locked? 1
     call learner?   0
     call reserve?   0
     timer assembly matrix:   1.99942 s
     timer analyze+factorize: 1.15815 s
  CuDSS Solve Phase... Done in 1.33274 ms.
  Solver solve [8]  |residual| = 4.16959e-16
  CuDSS Refactorization Phase... Done in 103.343 ms.
  Solver setup [9] n = 60847  nnz = 6413509
     analyze?        0
     use learner?    1
     pattern locked? 1
     call learner?   0
     call reserve?   0
     timer assembly matrix:   2.10671 s
     timer analyze+factorize: 1.26725 s
  CuDSS Solve Phase... Done in 1.30688 ms.
  Solver solve [9]  |residual| = 2.52881e-19
  CuDSS Refactorization Phase... Done in 103.722 ms.
  Solver setup [10] n = 60847  nnz = 6413509
     analyze?        0
     use learner?    1
     pattern locked? 1
     call learner?   0
     call reserve?   0
     timer assembly matrix:   2.27778 s
     timer analyze+factorize: 1.3777 s
  CuDSS Solve Phase... Done in 1.32867 ms.
  Solver solve [10]  |residual| = 1.73206e-19
  CuDSS Refactorization Phase... Done in 103.458 ms.
  Solver setup [11] n = 60847  nnz = 6413509
     analyze?        0
     use learner?    1
     pattern locked? 1
     call learner?   0
     call reserve?   0
     timer assembly matrix:   2.44664 s
     timer analyze+factorize: 1.48658 s
  CuDSS Solve Phase... Done in 1.29914 ms.
  Solver solve [11]  |residual| = 1.88359e-19
  CuDSS Refactorization Phase... Done in 103.469 ms.
  Solver setup [12] n = 60847  nnz = 6413509
     analyze?        0
     use learner?    1
     pattern locked? 1
     call learner?   0
     call reserve?   0
     timer assembly matrix:   2.55365 s
     timer analyze+factorize: 1.59533 s
  CuDSS Solve Phase... Done in 1.3081 ms.
  Solver solve [12]  |residual| = 3.90494e-16
  CuDSS Refactorization Phase... Done in 105.118 ms.
  Solver setup [13] n = 60847  nnz = 6413509
     analyze?        0
     use learner?    1
     pattern locked? 1
     call learner?   0
     call reserve?   0
     timer assembly matrix:   2.66084 s
     timer analyze+factorize: 1.70601 s
  CuDSS Solve Phase... Done in 1.31779 ms.
  Solver solve [13]  |residual| = 2.29074e-19
  CuDSS Refactorization Phase... Done in 105.562 ms.
  Solver setup [14] n = 60847  nnz = 6413509
     analyze?        0
     use learner?    1
     pattern locked? 1
     call learner?   0
     call reserve?   0
     timer assembly matrix:   2.83054 s
     timer analyze+factorize: 1.8184 s
  CuDSS Solve Phase... Done in 1.32013 ms.
  Solver solve [14]  |residual| = 1.77778e-19
  CuDSS Refactorization Phase... Done in 104.769 ms.
  Solver setup [15] n = 60847  nnz = 6413509
     analyze?        0
     use learner?    1
     pattern locked? 1
     call learner?   0
     call reserve?   0
     timer assembly matrix:   2.99813 s
     timer analyze+factorize: 1.92862 s
  CuDSS Solve Phase... Done in 1.31901 ms.
  Solver solve [15]  |residual| = 1.65208e-19
  CuDSS Refactorization Phase... Done in 104.288 ms.
  Solver setup [16] n = 60847  nnz = 6413509
     analyze?        0
     use learner?    1
     pattern locked? 1
     call learner?   0
     call reserve?   0
     timer assembly matrix:   3.16763 s
     timer analyze+factorize: 2.04067 s
  CuDSS Solve Phase... Done in 1.33069 ms.
  Solver solve [16]  |residual| = 3.57278e-16
  CuDSS Refactorization Phase... Done in 104.124 ms.
  Solver setup [17] n = 60847  nnz = 6413509
     analyze?        0
     use learner?    1
     pattern locked? 1
     call learner?   0
     call reserve?   0
     timer assembly matrix:   3.33738 s
     timer analyze+factorize: 2.15145 s
  CuDSS Solve Phase... Done in 1.31686 ms.
  Solver solve [17]  |residual| = 2.0623e-19
  CuDSS Refactorization Phase... Done in 103.107 ms.
  Solver setup [18] n = 60847  nnz = 6413509
     analyze?        0
     use learner?    1
     pattern locked? 1
     call learner?   0
     call reserve?   0
     timer assembly matrix:   3.50653 s
     timer analyze+factorize: 2.2599 s
  CuDSS Solve Phase... Done in 1.32675 ms.
  Solver solve [18]  |residual| = 2.57055e-19
  CuDSS Refactorization Phase... Done in 104.07 ms.
  Solver setup [19] n = 60847  nnz = 6413509
     analyze?        0
     use learner?    1
     pattern locked? 1
     call learner?   0
     call reserve?   0
     timer assembly matrix:   3.67478 s
     timer analyze+factorize: 2.36931 s
  CuDSS Solve Phase... Done in 1.3073 ms.
  Solver solve [19]  |residual| = 2.12981e-19
  CuDSS Refactorization Phase... Done in 104.095 ms.
  Solver setup [20] n = 60847  nnz = 6413509
     analyze?        0
     use learner?    1
     pattern locked? 1
     call learner?   0
     call reserve?   0
     timer assembly matrix:   3.84386 s
     timer analyze+factorize: 2.47887 s
  CuDSS Solve Phase... Done in 1.30931 ms.
  Solver solve [20]  |residual| = 3.2575e-16
  CuDSS Refactorization Phase... Done in 103.378 ms.
  Solver setup [21] n = 60847  nnz = 6413509
     analyze?        0
     use learner?    1
     pattern locked? 1
     call learner?   0
     call reserve?   0
     timer assembly matrix:   4.01387 s
     timer analyze+factorize: 2.58893 s
  CuDSS Solve Phase... Done in 1.32867 ms.
  Solver solve [21]  |residual| = 1.69638e-19
  CuDSS Refactorization Phase... Done in 102.249 ms.
  Solver setup [22] n = 60847  nnz = 6413509
     analyze?        0
     use learner?    1
     pattern locked? 1
     call learner?   0
     call reserve?   0
     timer assembly matrix:   4.18447 s
     timer analyze+factorize: 2.69827 s
  CuDSS Solve Phase... Done in 1.32858 ms.
  Solver solve [22]  |residual| = 1.69287e-19
  CuDSS Refactorization Phase... Done in 102.939 ms.
  Solver setup [23] n = 60847  nnz = 6413509
     analyze?        0
     use learner?    1
     pattern locked? 1
     call learner?   0
     call reserve?   0
     timer assembly matrix:   4.35401 s
     timer analyze+factorize: 2.80808 s
  CuDSS Solve Phase... Done in 1.32832 ms.
  Solver solve [23]  |residual| = 1.96057e-19
  CuDSS Refactorization Phase... Done in 103.288 ms.
  Solver setup [24] n = 60847  nnz = 6413509
     analyze?        0
     use learner?    1
     pattern locked? 1
     call learner?   0
     call reserve?   0
     timer assembly matrix:   4.52368 s
     timer analyze+factorize: 2.91678 s
  CuDSS Solve Phase... Done in 1.30899 ms.
  Solver solve [24]  |residual| = 3.05113e-16
  CuDSS Refactorization Phase... Done in 103.116 ms.
  Solver setup [25] n = 60847  nnz = 6413509
     analyze?        0
     use learner?    1
     pattern locked? 1
     call learner?   0
     call reserve?   0
     timer assembly matrix:   4.69299 s
     timer analyze+factorize: 3.02577 s
  CuDSS Solve Phase... Done in 1.30352 ms.
  Solver solve [25]  |residual| = 2.17804e-19
  CuDSS Refactorization Phase... Done in 101.888 ms.
  Solver setup [26] n = 60847  nnz = 6413509
     analyze?        0
     use learner?    1
     pattern locked? 1
     call learner?   0
     call reserve?   0
     timer assembly matrix:   4.86357 s
     timer analyze+factorize: 3.13446 s
  CuDSS Solve Phase... Done in 1.32816 ms.
  Solver solve [26]  |residual| = 1.95936e-19
  CuDSS Refactorization Phase... Done in 102.833 ms.
  Solver setup [27] n = 60847  nnz = 6413509
     analyze?        0
     use learner?    1
     pattern locked? 1
     call learner?   0
     call reserve?   0
     timer assembly matrix:   4.96953 s
     timer analyze+factorize: 3.24264 s
  CuDSS Solve Phase... Done in 1.31834 ms.
  Solver solve [27]  |residual| = 1.96749e-19
  CuDSS Refactorization Phase... Done in 103.015 ms.
  Solver setup [28] n = 60847  nnz = 6413509
     analyze?        0
     use learner?    1
     pattern locked? 1
     call learner?   0
     call reserve?   0
     timer assembly matrix:   5.0764 s
     timer analyze+factorize: 3.35104 s
  CuDSS Solve Phase... Done in 1.30211 ms.
  Solver solve [28]  |residual| = 2.90002e-16
  CuDSS Refactorization Phase... Done in 102.092 ms.
  Solver setup [29] n = 60847  nnz = 6413509
     analyze?        0
     use learner?    1
     pattern locked? 1
     call learner?   0
     call reserve?   0
     timer assembly matrix:   5.18275 s
     timer analyze+factorize: 3.45846 s
  CuDSS Solve Phase... Done in 1.30986 ms.
  Solver solve [29]  |residual| = 1.65913e-19
  CuDSS Refactorization Phase... Done in 102.934 ms.
  Solver setup [30] n = 60847  nnz = 6413509
     analyze?        0
     use learner?    1
     pattern locked? 1
     call learner?   0
     call reserve?   0
     timer assembly matrix:   5.28855 s
     timer analyze+factorize: 3.567 s
  CuDSS Solve Phase... Done in 1.31504 ms.
  Solver solve [30]  |residual| = 1.75506e-19
  CuDSS Refactorization Phase... Done in 102.772 ms.
  Solver setup [31] n = 60847  nnz = 6413509
     analyze?        0
     use learner?    1
     pattern locked? 1
     call learner?   0
     call reserve?   0
     timer assembly matrix:   5.39483 s
     timer analyze+factorize: 3.67507 s
  CuDSS Solve Phase... Done in 1.31878 ms.
  Solver solve [31]  |residual| = 2.15768e-19
  CuDSS Refactorization Phase... Done in 102.367 ms.
  Solver setup [32] n = 60847  nnz = 6413509
     analyze?        0
     use learner?    1
     pattern locked? 1
     call learner?   0
     call reserve?   0
     timer assembly matrix:   5.5007 s
     timer analyze+factorize: 3.78274 s
  CuDSS Solve Phase... Done in 1.30826 ms.
  Solver solve [32]  |residual| = 2.43829e-16
  CuDSS Refactorization Phase... Done in 103.653 ms.
  Solver setup [33] n = 60847  nnz = 6413509
     analyze?        0
     use learner?    1
     pattern locked? 1
     call learner?   0
     call reserve?   0
     timer assembly matrix:   5.60735 s
     timer analyze+factorize: 3.89177 s
  CuDSS Solve Phase... Done in 1.33386 ms.
  Solver solve [33]  |residual| = 2.76605e-19
  CuDSS Refactorization Phase... Done in 102.252 ms.
  Solver setup [34] n = 60847  nnz = 6413509
     analyze?        0
     use learner?    1
     pattern locked? 1
     call learner?   0
     call reserve?   0
     timer assembly matrix:   5.71424 s
     timer analyze+factorize: 3.99939 s
  CuDSS Solve Phase... Done in 1.3096 ms.
  Solver solve [34]  |residual| = 2.23096e-19
  CuDSS Refactorization Phase... Done in 102.665 ms.
  Solver setup [35] n = 60847  nnz = 6413509
     analyze?        0
     use learner?    1
     pattern locked? 1
     call learner?   0
     call reserve?   0
     timer assembly matrix:   5.88246 s
     timer analyze+factorize: 4.10751 s
  CuDSS Solve Phase... Done in 1.30611 ms.
  Solver solve [35]  |residual| = 1.81839e-19
  CuDSS Refactorization Phase... Done in 102.599 ms.
  Solver setup [36] n = 60847  nnz = 6413509
     analyze?        0
     use learner?    1
     pattern locked? 1
     call learner?   0
     call reserve?   0
     timer assembly matrix:   6.05272 s
     timer analyze+factorize: 4.21681 s
  CuDSS Solve Phase... Done in 1.32826 ms.
  Solver solve [36]  |residual| = 2.08624e-16
  CuDSS Refactorization Phase... Done in 103.197 ms.
  Solver setup [37] n = 60847  nnz = 6413509
     analyze?        0
     use learner?    1
     pattern locked? 1
     call learner?   0
     call reserve?   0
     timer assembly matrix:   6.22067 s
     timer analyze+factorize: 4.32605 s
  CuDSS Solve Phase... Done in 1.30259 ms.
  Solver solve [37]  |residual| = 1.7268e-19
  CuDSS Refactorization Phase... Done in 103.353 ms.
  Solver setup [38] n = 60847  nnz = 6413509
     analyze?        0
     use learner?    1
     pattern locked? 1
     call learner?   0
     call reserve?   0
     timer assembly matrix:   6.3902 s
     timer analyze+factorize: 4.43691 s
  CuDSS Solve Phase... Done in 1.32451 ms.
  Solver solve [38]  |residual| = 1.67076e-19
  CuDSS Refactorization Phase... Done in 102.804 ms.
  Solver setup [39] n = 60847  nnz = 6413509
     analyze?        0
     use learner?    1
     pattern locked? 1
     call learner?   0
     call reserve?   0
     timer assembly matrix:   6.55809 s
     timer analyze+factorize: 4.5451 s
  CuDSS Solve Phase... Done in 1.30086 ms.
  Solver solve [39]  |residual| = 2.00568e-19
Wall time (loop)     : 19.245343 s
Simulation time      : 0.005000 s
RTF (wall/sim)       : 3849.068653

Final avg tip pos    : (4.000000, 1.000000, -0.000046) m
peakRSS=5879892kB total=38.60s
