OpenMP enabled (max_threads=16)
Thread settings: nthreads=16 (chrono/collision/eigen)
  analyze_once : no
ANCF 3443 cantilever shell demo
  integration  : ContInt
  solver       : PARDISO_MKL
  res          : 0 (20x20 elements)
  elements     : 400
  nodes        : 441
  tip_nodes    : 21
  x_size,y_size: 4, 2 m
  dx, dy       : 0.2, 0.1 m
  thickness    : 0.1 m
  tip_force_z  : -500 N (total, distributed over 21 nodes)
  schedule     : Fz=const for steps 0..4, then Fz=0 for steps 5..9
  dt           : 0.0005 s
  steps        : 10 (t_end=0.005 s)

  PARDISO Analysis Phase... Done in 19.9565 ms.
  PARDISO Factorization Phase... Done in 8.14347 ms.
  Solver setup [0] n = 5397  nnz = 536559
     analyze?        1
     use learner?    1
     pattern locked? 1
     call learner?   1
     call reserve?   0
     timer assembly matrix:   0.0908627 s
     timer analyze+factorize: 0.0281913 s
  PARDISO Solve Phase... Done in 3.65555 ms.
  Solver solve [0]  |residual| = 5.6867e-17
  PARDISO Analysis Phase... Done in 16.1401 ms.
  PARDISO Factorization Phase... Done in 8.61263 ms.
  Solver setup [1] n = 5397  nnz = 536559
     analyze?        1
     use learner?    1
     pattern locked? 1
     call learner?   0
     call reserve?   0
     timer assembly matrix:   0.0993441 s
     timer analyze+factorize: 0.0529903 s
  PARDISO Solve Phase... Done in 2.52653 ms.
  Solver solve [1]  |residual| = 2.40949e-21
  PARDISO Analysis Phase... Done in 16.5453 ms.
  PARDISO Factorization Phase... Done in 7.87099 ms.
  Solver setup [2] n = 5397  nnz = 536559
     analyze?        1
     use learner?    1
     pattern locked? 1
     call learner?   0
     call reserve?   0
     timer assembly matrix:   0.107764 s
     timer analyze+factorize: 0.0774517 s
  PARDISO Solve Phase... Done in 2.69005 ms.
  Solver solve [2]  |residual| = 7.22768e-17
  PARDISO Analysis Phase... Done in 16.7497 ms.
  PARDISO Factorization Phase... Done in 8.67819 ms.
  Solver setup [3] n = 5397  nnz = 536559
     analyze?        1
     use learner?    1
     pattern locked? 1
     call learner?   0
     call reserve?   0
     timer assembly matrix:   0.116188 s
     timer analyze+factorize: 0.102926 s
  PARDISO Solve Phase... Done in 2.59338 ms.
  Solver solve [3]  |residual| = 4.52412e-22
  PARDISO Analysis Phase... Done in 17.1261 ms.
  PARDISO Factorization Phase... Done in 7.80261 ms.
  Solver setup [4] n = 5397  nnz = 536559
     analyze?        1
     use learner?    1
     pattern locked? 1
     call learner?   0
     call reserve?   0
     timer assembly matrix:   0.124595 s
     timer analyze+factorize: 0.127904 s
  PARDISO Solve Phase... Done in 2.48548 ms.
  Solver solve [4]  |residual| = 5.23337e-17
  PARDISO Analysis Phase... Done in 16.9446 ms.
  PARDISO Factorization Phase... Done in 7.84293 ms.
  Solver setup [5] n = 5397  nnz = 536559
     analyze?        1
     use learner?    1
     pattern locked? 1
     call learner?   0
     call reserve?   0
     timer assembly matrix:   0.13304 s
     timer analyze+factorize: 0.152738 s
  PARDISO Solve Phase... Done in 2.51401 ms.
  Solver solve [5]  |residual| = 2.29626e-22
  PARDISO Analysis Phase... Done in 17.0475 ms.
  PARDISO Factorization Phase... Done in 7.66264 ms.
  Solver setup [6] n = 5397  nnz = 536559
     analyze?        1
     use learner?    1
     pattern locked? 1
     call learner?   0
     call reserve?   0
     timer assembly matrix:   0.141566 s
     timer analyze+factorize: 0.177492 s
  PARDISO Solve Phase... Done in 2.48285 ms.
  Solver solve [6]  |residual| = 7.29903e-17
  PARDISO Analysis Phase... Done in 17.1464 ms.
  PARDISO Factorization Phase... Done in 7.78792 ms.
  Solver setup [7] n = 5397  nnz = 536559
     analyze?        1
     use learner?    1
     pattern locked? 1
     call learner?   0
     call reserve?   0
     timer assembly matrix:   0.150038 s
     timer analyze+factorize: 0.202471 s
  PARDISO Solve Phase... Done in 2.4739 ms.
  Solver solve [7]  |residual| = 1.61011e-22
  PARDISO Analysis Phase... Done in 17.2109 ms.
  PARDISO Factorization Phase... Done in 8.10964 ms.
  Solver setup [8] n = 5397  nnz = 536559
     analyze?        1
     use learner?    1
     pattern locked? 1
     call learner?   0
     call reserve?   0
     timer assembly matrix:   0.158467 s
     timer analyze+factorize: 0.227847 s
  PARDISO Solve Phase... Done in 2.48868 ms.
  Solver solve [8]  |residual| = 8.94459e-17
  PARDISO Analysis Phase... Done in 16.9746 ms.
  PARDISO Factorization Phase... Done in 8.41706 ms.
  Solver setup [9] n = 5397  nnz = 536559
     analyze?        1
     use learner?    1
     pattern locked? 1
     call learner?   0
     call reserve?   0
     timer assembly matrix:   0.166956 s
     timer analyze+factorize: 0.253289 s
  PARDISO Solve Phase... Done in 2.48327 ms.
  Solver solve [9]  |residual| = 2.21366e-21
  PARDISO Analysis Phase... Done in 17.1016 ms.
  PARDISO Factorization Phase... Done in 7.55972 ms.
  Solver setup [10] n = 5397  nnz = 536559
     analyze?        1
     use learner?    1
     pattern locked? 1
     call learner?   0
     call reserve?   0
     timer assembly matrix:   0.175394 s
     timer analyze+factorize: 0.277994 s
  PARDISO Solve Phase... Done in 2.44916 ms.
  Solver solve [10]  |residual| = 5.68632e-17
  PARDISO Analysis Phase... Done in 17.2073 ms.
  PARDISO Factorization Phase... Done in 7.61658 ms.
  Solver setup [11] n = 5397  nnz = 536559
     analyze?        1
     use learner?    1
     pattern locked? 1
     call learner?   0
     call reserve?   0
     timer assembly matrix:   0.183882 s
     timer analyze+factorize: 0.302862 s
  PARDISO Solve Phase... Done in 2.48215 ms.
  Solver solve [11]  |residual| = 3.44478e-22
  PARDISO Analysis Phase... Done in 17.1316 ms.
  PARDISO Factorization Phase... Done in 7.72466 ms.
  Solver setup [12] n = 5397  nnz = 536559
     analyze?        1
     use learner?    1
     pattern locked? 1
     call learner?   0
     call reserve?   0
     timer assembly matrix:   0.192284 s
     timer analyze+factorize: 0.327764 s
  PARDISO Solve Phase... Done in 2.48809 ms.
  Solver solve [12]  |residual| = 4.77817e-17
  PARDISO Analysis Phase... Done in 16.8493 ms.
  PARDISO Factorization Phase... Done in 7.82037 ms.
  Solver setup [13] n = 5397  nnz = 536559
     analyze?        1
     use learner?    1
     pattern locked? 1
     call learner?   0
     call reserve?   0
     timer assembly matrix:   0.200832 s
     timer analyze+factorize: 0.352478 s
  PARDISO Solve Phase... Done in 2.46421 ms.
  Solver solve [13]  |residual| = 1.58105e-22
  PARDISO Analysis Phase... Done in 17.1409 ms.
  PARDISO Factorization Phase... Done in 8.65778 ms.
  Solver setup [14] n = 5397  nnz = 536559
     analyze?        1
     use learner?    1
     pattern locked? 1
     call learner?   0
     call reserve?   0
     timer assembly matrix:   0.209349 s
     timer analyze+factorize: 0.378324 s
  PARDISO Solve Phase... Done in 2.51386 ms.
  Solver solve [14]  |residual| = 4.5034e-17
  PARDISO Analysis Phase... Done in 16.9764 ms.
  PARDISO Factorization Phase... Done in 7.26418 ms.
  Solver setup [15] n = 5397  nnz = 536559
     analyze?        1
     use learner?    1
     pattern locked? 1
     call learner?   0
     call reserve?   0
     timer assembly matrix:   0.217865 s
     timer analyze+factorize: 0.402611 s
  PARDISO Solve Phase... Done in 2.47122 ms.
  Solver solve [15]  |residual| = 1.22951e-22
  PARDISO Analysis Phase... Done in 17.3005 ms.
  PARDISO Factorization Phase... Done in 7.82364 ms.
  Solver setup [16] n = 5397  nnz = 536559
     analyze?        1
     use learner?    1
     pattern locked? 1
     call learner?   0
     call reserve?   0
     timer assembly matrix:   0.226274 s
     timer analyze+factorize: 0.42778 s
  PARDISO Solve Phase... Done in 2.52657 ms.
  Solver solve [16]  |residual| = 4.27629e-17
  PARDISO Analysis Phase... Done in 16.9428 ms.
  PARDISO Factorization Phase... Done in 7.82834 ms.
  Solver setup [17] n = 5397  nnz = 536559
     analyze?        1
     use learner?    1
     pattern locked? 1
     call learner?   0
     call reserve?   0
     timer assembly matrix:   0.234669 s
     timer analyze+factorize: 0.452598 s
  PARDISO Solve Phase... Done in 2.49938 ms.
  Solver solve [17]  |residual| = 8.95457e-23
  PARDISO Analysis Phase... Done in 17.0965 ms.
  PARDISO Factorization Phase... Done in 8.46676 ms.
  Solver setup [18] n = 5397  nnz = 536559
     analyze?        1
     use learner?    1
     pattern locked? 1
     call learner?   0
     call reserve?   0
     timer assembly matrix:   0.24315 s
     timer analyze+factorize: 0.47821 s
  PARDISO Solve Phase... Done in 2.53566 ms.
  Solver solve [18]  |residual| = 4.11334e-17
  PARDISO Analysis Phase... Done in 16.7695 ms.
  PARDISO Factorization Phase... Done in 7.55305 ms.
  Solver setup [19] n = 5397  nnz = 536559
     analyze?        1
     use learner?    1
     pattern locked? 1
     call learner?   0
     call reserve?   0
     timer assembly matrix:   0.251673 s
     timer analyze+factorize: 0.502583 s
  PARDISO Solve Phase... Done in 2.5211 ms.
  Solver solve [19]  |residual| = 7.15097e-23
Wall time (loop)     : 0.873807 s
Simulation time      : 0.005000 s
RTF (wall/sim)       : 174.761486

Final avg tip pos    : (4.000000, 1.000000, -0.000045) m
peakRSS=119532kB total=0.90s
