OpenMP enabled (max_threads=16)
Thread settings: nthreads=16 (chrono/collision/eigen)
  analyze_once : no
ANCF 3443 cantilever shell demo
  integration  : ContInt
  solver       : CUSTOM
  res          : 0 (50x50 elements)
  elements     : 2500
  nodes        : 2601
  tip_nodes    : 51
  x_size,y_size: 4, 2 m
  dx, dy       : 0.08, 0.04 m
  thickness    : 0.1 m
  tip_force_z  : -500 N (total, distributed over 51 nodes)
  schedule     : Fz=const for steps 0..4, then Fz=0 for steps 5..9
  dt           : 0.0005 s
  steps        : 10 (t_end=0.005 s)

  CuDSS Analysis Phase... Done in 70.2951 ms.
  CuDSS Factorization Phase... Done in 54.2174 ms.
  Solver setup [0] n = 31467  nnz = 3285129
     analyze?        1
     use learner?    1
     pattern locked? 1
     call learner?   1
     call reserve?   0
     timer assembly matrix:   0.521629 s
     timer analyze+factorize: 0.129232 s
  CuDSS Solve Phase... Done in 4.79264 ms.
  Solver solve [0]  |residual| = 1.76546e-16
  CuDSS Analysis Phase... Done in 64.0445 ms.
  CuDSS Factorization Phase... Done in 42.3028 ms.
  Solver setup [1] n = 31467  nnz = 3285129
     analyze?        1
     use learner?    1
     pattern locked? 1
     call learner?   0
     call reserve?   0
     timer assembly matrix:   0.582744 s
     timer analyze+factorize: 0.239635 s
  CuDSS Solve Phase... Done in 0.810656 ms.
  Solver solve [1]  |residual| = 4.09228e-21
  CuDSS Analysis Phase... Done in 64.9264 ms.
  CuDSS Factorization Phase... Done in 42.2998 ms.
  Solver setup [2] n = 31467  nnz = 3285129
     analyze?        1
     use learner?    1
     pattern locked? 1
     call learner?   0
     call reserve?   0
     timer assembly matrix:   0.637389 s
     timer analyze+factorize: 0.350761 s
  CuDSS Solve Phase... Done in 0.79664 ms.
  Solver solve [2]  |residual| = 2.72422e-16
  CuDSS Analysis Phase... Done in 63.3096 ms.
  CuDSS Factorization Phase... Done in 43.8599 ms.
  Solver setup [3] n = 31467  nnz = 3285129
     analyze?        1
     use learner?    1
     pattern locked? 1
     call learner?   0
     call reserve?   0
     timer assembly matrix:   0.692574 s
     timer analyze+factorize: 0.461947 s
  CuDSS Solve Phase... Done in 0.800192 ms.
  Solver solve [3]  |residual| = 1.17645e-21
  CuDSS Analysis Phase... Done in 64.1602 ms.
  CuDSS Factorization Phase... Done in 42.5333 ms.
  Solver setup [4] n = 31467  nnz = 3285129
     analyze?        1
     use learner?    1
     pattern locked? 1
     call learner?   0
     call reserve?   0
     timer assembly matrix:   0.747896 s
     timer analyze+factorize: 0.572902 s
  CuDSS Solve Phase... Done in 0.806848 ms.
  Solver solve [4]  |residual| = 2.64647e-16
  CuDSS Analysis Phase... Done in 64.8353 ms.
  CuDSS Factorization Phase... Done in 42.9776 ms.
  Solver setup [5] n = 31467  nnz = 3285129
     analyze?        1
     use learner?    1
     pattern locked? 1
     call learner?   0
     call reserve?   0
     timer assembly matrix:   0.80286 s
     timer analyze+factorize: 0.684682 s
  CuDSS Solve Phase... Done in 0.80576 ms.
  Solver solve [5]  |residual| = 7.18973e-22
  CuDSS Analysis Phase... Done in 63.4604 ms.
  CuDSS Factorization Phase... Done in 44.0156 ms.
  Solver setup [6] n = 31467  nnz = 3285129
     analyze?        1
     use learner?    1
     pattern locked? 1
     call learner?   0
     call reserve?   0
     timer assembly matrix:   0.857629 s
     timer analyze+factorize: 0.796174 s
  CuDSS Solve Phase... Done in 0.799616 ms.
  Solver solve [6]  |residual| = 2.72728e-16
  CuDSS Analysis Phase... Done in 65.2792 ms.
  CuDSS Factorization Phase... Done in 42.3562 ms.
  Solver setup [7] n = 31467  nnz = 3285129
     analyze?        1
     use learner?    1
     pattern locked? 1
     call learner?   0
     call reserve?   0
     timer assembly matrix:   0.912379 s
     timer analyze+factorize: 0.907763 s
  CuDSS Solve Phase... Done in 0.813856 ms.
  Solver solve [7]  |residual| = 5.12221e-22
  CuDSS Analysis Phase... Done in 64.1937 ms.
  CuDSS Factorization Phase... Done in 42.8715 ms.
  Solver setup [8] n = 31467  nnz = 3285129
     analyze?        1
     use learner?    1
     pattern locked? 1
     call learner?   0
     call reserve?   0
     timer assembly matrix:   0.968135 s
     timer analyze+factorize: 1.01883 s
  CuDSS Solve Phase... Done in 0.799648 ms.
  Solver solve [8]  |residual| = 2.52553e-16
  CuDSS Analysis Phase... Done in 64.5902 ms.
  CuDSS Factorization Phase... Done in 44.0962 ms.
  Solver setup [9] n = 31467  nnz = 3285129
     analyze?        1
     use learner?    1
     pattern locked? 1
     call learner?   0
     call reserve?   0
     timer assembly matrix:   1.02267 s
     timer analyze+factorize: 1.13146 s
  CuDSS Solve Phase... Done in 0.805344 ms.
  Solver solve [9]  |residual| = 4.11504e-21
  CuDSS Analysis Phase... Done in 64.7937 ms.
  CuDSS Factorization Phase... Done in 43.1171 ms.
  Solver setup [10] n = 31467  nnz = 3285129
     analyze?        1
     use learner?    1
     pattern locked? 1
     call learner?   0
     call reserve?   0
     timer assembly matrix:   1.07731 s
     timer analyze+factorize: 1.24339 s
  CuDSS Solve Phase... Done in 0.86992 ms.
  Solver solve [10]  |residual| = 2.06841e-16
  CuDSS Analysis Phase... Done in 64.8359 ms.
  CuDSS Factorization Phase... Done in 42.7908 ms.
  Solver setup [11] n = 31467  nnz = 3285129
     analyze?        1
     use learner?    1
     pattern locked? 1
     call learner?   0
     call reserve?   0
     timer assembly matrix:   1.13207 s
     timer analyze+factorize: 1.35497 s
  CuDSS Solve Phase... Done in 0.806144 ms.
  Solver solve [11]  |residual| = 1.11947e-21
  CuDSS Analysis Phase... Done in 63.8582 ms.
  CuDSS Factorization Phase... Done in 43.7166 ms.
  Solver setup [12] n = 31467  nnz = 3285129
     analyze?        1
     use learner?    1
     pattern locked? 1
     call learner?   0
     call reserve?   0
     timer assembly matrix:   1.18695 s
     timer analyze+factorize: 1.46654 s
  CuDSS Solve Phase... Done in 0.803968 ms.
  Solver solve [12]  |residual| = 2.10597e-16
  CuDSS Analysis Phase... Done in 64.4791 ms.
  CuDSS Factorization Phase... Done in 43.785 ms.
  Solver setup [13] n = 31467  nnz = 3285129
     analyze?        1
     use learner?    1
     pattern locked? 1
     call learner?   0
     call reserve?   0
     timer assembly matrix:   1.24205 s
     timer analyze+factorize: 1.57908 s
  CuDSS Solve Phase... Done in 0.807424 ms.
  Solver solve [13]  |residual| = 5.96175e-22
  CuDSS Analysis Phase... Done in 64.2562 ms.
  CuDSS Factorization Phase... Done in 42.7001 ms.
  Solver setup [14] n = 31467  nnz = 3285129
     analyze?        1
     use learner?    1
     pattern locked? 1
     call learner?   0
     call reserve?   0
     timer assembly matrix:   1.29637 s
     timer analyze+factorize: 1.68993 s
  CuDSS Solve Phase... Done in 0.795392 ms.
  Solver solve [14]  |residual| = 1.69121e-16
  CuDSS Analysis Phase... Done in 63.4378 ms.
  CuDSS Factorization Phase... Done in 43.7626 ms.
  Solver setup [15] n = 31467  nnz = 3285129
     analyze?        1
     use learner?    1
     pattern locked? 1
     call learner?   0
     call reserve?   0
     timer assembly matrix:   1.354 s
     timer analyze+factorize: 1.8011 s
  CuDSS Solve Phase... Done in 0.804736 ms.
  Solver solve [15]  |residual| = 4.16905e-22
  CuDSS Analysis Phase... Done in 64.1013 ms.
  CuDSS Factorization Phase... Done in 42.4498 ms.
  Solver setup [16] n = 31467  nnz = 3285129
     analyze?        1
     use learner?    1
     pattern locked? 1
     call learner?   0
     call reserve?   0
     timer assembly matrix:   1.40977 s
     timer analyze+factorize: 1.9118 s
  CuDSS Solve Phase... Done in 0.79984 ms.
  Solver solve [16]  |residual| = 1.73182e-16
  CuDSS Analysis Phase... Done in 64.3702 ms.
  CuDSS Factorization Phase... Done in 43.5585 ms.
  Solver setup [17] n = 31467  nnz = 3285129
     analyze?        1
     use learner?    1
     pattern locked? 1
     call learner?   0
     call reserve?   0
     timer assembly matrix:   1.46449 s
     timer analyze+factorize: 2.0237 s
  CuDSS Solve Phase... Done in 0.80608 ms.
  Solver solve [17]  |residual| = 2.9779e-22
  CuDSS Analysis Phase... Done in 63.2917 ms.
  CuDSS Factorization Phase... Done in 43.6158 ms.
  Solver setup [18] n = 31467  nnz = 3285129
     analyze?        1
     use learner?    1
     pattern locked? 1
     call learner?   0
     call reserve?   0
     timer assembly matrix:   1.51925 s
     timer analyze+factorize: 2.13452 s
  CuDSS Solve Phase... Done in 0.808352 ms.
  Solver solve [18]  |residual| = 1.47933e-16
  CuDSS Analysis Phase... Done in 64.1914 ms.
  CuDSS Factorization Phase... Done in 42.5379 ms.
  Solver setup [19] n = 31467  nnz = 3285129
     analyze?        1
     use learner?    1
     pattern locked? 1
     call learner?   0
     call reserve?   0
     timer assembly matrix:   1.57387 s
     timer analyze+factorize: 2.24529 s
  CuDSS Solve Phase... Done in 0.812128 ms.
  Solver solve [19]  |residual| = 2.12018e-22
Wall time (loop)     : 4.225316 s
Simulation time      : 0.005000 s
RTF (wall/sim)       : 845.063182

Final avg tip pos    : (4.000000, 1.000000, -0.000046) m
peakRSS=603244kB total=4.58s
