OpenMP enabled (max_threads=16)
Thread settings: nthreads=16 (chrono/collision/eigen)
  analyze_once : no
ANCF 3443 cantilever shell demo
  integration  : ContInt
  solver       : PARDISO_MKL
  res          : 0 (50x50 elements)
  elements     : 2500
  nodes        : 2601
  tip_nodes    : 51
  x_size,y_size: 4, 2 m
  dx, dy       : 0.08, 0.04 m
  thickness    : 0.1 m
  tip_force_z  : -500 N (total, distributed over 51 nodes)
  schedule     : Fz=const for steps 0..4, then Fz=0 for steps 5..9
  dt           : 0.0005 s
  steps        : 10 (t_end=0.005 s)

  PARDISO Analysis Phase... Done in 118.903 ms.
  PARDISO Factorization Phase... Done in 56.8578 ms.
  Solver setup [0] n = 31467  nnz = 3285129
     analyze?        1
     use learner?    1
     pattern locked? 1
     call learner?   1
     call reserve?   0
     timer assembly matrix:   0.521957 s
     timer analyze+factorize: 0.175869 s
  PARDISO Solve Phase... Done in 40.455 ms.
  Solver solve [0]  |residual| = 1.31925e-16
  PARDISO Analysis Phase... Done in 150.198 ms.
  PARDISO Factorization Phase... Done in 54.263 ms.
  Solver setup [1] n = 31467  nnz = 3285129
     analyze?        1
     use learner?    1
     pattern locked? 1
     call learner?   0
     call reserve?   0
     timer assembly matrix:   0.608214 s
     timer analyze+factorize: 0.380412 s
  PARDISO Solve Phase... Done in 34.0262 ms.
  Solver solve [1]  |residual| = 3.34017e-21
  PARDISO Analysis Phase... Done in 156.107 ms.
  PARDISO Factorization Phase... Done in 55.7891 ms.
  Solver setup [2] n = 31467  nnz = 3285129
     analyze?        1
     use learner?    1
     pattern locked? 1
     call learner?   0
     call reserve?   0
     timer assembly matrix:   0.695171 s
     timer analyze+factorize: 0.592388 s
  PARDISO Solve Phase... Done in 34.1849 ms.
  Solver solve [2]  |residual| = 1.33778e-16
  PARDISO Analysis Phase... Done in 156.081 ms.
  PARDISO Factorization Phase... Done in 56.9304 ms.
  Solver setup [3] n = 31467  nnz = 3285129
     analyze?        1
     use learner?    1
     pattern locked? 1
     call learner?   0
     call reserve?   0
     timer assembly matrix:   0.781627 s
     timer analyze+factorize: 0.805482 s
  PARDISO Solve Phase... Done in 34.4033 ms.
  Solver solve [3]  |residual| = 7.48657e-22
  PARDISO Analysis Phase... Done in 155.403 ms.
  PARDISO Factorization Phase... Done in 55.5669 ms.
  Solver setup [4] n = 31467  nnz = 3285129
     analyze?        1
     use learner?    1
     pattern locked? 1
     call learner?   0
     call reserve?   0
     timer assembly matrix:   0.867928 s
     timer analyze+factorize: 1.01653 s
  PARDISO Solve Phase... Done in 34.9118 ms.
  Solver solve [4]  |residual| = 1.74402e-16
  PARDISO Analysis Phase... Done in 156.022 ms.
  PARDISO Factorization Phase... Done in 55.727 ms.
  Solver setup [5] n = 31467  nnz = 3285129
     analyze?        1
     use learner?    1
     pattern locked? 1
     call learner?   0
     call reserve?   0
     timer assembly matrix:   0.955968 s
     timer analyze+factorize: 1.22836 s
  PARDISO Solve Phase... Done in 34.3598 ms.
  Solver solve [5]  |residual| = 4.10416e-22
  PARDISO Analysis Phase... Done in 160.559 ms.
  PARDISO Factorization Phase... Done in 85.8805 ms.
  Solver setup [6] n = 31467  nnz = 3285129
     analyze?        1
     use learner?    1
     pattern locked? 1
     call learner?   0
     call reserve?   0
     timer assembly matrix:   1.04261 s
     timer analyze+factorize: 1.4749 s
  PARDISO Solve Phase... Done in 64.0914 ms.
  Solver solve [6]  |residual| = 1.71668e-16
  PARDISO Analysis Phase... Done in 168.255 ms.
  PARDISO Factorization Phase... Done in 68.0712 ms.
  Solver setup [7] n = 31467  nnz = 3285129
     analyze?        1
     use learner?    1
     pattern locked? 1
     call learner?   0
     call reserve?   0
     timer assembly matrix:   1.12944 s
     timer analyze+factorize: 1.71133 s
  PARDISO Solve Phase... Done in 47.7926 ms.
  Solver solve [7]  |residual| = 3.01373e-22
  PARDISO Analysis Phase... Done in 157.134 ms.
  PARDISO Factorization Phase... Done in 56.8355 ms.
  Solver setup [8] n = 31467  nnz = 3285129
     analyze?        1
     use learner?    1
     pattern locked? 1
     call learner?   0
     call reserve?   0
     timer assembly matrix:   1.22267 s
     timer analyze+factorize: 1.92539 s
  PARDISO Solve Phase... Done in 34.5376 ms.
  Solver solve [8]  |residual| = 1.68626e-16
  PARDISO Analysis Phase... Done in 155.341 ms.
  PARDISO Factorization Phase... Done in 55.7089 ms.
  Solver setup [9] n = 31467  nnz = 3285129
     analyze?        1
     use learner?    1
     pattern locked? 1
     call learner?   0
     call reserve?   0
     timer assembly matrix:   1.31003 s
     timer analyze+factorize: 2.13653 s
  PARDISO Solve Phase... Done in 34.5743 ms.
  Solver solve [9]  |residual| = 2.79566e-21
  PARDISO Analysis Phase... Done in 158.749 ms.
  PARDISO Factorization Phase... Done in 53.7384 ms.
  Solver setup [10] n = 31467  nnz = 3285129
     analyze?        1
     use learner?    1
     pattern locked? 1
     call learner?   0
     call reserve?   0
     timer assembly matrix:   1.39734 s
     timer analyze+factorize: 2.3491 s
  PARDISO Solve Phase... Done in 34.4497 ms.
  Solver solve [10]  |residual| = 1.34004e-16
  PARDISO Analysis Phase... Done in 156.177 ms.
  PARDISO Factorization Phase... Done in 55.6213 ms.
  Solver setup [11] n = 31467  nnz = 3285129
     analyze?        1
     use learner?    1
     pattern locked? 1
     call learner?   0
     call reserve?   0
     timer assembly matrix:   1.48385 s
     timer analyze+factorize: 2.56099 s
  PARDISO Solve Phase... Done in 34.8609 ms.
  Solver solve [11]  |residual| = 6.92851e-22
  PARDISO Analysis Phase... Done in 179.248 ms.
  PARDISO Factorization Phase... Done in 60.1321 ms.
  Solver setup [12] n = 31467  nnz = 3285129
     analyze?        1
     use learner?    1
     pattern locked? 1
     call learner?   0
     call reserve?   0
     timer assembly matrix:   1.57059 s
     timer analyze+factorize: 2.80045 s
  PARDISO Solve Phase... Done in 34.3109 ms.
  Solver solve [12]  |residual| = 1.25695e-16
  PARDISO Analysis Phase... Done in 143.252 ms.
  PARDISO Factorization Phase... Done in 55.8854 ms.
  Solver setup [13] n = 31467  nnz = 3285129
     analyze?        1
     use learner?    1
     pattern locked? 1
     call learner?   0
     call reserve?   0
     timer assembly matrix:   1.63807 s
     timer analyze+factorize: 2.99966 s
  PARDISO Solve Phase... Done in 27.5199 ms.
  Solver solve [13]  |residual| = 3.59168e-22
  PARDISO Analysis Phase... Done in 103.255 ms.
  PARDISO Factorization Phase... Done in 53.9984 ms.
  Solver setup [14] n = 31467  nnz = 3285129
     analyze?        1
     use learner?    1
     pattern locked? 1
     call learner?   0
     call reserve?   0
     timer assembly matrix:   1.6924 s
     timer analyze+factorize: 3.15697 s
  PARDISO Solve Phase... Done in 27.3089 ms.
  Solver solve [14]  |residual| = 1.06704e-16
  PARDISO Analysis Phase... Done in 101.751 ms.
  PARDISO Factorization Phase... Done in 53.1115 ms.
  Solver setup [15] n = 31467  nnz = 3285129
     analyze?        1
     use learner?    1
     pattern locked? 1
     call learner?   0
     call reserve?   0
     timer assembly matrix:   1.74705 s
     timer analyze+factorize: 3.31189 s
  PARDISO Solve Phase... Done in 27.0021 ms.
  Solver solve [15]  |residual| = 2.41646e-22
  PARDISO Analysis Phase... Done in 101.847 ms.
  PARDISO Factorization Phase... Done in 54.7229 ms.
  Solver setup [16] n = 31467  nnz = 3285129
     analyze?        1
     use learner?    1
     pattern locked? 1
     call learner?   0
     call reserve?   0
     timer assembly matrix:   1.80133 s
     timer analyze+factorize: 3.46851 s
  PARDISO Solve Phase... Done in 26.8975 ms.
  Solver solve [16]  |residual| = 9.81999e-17
  PARDISO Analysis Phase... Done in 102.169 ms.
  PARDISO Factorization Phase... Done in 53.8884 ms.
  Solver setup [17] n = 31467  nnz = 3285129
     analyze?        1
     use learner?    1
     pattern locked? 1
     call learner?   0
     call reserve?   0
     timer assembly matrix:   1.8559 s
     timer analyze+factorize: 3.62462 s
  PARDISO Solve Phase... Done in 28.0207 ms.
  Solver solve [17]  |residual| = 1.66107e-22
  PARDISO Analysis Phase... Done in 102.828 ms.
  PARDISO Factorization Phase... Done in 54.6393 ms.
  Solver setup [18] n = 31467  nnz = 3285129
     analyze?        1
     use learner?    1
     pattern locked? 1
     call learner?   0
     call reserve?   0
     timer assembly matrix:   1.91017 s
     timer analyze+factorize: 3.78215 s
  PARDISO Solve Phase... Done in 27.0128 ms.
  Solver solve [18]  |residual| = 8.75786e-17
  PARDISO Analysis Phase... Done in 100.998 ms.
  PARDISO Factorization Phase... Done in 55.6911 ms.
  Solver setup [19] n = 31467  nnz = 3285129
     analyze?        1
     use learner?    1
     pattern locked? 1
     call learner?   0
     call reserve?   0
     timer assembly matrix:   1.96467 s
     timer analyze+factorize: 3.93889 s
  PARDISO Solve Phase... Done in 27.1179 ms.
  Solver solve [19]  |residual| = 1.26001e-22
Wall time (loop)     : 7.009670 s
Simulation time      : 0.005000 s
RTF (wall/sim)       : 1401.934058

Final avg tip pos    : (4.000000, 1.000000, -0.000046) m
peakRSS=585656kB total=7.18s
