OpenMP enabled (max_threads=16)
Thread settings: nthreads=16 (chrono/collision/eigen)
ANCF 3443 cantilever shell demo
  integration  : PreInt
  solver       : CUSTOM
  res          : 0 (10x10 elements)
  elements     : 100
  nodes        : 121
  tip_nodes    : 11
  x_size,y_size: 4, 2 m
  dx, dy       : 0.4, 0.2 m
  thickness    : 0.1 m
  tip_force_z  : -500 N (total, distributed over 11 nodes)
  schedule     : Fz=const for steps 0..4, then Fz=0 for steps 5..9
  dt           : 0.0005 s
  steps        : 10 (t_end=0.005 s)

  CuDSS Analysis Phase... Done in 15.035 ms.
  CuDSS Factorization Phase... Done in 9.44806 ms.
  Solver setup [0] n = 1507  nnz = 138769
     analyze?        1
     use learner?    1
     pattern locked? 1
     call learner?   1
     call reserve?   0
     timer assembly matrix:   0.0196614 s
     timer analyze+factorize: 0.0248356 s
  CuDSS Solve Phase... Done in 1.44787 ms.
  Solver solve [0]  |residual| = 6.81074e-17
  CuDSS Analysis Phase... Done in 10.8237 ms.
  CuDSS Factorization Phase... Done in 1.57002 ms.
  Solver setup [1] n = 1507  nnz = 138769
     analyze?        1
     use learner?    1
     pattern locked? 1
     call learner?   0
     call reserve?   0
     timer assembly matrix:   0.0228409 s
     timer analyze+factorize: 0.0374782 s
  CuDSS Solve Phase... Done in 0.164128 ms.
  Solver solve [1]  |residual| = 2.55696e-21
  CuDSS Analysis Phase... Done in 10.5355 ms.
  CuDSS Factorization Phase... Done in 1.61901 ms.
  Solver setup [2] n = 1507  nnz = 138769
     analyze?        1
     use learner?    1
     pattern locked? 1
     call learner?   0
     call reserve?   0
     timer assembly matrix:   0.0260066 s
     timer analyze+factorize: 0.0498831 s
  CuDSS Solve Phase... Done in 0.164864 ms.
  Solver solve [2]  |residual| = 6.07661e-22
  CuDSS Analysis Phase... Done in 10.9231 ms.
  CuDSS Factorization Phase... Done in 1.68234 ms.
  Solver setup [3] n = 1507  nnz = 138769
     analyze?        1
     use learner?    1
     pattern locked? 1
     call learner?   0
     call reserve?   0
     timer assembly matrix:   0.0291378 s
     timer analyze+factorize: 0.0628103 s
  CuDSS Solve Phase... Done in 0.175232 ms.
  Solver solve [3]  |residual| = 6.69383e-22
  CuDSS Analysis Phase... Done in 11.2805 ms.
  CuDSS Factorization Phase... Done in 1.77635 ms.
  Solver setup [4] n = 1507  nnz = 138769
     analyze?        1
     use learner?    1
     pattern locked? 1
     call learner?   0
     call reserve?   0
     timer assembly matrix:   0.0322784 s
     timer analyze+factorize: 0.0761991 s
  CuDSS Solve Phase... Done in 0.175232 ms.
  Solver solve [4]  |residual| = 7.71118e-17
  CuDSS Analysis Phase... Done in 11.2365 ms.
  CuDSS Factorization Phase... Done in 1.6825 ms.
  Solver setup [5] n = 1507  nnz = 138769
     analyze?        1
     use learner?    1
     pattern locked? 1
     call learner?   0
     call reserve?   0
     timer assembly matrix:   0.0353923 s
     timer analyze+factorize: 0.0893705 s
  CuDSS Solve Phase... Done in 0.175104 ms.
  Solver solve [5]  |residual| = 5.54992e-22
  CuDSS Analysis Phase... Done in 11.231 ms.
  CuDSS Factorization Phase... Done in 1.73014 ms.
  Solver setup [6] n = 1507  nnz = 138769
     analyze?        1
     use learner?    1
     pattern locked? 1
     call learner?   0
     call reserve?   0
     timer assembly matrix:   0.0385274 s
     timer analyze+factorize: 0.102583 s
  CuDSS Solve Phase... Done in 0.176928 ms.
  Solver solve [6]  |residual| = 1.71813e-22
  CuDSS Analysis Phase... Done in 11.2276 ms.
  CuDSS Factorization Phase... Done in 1.68166 ms.
  Solver setup [7] n = 1507  nnz = 138769
     analyze?        1
     use learner?    1
     pattern locked? 1
     call learner?   0
     call reserve?   0
     timer assembly matrix:   0.0416357 s
     timer analyze+factorize: 0.115741 s
  CuDSS Solve Phase... Done in 0.176256 ms.
  Solver solve [7]  |residual| = 2.60282e-22
  CuDSS Analysis Phase... Done in 11.2446 ms.
  CuDSS Factorization Phase... Done in 1.68042 ms.
  Solver setup [8] n = 1507  nnz = 138769
     analyze?        1
     use learner?    1
     pattern locked? 1
     call learner?   0
     call reserve?   0
     timer assembly matrix:   0.0447723 s
     timer analyze+factorize: 0.128915 s
  CuDSS Solve Phase... Done in 0.175008 ms.
  Solver solve [8]  |residual| = 4.78358e-17
  CuDSS Analysis Phase... Done in 11.3298 ms.
  CuDSS Factorization Phase... Done in 1.69917 ms.
  Solver setup [9] n = 1507  nnz = 138769
     analyze?        1
     use learner?    1
     pattern locked? 1
     call learner?   0
     call reserve?   0
     timer assembly matrix:   0.0478937 s
     timer analyze+factorize: 0.142197 s
  CuDSS Solve Phase... Done in 0.176128 ms.
  Solver solve [9]  |residual| = 4.02538e-22
  CuDSS Analysis Phase... Done in 11.2576 ms.
  CuDSS Factorization Phase... Done in 1.68704 ms.
  Solver setup [10] n = 1507  nnz = 138769
     analyze?        1
     use learner?    1
     pattern locked? 1
     call learner?   0
     call reserve?   0
     timer assembly matrix:   0.0510487 s
     timer analyze+factorize: 0.155403 s
  CuDSS Solve Phase... Done in 0.177152 ms.
  Solver solve [10]  |residual| = 3.11348e-22
  CuDSS Analysis Phase... Done in 11.2364 ms.
  CuDSS Factorization Phase... Done in 1.71795 ms.
  Solver setup [11] n = 1507  nnz = 138769
     analyze?        1
     use learner?    1
     pattern locked? 1
     call learner?   0
     call reserve?   0
     timer assembly matrix:   0.0541978 s
     timer analyze+factorize: 0.168608 s
  CuDSS Solve Phase... Done in 0.176128 ms.
  Solver solve [11]  |residual| = 5.96468e-22
  CuDSS Analysis Phase... Done in 11.2354 ms.
  CuDSS Factorization Phase... Done in 1.76038 ms.
  Solver setup [12] n = 1507  nnz = 138769
     analyze?        1
     use learner?    1
     pattern locked? 1
     call learner?   0
     call reserve?   0
     timer assembly matrix:   0.0573475 s
     timer analyze+factorize: 0.181934 s
  CuDSS Solve Phase... Done in 0.1752 ms.
  Solver solve [12]  |residual| = 5.13128e-17
  CuDSS Analysis Phase... Done in 10.5082 ms.
  CuDSS Factorization Phase... Done in 1.60314 ms.
  Solver setup [13] n = 1507  nnz = 138769
     analyze?        1
     use learner?    1
     pattern locked? 1
     call learner?   0
     call reserve?   0
     timer assembly matrix:   0.0604879 s
     timer analyze+factorize: 0.194297 s
  CuDSS Solve Phase... Done in 0.164928 ms.
  Solver solve [13]  |residual| = 3.64039e-22
  CuDSS Analysis Phase... Done in 10.5143 ms.
  CuDSS Factorization Phase... Done in 1.60774 ms.
  Solver setup [14] n = 1507  nnz = 138769
     analyze?        1
     use learner?    1
     pattern locked? 1
     call learner?   0
     call reserve?   0
     timer assembly matrix:   0.0636263 s
     timer analyze+factorize: 0.206669 s
  CuDSS Solve Phase... Done in 0.165056 ms.
  Solver solve [14]  |residual| = 5.67485e-22
  CuDSS Analysis Phase... Done in 10.4989 ms.
  CuDSS Factorization Phase... Done in 1.58317 ms.
  Solver setup [15] n = 1507  nnz = 138769
     analyze?        1
     use learner?    1
     pattern locked? 1
     call learner?   0
     call reserve?   0
     timer assembly matrix:   0.06679 s
     timer analyze+factorize: 0.219 s
  CuDSS Solve Phase... Done in 0.164928 ms.
  Solver solve [15]  |residual| = 3.45379e-22
  CuDSS Analysis Phase... Done in 10.495 ms.
  CuDSS Factorization Phase... Done in 1.56656 ms.
  Solver setup [16] n = 1507  nnz = 138769
     analyze?        1
     use learner?    1
     pattern locked? 1
     call learner?   0
     call reserve?   0
     timer assembly matrix:   0.0699273 s
     timer analyze+factorize: 0.23131 s
  CuDSS Solve Phase... Done in 0.164832 ms.
  Solver solve [16]  |residual| = 1.12953e-16
  CuDSS Analysis Phase... Done in 10.4969 ms.
  CuDSS Factorization Phase... Done in 1.56211 ms.
  Solver setup [17] n = 1507  nnz = 138769
     analyze?        1
     use learner?    1
     pattern locked? 1
     call learner?   0
     call reserve?   0
     timer assembly matrix:   0.0730551 s
     timer analyze+factorize: 0.243619 s
  CuDSS Solve Phase... Done in 0.168768 ms.
  Solver solve [17]  |residual| = 2.80547e-21
  CuDSS Analysis Phase... Done in 10.5069 ms.
  CuDSS Factorization Phase... Done in 1.54602 ms.
  Solver setup [18] n = 1507  nnz = 138769
     analyze?        1
     use learner?    1
     pattern locked? 1
     call learner?   0
     call reserve?   0
     timer assembly matrix:   0.0761751 s
     timer analyze+factorize: 0.255922 s
  CuDSS Solve Phase... Done in 0.164864 ms.
  Solver solve [18]  |residual| = 4.16048e-22
  CuDSS Analysis Phase... Done in 10.5095 ms.
  CuDSS Factorization Phase... Done in 1.60237 ms.
  Solver setup [19] n = 1507  nnz = 138769
     analyze?        1
     use learner?    1
     pattern locked? 1
     call learner?   0
     call reserve?   0
     timer assembly matrix:   0.0793109 s
     timer analyze+factorize: 0.268282 s
  CuDSS Solve Phase... Done in 0.165888 ms.
  Solver solve [19]  |residual| = 4.20115e-22
  CuDSS Analysis Phase... Done in 10.5072 ms.
  CuDSS Factorization Phase... Done in 1.61782 ms.
  Solver setup [20] n = 1507  nnz = 138769
     analyze?        1
     use learner?    1
     pattern locked? 1
     call learner?   0
     call reserve?   0
     timer assembly matrix:   0.0824416 s
     timer analyze+factorize: 0.280655 s
  CuDSS Solve Phase... Done in 0.164576 ms.
  Solver solve [20]  |residual| = 8.14527e-17
  CuDSS Analysis Phase... Done in 10.524 ms.
  CuDSS Factorization Phase... Done in 1.61616 ms.
  Solver setup [21] n = 1507  nnz = 138769
     analyze?        1
     use learner?    1
     pattern locked? 1
     call learner?   0
     call reserve?   0
     timer assembly matrix:   0.0855688 s
     timer analyze+factorize: 0.293042 s
  CuDSS Solve Phase... Done in 0.164864 ms.
  Solver solve [21]  |residual| = 1.21036e-21
  CuDSS Analysis Phase... Done in 10.487 ms.
  CuDSS Factorization Phase... Done in 1.59469 ms.
  Solver setup [22] n = 1507  nnz = 138769
     analyze?        1
     use learner?    1
     pattern locked? 1
     call learner?   0
     call reserve?   0
     timer assembly matrix:   0.0887013 s
     timer analyze+factorize: 0.305378 s
  CuDSS Solve Phase... Done in 0.16592 ms.
  Solver solve [22]  |residual| = 4.25471e-22
  CuDSS Analysis Phase... Done in 10.5018 ms.
  CuDSS Factorization Phase... Done in 1.58586 ms.
  Solver setup [23] n = 1507  nnz = 138769
     analyze?        1
     use learner?    1
     pattern locked? 1
     call learner?   0
     call reserve?   0
     timer assembly matrix:   0.0918493 s
     timer analyze+factorize: 0.317715 s
  CuDSS Solve Phase... Done in 0.16384 ms.
  Solver solve [23]  |residual| = 4.04736e-22
  CuDSS Analysis Phase... Done in 10.515 ms.
  CuDSS Factorization Phase... Done in 1.58237 ms.
  Solver setup [24] n = 1507  nnz = 138769
     analyze?        1
     use learner?    1
     pattern locked? 1
     call learner?   0
     call reserve?   0
     timer assembly matrix:   0.0949859 s
     timer analyze+factorize: 0.330064 s
  CuDSS Solve Phase... Done in 0.163232 ms.
  Solver solve [24]  |residual| = 5.08267e-17
  CuDSS Analysis Phase... Done in 10.4975 ms.
  CuDSS Factorization Phase... Done in 1.55293 ms.
  Solver setup [25] n = 1507  nnz = 138769
     analyze?        1
     use learner?    1
     pattern locked? 1
     call learner?   0
     call reserve?   0
     timer assembly matrix:   0.098106 s
     timer analyze+factorize: 0.34236 s
  CuDSS Solve Phase... Done in 0.16384 ms.
  Solver solve [25]  |residual| = 1.17331e-21
  CuDSS Analysis Phase... Done in 10.4918 ms.
  CuDSS Factorization Phase... Done in 1.5713 ms.
  Solver setup [26] n = 1507  nnz = 138769
     analyze?        1
     use learner?    1
     pattern locked? 1
     call learner?   0
     call reserve?   0
     timer assembly matrix:   0.101236 s
     timer analyze+factorize: 0.354674 s
  CuDSS Solve Phase... Done in 0.16464 ms.
  Solver solve [26]  |residual| = 2.70354e-22
  CuDSS Analysis Phase... Done in 10.8686 ms.
  CuDSS Factorization Phase... Done in 1.5825 ms.
  Solver setup [27] n = 1507  nnz = 138769
     analyze?        1
     use learner?    1
     pattern locked? 1
     call learner?   0
     call reserve?   0
     timer assembly matrix:   0.104361 s
     timer analyze+factorize: 0.367374 s
  CuDSS Solve Phase... Done in 0.1648 ms.
  Solver solve [27]  |residual| = 2.18134e-22
  CuDSS Analysis Phase... Done in 10.9701 ms.
  CuDSS Factorization Phase... Done in 1.5823 ms.
  Solver setup [28] n = 1507  nnz = 138769
     analyze?        1
     use learner?    1
     pattern locked? 1
     call learner?   0
     call reserve?   0
     timer assembly matrix:   0.107492 s
     timer analyze+factorize: 0.380247 s
  CuDSS Solve Phase... Done in 0.16496 ms.
  Solver solve [28]  |residual| = 3.00004e-17
  CuDSS Analysis Phase... Done in 10.9027 ms.
  CuDSS Factorization Phase... Done in 1.62099 ms.
  Solver setup [29] n = 1507  nnz = 138769
     analyze?        1
     use learner?    1
     pattern locked? 1
     call learner?   0
     call reserve?   0
     timer assembly matrix:   0.110628 s
     timer analyze+factorize: 0.393244 s
  CuDSS Solve Phase... Done in 0.166912 ms.
  Solver solve [29]  |residual| = 2.42938e-21
  CuDSS Analysis Phase... Done in 10.488 ms.
  CuDSS Factorization Phase... Done in 1.58832 ms.
  Solver setup [30] n = 1507  nnz = 138769
     analyze?        1
     use learner?    1
     pattern locked? 1
     call learner?   0
     call reserve?   0
     timer assembly matrix:   0.113753 s
     timer analyze+factorize: 0.405646 s
  CuDSS Solve Phase... Done in 0.163904 ms.
  Solver solve [30]  |residual| = 4.02942e-22
  CuDSS Analysis Phase... Done in 10.4993 ms.
  CuDSS Factorization Phase... Done in 1.63856 ms.
  Solver setup [31] n = 1507  nnz = 138769
     analyze?        1
     use learner?    1
     pattern locked? 1
     call learner?   0
     call reserve?   0
     timer assembly matrix:   0.116875 s
     timer analyze+factorize: 0.418042 s
  CuDSS Solve Phase... Done in 0.164064 ms.
  Solver solve [31]  |residual| = 3.90181e-22
  CuDSS Analysis Phase... Done in 10.5035 ms.
  CuDSS Factorization Phase... Done in 1.59443 ms.
  Solver setup [32] n = 1507  nnz = 138769
     analyze?        1
     use learner?    1
     pattern locked? 1
     call learner?   0
     call reserve?   0
     timer assembly matrix:   0.119997 s
     timer analyze+factorize: 0.430387 s
  CuDSS Solve Phase... Done in 0.164864 ms.
  Solver solve [32]  |residual| = 2.74336e-17
  CuDSS Analysis Phase... Done in 10.4951 ms.
  CuDSS Factorization Phase... Done in 1.5687 ms.
  Solver setup [33] n = 1507  nnz = 138769
     analyze?        1
     use learner?    1
     pattern locked? 1
     call learner?   0
     call reserve?   0
     timer assembly matrix:   0.123121 s
     timer analyze+factorize: 0.4427 s
  CuDSS Solve Phase... Done in 0.163104 ms.
  Solver solve [33]  |residual| = 8.13614e-21
  CuDSS Analysis Phase... Done in 10.4907 ms.
  CuDSS Factorization Phase... Done in 1.6047 ms.
  Solver setup [34] n = 1507  nnz = 138769
     analyze?        1
     use learner?    1
     pattern locked? 1
     call learner?   0
     call reserve?   0
     timer assembly matrix:   0.126234 s
     timer analyze+factorize: 0.455043 s
  CuDSS Solve Phase... Done in 0.164064 ms.
  Solver solve [34]  |residual| = 2.74544e-22
  CuDSS Analysis Phase... Done in 10.5068 ms.
  CuDSS Factorization Phase... Done in 1.55235 ms.
  Solver setup [35] n = 1507  nnz = 138769
     analyze?        1
     use learner?    1
     pattern locked? 1
     call learner?   0
     call reserve?   0
     timer assembly matrix:   0.129366 s
     timer analyze+factorize: 0.46735 s
  CuDSS Solve Phase... Done in 0.164032 ms.
  Solver solve [35]  |residual| = 2.53506e-22
  CuDSS Analysis Phase... Done in 10.5203 ms.
  CuDSS Factorization Phase... Done in 1.61862 ms.
  Solver setup [36] n = 1507  nnz = 138769
     analyze?        1
     use learner?    1
     pattern locked? 1
     call learner?   0
     call reserve?   0
     timer assembly matrix:   0.132503 s
     timer analyze+factorize: 0.479741 s
  CuDSS Solve Phase... Done in 0.165888 ms.
  Solver solve [36]  |residual| = 3.29312e-17
  CuDSS Analysis Phase... Done in 10.5076 ms.
  CuDSS Factorization Phase... Done in 1.56739 ms.
  Solver setup [37] n = 1507  nnz = 138769
     analyze?        1
     use learner?    1
     pattern locked? 1
     call learner?   0
     call reserve?   0
     timer assembly matrix:   0.135638 s
     timer analyze+factorize: 0.492073 s
  CuDSS Solve Phase... Done in 0.16368 ms.
  Solver solve [37]  |residual| = 1.07599e-20
  CuDSS Analysis Phase... Done in 11.3682 ms.
  CuDSS Factorization Phase... Done in 1.5967 ms.
  Solver setup [38] n = 1507  nnz = 138769
     analyze?        1
     use learner?    1
     pattern locked? 1
     call learner?   0
     call reserve?   0
     timer assembly matrix:   0.138771 s
     timer analyze+factorize: 0.505286 s
  CuDSS Solve Phase... Done in 0.164864 ms.
  Solver solve [38]  |residual| = 1.73346e-22
  CuDSS Analysis Phase... Done in 10.4925 ms.
  CuDSS Factorization Phase... Done in 1.57648 ms.
  Solver setup [39] n = 1507  nnz = 138769
     analyze?        1
     use learner?    1
     pattern locked? 1
     call learner?   0
     call reserve?   0
     timer assembly matrix:   0.141879 s
     timer analyze+factorize: 0.517676 s
  CuDSS Solve Phase... Done in 0.164576 ms.
  Solver solve [39]  |residual| = 4.0826e-22
Wall time (loop)     : 0.851824 s
Simulation time      : 0.005000 s
RTF (wall/sim)       : 170.364725

Final avg tip pos    : (4.000000, 1.000000, -0.000043) m
peakRSS=490692kB total=1.42s
