OpenMP enabled (max_threads=16)
Thread settings: nthreads=16 (chrono/collision/eigen)
ANCF 3443 cantilever shell demo
  integration  : PreInt
  solver       : PARDISO_MKL
  res          : 0 (10x10 elements)
  elements     : 100
  nodes        : 121
  tip_nodes    : 11
  x_size,y_size: 4, 2 m
  dx, dy       : 0.4, 0.2 m
  thickness    : 0.1 m
  tip_force_z  : -500 N (total, distributed over 11 nodes)
  schedule     : Fz=const for steps 0..4, then Fz=0 for steps 5..9
  dt           : 0.0005 s
  steps        : 10 (t_end=0.005 s)

  PARDISO Analysis Phase... Done in 9.21576 ms.
  PARDISO Factorization Phase... Done in 3.10339 ms.
  Solver setup [0] n = 1507  nnz = 138769
     analyze?        1
     use learner?    1
     pattern locked? 1
     call learner?   1
     call reserve?   0
     timer assembly matrix:   0.0193999 s
     timer analyze+factorize: 0.0124024 s
  PARDISO Solve Phase... Done in 1.24619 ms.
  Solver solve [0]  |residual| = 5.89459e-17
  PARDISO Analysis Phase... Done in 4.24137 ms.
  PARDISO Factorization Phase... Done in 1.77533 ms.
  Solver setup [1] n = 1507  nnz = 138769
     analyze?        1
     use learner?    1
     pattern locked? 1
     call learner?   0
     call reserve?   0
     timer assembly matrix:   0.0214761 s
     timer analyze+factorize: 0.0184526 s
  PARDISO Solve Phase... Done in 0.593848 ms.
  Solver solve [1]  |residual| = 2.88409e-21
  PARDISO Analysis Phase... Done in 4.36612 ms.
  PARDISO Factorization Phase... Done in 1.65318 ms.
  Solver setup [2] n = 1507  nnz = 138769
     analyze?        1
     use learner?    1
     pattern locked? 1
     call learner?   0
     call reserve?   0
     timer assembly matrix:   0.0234705 s
     timer analyze+factorize: 0.0244968 s
  PARDISO Solve Phase... Done in 0.612846 ms.
  Solver solve [2]  |residual| = 5.34904e-23
  PARDISO Analysis Phase... Done in 4.34428 ms.
  PARDISO Factorization Phase... Done in 1.54815 ms.
  Solver setup [3] n = 1507  nnz = 138769
     analyze?        1
     use learner?    1
     pattern locked? 1
     call learner?   0
     call reserve?   0
     timer assembly matrix:   0.0254674 s
     timer analyze+factorize: 0.0304126 s
  PARDISO Solve Phase... Done in 0.581275 ms.
  Solver solve [3]  |residual| = 1.13763e-22
  PARDISO Analysis Phase... Done in 4.39448 ms.
  PARDISO Factorization Phase... Done in 1.58258 ms.
  Solver setup [4] n = 1507  nnz = 138769
     analyze?        1
     use learner?    1
     pattern locked? 1
     call learner?   0
     call reserve?   0
     timer assembly matrix:   0.0274492 s
     timer analyze+factorize: 0.0364145 s
  PARDISO Solve Phase... Done in 0.585954 ms.
  Solver solve [4]  |residual| = 4.20453e-17
  PARDISO Analysis Phase... Done in 4.39432 ms.
  PARDISO Factorization Phase... Done in 1.68734 ms.
  Solver setup [5] n = 1507  nnz = 138769
     analyze?        1
     use learner?    1
     pattern locked? 1
     call learner?   0
     call reserve?   0
     timer assembly matrix:   0.029441 s
     timer analyze+factorize: 0.0425172 s
  PARDISO Solve Phase... Done in 0.584673 ms.
  Solver solve [5]  |residual| = 4.18302e-22
  PARDISO Analysis Phase... Done in 4.40397 ms.
  PARDISO Factorization Phase... Done in 1.55416 ms.
  Solver setup [6] n = 1507  nnz = 138769
     analyze?        1
     use learner?    1
     pattern locked? 1
     call learner?   0
     call reserve?   0
     timer assembly matrix:   0.031432 s
     timer analyze+factorize: 0.0485 s
  PARDISO Solve Phase... Done in 0.592274 ms.
  Solver solve [6]  |residual| = 6.34793e-23
  PARDISO Analysis Phase... Done in 4.37072 ms.
  PARDISO Factorization Phase... Done in 1.64112 ms.
  Solver setup [7] n = 1507  nnz = 138769
     analyze?        1
     use learner?    1
     pattern locked? 1
     call learner?   0
     call reserve?   0
     timer assembly matrix:   0.0334272 s
     timer analyze+factorize: 0.0545344 s
  PARDISO Solve Phase... Done in 0.575511 ms.
  Solver solve [7]  |residual| = 8.15191e-23
  PARDISO Analysis Phase... Done in 4.3557 ms.
  PARDISO Factorization Phase... Done in 1.68779 ms.
  Solver setup [8] n = 1507  nnz = 138769
     analyze?        1
     use learner?    1
     pattern locked? 1
     call learner?   0
     call reserve?   0
     timer assembly matrix:   0.0354236 s
     timer analyze+factorize: 0.0605998 s
  PARDISO Solve Phase... Done in 0.611501 ms.
  Solver solve [8]  |residual| = 4.02194e-17
  PARDISO Analysis Phase... Done in 4.42955 ms.
  PARDISO Factorization Phase... Done in 1.67215 ms.
  Solver setup [9] n = 1507  nnz = 138769
     analyze?        1
     use learner?    1
     pattern locked? 1
     call learner?   0
     call reserve?   0
     timer assembly matrix:   0.0374042 s
     timer analyze+factorize: 0.0667258 s
  PARDISO Solve Phase... Done in 0.583112 ms.
  Solver solve [9]  |residual| = 2.30462e-22
  PARDISO Analysis Phase... Done in 4.38044 ms.
  PARDISO Factorization Phase... Done in 1.97718 ms.
  Solver setup [10] n = 1507  nnz = 138769
     analyze?        1
     use learner?    1
     pattern locked? 1
     call learner?   0
     call reserve?   0
     timer assembly matrix:   0.0393785 s
     timer analyze+factorize: 0.0731064 s
  PARDISO Solve Phase... Done in 0.586424 ms.
  Solver solve [10]  |residual| = 6.14393e-23
  PARDISO Analysis Phase... Done in 4.38971 ms.
  PARDISO Factorization Phase... Done in 1.83349 ms.
  Solver setup [11] n = 1507  nnz = 138769
     analyze?        1
     use learner?    1
     pattern locked? 1
     call learner?   0
     call reserve?   0
     timer assembly matrix:   0.0413874 s
     timer analyze+factorize: 0.079354 s
  PARDISO Solve Phase... Done in 0.593839 ms.
  Solver solve [11]  |residual| = 6.6806e-23
  PARDISO Analysis Phase... Done in 4.42971 ms.
  PARDISO Factorization Phase... Done in 1.66121 ms.
  Solver setup [12] n = 1507  nnz = 138769
     analyze?        1
     use learner?    1
     pattern locked? 1
     call learner?   0
     call reserve?   0
     timer assembly matrix:   0.043389 s
     timer analyze+factorize: 0.0854686 s
  PARDISO Solve Phase... Done in 0.584883 ms.
  Solver solve [12]  |residual| = 2.66076e-17
  PARDISO Analysis Phase... Done in 4.43078 ms.
  PARDISO Factorization Phase... Done in 1.98513 ms.
  Solver setup [13] n = 1507  nnz = 138769
     analyze?        1
     use learner?    1
     pattern locked? 1
     call learner?   0
     call reserve?   0
     timer assembly matrix:   0.0453937 s
     timer analyze+factorize: 0.0919087 s
  PARDISO Solve Phase... Done in 0.588657 ms.
  Solver solve [13]  |residual| = 1.1662e-22
  PARDISO Analysis Phase... Done in 4.38573 ms.
  PARDISO Factorization Phase... Done in 1.64259 ms.
  Solver setup [14] n = 1507  nnz = 138769
     analyze?        1
     use learner?    1
     pattern locked? 1
     call learner?   0
     call reserve?   0
     timer assembly matrix:   0.0473947 s
     timer analyze+factorize: 0.0979609 s
  PARDISO Solve Phase... Done in 0.575129 ms.
  Solver solve [14]  |residual| = 5.20948e-23
  PARDISO Analysis Phase... Done in 4.37559 ms.
  PARDISO Factorization Phase... Done in 1.82755 ms.
  Solver setup [15] n = 1507  nnz = 138769
     analyze?        1
     use learner?    1
     pattern locked? 1
     call learner?   0
     call reserve?   0
     timer assembly matrix:   0.0493961 s
     timer analyze+factorize: 0.104188 s
  PARDISO Solve Phase... Done in 0.591422 ms.
  Solver solve [15]  |residual| = 6.28652e-23
  PARDISO Analysis Phase... Done in 4.39608 ms.
  PARDISO Factorization Phase... Done in 1.67315 ms.
  Solver setup [16] n = 1507  nnz = 138769
     analyze?        1
     use learner?    1
     pattern locked? 1
     call learner?   0
     call reserve?   0
     timer assembly matrix:   0.0514163 s
     timer analyze+factorize: 0.11028 s
  PARDISO Solve Phase... Done in 0.592031 ms.
  Solver solve [16]  |residual| = 4.46282e-17
  PARDISO Analysis Phase... Done in 4.34594 ms.
  PARDISO Factorization Phase... Done in 1.65584 ms.
  Solver setup [17] n = 1507  nnz = 138769
     analyze?        1
     use learner?    1
     pattern locked? 1
     call learner?   0
     call reserve?   0
     timer assembly matrix:   0.053426 s
     timer analyze+factorize: 0.116305 s
  PARDISO Solve Phase... Done in 0.583587 ms.
  Solver solve [17]  |residual| = 2.60675e-21
  PARDISO Analysis Phase... Done in 4.51477 ms.
  PARDISO Factorization Phase... Done in 1.65271 ms.
  Solver setup [18] n = 1507  nnz = 138769
     analyze?        1
     use learner?    1
     pattern locked? 1
     call learner?   0
     call reserve?   0
     timer assembly matrix:   0.0555528 s
     timer analyze+factorize: 0.122503 s
  PARDISO Solve Phase... Done in 0.585948 ms.
  Solver solve [18]  |residual| = 5.68756e-23
  PARDISO Analysis Phase... Done in 4.44962 ms.
  PARDISO Factorization Phase... Done in 1.63841 ms.
  Solver setup [19] n = 1507  nnz = 138769
     analyze?        1
     use learner?    1
     pattern locked? 1
     call learner?   0
     call reserve?   0
     timer assembly matrix:   0.0575649 s
     timer analyze+factorize: 0.128619 s
  PARDISO Solve Phase... Done in 0.589606 ms.
  Solver solve [19]  |residual| = 6.78054e-23
  PARDISO Analysis Phase... Done in 4.37523 ms.
  PARDISO Factorization Phase... Done in 1.91083 ms.
  Solver setup [20] n = 1507  nnz = 138769
     analyze?        1
     use learner?    1
     pattern locked? 1
     call learner?   0
     call reserve?   0
     timer assembly matrix:   0.0596488 s
     timer analyze+factorize: 0.134928 s
  PARDISO Solve Phase... Done in 0.613066 ms.
  Solver solve [20]  |residual| = 4.11398e-17
  PARDISO Analysis Phase... Done in 4.35702 ms.
  PARDISO Factorization Phase... Done in 1.75375 ms.
  Solver setup [21] n = 1507  nnz = 138769
     analyze?        1
     use learner?    1
     pattern locked? 1
     call learner?   0
     call reserve?   0
     timer assembly matrix:   0.0616341 s
     timer analyze+factorize: 0.141065 s
  PARDISO Solve Phase... Done in 0.598173 ms.
  Solver solve [21]  |residual| = 6.28389e-22
  PARDISO Analysis Phase... Done in 4.36258 ms.
  PARDISO Factorization Phase... Done in 1.58988 ms.
  Solver setup [22] n = 1507  nnz = 138769
     analyze?        1
     use learner?    1
     pattern locked? 1
     call learner?   0
     call reserve?   0
     timer assembly matrix:   0.063644 s
     timer analyze+factorize: 0.147043 s
  PARDISO Solve Phase... Done in 0.605197 ms.
  Solver solve [22]  |residual| = 6.46344e-23
  PARDISO Analysis Phase... Done in 4.53152 ms.
  PARDISO Factorization Phase... Done in 2.04217 ms.
  Solver setup [23] n = 1507  nnz = 138769
     analyze?        1
     use learner?    1
     pattern locked? 1
     call learner?   0
     call reserve?   0
     timer assembly matrix:   0.0656415 s
     timer analyze+factorize: 0.153642 s
  PARDISO Solve Phase... Done in 0.593184 ms.
  Solver solve [23]  |residual| = 6.99953e-23
  PARDISO Analysis Phase... Done in 4.3731 ms.
  PARDISO Factorization Phase... Done in 2.0221 ms.
  Solver setup [24] n = 1507  nnz = 138769
     analyze?        1
     use learner?    1
     pattern locked? 1
     call learner?   0
     call reserve?   0
     timer assembly matrix:   0.0675988 s
     timer analyze+factorize: 0.160061 s
  PARDISO Solve Phase... Done in 0.590437 ms.
  Solver solve [24]  |residual| = 4.59088e-17
  PARDISO Analysis Phase... Done in 4.5841 ms.
  PARDISO Factorization Phase... Done in 1.74281 ms.
  Solver setup [25] n = 1507  nnz = 138769
     analyze?        1
     use learner?    1
     pattern locked? 1
     call learner?   0
     call reserve?   0
     timer assembly matrix:   0.0695936 s
     timer analyze+factorize: 0.16641 s
  PARDISO Solve Phase... Done in 0.620527 ms.
  Solver solve [25]  |residual| = 2.01587e-22
  PARDISO Analysis Phase... Done in 4.36554 ms.
  PARDISO Factorization Phase... Done in 1.50186 ms.
  Solver setup [26] n = 1507  nnz = 138769
     analyze?        1
     use learner?    1
     pattern locked? 1
     call learner?   0
     call reserve?   0
     timer assembly matrix:   0.0716008 s
     timer analyze+factorize: 0.1723 s
  PARDISO Solve Phase... Done in 0.579681 ms.
  Solver solve [26]  |residual| = 7.07158e-23
  PARDISO Analysis Phase... Done in 4.485 ms.
  PARDISO Factorization Phase... Done in 1.70566 ms.
  Solver setup [27] n = 1507  nnz = 138769
     analyze?        1
     use learner?    1
     pattern locked? 1
     call learner?   0
     call reserve?   0
     timer assembly matrix:   0.0736016 s
     timer analyze+factorize: 0.17852 s
  PARDISO Solve Phase... Done in 0.587531 ms.
  Solver solve [27]  |residual| = 8.00293e-23
  PARDISO Analysis Phase... Done in 4.38395 ms.
  PARDISO Factorization Phase... Done in 1.7858 ms.
  Solver setup [28] n = 1507  nnz = 138769
     analyze?        1
     use learner?    1
     pattern locked? 1
     call learner?   0
     call reserve?   0
     timer assembly matrix:   0.0756016 s
     timer analyze+factorize: 0.184713 s
  PARDISO Solve Phase... Done in 0.589905 ms.
  Solver solve [28]  |residual| = 2.2806e-17
  PARDISO Analysis Phase... Done in 4.46076 ms.
  PARDISO Factorization Phase... Done in 1.66166 ms.
  Solver setup [29] n = 1507  nnz = 138769
     analyze?        1
     use learner?    1
     pattern locked? 1
     call learner?   0
     call reserve?   0
     timer assembly matrix:   0.0775957 s
     timer analyze+factorize: 0.190858 s
  PARDISO Solve Phase... Done in 0.59004 ms.
  Solver solve [29]  |residual| = 8.95238e-23
  PARDISO Analysis Phase... Done in 4.38117 ms.
  PARDISO Factorization Phase... Done in 1.57851 ms.
  Solver setup [30] n = 1507  nnz = 138769
     analyze?        1
     use learner?    1
     pattern locked? 1
     call learner?   0
     call reserve?   0
     timer assembly matrix:   0.0796119 s
     timer analyze+factorize: 0.196842 s
  PARDISO Solve Phase... Done in 0.583458 ms.
  Solver solve [30]  |residual| = 5.34165e-23
  PARDISO Analysis Phase... Done in 4.49114 ms.
  PARDISO Factorization Phase... Done in 1.6562 ms.
  Solver setup [31] n = 1507  nnz = 138769
     analyze?        1
     use learner?    1
     pattern locked? 1
     call learner?   0
     call reserve?   0
     timer assembly matrix:   0.0816025 s
     timer analyze+factorize: 0.203013 s
  PARDISO Solve Phase... Done in 0.587197 ms.
  Solver solve [31]  |residual| = 7.95355e-23
  PARDISO Analysis Phase... Done in 4.36247 ms.
  PARDISO Factorization Phase... Done in 1.54989 ms.
  Solver setup [32] n = 1507  nnz = 138769
     analyze?        1
     use learner?    1
     pattern locked? 1
     call learner?   0
     call reserve?   0
     timer assembly matrix:   0.0835938 s
     timer analyze+factorize: 0.208949 s
  PARDISO Solve Phase... Done in 0.579182 ms.
  Solver solve [32]  |residual| = 2.30752e-17
  PARDISO Analysis Phase... Done in 4.45842 ms.
  PARDISO Factorization Phase... Done in 1.69145 ms.
  Solver setup [33] n = 1507  nnz = 138769
     analyze?        1
     use learner?    1
     pattern locked? 1
     call learner?   0
     call reserve?   0
     timer assembly matrix:   0.085576 s
     timer analyze+factorize: 0.215122 s
  PARDISO Solve Phase... Done in 0.593743 ms.
  Solver solve [33]  |residual| = 1.10325e-22
  PARDISO Analysis Phase... Done in 4.50784 ms.
  PARDISO Factorization Phase... Done in 1.59271 ms.
  Solver setup [34] n = 1507  nnz = 138769
     analyze?        1
     use learner?    1
     pattern locked? 1
     call learner?   0
     call reserve?   0
     timer assembly matrix:   0.0875799 s
     timer analyze+factorize: 0.221247 s
  PARDISO Solve Phase... Done in 0.5899 ms.
  Solver solve [34]  |residual| = 7.03244e-23
  PARDISO Analysis Phase... Done in 4.3731 ms.
  PARDISO Factorization Phase... Done in 1.53265 ms.
  Solver setup [35] n = 1507  nnz = 138769
     analyze?        1
     use learner?    1
     pattern locked? 1
     call learner?   0
     call reserve?   0
     timer assembly matrix:   0.089583 s
     timer analyze+factorize: 0.227177 s
  PARDISO Solve Phase... Done in 0.578326 ms.
  Solver solve [35]  |residual| = 9.69559e-23
  PARDISO Analysis Phase... Done in 4.53296 ms.
  PARDISO Factorization Phase... Done in 1.68582 ms.
  Solver setup [36] n = 1507  nnz = 138769
     analyze?        1
     use learner?    1
     pattern locked? 1
     call learner?   0
     call reserve?   0
     timer assembly matrix:   0.0915742 s
     timer analyze+factorize: 0.23342 s
  PARDISO Solve Phase... Done in 0.588063 ms.
  Solver solve [36]  |residual| = 2.08431e-17
  PARDISO Analysis Phase... Done in 4.36267 ms.
  PARDISO Factorization Phase... Done in 1.84168 ms.
  Solver setup [37] n = 1507  nnz = 138769
     analyze?        1
     use learner?    1
     pattern locked? 1
     call learner?   0
     call reserve?   0
     timer assembly matrix:   0.0935636 s
     timer analyze+factorize: 0.239646 s
  PARDISO Solve Phase... Done in 0.590011 ms.
  Solver solve [37]  |residual| = 1.38229e-22
  PARDISO Analysis Phase... Done in 4.50305 ms.
  PARDISO Factorization Phase... Done in 1.99416 ms.
  Solver setup [38] n = 1507  nnz = 138769
     analyze?        1
     use learner?    1
     pattern locked? 1
     call learner?   0
     call reserve?   0
     timer assembly matrix:   0.0955784 s
     timer analyze+factorize: 0.246167 s
  PARDISO Solve Phase... Done in 0.732076 ms.
  Solver solve [38]  |residual| = 7.36995e-23
  PARDISO Analysis Phase... Done in 4.41745 ms.
  PARDISO Factorization Phase... Done in 1.98867 ms.
  Solver setup [39] n = 1507  nnz = 138769
     analyze?        1
     use learner?    1
     pattern locked? 1
     call learner?   0
     call reserve?   0
     timer assembly matrix:   0.0975888 s
     timer analyze+factorize: 0.252597 s
  PARDISO Solve Phase... Done in 0.590605 ms.
  Solver solve [39]  |residual| = 5.61313e-23
Wall time (loop)     : 0.575224 s
Simulation time      : 0.005000 s
RTF (wall/sim)       : 115.044713

Final avg tip pos    : (4.000000, 1.000000, -0.000043) m
peakRSS=163724kB total=0.97s
