OpenMP enabled (max_threads=16)
Thread settings: nthreads=16 (chrono/collision/eigen)
ANCF 3443 cantilever shell demo
  integration  : PreInt
  solver       : PARDISO_MKL
  res          : 0 (10x10 elements)
  elements     : 100
  nodes        : 121
  tip_nodes    : 11
  x_size,y_size: 4, 2 m
  dx, dy       : 0.4, 0.2 m
  thickness    : 0.1 m
  tip_force_z  : -500 N (total, distributed over 11 nodes)
  schedule     : Fz=const for steps 0..4, then Fz=0 for steps 5..9
  dt           : 0.0005 s
  steps        : 10 (t_end=0.005 s)

  PARDISO Analysis Phase... Done in 9.86741 ms.
  PARDISO Factorization Phase... Done in 3.32189 ms.
  Solver setup [0] n = 1507  nnz = 138769
     analyze?        1
     use learner?    1
     pattern locked? 1
     call learner?   1
     call reserve?   0
     timer assembly matrix:   0.0194292 s
     timer analyze+factorize: 0.0132583 s
  PARDISO Solve Phase... Done in 1.35707 ms.
  Solver solve [0]  |residual| = 5.89459e-17
  PARDISO Analysis Phase... Done in 6.87553 ms.
  PARDISO Factorization Phase... Done in 1.98474 ms.
  Solver setup [1] n = 1507  nnz = 138769
     analyze?        1
     use learner?    1
     pattern locked? 1
     call learner?   0
     call reserve?   0
     timer assembly matrix:   0.0226404 s
     timer analyze+factorize: 0.0221672 s
  PARDISO Solve Phase... Done in 0.883046 ms.
  Solver solve [1]  |residual| = 2.65001e-21
  PARDISO Analysis Phase... Done in 7.01341 ms.
  PARDISO Factorization Phase... Done in 1.64482 ms.
  Solver setup [2] n = 1507  nnz = 138769
     analyze?        1
     use learner?    1
     pattern locked? 1
     call learner?   0
     call reserve?   0
     timer assembly matrix:   0.0257991 s
     timer analyze+factorize: 0.0308682 s
  PARDISO Solve Phase... Done in 0.877204 ms.
  Solver solve [2]  |residual| = 5.86067e-23
  PARDISO Analysis Phase... Done in 7.02604 ms.
  PARDISO Factorization Phase... Done in 2.01933 ms.
  Solver setup [3] n = 1507  nnz = 138769
     analyze?        1
     use learner?    1
     pattern locked? 1
     call learner?   0
     call reserve?   0
     timer assembly matrix:   0.028993 s
     timer analyze+factorize: 0.039958 s
  PARDISO Solve Phase... Done in 0.877723 ms.
  Solver solve [3]  |residual| = 9.61028e-23
  PARDISO Analysis Phase... Done in 7.0152 ms.
  PARDISO Factorization Phase... Done in 2.03016 ms.
  Solver setup [4] n = 1507  nnz = 138769
     analyze?        1
     use learner?    1
     pattern locked? 1
     call learner?   0
     call reserve?   0
     timer assembly matrix:   0.0322064 s
     timer analyze+factorize: 0.049049 s
  PARDISO Solve Phase... Done in 0.875989 ms.
  Solver solve [4]  |residual| = 5.56072e-17
  PARDISO Analysis Phase... Done in 7.0079 ms.
  PARDISO Factorization Phase... Done in 1.68574 ms.
  Solver setup [5] n = 1507  nnz = 138769
     analyze?        1
     use learner?    1
     pattern locked? 1
     call learner?   0
     call reserve?   0
     timer assembly matrix:   0.0353807 s
     timer analyze+factorize: 0.0577885 s
  PARDISO Solve Phase... Done in 0.871587 ms.
  Solver solve [5]  |residual| = 3.9803e-22
  PARDISO Analysis Phase... Done in 7.02183 ms.
  PARDISO Factorization Phase... Done in 1.68828 ms.
  Solver setup [6] n = 1507  nnz = 138769
     analyze?        1
     use learner?    1
     pattern locked? 1
     call learner?   0
     call reserve?   0
     timer assembly matrix:   0.0385482 s
     timer analyze+factorize: 0.0665428 s
  PARDISO Solve Phase... Done in 0.875733 ms.
  Solver solve [6]  |residual| = 7.04287e-23
  PARDISO Analysis Phase... Done in 7.01772 ms.
  PARDISO Factorization Phase... Done in 2.05103 ms.
  Solver setup [7] n = 1507  nnz = 138769
     analyze?        1
     use learner?    1
     pattern locked? 1
     call learner?   0
     call reserve?   0
     timer assembly matrix:   0.0417201 s
     timer analyze+factorize: 0.0756569 s
  PARDISO Solve Phase... Done in 0.869677 ms.
  Solver solve [7]  |residual| = 8.18786e-23
  PARDISO Analysis Phase... Done in 6.98079 ms.
  PARDISO Factorization Phase... Done in 1.97033 ms.
  Solver setup [8] n = 1507  nnz = 138769
     analyze?        1
     use learner?    1
     pattern locked? 1
     call learner?   0
     call reserve?   0
     timer assembly matrix:   0.0449082 s
     timer analyze+factorize: 0.0846547 s
  PARDISO Solve Phase... Done in 0.869325 ms.
  Solver solve [8]  |residual| = 4.45274e-17
  PARDISO Analysis Phase... Done in 6.9819 ms.
  PARDISO Factorization Phase... Done in 2.01133 ms.
  Solver setup [9] n = 1507  nnz = 138769
     analyze?        1
     use learner?    1
     pattern locked? 1
     call learner?   0
     call reserve?   0
     timer assembly matrix:   0.0480707 s
     timer analyze+factorize: 0.093693 s
  PARDISO Solve Phase... Done in 0.88065 ms.
  Solver solve [9]  |residual| = 1.80733e-22
  PARDISO Analysis Phase... Done in 7.01825 ms.
  PARDISO Factorization Phase... Done in 2.00897 ms.
  Solver setup [10] n = 1507  nnz = 138769
     analyze?        1
     use learner?    1
     pattern locked? 1
     call learner?   0
     call reserve?   0
     timer assembly matrix:   0.0512542 s
     timer analyze+factorize: 0.102766 s
  PARDISO Solve Phase... Done in 0.878303 ms.
  Solver solve [10]  |residual| = 5.90008e-23
  PARDISO Analysis Phase... Done in 6.99754 ms.
  PARDISO Factorization Phase... Done in 1.69728 ms.
  Solver setup [11] n = 1507  nnz = 138769
     analyze?        1
     use learner?    1
     pattern locked? 1
     call learner?   0
     call reserve?   0
     timer assembly matrix:   0.0543999 s
     timer analyze+factorize: 0.111507 s
  PARDISO Solve Phase... Done in 0.878718 ms.
  Solver solve [11]  |residual| = 6.4907e-23
  PARDISO Analysis Phase... Done in 6.98426 ms.
  PARDISO Factorization Phase... Done in 1.88769 ms.
  Solver setup [12] n = 1507  nnz = 138769
     analyze?        1
     use learner?    1
     pattern locked? 1
     call learner?   0
     call reserve?   0
     timer assembly matrix:   0.0575624 s
     timer analyze+factorize: 0.120427 s
  PARDISO Solve Phase... Done in 0.871667 ms.
  Solver solve [12]  |residual| = 4.00182e-17
  PARDISO Analysis Phase... Done in 6.98502 ms.
  PARDISO Factorization Phase... Done in 2.04904 ms.
  Solver setup [13] n = 1507  nnz = 138769
     analyze?        1
     use learner?    1
     pattern locked? 1
     call learner?   0
     call reserve?   0
     timer assembly matrix:   0.0607596 s
     timer analyze+factorize: 0.129505 s
  PARDISO Solve Phase... Done in 0.873738 ms.
  Solver solve [13]  |residual| = 1.5981e-22
  PARDISO Analysis Phase... Done in 6.99912 ms.
  PARDISO Factorization Phase... Done in 2.01341 ms.
  Solver setup [14] n = 1507  nnz = 138769
     analyze?        1
     use learner?    1
     pattern locked? 1
     call learner?   0
     call reserve?   0
     timer assembly matrix:   0.0639953 s
     timer analyze+factorize: 0.138558 s
  PARDISO Solve Phase... Done in 0.875306 ms.
  Solver solve [14]  |residual| = 5.2219e-23
  PARDISO Analysis Phase... Done in 7.08581 ms.
  PARDISO Factorization Phase... Done in 1.89815 ms.
  Solver setup [15] n = 1507  nnz = 138769
     analyze?        1
     use learner?    1
     pattern locked? 1
     call learner?   0
     call reserve?   0
     timer assembly matrix:   0.0671608 s
     timer analyze+factorize: 0.147585 s
  PARDISO Solve Phase... Done in 0.887388 ms.
  Solver solve [15]  |residual| = 6.73167e-23
  PARDISO Analysis Phase... Done in 6.99664 ms.
  PARDISO Factorization Phase... Done in 1.62151 ms.
  Solver setup [16] n = 1507  nnz = 138769
     analyze?        1
     use learner?    1
     pattern locked? 1
     call learner?   0
     call reserve?   0
     timer assembly matrix:   0.0703407 s
     timer analyze+factorize: 0.156248 s
  PARDISO Solve Phase... Done in 0.871344 ms.
  Solver solve [16]  |residual| = 5.16481e-17
  PARDISO Analysis Phase... Done in 6.99718 ms.
  PARDISO Factorization Phase... Done in 2.02221 ms.
  Solver setup [17] n = 1507  nnz = 138769
     analyze?        1
     use learner?    1
     pattern locked? 1
     call learner?   0
     call reserve?   0
     timer assembly matrix:   0.0734965 s
     timer analyze+factorize: 0.165311 s
  PARDISO Solve Phase... Done in 0.869905 ms.
  Solver solve [17]  |residual| = 2.3026e-21
  PARDISO Analysis Phase... Done in 6.9958 ms.
  PARDISO Factorization Phase... Done in 2.06722 ms.
  Solver setup [18] n = 1507  nnz = 138769
     analyze?        1
     use learner?    1
     pattern locked? 1
     call learner?   0
     call reserve?   0
     timer assembly matrix:   0.0766934 s
     timer analyze+factorize: 0.174417 s
  PARDISO Solve Phase... Done in 0.871961 ms.
  Solver solve [18]  |residual| = 6.05538e-23
  PARDISO Analysis Phase... Done in 7.07512 ms.
  PARDISO Factorization Phase... Done in 2.02526 ms.
  Solver setup [19] n = 1507  nnz = 138769
     analyze?        1
     use learner?    1
     pattern locked? 1
     call learner?   0
     call reserve?   0
     timer assembly matrix:   0.0798568 s
     timer analyze+factorize: 0.183562 s
  PARDISO Solve Phase... Done in 0.872207 ms.
  Solver solve [19]  |residual| = 5.57861e-23
  PARDISO Analysis Phase... Done in 7.11724 ms.
  PARDISO Factorization Phase... Done in 1.86392 ms.
  Solver setup [20] n = 1507  nnz = 138769
     analyze?        1
     use learner?    1
     pattern locked? 1
     call learner?   0
     call reserve?   0
     timer assembly matrix:   0.083038 s
     timer analyze+factorize: 0.192589 s
  PARDISO Solve Phase... Done in 0.879908 ms.
  Solver solve [20]  |residual| = 6.34009e-17
  PARDISO Analysis Phase... Done in 6.99722 ms.
  PARDISO Factorization Phase... Done in 2.03686 ms.
  Solver setup [21] n = 1507  nnz = 138769
     analyze?        1
     use learner?    1
     pattern locked? 1
     call learner?   0
     call reserve?   0
     timer assembly matrix:   0.0862013 s
     timer analyze+factorize: 0.201668 s
  PARDISO Solve Phase... Done in 0.867916 ms.
  Solver solve [21]  |residual| = 6.02564e-22
  PARDISO Analysis Phase... Done in 7.09368 ms.
  PARDISO Factorization Phase... Done in 1.63258 ms.
  Solver setup [22] n = 1507  nnz = 138769
     analyze?        1
     use learner?    1
     pattern locked? 1
     call learner?   0
     call reserve?   0
     timer assembly matrix:   0.0893891 s
     timer analyze+factorize: 0.210441 s
  PARDISO Solve Phase... Done in 0.867261 ms.
  Solver solve [22]  |residual| = 6.54903e-23
  PARDISO Analysis Phase... Done in 6.9858 ms.
  PARDISO Factorization Phase... Done in 2.06462 ms.
  Solver setup [23] n = 1507  nnz = 138769
     analyze?        1
     use learner?    1
     pattern locked? 1
     call learner?   0
     call reserve?   0
     timer assembly matrix:   0.0926009 s
     timer analyze+factorize: 0.219539 s
  PARDISO Solve Phase... Done in 0.874128 ms.
  Solver solve [23]  |residual| = 5.92921e-23
  PARDISO Analysis Phase... Done in 7.08281 ms.
  PARDISO Factorization Phase... Done in 1.85823 ms.
  Solver setup [24] n = 1507  nnz = 138769
     analyze?        1
     use learner?    1
     pattern locked? 1
     call learner?   0
     call reserve?   0
     timer assembly matrix:   0.0957637 s
     timer analyze+factorize: 0.228527 s
  PARDISO Solve Phase... Done in 0.875147 ms.
  Solver solve [24]  |residual| = 3.87957e-17
  PARDISO Analysis Phase... Done in 7.09625 ms.
  PARDISO Factorization Phase... Done in 1.94322 ms.
  Solver setup [25] n = 1507  nnz = 138769
     analyze?        1
     use learner?    1
     pattern locked? 1
     call learner?   0
     call reserve?   0
     timer assembly matrix:   0.0989339 s
     timer analyze+factorize: 0.237611 s
  PARDISO Solve Phase... Done in 0.869227 ms.
  Solver solve [25]  |residual| = 1.96502e-22
  PARDISO Analysis Phase... Done in 6.96805 ms.
  PARDISO Factorization Phase... Done in 1.91589 ms.
  Solver setup [26] n = 1507  nnz = 138769
     analyze?        1
     use learner?    1
     pattern locked? 1
     call learner?   0
     call reserve?   0
     timer assembly matrix:   0.102113 s
     timer analyze+factorize: 0.246539 s
  PARDISO Solve Phase... Done in 0.874693 ms.
  Solver solve [26]  |residual| = 6.22655e-23
  PARDISO Analysis Phase... Done in 7.0954 ms.
  PARDISO Factorization Phase... Done in 1.68922 ms.
  Solver setup [27] n = 1507  nnz = 138769
     analyze?        1
     use learner?    1
     pattern locked? 1
     call learner?   0
     call reserve?   0
     timer assembly matrix:   0.105282 s
     timer analyze+factorize: 0.255375 s
  PARDISO Solve Phase... Done in 0.874808 ms.
  Solver solve [27]  |residual| = 8.31085e-23
  PARDISO Analysis Phase... Done in 7.09305 ms.
  PARDISO Factorization Phase... Done in 2.02791 ms.
  Solver setup [28] n = 1507  nnz = 138769
     analyze?        1
     use learner?    1
     pattern locked? 1
     call learner?   0
     call reserve?   0
     timer assembly matrix:   0.108479 s
     timer analyze+factorize: 0.264544 s
  PARDISO Solve Phase... Done in 0.872108 ms.
  Solver solve [28]  |residual| = 2.65092e-17
  PARDISO Analysis Phase... Done in 6.97621 ms.
  PARDISO Factorization Phase... Done in 2.02423 ms.
  Solver setup [29] n = 1507  nnz = 138769
     analyze?        1
     use learner?    1
     pattern locked? 1
     call learner?   0
     call reserve?   0
     timer assembly matrix:   0.111686 s
     timer analyze+factorize: 0.273589 s
  PARDISO Solve Phase... Done in 0.876186 ms.
  Solver solve [29]  |residual| = 7.51165e-23
  PARDISO Analysis Phase... Done in 7.11742 ms.
  PARDISO Factorization Phase... Done in 1.95008 ms.
  Solver setup [30] n = 1507  nnz = 138769
     analyze?        1
     use learner?    1
     pattern locked? 1
     call learner?   0
     call reserve?   0
     timer assembly matrix:   0.114841 s
     timer analyze+factorize: 0.282699 s
  PARDISO Solve Phase... Done in 0.880253 ms.
  Solver solve [30]  |residual| = 4.51191e-23
  PARDISO Analysis Phase... Done in 6.98058 ms.
  PARDISO Factorization Phase... Done in 1.69916 ms.
  Solver setup [31] n = 1507  nnz = 138769
     analyze?        1
     use learner?    1
     pattern locked? 1
     call learner?   0
     call reserve?   0
     timer assembly matrix:   0.117996 s
     timer analyze+factorize: 0.291424 s
  PARDISO Solve Phase... Done in 0.875426 ms.
  Solver solve [31]  |residual| = 7.49922e-23
  PARDISO Analysis Phase... Done in 7.08667 ms.
  PARDISO Factorization Phase... Done in 1.71431 ms.
  Solver setup [32] n = 1507  nnz = 138769
     analyze?        1
     use learner?    1
     pattern locked? 1
     call learner?   0
     call reserve?   0
     timer assembly matrix:   0.121189 s
     timer analyze+factorize: 0.300272 s
  PARDISO Solve Phase... Done in 0.874329 ms.
  Solver solve [32]  |residual| = 2.45666e-17
  PARDISO Analysis Phase... Done in 7.12084 ms.
  PARDISO Factorization Phase... Done in 1.99675 ms.
  Solver setup [33] n = 1507  nnz = 138769
     analyze?        1
     use learner?    1
     pattern locked? 1
     call learner?   0
     call reserve?   0
     timer assembly matrix:   0.124342 s
     timer analyze+factorize: 0.309433 s
  PARDISO Solve Phase... Done in 0.879448 ms.
  Solver solve [33]  |residual| = 1.22242e-22
  PARDISO Analysis Phase... Done in 6.99092 ms.
  PARDISO Factorization Phase... Done in 2.03862 ms.
  Solver setup [34] n = 1507  nnz = 138769
     analyze?        1
     use learner?    1
     pattern locked? 1
     call learner?   0
     call reserve?   0
     timer assembly matrix:   0.127527 s
     timer analyze+factorize: 0.318509 s
  PARDISO Solve Phase... Done in 0.87673 ms.
  Solver solve [34]  |residual| = 6.39803e-23
  PARDISO Analysis Phase... Done in 7.00419 ms.
  PARDISO Factorization Phase... Done in 2.00893 ms.
  Solver setup [35] n = 1507  nnz = 138769
     analyze?        1
     use learner?    1
     pattern locked? 1
     call learner?   0
     call reserve?   0
     timer assembly matrix:   0.130701 s
     timer analyze+factorize: 0.327567 s
  PARDISO Solve Phase... Done in 0.87561 ms.
  Solver solve [35]  |residual| = 8.01426e-23
  PARDISO Analysis Phase... Done in 7.08089 ms.
  PARDISO Factorization Phase... Done in 2.01662 ms.
  Solver setup [36] n = 1507  nnz = 138769
     analyze?        1
     use learner?    1
     pattern locked? 1
     call learner?   0
     call reserve?   0
     timer assembly matrix:   0.133898 s
     timer analyze+factorize: 0.33671 s
  PARDISO Solve Phase... Done in 0.870893 ms.
  Solver solve [36]  |residual| = 2.74531e-17
  PARDISO Analysis Phase... Done in 7.12486 ms.
  PARDISO Factorization Phase... Done in 1.73035 ms.
  Solver setup [37] n = 1507  nnz = 138769
     analyze?        1
     use learner?    1
     pattern locked? 1
     call learner?   0
     call reserve?   0
     timer assembly matrix:   0.13708 s
     timer analyze+factorize: 0.345608 s
  PARDISO Solve Phase... Done in 0.873977 ms.
  Solver solve [37]  |residual| = 1.08523e-22
  PARDISO Analysis Phase... Done in 6.99582 ms.
  PARDISO Factorization Phase... Done in 1.63515 ms.
  Solver setup [38] n = 1507  nnz = 138769
     analyze?        1
     use learner?    1
     pattern locked? 1
     call learner?   0
     call reserve?   0
     timer assembly matrix:   0.140227 s
     timer analyze+factorize: 0.354284 s
  PARDISO Solve Phase... Done in 0.869928 ms.
  Solver solve [38]  |residual| = 6.78736e-23
  PARDISO Analysis Phase... Done in 7.08841 ms.
  PARDISO Factorization Phase... Done in 2.04225 ms.
  Solver setup [39] n = 1507  nnz = 138769
     analyze?        1
     use learner?    1
     pattern locked? 1
     call learner?   0
     call reserve?   0
     timer assembly matrix:   0.143415 s
     timer analyze+factorize: 0.363459 s
  PARDISO Solve Phase... Done in 0.874868 ms.
  Solver solve [39]  |residual| = 8.11976e-23
Wall time (loop)     : 0.752362 s
Simulation time      : 0.005000 s
RTF (wall/sim)       : 150.472378

Final avg tip pos    : (4.000000, 1.000000, -0.000043) m
peakRSS=163576kB total=1.15s
