OpenMP enabled (max_threads=16)
Thread settings: nthreads=16 (chrono/collision/eigen)
ANCF 3443 cantilever shell demo
  integration  : PreInt
  solver       : CUSTOM
  res          : 2 (20x20 elements)
  elements     : 400
  nodes        : 441
  tip_nodes    : 21
  x_size,y_size: 4, 2 m
  dx, dy       : 0.2, 0.1 m
  thickness    : 0.1 m
  tip_force_z  : -500 N (total, distributed over 21 nodes)
  schedule     : Fz=const for steps 0..4, then Fz=0 for steps 5..9
  dt           : 0.0005 s
  steps        : 10 (t_end=0.005 s)

  CuDSS Analysis Phase... Done in 21.2168 ms.
  CuDSS Factorization Phase... Done in 11.2079 ms.
  Solver setup [0] n = 5397  nnz = 536559
     analyze?        1
     use learner?    1
     pattern locked? 1
     call learner?   1
     call reserve?   0
     timer assembly matrix:   0.0862919 s
     timer analyze+factorize: 0.0336464 s
  CuDSS Solve Phase... Done in 1.58003 ms.
  Solver solve [0]  |residual| = 7.53122e-17
  CuDSS Analysis Phase... Done in 19.5828 ms.
  CuDSS Factorization Phase... Done in 5.93914 ms.
  Solver setup [1] n = 5397  nnz = 536559
     analyze?        1
     use learner?    1
     pattern locked? 1
     call learner?   0
     call reserve?   0
     timer assembly matrix:   0.0987791 s
     timer analyze+factorize: 0.059823 s
  CuDSS Solve Phase... Done in 0.344064 ms.
  Solver solve [1]  |residual| = 3.71601e-21
  CuDSS Analysis Phase... Done in 19.3816 ms.
  CuDSS Factorization Phase... Done in 5.82656 ms.
  Solver setup [2] n = 5397  nnz = 536559
     analyze?        1
     use learner?    1
     pattern locked? 1
     call learner?   0
     call reserve?   0
     timer assembly matrix:   0.111254 s
     timer analyze+factorize: 0.0856908 s
  CuDSS Solve Phase... Done in 0.342976 ms.
  Solver solve [2]  |residual| = 2.92333e-21
  CuDSS Analysis Phase... Done in 18.6976 ms.
  CuDSS Factorization Phase... Done in 5.76538 ms.
  Solver setup [3] n = 5397  nnz = 536559
     analyze?        1
     use learner?    1
     pattern locked? 1
     call learner?   0
     call reserve?   0
     timer assembly matrix:   0.123744 s
     timer analyze+factorize: 0.110808 s
  CuDSS Solve Phase... Done in 0.34304 ms.
  Solver solve [3]  |residual| = 3.54289e-21
  CuDSS Analysis Phase... Done in 18.6741 ms.
  CuDSS Factorization Phase... Done in 5.79504 ms.
  Solver setup [4] n = 5397  nnz = 536559
     analyze?        1
     use learner?    1
     pattern locked? 1
     call learner?   0
     call reserve?   0
     timer assembly matrix:   0.136188 s
     timer analyze+factorize: 0.135948 s
  CuDSS Solve Phase... Done in 0.342016 ms.
  Solver solve [4]  |residual| = 8.5806e-17
  CuDSS Analysis Phase... Done in 18.6828 ms.
  CuDSS Factorization Phase... Done in 5.77779 ms.
  Solver setup [5] n = 5397  nnz = 536559
     analyze?        1
     use learner?    1
     pattern locked? 1
     call learner?   0
     call reserve?   0
     timer assembly matrix:   0.148657 s
     timer analyze+factorize: 0.161063 s
  CuDSS Solve Phase... Done in 0.342016 ms.
  Solver solve [5]  |residual| = 1.88669e-21
  CuDSS Analysis Phase... Done in 19.0808 ms.
  CuDSS Factorization Phase... Done in 5.97366 ms.
  Solver setup [6] n = 5397  nnz = 536559
     analyze?        1
     use learner?    1
     pattern locked? 1
     call learner?   0
     call reserve?   0
     timer assembly matrix:   0.16117 s
     timer analyze+factorize: 0.186772 s
  CuDSS Solve Phase... Done in 0.323584 ms.
  Solver solve [6]  |residual| = 2.24798e-21
  CuDSS Analysis Phase... Done in 19.1621 ms.
  CuDSS Factorization Phase... Done in 6.27267 ms.
  Solver setup [7] n = 5397  nnz = 536559
     analyze?        1
     use learner?    1
     pattern locked? 1
     call learner?   0
     call reserve?   0
     timer assembly matrix:   0.173572 s
     timer analyze+factorize: 0.212954 s
  CuDSS Solve Phase... Done in 0.343904 ms.
  Solver solve [7]  |residual| = 2.46643e-21
  CuDSS Analysis Phase... Done in 17.708 ms.
  CuDSS Factorization Phase... Done in 5.43469 ms.
  Solver setup [8] n = 5397  nnz = 536559
     analyze?        1
     use learner?    1
     pattern locked? 1
     call learner?   0
     call reserve?   0
     timer assembly matrix:   0.185953 s
     timer analyze+factorize: 0.23676 s
  CuDSS Solve Phase... Done in 0.320512 ms.
  Solver solve [8]  |residual| = 8.82381e-17
  CuDSS Analysis Phase... Done in 17.7116 ms.
  CuDSS Factorization Phase... Done in 5.2576 ms.
  Solver setup [9] n = 5397  nnz = 536559
     analyze?        1
     use learner?    1
     pattern locked? 1
     call learner?   0
     call reserve?   0
     timer assembly matrix:   0.198332 s
     timer analyze+factorize: 0.260375 s
  CuDSS Solve Phase... Done in 0.323584 ms.
  Solver solve [9]  |residual| = 2.17938e-21
  CuDSS Analysis Phase... Done in 17.7058 ms.
  CuDSS Factorization Phase... Done in 5.31226 ms.
  Solver setup [10] n = 5397  nnz = 536559
     analyze?        1
     use learner?    1
     pattern locked? 1
     call learner?   0
     call reserve?   0
     timer assembly matrix:   0.210673 s
     timer analyze+factorize: 0.284054 s
  CuDSS Solve Phase... Done in 0.323488 ms.
  Solver solve [10]  |residual| = 2.31447e-21
  CuDSS Analysis Phase... Done in 17.7133 ms.
  CuDSS Factorization Phase... Done in 5.29888 ms.
  Solver setup [11] n = 5397  nnz = 536559
     analyze?        1
     use learner?    1
     pattern locked? 1
     call learner?   0
     call reserve?   0
     timer assembly matrix:   0.223116 s
     timer analyze+factorize: 0.307717 s
  CuDSS Solve Phase... Done in 0.32256 ms.
  Solver solve [11]  |residual| = 2.18294e-21
  CuDSS Analysis Phase... Done in 17.6894 ms.
  CuDSS Factorization Phase... Done in 5.35328 ms.
  Solver setup [12] n = 5397  nnz = 536559
     analyze?        1
     use learner?    1
     pattern locked? 1
     call learner?   0
     call reserve?   0
     timer assembly matrix:   0.235546 s
     timer analyze+factorize: 0.331409 s
  CuDSS Solve Phase... Done in 0.32256 ms.
  Solver solve [12]  |residual| = 1.0447e-16
  CuDSS Analysis Phase... Done in 17.7232 ms.
  CuDSS Factorization Phase... Done in 5.35597 ms.
  Solver setup [13] n = 5397  nnz = 536559
     analyze?        1
     use learner?    1
     pattern locked? 1
     call learner?   0
     call reserve?   0
     timer assembly matrix:   0.247942 s
     timer analyze+factorize: 0.355142 s
  CuDSS Solve Phase... Done in 0.324608 ms.
  Solver solve [13]  |residual| = 2.08241e-21
  CuDSS Analysis Phase... Done in 17.7225 ms.
  CuDSS Factorization Phase... Done in 5.2943 ms.
  Solver setup [14] n = 5397  nnz = 536559
     analyze?        1
     use learner?    1
     pattern locked? 1
     call learner?   0
     call reserve?   0
     timer assembly matrix:   0.260418 s
     timer analyze+factorize: 0.378814 s
  CuDSS Solve Phase... Done in 0.323456 ms.
  Solver solve [14]  |residual| = 3.92317e-21
  CuDSS Analysis Phase... Done in 17.7091 ms.
  CuDSS Factorization Phase... Done in 5.65478 ms.
  Solver setup [15] n = 5397  nnz = 536559
     analyze?        1
     use learner?    1
     pattern locked? 1
     call learner?   0
     call reserve?   0
     timer assembly matrix:   0.272853 s
     timer analyze+factorize: 0.402909 s
  CuDSS Solve Phase... Done in 0.323584 ms.
  Solver solve [15]  |residual| = 3.02177e-21
  CuDSS Analysis Phase... Done in 18.3718 ms.
  CuDSS Factorization Phase... Done in 5.16902 ms.
  Solver setup [16] n = 5397  nnz = 536559
     analyze?        1
     use learner?    1
     pattern locked? 1
     call learner?   0
     call reserve?   0
     timer assembly matrix:   0.285266 s
     timer analyze+factorize: 0.427192 s
  CuDSS Solve Phase... Done in 0.323232 ms.
  Solver solve [16]  |residual| = 1.03772e-16
  CuDSS Analysis Phase... Done in 17.6956 ms.
  CuDSS Factorization Phase... Done in 5.24742 ms.
  Solver setup [17] n = 5397  nnz = 536559
     analyze?        1
     use learner?    1
     pattern locked? 1
     call learner?   0
     call reserve?   0
     timer assembly matrix:   0.297635 s
     timer analyze+factorize: 0.450866 s
  CuDSS Solve Phase... Done in 0.323584 ms.
  Solver solve [17]  |residual| = 3.47817e-21
  CuDSS Analysis Phase... Done in 17.7184 ms.
  CuDSS Factorization Phase... Done in 5.32986 ms.
  Solver setup [18] n = 5397  nnz = 536559
     analyze?        1
     use learner?    1
     pattern locked? 1
     call learner?   0
     call reserve?   0
     timer assembly matrix:   0.310095 s
     timer analyze+factorize: 0.474567 s
  CuDSS Solve Phase... Done in 0.321856 ms.
  Solver solve [18]  |residual| = 2.91265e-21
  CuDSS Analysis Phase... Done in 18.601 ms.
  CuDSS Factorization Phase... Done in 5.27872 ms.
  Solver setup [19] n = 5397  nnz = 536559
     analyze?        1
     use learner?    1
     pattern locked? 1
     call learner?   0
     call reserve?   0
     timer assembly matrix:   0.322562 s
     timer analyze+factorize: 0.49916 s
  CuDSS Solve Phase... Done in 0.320512 ms.
  Solver solve [19]  |residual| = 3.28676e-21
  CuDSS Analysis Phase... Done in 17.808 ms.
  CuDSS Factorization Phase... Done in 5.17654 ms.
  Solver setup [20] n = 5397  nnz = 536559
     analyze?        1
     use learner?    1
     pattern locked? 1
     call learner?   0
     call reserve?   0
     timer assembly matrix:   0.335024 s
     timer analyze+factorize: 0.522891 s
  CuDSS Solve Phase... Done in 0.32256 ms.
  Solver solve [20]  |residual| = 6.72438e-17
  CuDSS Analysis Phase... Done in 17.5948 ms.
  CuDSS Factorization Phase... Done in 5.13485 ms.
  Solver setup [21] n = 5397  nnz = 536559
     analyze?        1
     use learner?    1
     pattern locked? 1
     call learner?   0
     call reserve?   0
     timer assembly matrix:   0.347486 s
     timer analyze+factorize: 0.54628 s
  CuDSS Solve Phase... Done in 0.32128 ms.
  Solver solve [21]  |residual| = 2.06393e-21
  CuDSS Analysis Phase... Done in 17.9823 ms.
  CuDSS Factorization Phase... Done in 5.15382 ms.
  Solver setup [22] n = 5397  nnz = 536559
     analyze?        1
     use learner?    1
     pattern locked? 1
     call learner?   0
     call reserve?   0
     timer assembly matrix:   0.359945 s
     timer analyze+factorize: 0.570084 s
  CuDSS Solve Phase... Done in 0.30208 ms.
  Solver solve [22]  |residual| = 3.34121e-21
  CuDSS Analysis Phase... Done in 17.622 ms.
  CuDSS Factorization Phase... Done in 5.18054 ms.
  Solver setup [23] n = 5397  nnz = 536559
     analyze?        1
     use learner?    1
     pattern locked? 1
     call learner?   0
     call reserve?   0
     timer assembly matrix:   0.372393 s
     timer analyze+factorize: 0.593614 s
  CuDSS Solve Phase... Done in 0.321536 ms.
  Solver solve [23]  |residual| = 2.11933e-21
  CuDSS Analysis Phase... Done in 17.6117 ms.
  CuDSS Factorization Phase... Done in 5.3097 ms.
  Solver setup [24] n = 5397  nnz = 536559
     analyze?        1
     use learner?    1
     pattern locked? 1
     call learner?   0
     call reserve?   0
     timer assembly matrix:   0.384785 s
     timer analyze+factorize: 0.617182 s
  CuDSS Solve Phase... Done in 0.319136 ms.
  Solver solve [24]  |residual| = 6.49701e-17
  CuDSS Analysis Phase... Done in 18.3556 ms.
  CuDSS Factorization Phase... Done in 5.57805 ms.
  Solver setup [25] n = 5397  nnz = 536559
     analyze?        1
     use learner?    1
     pattern locked? 1
     call learner?   0
     call reserve?   0
     timer assembly matrix:   0.397239 s
     timer analyze+factorize: 0.641865 s
  CuDSS Solve Phase... Done in 0.319488 ms.
  Solver solve [25]  |residual| = 2.52637e-21
  CuDSS Analysis Phase... Done in 17.6326 ms.
  CuDSS Factorization Phase... Done in 5.96627 ms.
  Solver setup [26] n = 5397  nnz = 536559
     analyze?        1
     use learner?    1
     pattern locked? 1
     call learner?   0
     call reserve?   0
     timer assembly matrix:   0.40966 s
     timer analyze+factorize: 0.666136 s
  CuDSS Solve Phase... Done in 0.300032 ms.
  Solver solve [26]  |residual| = 1.82258e-21
  CuDSS Analysis Phase... Done in 17.5866 ms.
  CuDSS Factorization Phase... Done in 5.21008 ms.
  Solver setup [27] n = 5397  nnz = 536559
     analyze?        1
     use learner?    1
     pattern locked? 1
     call learner?   0
     call reserve?   0
     timer assembly matrix:   0.422093 s
     timer analyze+factorize: 0.689668 s
  CuDSS Solve Phase... Done in 0.321536 ms.
  Solver solve [27]  |residual| = 3.43088e-21
  CuDSS Analysis Phase... Done in 18.0143 ms.
  CuDSS Factorization Phase... Done in 5.36426 ms.
  Solver setup [28] n = 5397  nnz = 536559
     analyze?        1
     use learner?    1
     pattern locked? 1
     call learner?   0
     call reserve?   0
     timer assembly matrix:   0.434488 s
     timer analyze+factorize: 0.713733 s
  CuDSS Solve Phase... Done in 0.322208 ms.
  Solver solve [28]  |residual| = 6.99259e-17
  CuDSS Analysis Phase... Done in 17.6026 ms.
  CuDSS Factorization Phase... Done in 5.26723 ms.
  Solver setup [29] n = 5397  nnz = 536559
     analyze?        1
     use learner?    1
     pattern locked? 1
     call learner?   0
     call reserve?   0
     timer assembly matrix:   0.446891 s
     timer analyze+factorize: 0.737254 s
  CuDSS Solve Phase... Done in 0.320512 ms.
  Solver solve [29]  |residual| = 1.88349e-21
  CuDSS Analysis Phase... Done in 17.6031 ms.
  CuDSS Factorization Phase... Done in 5.12003 ms.
  Solver setup [30] n = 5397  nnz = 536559
     analyze?        1
     use learner?    1
     pattern locked? 1
     call learner?   0
     call reserve?   0
     timer assembly matrix:   0.459238 s
     timer analyze+factorize: 0.760643 s
  CuDSS Solve Phase... Done in 0.320512 ms.
  Solver solve [30]  |residual| = 2.14709e-21
  CuDSS Analysis Phase... Done in 17.5844 ms.
  CuDSS Factorization Phase... Done in 5.30362 ms.
  Solver setup [31] n = 5397  nnz = 536559
     analyze?        1
     use learner?    1
     pattern locked? 1
     call learner?   0
     call reserve?   0
     timer assembly matrix:   0.471718 s
     timer analyze+factorize: 0.784188 s
  CuDSS Solve Phase... Done in 0.320512 ms.
  Solver solve [31]  |residual| = 2.2426e-21
  CuDSS Analysis Phase... Done in 17.6081 ms.
  CuDSS Factorization Phase... Done in 5.53882 ms.
  Solver setup [32] n = 5397  nnz = 536559
     analyze?        1
     use learner?    1
     pattern locked? 1
     call learner?   0
     call reserve?   0
     timer assembly matrix:   0.484102 s
     timer analyze+factorize: 0.807992 s
  CuDSS Solve Phase... Done in 0.322848 ms.
  Solver solve [32]  |residual| = 6.20195e-17
  CuDSS Analysis Phase... Done in 17.5956 ms.
  CuDSS Factorization Phase... Done in 5.17715 ms.
  Solver setup [33] n = 5397  nnz = 536559
     analyze?        1
     use learner?    1
     pattern locked? 1
     call learner?   0
     call reserve?   0
     timer assembly matrix:   0.496583 s
     timer analyze+factorize: 0.831418 s
  CuDSS Solve Phase... Done in 0.321536 ms.
  Solver solve [33]  |residual| = 1.85289e-21
  CuDSS Analysis Phase... Done in 17.624 ms.
  CuDSS Factorization Phase... Done in 5.5313 ms.
  Solver setup [34] n = 5397  nnz = 536559
     analyze?        1
     use learner?    1
     pattern locked? 1
     call learner?   0
     call reserve?   0
     timer assembly matrix:   0.509026 s
     timer analyze+factorize: 0.855224 s
  CuDSS Solve Phase... Done in 0.319488 ms.
  Solver solve [34]  |residual| = 2.89335e-21
  CuDSS Analysis Phase... Done in 17.6032 ms.
  CuDSS Factorization Phase... Done in 5.30694 ms.
  Solver setup [35] n = 5397  nnz = 536559
     analyze?        1
     use learner?    1
     pattern locked? 1
     call learner?   0
     call reserve?   0
     timer assembly matrix:   0.521456 s
     timer analyze+factorize: 0.878809 s
  CuDSS Solve Phase... Done in 0.319488 ms.
  Solver solve [35]  |residual| = 3.00602e-21
  CuDSS Analysis Phase... Done in 17.6155 ms.
  CuDSS Factorization Phase... Done in 5.37946 ms.
  Solver setup [36] n = 5397  nnz = 536559
     analyze?        1
     use learner?    1
     pattern locked? 1
     call learner?   0
     call reserve?   0
     timer assembly matrix:   0.533898 s
     timer analyze+factorize: 0.902458 s
  CuDSS Solve Phase... Done in 0.320512 ms.
  Solver solve [36]  |residual| = 6.15779e-17
  CuDSS Analysis Phase... Done in 17.6037 ms.
  CuDSS Factorization Phase... Done in 5.11709 ms.
  Solver setup [37] n = 5397  nnz = 536559
     analyze?        1
     use learner?    1
     pattern locked? 1
     call learner?   0
     call reserve?   0
     timer assembly matrix:   0.546366 s
     timer analyze+factorize: 0.925823 s
  CuDSS Solve Phase... Done in 0.321536 ms.
  Solver solve [37]  |residual| = 2.38394e-21
  CuDSS Analysis Phase... Done in 17.6146 ms.
  CuDSS Factorization Phase... Done in 5.28096 ms.
  Solver setup [38] n = 5397  nnz = 536559
     analyze?        1
     use learner?    1
     pattern locked? 1
     call learner?   0
     call reserve?   0
     timer assembly matrix:   0.558825 s
     timer analyze+factorize: 0.949368 s
  CuDSS Solve Phase... Done in 0.32144 ms.
  Solver solve [38]  |residual| = 2.04144e-21
  CuDSS Analysis Phase... Done in 17.7227 ms.
  CuDSS Factorization Phase... Done in 5.31818 ms.
  Solver setup [39] n = 5397  nnz = 536559
     analyze?        1
     use learner?    1
     pattern locked? 1
     call learner?   0
     call reserve?   0
     timer assembly matrix:   0.571421 s
     timer analyze+factorize: 0.973143 s
  CuDSS Solve Phase... Done in 0.323296 ms.
  Solver solve [39]  |residual| = 2.20632e-21
Wall time (loop)     : 2.249996 s
Simulation time      : 0.005000 s
RTF (wall/sim)       : 449.999282

Final avg tip pos    : (4.000000, 1.000000, -0.000045) m
peakRSS=815208kB total=4.00s
