OpenMP enabled (max_threads=16)
Thread settings: nthreads=16 (chrono/collision/eigen)
ANCF 3443 cantilever shell demo
  integration  : PreInt
  solver       : PARDISO_MKL
  res          : 0 (30x30 elements)
  elements     : 900
  nodes        : 961
  tip_nodes    : 31
  x_size,y_size: 4, 2 m
  dx, dy       : 0.133333, 0.0666667 m
  thickness    : 0.1 m
  tip_force_z  : -500 N (total, distributed over 31 nodes)
  schedule     : Fz=const for steps 0..4, then Fz=0 for steps 5..9
  dt           : 0.0005 s
  steps        : 10 (t_end=0.005 s)

  PARDISO Analysis Phase... Done in 41.9196 ms.
  PARDISO Factorization Phase... Done in 16.7462 ms.
  Solver setup [0] n = 11687  nnz = 1193549
     analyze?        1
     use learner?    1
     pattern locked? 1
     call learner?   1
     call reserve?   0
     timer assembly matrix:   0.201015 s
     timer analyze+factorize: 0.0587783 s
  PARDISO Solve Phase... Done in 11.3538 ms.
  Solver solve [0]  |residual| = 8.72025e-17
  PARDISO Analysis Phase... Done in 49.5121 ms.
  PARDISO Factorization Phase... Done in 14.767 ms.
  Solver setup [1] n = 11687  nnz = 1193549
     analyze?        1
     use learner?    1
     pattern locked? 1
     call learner?   0
     call reserve?   0
     timer assembly matrix:   0.229116 s
     timer analyze+factorize: 0.123161 s
  PARDISO Solve Phase... Done in 9.9039 ms.
  Solver solve [1]  |residual| = 6.34892e-21
  PARDISO Analysis Phase... Done in 55.4361 ms.
  PARDISO Factorization Phase... Done in 16.1981 ms.
  Solver setup [2] n = 11687  nnz = 1193549
     analyze?        1
     use learner?    1
     pattern locked? 1
     call learner?   0
     call reserve?   0
     timer assembly matrix:   0.257807 s
     timer analyze+factorize: 0.194873 s
  PARDISO Solve Phase... Done in 11.5822 ms.
  Solver solve [2]  |residual| = 4.69508e-21
  PARDISO Analysis Phase... Done in 62.0437 ms.
  PARDISO Factorization Phase... Done in 15.8432 ms.
  Solver setup [3] n = 11687  nnz = 1193549
     analyze?        1
     use learner?    1
     pattern locked? 1
     call learner?   0
     call reserve?   0
     timer assembly matrix:   0.286678 s
     timer analyze+factorize: 0.272844 s
  PARDISO Solve Phase... Done in 10.3863 ms.
  Solver solve [3]  |residual| = 4.21089e-21
  PARDISO Analysis Phase... Done in 50.6426 ms.
  PARDISO Factorization Phase... Done in 15.51 ms.
  Solver setup [4] n = 11687  nnz = 1193549
     analyze?        1
     use learner?    1
     pattern locked? 1
     call learner?   0
     call reserve?   0
     timer assembly matrix:   0.315633 s
     timer analyze+factorize: 0.339074 s
  PARDISO Solve Phase... Done in 9.66664 ms.
  Solver solve [4]  |residual| = 1.22337e-16
  PARDISO Analysis Phase... Done in 34.7989 ms.
  PARDISO Factorization Phase... Done in 16.9996 ms.
  Solver setup [5] n = 11687  nnz = 1193549
     analyze?        1
     use learner?    1
     pattern locked? 1
     call learner?   0
     call reserve?   0
     timer assembly matrix:   0.336533 s
     timer analyze+factorize: 0.390951 s
  PARDISO Solve Phase... Done in 10.11 ms.
  Solver solve [5]  |residual| = 3.81184e-21
  PARDISO Analysis Phase... Done in 46.0628 ms.
  PARDISO Factorization Phase... Done in 14.7012 ms.
  Solver setup [6] n = 11687  nnz = 1193549
     analyze?        1
     use learner?    1
     pattern locked? 1
     call learner?   0
     call reserve?   0
     timer assembly matrix:   0.36421 s
     timer analyze+factorize: 0.451791 s
  PARDISO Solve Phase... Done in 10.0965 ms.
  Solver solve [6]  |residual| = 4.38384e-21
  PARDISO Analysis Phase... Done in 48.5213 ms.
  PARDISO Factorization Phase... Done in 16.4773 ms.
  Solver setup [7] n = 11687  nnz = 1193549
     analyze?        1
     use learner?    1
     pattern locked? 1
     call learner?   0
     call reserve?   0
     timer assembly matrix:   0.392186 s
     timer analyze+factorize: 0.516895 s
  PARDISO Solve Phase... Done in 8.8495 ms.
  Solver solve [7]  |residual| = 3.62395e-21
  PARDISO Analysis Phase... Done in 32.1347 ms.
  PARDISO Factorization Phase... Done in 15.7755 ms.
  Solver setup [8] n = 11687  nnz = 1193549
     analyze?        1
     use learner?    1
     pattern locked? 1
     call learner?   0
     call reserve?   0
     timer assembly matrix:   0.411374 s
     timer analyze+factorize: 0.564871 s
  PARDISO Solve Phase... Done in 8.01744 ms.
  Solver solve [8]  |residual| = 1.04914e-16
  PARDISO Analysis Phase... Done in 34.0151 ms.
  PARDISO Factorization Phase... Done in 13.9781 ms.
  Solver setup [9] n = 11687  nnz = 1193549
     analyze?        1
     use learner?    1
     pattern locked? 1
     call learner?   0
     call reserve?   0
     timer assembly matrix:   0.430009 s
     timer analyze+factorize: 0.612924 s
  PARDISO Solve Phase... Done in 7.54853 ms.
  Solver solve [9]  |residual| = 3.72306e-21
  PARDISO Analysis Phase... Done in 32.3549 ms.
  PARDISO Factorization Phase... Done in 14.5563 ms.
  Solver setup [10] n = 11687  nnz = 1193549
     analyze?        1
     use learner?    1
     pattern locked? 1
     call learner?   0
     call reserve?   0
     timer assembly matrix:   0.449387 s
     timer analyze+factorize: 0.659904 s
  PARDISO Solve Phase... Done in 6.86397 ms.
  Solver solve [10]  |residual| = 4.03047e-21
  PARDISO Analysis Phase... Done in 32.3574 ms.
  PARDISO Factorization Phase... Done in 14.1035 ms.
  Solver setup [11] n = 11687  nnz = 1193549
     analyze?        1
     use learner?    1
     pattern locked? 1
     call learner?   0
     call reserve?   0
     timer assembly matrix:   0.467947 s
     timer analyze+factorize: 0.706424 s
  PARDISO Solve Phase... Done in 6.98846 ms.
  Solver solve [11]  |residual| = 3.54597e-21
  PARDISO Analysis Phase... Done in 31.5519 ms.
  PARDISO Factorization Phase... Done in 15.129 ms.
  Solver setup [12] n = 11687  nnz = 1193549
     analyze?        1
     use learner?    1
     pattern locked? 1
     call learner?   0
     call reserve?   0
     timer assembly matrix:   0.486372 s
     timer analyze+factorize: 0.753173 s
  PARDISO Solve Phase... Done in 6.57164 ms.
  Solver solve [12]  |residual| = 1.15751e-16
  PARDISO Analysis Phase... Done in 31.7894 ms.
  PARDISO Factorization Phase... Done in 12.7135 ms.
  Solver setup [13] n = 11687  nnz = 1193549
     analyze?        1
     use learner?    1
     pattern locked? 1
     call learner?   0
     call reserve?   0
     timer assembly matrix:   0.504797 s
     timer analyze+factorize: 0.797732 s
  PARDISO Solve Phase... Done in 6.64337 ms.
  Solver solve [13]  |residual| = 3.57887e-21
  PARDISO Analysis Phase... Done in 31.7406 ms.
  PARDISO Factorization Phase... Done in 12.9718 ms.
  Solver setup [14] n = 11687  nnz = 1193549
     analyze?        1
     use learner?    1
     pattern locked? 1
     call learner?   0
     call reserve?   0
     timer assembly matrix:   0.523032 s
     timer analyze+factorize: 0.8425 s
  PARDISO Solve Phase... Done in 6.45945 ms.
  Solver solve [14]  |residual| = 3.27423e-21
  PARDISO Analysis Phase... Done in 31.2189 ms.
  PARDISO Factorization Phase... Done in 13.5353 ms.
  Solver setup [15] n = 11687  nnz = 1193549
     analyze?        1
     use learner?    1
     pattern locked? 1
     call learner?   0
     call reserve?   0
     timer assembly matrix:   0.541337 s
     timer analyze+factorize: 0.887315 s
  PARDISO Solve Phase... Done in 6.4134 ms.
  Solver solve [15]  |residual| = 3.50262e-21
  PARDISO Analysis Phase... Done in 35.8185 ms.
  PARDISO Factorization Phase... Done in 15.0106 ms.
  Solver setup [16] n = 11687  nnz = 1193549
     analyze?        1
     use learner?    1
     pattern locked? 1
     call learner?   0
     call reserve?   0
     timer assembly matrix:   0.560228 s
     timer analyze+factorize: 0.938207 s
  PARDISO Solve Phase... Done in 7.56531 ms.
  Solver solve [16]  |residual| = 1.08251e-16
  PARDISO Analysis Phase... Done in 42.1253 ms.
  PARDISO Factorization Phase... Done in 14.9802 ms.
  Solver setup [17] n = 11687  nnz = 1193549
     analyze?        1
     use learner?    1
     pattern locked? 1
     call learner?   0
     call reserve?   0
     timer assembly matrix:   0.579751 s
     timer analyze+factorize: 0.995381 s
  PARDISO Solve Phase... Done in 12.5825 ms.
  Solver solve [17]  |residual| = 5.42423e-21
  PARDISO Analysis Phase... Done in 36.2087 ms.
  PARDISO Factorization Phase... Done in 14.8393 ms.
  Solver setup [18] n = 11687  nnz = 1193549
     analyze?        1
     use learner?    1
     pattern locked? 1
     call learner?   0
     call reserve?   0
     timer assembly matrix:   0.598743 s
     timer analyze+factorize: 1.0465 s
  PARDISO Solve Phase... Done in 9.69786 ms.
  Solver solve [18]  |residual| = 3.54737e-21
  PARDISO Analysis Phase... Done in 45.1888 ms.
  PARDISO Factorization Phase... Done in 18.3288 ms.
  Solver setup [19] n = 11687  nnz = 1193549
     analyze?        1
     use learner?    1
     pattern locked? 1
     call learner?   0
     call reserve?   0
     timer assembly matrix:   0.620132 s
     timer analyze+factorize: 1.11009 s
  PARDISO Solve Phase... Done in 10.3005 ms.
  Solver solve [19]  |residual| = 4.02927e-21
  PARDISO Analysis Phase... Done in 32.6264 ms.
  PARDISO Factorization Phase... Done in 15.3188 ms.
  Solver setup [20] n = 11687  nnz = 1193549
     analyze?        1
     use learner?    1
     pattern locked? 1
     call learner?   0
     call reserve?   0
     timer assembly matrix:   0.639549 s
     timer analyze+factorize: 1.1581 s
  PARDISO Solve Phase... Done in 7.01745 ms.
  Solver solve [20]  |residual| = 8.33184e-17
  PARDISO Analysis Phase... Done in 31.1534 ms.
  PARDISO Factorization Phase... Done in 14.0086 ms.
  Solver setup [21] n = 11687  nnz = 1193549
     analyze?        1
     use learner?    1
     pattern locked? 1
     call learner?   0
     call reserve?   0
     timer assembly matrix:   0.657999 s
     timer analyze+factorize: 1.20332 s
  PARDISO Solve Phase... Done in 6.87058 ms.
  Solver solve [21]  |residual| = 3.5495e-21
  PARDISO Analysis Phase... Done in 31.3295 ms.
  PARDISO Factorization Phase... Done in 14.5489 ms.
  Solver setup [22] n = 11687  nnz = 1193549
     analyze?        1
     use learner?    1
     pattern locked? 1
     call learner?   0
     call reserve?   0
     timer assembly matrix:   0.676442 s
     timer analyze+factorize: 1.24926 s
  PARDISO Solve Phase... Done in 7.16683 ms.
  Solver solve [22]  |residual| = 2.79475e-21
  PARDISO Analysis Phase... Done in 31.2678 ms.
  PARDISO Factorization Phase... Done in 13.9996 ms.
  Solver setup [23] n = 11687  nnz = 1193549
     analyze?        1
     use learner?    1
     pattern locked? 1
     call learner?   0
     call reserve?   0
     timer assembly matrix:   0.69501 s
     timer analyze+factorize: 1.29459 s
  PARDISO Solve Phase... Done in 7.0449 ms.
  Solver solve [23]  |residual| = 3.49139e-21
  PARDISO Analysis Phase... Done in 31.3941 ms.
  PARDISO Factorization Phase... Done in 13.6013 ms.
  Solver setup [24] n = 11687  nnz = 1193549
     analyze?        1
     use learner?    1
     pattern locked? 1
     call learner?   0
     call reserve?   0
     timer assembly matrix:   0.713455 s
     timer analyze+factorize: 1.33964 s
  PARDISO Solve Phase... Done in 6.5408 ms.
  Solver solve [24]  |residual| = 7.60524e-17
  PARDISO Analysis Phase... Done in 30.533 ms.
  PARDISO Factorization Phase... Done in 13.5583 ms.
  Solver setup [25] n = 11687  nnz = 1193549
     analyze?        1
     use learner?    1
     pattern locked? 1
     call learner?   0
     call reserve?   0
     timer assembly matrix:   0.731702 s
     timer analyze+factorize: 1.38378 s
  PARDISO Solve Phase... Done in 6.76116 ms.
  Solver solve [25]  |residual| = 3.10932e-21
  PARDISO Analysis Phase... Done in 31.2848 ms.
  PARDISO Factorization Phase... Done in 14.1891 ms.
  Solver setup [26] n = 11687  nnz = 1193549
     analyze?        1
     use learner?    1
     pattern locked? 1
     call learner?   0
     call reserve?   0
     timer assembly matrix:   0.750228 s
     timer analyze+factorize: 1.42932 s
  PARDISO Solve Phase... Done in 7.19997 ms.
  Solver solve [26]  |residual| = 3.84214e-21
  PARDISO Analysis Phase... Done in 31.5313 ms.
  PARDISO Factorization Phase... Done in 15.3504 ms.
  Solver setup [27] n = 11687  nnz = 1193549
     analyze?        1
     use learner?    1
     pattern locked? 1
     call learner?   0
     call reserve?   0
     timer assembly matrix:   0.76861 s
     timer analyze+factorize: 1.47628 s
  PARDISO Solve Phase... Done in 7.24383 ms.
  Solver solve [27]  |residual| = 3.90596e-21
  PARDISO Analysis Phase... Done in 31.3048 ms.
  PARDISO Factorization Phase... Done in 15.4366 ms.
  Solver setup [28] n = 11687  nnz = 1193549
     analyze?        1
     use learner?    1
     pattern locked? 1
     call learner?   0
     call reserve?   0
     timer assembly matrix:   0.787293 s
     timer analyze+factorize: 1.52307 s
  PARDISO Solve Phase... Done in 6.86753 ms.
  Solver solve [28]  |residual| = 6.32065e-17
  PARDISO Analysis Phase... Done in 31.3889 ms.
  PARDISO Factorization Phase... Done in 15.2699 ms.
  Solver setup [29] n = 11687  nnz = 1193549
     analyze?        1
     use learner?    1
     pattern locked? 1
     call learner?   0
     call reserve?   0
     timer assembly matrix:   0.805664 s
     timer analyze+factorize: 1.56979 s
  PARDISO Solve Phase... Done in 6.88243 ms.
  Solver solve [29]  |residual| = 4.18603e-21
  PARDISO Analysis Phase... Done in 31.4324 ms.
  PARDISO Factorization Phase... Done in 13.8184 ms.
  Solver setup [30] n = 11687  nnz = 1193549
     analyze?        1
     use learner?    1
     pattern locked? 1
     call learner?   0
     call reserve?   0
     timer assembly matrix:   0.824137 s
     timer analyze+factorize: 1.61509 s
  PARDISO Solve Phase... Done in 7.28671 ms.
  Solver solve [30]  |residual| = 4.79625e-21
  PARDISO Analysis Phase... Done in 31.3925 ms.
  PARDISO Factorization Phase... Done in 14.7028 ms.
  Solver setup [31] n = 11687  nnz = 1193549
     analyze?        1
     use learner?    1
     pattern locked? 1
     call learner?   0
     call reserve?   0
     timer assembly matrix:   0.842575 s
     timer analyze+factorize: 1.66124 s
  PARDISO Solve Phase... Done in 7.1007 ms.
  Solver solve [31]  |residual| = 3.12469e-21
  PARDISO Analysis Phase... Done in 31.0695 ms.
  PARDISO Factorization Phase... Done in 13.6255 ms.
  Solver setup [32] n = 11687  nnz = 1193549
     analyze?        1
     use learner?    1
     pattern locked? 1
     call learner?   0
     call reserve?   0
     timer assembly matrix:   0.86101 s
     timer analyze+factorize: 1.706 s
  PARDISO Solve Phase... Done in 6.70904 ms.
  Solver solve [32]  |residual| = 6.12287e-17
  PARDISO Analysis Phase... Done in 31.5559 ms.
  PARDISO Factorization Phase... Done in 14.4938 ms.
  Solver setup [33] n = 11687  nnz = 1193549
     analyze?        1
     use learner?    1
     pattern locked? 1
     call learner?   0
     call reserve?   0
     timer assembly matrix:   0.879375 s
     timer analyze+factorize: 1.75211 s
  PARDISO Solve Phase... Done in 6.66715 ms.
  Solver solve [33]  |residual| = 4.13424e-21
  PARDISO Analysis Phase... Done in 31.8823 ms.
  PARDISO Factorization Phase... Done in 13.8475 ms.
  Solver setup [34] n = 11687  nnz = 1193549
     analyze?        1
     use learner?    1
     pattern locked? 1
     call learner?   0
     call reserve?   0
     timer assembly matrix:   0.897982 s
     timer analyze+factorize: 1.7979 s
  PARDISO Solve Phase... Done in 6.61128 ms.
  Solver solve [34]  |residual| = 3.919e-21
  PARDISO Analysis Phase... Done in 32.5077 ms.
  PARDISO Factorization Phase... Done in 14.7777 ms.
  Solver setup [35] n = 11687  nnz = 1193549
     analyze?        1
     use learner?    1
     pattern locked? 1
     call learner?   0
     call reserve?   0
     timer assembly matrix:   0.916898 s
     timer analyze+factorize: 1.84525 s
  PARDISO Solve Phase... Done in 6.83829 ms.
  Solver solve [35]  |residual| = 3.5596e-21
  PARDISO Analysis Phase... Done in 31.5529 ms.
  PARDISO Factorization Phase... Done in 14.3217 ms.
  Solver setup [36] n = 11687  nnz = 1193549
     analyze?        1
     use learner?    1
     pattern locked? 1
     call learner?   0
     call reserve?   0
     timer assembly matrix:   0.935365 s
     timer analyze+factorize: 1.89118 s
  PARDISO Solve Phase... Done in 6.84651 ms.
  Solver solve [36]  |residual| = 5.4169e-17
  PARDISO Analysis Phase... Done in 31.1765 ms.
  PARDISO Factorization Phase... Done in 15.4657 ms.
  Solver setup [37] n = 11687  nnz = 1193549
     analyze?        1
     use learner?    1
     pattern locked? 1
     call learner?   0
     call reserve?   0
     timer assembly matrix:   0.953892 s
     timer analyze+factorize: 1.93789 s
  PARDISO Solve Phase... Done in 6.62699 ms.
  Solver solve [37]  |residual| = 3.29981e-21
  PARDISO Analysis Phase... Done in 30.7931 ms.
  PARDISO Factorization Phase... Done in 15.8067 ms.
  Solver setup [38] n = 11687  nnz = 1193549
     analyze?        1
     use learner?    1
     pattern locked? 1
     call learner?   0
     call reserve?   0
     timer assembly matrix:   0.972294 s
     timer analyze+factorize: 1.98453 s
  PARDISO Solve Phase... Done in 6.49191 ms.
  Solver solve [38]  |residual| = 3.84644e-21
  PARDISO Analysis Phase... Done in 30.827 ms.
  PARDISO Factorization Phase... Done in 15.0537 ms.
  Solver setup [39] n = 11687  nnz = 1193549
     analyze?        1
     use learner?    1
     pattern locked? 1
     call learner?   0
     call reserve?   0
     timer assembly matrix:   0.990769 s
     timer analyze+factorize: 2.03047 s
  PARDISO Solve Phase... Done in 6.86616 ms.
  Solver solve [39]  |residual| = 3.85803e-21
Wall time (loop)     : 4.882372 s
Simulation time      : 0.005000 s
RTF (wall/sim)       : 976.474317

Final avg tip pos    : (4.000000, 1.000000, -0.000045) m
peakRSS=1164852kB total=8.39s
