OpenMP enabled (max_threads=16)
Thread settings: nthreads=16 (chrono/collision/eigen)
ANCF 3443 cantilever shell demo
  integration  : PreInt
  solver       : PARDISO_MKL
  res          : 0 (40x40 elements)
  elements     : 1600
  nodes        : 1681
  tip_nodes    : 41
  x_size,y_size: 4, 2 m
  dx, dy       : 0.1, 0.05 m
  thickness    : 0.1 m
  tip_force_z  : -500 N (total, distributed over 41 nodes)
  schedule     : Fz=const for steps 0..4, then Fz=0 for steps 5..9
  dt           : 0.0005 s
  steps        : 10 (t_end=0.005 s)

  PARDISO Analysis Phase... Done in 73.9396 ms.
  PARDISO Factorization Phase... Done in 31.0314 ms.
  Solver setup [0] n = 20377  nnz = 2109739
     analyze?        1
     use learner?    1
     pattern locked? 1
     call learner?   1
     call reserve?   0
     timer assembly matrix:   0.295539 s
     timer analyze+factorize: 0.105065 s
  PARDISO Solve Phase... Done in 24.5316 ms.
  Solver solve [0]  |residual| = 1.11574e-16
  PARDISO Analysis Phase... Done in 90.2716 ms.
  PARDISO Factorization Phase... Done in 31.4923 ms.
  Solver setup [1] n = 20377  nnz = 2109739
     analyze?        1
     use learner?    1
     pattern locked? 1
     call learner?   0
     call reserve?   0
     timer assembly matrix:   0.345647 s
     timer analyze+factorize: 0.226908 s
  PARDISO Solve Phase... Done in 20.3508 ms.
  Solver solve [1]  |residual| = 1.60286e-20
  PARDISO Analysis Phase... Done in 90.5002 ms.
  PARDISO Factorization Phase... Done in 32.1727 ms.
  Solver setup [2] n = 20377  nnz = 2109739
     analyze?        1
     use learner?    1
     pattern locked? 1
     call learner?   0
     call reserve?   0
     timer assembly matrix:   0.395883 s
     timer analyze+factorize: 0.349666 s
  PARDISO Solve Phase... Done in 20.0639 ms.
  Solver solve [2]  |residual| = 1.20984e-20
  PARDISO Analysis Phase... Done in 89.4708 ms.
  PARDISO Factorization Phase... Done in 31.1693 ms.
  Solver setup [3] n = 20377  nnz = 2109739
     analyze?        1
     use learner?    1
     pattern locked? 1
     call learner?   0
     call reserve?   0
     timer assembly matrix:   0.44646 s
     timer analyze+factorize: 0.470384 s
  PARDISO Solve Phase... Done in 16.8134 ms.
  Solver solve [3]  |residual| = 1.29118e-20
  PARDISO Analysis Phase... Done in 89.6109 ms.
  PARDISO Factorization Phase... Done in 30.319 ms.
  Solver setup [4] n = 20377  nnz = 2109739
     analyze?        1
     use learner?    1
     pattern locked? 1
     call learner?   0
     call reserve?   0
     timer assembly matrix:   0.497232 s
     timer analyze+factorize: 0.590398 s
  PARDISO Solve Phase... Done in 16.8712 ms.
  Solver solve [4]  |residual| = 1.24174e-16
  PARDISO Analysis Phase... Done in 89.6445 ms.
  PARDISO Factorization Phase... Done in 31.0877 ms.
  Solver setup [5] n = 20377  nnz = 2109739
     analyze?        1
     use learner?    1
     pattern locked? 1
     call learner?   0
     call reserve?   0
     timer assembly matrix:   0.547458 s
     timer analyze+factorize: 0.71121 s
  PARDISO Solve Phase... Done in 17.188 ms.
  Solver solve [5]  |residual| = 1.32877e-20
  PARDISO Analysis Phase... Done in 90.0207 ms.
  PARDISO Factorization Phase... Done in 32.9333 ms.
  Solver setup [6] n = 20377  nnz = 2109739
     analyze?        1
     use learner?    1
     pattern locked? 1
     call learner?   0
     call reserve?   0
     timer assembly matrix:   0.598016 s
     timer analyze+factorize: 0.834247 s
  PARDISO Solve Phase... Done in 19.9358 ms.
  Solver solve [6]  |residual| = 1.17046e-20
  PARDISO Analysis Phase... Done in 90.3703 ms.
  PARDISO Factorization Phase... Done in 33.5811 ms.
  Solver setup [7] n = 20377  nnz = 2109739
     analyze?        1
     use learner?    1
     pattern locked? 1
     call learner?   0
     call reserve?   0
     timer assembly matrix:   0.648224 s
     timer analyze+factorize: 0.958274 s
  PARDISO Solve Phase... Done in 17.4826 ms.
  Solver solve [7]  |residual| = 9.95891e-21
  PARDISO Analysis Phase... Done in 91.155 ms.
  PARDISO Factorization Phase... Done in 31.7098 ms.
  Solver setup [8] n = 20377  nnz = 2109739
     analyze?        1
     use learner?    1
     pattern locked? 1
     call learner?   0
     call reserve?   0
     timer assembly matrix:   0.69846 s
     timer analyze+factorize: 1.08122 s
  PARDISO Solve Phase... Done in 16.8764 ms.
  Solver solve [8]  |residual| = 1.43384e-16
  PARDISO Analysis Phase... Done in 90.5713 ms.
  PARDISO Factorization Phase... Done in 30.9085 ms.
  Solver setup [9] n = 20377  nnz = 2109739
     analyze?        1
     use learner?    1
     pattern locked? 1
     call learner?   0
     call reserve?   0
     timer assembly matrix:   0.748699 s
     timer analyze+factorize: 1.20278 s
  PARDISO Solve Phase... Done in 17.9388 ms.
  Solver solve [9]  |residual| = 1.26809e-20
  PARDISO Analysis Phase... Done in 90.3324 ms.
  PARDISO Factorization Phase... Done in 31.2509 ms.
  Solver setup [10] n = 20377  nnz = 2109739
     analyze?        1
     use learner?    1
     pattern locked? 1
     call learner?   0
     call reserve?   0
     timer assembly matrix:   0.798895 s
     timer analyze+factorize: 1.32444 s
  PARDISO Solve Phase... Done in 18.5601 ms.
  Solver solve [10]  |residual| = 1.43638e-20
  PARDISO Analysis Phase... Done in 89.8776 ms.
  PARDISO Factorization Phase... Done in 31.8836 ms.
  Solver setup [11] n = 20377  nnz = 2109739
     analyze?        1
     use learner?    1
     pattern locked? 1
     call learner?   0
     call reserve?   0
     timer assembly matrix:   0.848928 s
     timer analyze+factorize: 1.44628 s
  PARDISO Solve Phase... Done in 17.2729 ms.
  Solver solve [11]  |residual| = 1.62999e-20
  PARDISO Analysis Phase... Done in 89.8896 ms.
  PARDISO Factorization Phase... Done in 32.3208 ms.
  Solver setup [12] n = 20377  nnz = 2109739
     analyze?        1
     use learner?    1
     pattern locked? 1
     call learner?   0
     call reserve?   0
     timer assembly matrix:   0.899489 s
     timer analyze+factorize: 1.56857 s
  PARDISO Solve Phase... Done in 17.03 ms.
  Solver solve [12]  |residual| = 1.46279e-16
  PARDISO Analysis Phase... Done in 89.9936 ms.
  PARDISO Factorization Phase... Done in 29.0305 ms.
  Solver setup [13] n = 20377  nnz = 2109739
     analyze?        1
     use learner?    1
     pattern locked? 1
     call learner?   0
     call reserve?   0
     timer assembly matrix:   0.950119 s
     timer analyze+factorize: 1.68768 s
  PARDISO Solve Phase... Done in 16.757 ms.
  Solver solve [13]  |residual| = 1.44043e-20
  PARDISO Analysis Phase... Done in 89.6883 ms.
  PARDISO Factorization Phase... Done in 30.3208 ms.
  Solver setup [14] n = 20377  nnz = 2109739
     analyze?        1
     use learner?    1
     pattern locked? 1
     call learner?   0
     call reserve?   0
     timer assembly matrix:   1.00035 s
     timer analyze+factorize: 1.80777 s
  PARDISO Solve Phase... Done in 18.8945 ms.
  Solver solve [14]  |residual| = 1.12866e-20
  PARDISO Analysis Phase... Done in 89.9019 ms.
  PARDISO Factorization Phase... Done in 32.205 ms.
  Solver setup [15] n = 20377  nnz = 2109739
     analyze?        1
     use learner?    1
     pattern locked? 1
     call learner?   0
     call reserve?   0
     timer assembly matrix:   1.05071 s
     timer analyze+factorize: 1.92996 s
  PARDISO Solve Phase... Done in 17.0989 ms.
  Solver solve [15]  |residual| = 1.00625e-20
  PARDISO Analysis Phase... Done in 89.7483 ms.
  PARDISO Factorization Phase... Done in 31.1183 ms.
  Solver setup [16] n = 20377  nnz = 2109739
     analyze?        1
     use learner?    1
     pattern locked? 1
     call learner?   0
     call reserve?   0
     timer assembly matrix:   1.10143 s
     timer analyze+factorize: 2.05091 s
  PARDISO Solve Phase... Done in 16.8522 ms.
  Solver solve [16]  |residual| = 1.28878e-16
  PARDISO Analysis Phase... Done in 89.9585 ms.
  PARDISO Factorization Phase... Done in 30.269 ms.
  Solver setup [17] n = 20377  nnz = 2109739
     analyze?        1
     use learner?    1
     pattern locked? 1
     call learner?   0
     call reserve?   0
     timer assembly matrix:   1.15162 s
     timer analyze+factorize: 2.17122 s
  PARDISO Solve Phase... Done in 16.9071 ms.
  Solver solve [17]  |residual| = 1.23451e-20
  PARDISO Analysis Phase... Done in 89.8148 ms.
  PARDISO Factorization Phase... Done in 30.3913 ms.
  Solver setup [18] n = 20377  nnz = 2109739
     analyze?        1
     use learner?    1
     pattern locked? 1
     call learner?   0
     call reserve?   0
     timer assembly matrix:   1.20234 s
     timer analyze+factorize: 2.29151 s
  PARDISO Solve Phase... Done in 16.9289 ms.
  Solver solve [18]  |residual| = 1.43405e-20
  PARDISO Analysis Phase... Done in 89.9781 ms.
  PARDISO Factorization Phase... Done in 31.1905 ms.
  Solver setup [19] n = 20377  nnz = 2109739
     analyze?        1
     use learner?    1
     pattern locked? 1
     call learner?   0
     call reserve?   0
     timer assembly matrix:   1.25287 s
     timer analyze+factorize: 2.41276 s
  PARDISO Solve Phase... Done in 16.883 ms.
  Solver solve [19]  |residual| = 1.62159e-20
  PARDISO Analysis Phase... Done in 89.6698 ms.
  PARDISO Factorization Phase... Done in 29.7478 ms.
  Solver setup [20] n = 20377  nnz = 2109739
     analyze?        1
     use learner?    1
     pattern locked? 1
     call learner?   0
     call reserve?   0
     timer assembly matrix:   1.30338 s
     timer analyze+factorize: 2.53226 s
  PARDISO Solve Phase... Done in 16.8505 ms.
  Solver solve [20]  |residual| = 1.1013e-16
  PARDISO Analysis Phase... Done in 89.9374 ms.
  PARDISO Factorization Phase... Done in 31.1893 ms.
  Solver setup [21] n = 20377  nnz = 2109739
     analyze?        1
     use learner?    1
     pattern locked? 1
     call learner?   0
     call reserve?   0
     timer assembly matrix:   1.35401 s
     timer analyze+factorize: 2.65348 s
  PARDISO Solve Phase... Done in 17.2997 ms.
  Solver solve [21]  |residual| = 1.33668e-20
  PARDISO Analysis Phase... Done in 89.8065 ms.
  PARDISO Factorization Phase... Done in 31.1923 ms.
  Solver setup [22] n = 20377  nnz = 2109739
     analyze?        1
     use learner?    1
     pattern locked? 1
     call learner?   0
     call reserve?   0
     timer assembly matrix:   1.40431 s
     timer analyze+factorize: 2.77456 s
  PARDISO Solve Phase... Done in 16.9075 ms.
  Solver solve [22]  |residual| = 1.24132e-20
  PARDISO Analysis Phase... Done in 89.8819 ms.
  PARDISO Factorization Phase... Done in 29.6615 ms.
  Solver setup [23] n = 20377  nnz = 2109739
     analyze?        1
     use learner?    1
     pattern locked? 1
     call learner?   0
     call reserve?   0
     timer assembly matrix:   1.45512 s
     timer analyze+factorize: 2.89419 s
  PARDISO Solve Phase... Done in 16.7574 ms.
  Solver solve [23]  |residual| = 1.32545e-20
  PARDISO Analysis Phase... Done in 89.789 ms.
  PARDISO Factorization Phase... Done in 30.9784 ms.
  Solver setup [24] n = 20377  nnz = 2109739
     analyze?        1
     use learner?    1
     pattern locked? 1
     call learner?   0
     call reserve?   0
     timer assembly matrix:   1.50542 s
     timer analyze+factorize: 3.01504 s
  PARDISO Solve Phase... Done in 17.2429 ms.
  Solver solve [24]  |residual| = 9.44951e-17
  PARDISO Analysis Phase... Done in 90.0737 ms.
  PARDISO Factorization Phase... Done in 31.3045 ms.
  Solver setup [25] n = 20377  nnz = 2109739
     analyze?        1
     use learner?    1
     pattern locked? 1
     call learner?   0
     call reserve?   0
     timer assembly matrix:   1.55576 s
     timer analyze+factorize: 3.1365 s
  PARDISO Solve Phase... Done in 17.4165 ms.
  Solver solve [25]  |residual| = 1.39917e-20
  PARDISO Analysis Phase... Done in 89.8371 ms.
  PARDISO Factorization Phase... Done in 31.5117 ms.
  Solver setup [26] n = 20377  nnz = 2109739
     analyze?        1
     use learner?    1
     pattern locked? 1
     call learner?   0
     call reserve?   0
     timer assembly matrix:   1.60607 s
     timer analyze+factorize: 3.25794 s
  PARDISO Solve Phase... Done in 16.8022 ms.
  Solver solve [26]  |residual| = 1.30746e-20
  PARDISO Analysis Phase... Done in 89.9708 ms.
  PARDISO Factorization Phase... Done in 30.2378 ms.
  Solver setup [27] n = 20377  nnz = 2109739
     analyze?        1
     use learner?    1
     pattern locked? 1
     call learner?   0
     call reserve?   0
     timer assembly matrix:   1.65685 s
     timer analyze+factorize: 3.37823 s
  PARDISO Solve Phase... Done in 16.9821 ms.
  Solver solve [27]  |residual| = 1.37047e-20
  PARDISO Analysis Phase... Done in 90.0324 ms.
  PARDISO Factorization Phase... Done in 31.3135 ms.
  Solver setup [28] n = 20377  nnz = 2109739
     analyze?        1
     use learner?    1
     pattern locked? 1
     call learner?   0
     call reserve?   0
     timer assembly matrix:   1.70691 s
     timer analyze+factorize: 3.49966 s
  PARDISO Solve Phase... Done in 16.7863 ms.
  Solver solve [28]  |residual| = 9.53118e-17
  PARDISO Analysis Phase... Done in 90.2216 ms.
  PARDISO Factorization Phase... Done in 30.2873 ms.
  Solver setup [29] n = 20377  nnz = 2109739
     analyze?        1
     use learner?    1
     pattern locked? 1
     call learner?   0
     call reserve?   0
     timer assembly matrix:   1.75752 s
     timer analyze+factorize: 3.62025 s
  PARDISO Solve Phase... Done in 16.9041 ms.
  Solver solve [29]  |residual| = 1.1082e-20
  PARDISO Analysis Phase... Done in 90.0047 ms.
  PARDISO Factorization Phase... Done in 32.1464 ms.
  Solver setup [30] n = 20377  nnz = 2109739
     analyze?        1
     use learner?    1
     pattern locked? 1
     call learner?   0
     call reserve?   0
     timer assembly matrix:   1.80785 s
     timer analyze+factorize: 3.74248 s
  PARDISO Solve Phase... Done in 17.1708 ms.
  Solver solve [30]  |residual| = 1.46244e-20
  PARDISO Analysis Phase... Done in 90.9135 ms.
  PARDISO Factorization Phase... Done in 30.2717 ms.
  Solver setup [31] n = 20377  nnz = 2109739
     analyze?        1
     use learner?    1
     pattern locked? 1
     call learner?   0
     call reserve?   0
     timer assembly matrix:   1.85911 s
     timer analyze+factorize: 3.86374 s
  PARDISO Solve Phase... Done in 17.1369 ms.
  Solver solve [31]  |residual| = 1.33567e-20
  PARDISO Analysis Phase... Done in 90.1114 ms.
  PARDISO Factorization Phase... Done in 32.0572 ms.
  Solver setup [32] n = 20377  nnz = 2109739
     analyze?        1
     use learner?    1
     pattern locked? 1
     call learner?   0
     call reserve?   0
     timer assembly matrix:   1.90965 s
     timer analyze+factorize: 3.98599 s
  PARDISO Solve Phase... Done in 16.8744 ms.
  Solver solve [32]  |residual| = 7.87894e-17
  PARDISO Analysis Phase... Done in 90.281 ms.
  PARDISO Factorization Phase... Done in 32.0626 ms.
  Solver setup [33] n = 20377  nnz = 2109739
     analyze?        1
     use learner?    1
     pattern locked? 1
     call learner?   0
     call reserve?   0
     timer assembly matrix:   1.96013 s
     timer analyze+factorize: 4.10841 s
  PARDISO Solve Phase... Done in 17.5515 ms.
  Solver solve [33]  |residual| = 1.44336e-20
  PARDISO Analysis Phase... Done in 89.874 ms.
  PARDISO Factorization Phase... Done in 30.652 ms.
  Solver setup [34] n = 20377  nnz = 2109739
     analyze?        1
     use learner?    1
     pattern locked? 1
     call learner?   0
     call reserve?   0
     timer assembly matrix:   2.01073 s
     timer analyze+factorize: 4.22903 s
  PARDISO Solve Phase... Done in 16.9902 ms.
  Solver solve [34]  |residual| = 1.17826e-20
  PARDISO Analysis Phase... Done in 90.2903 ms.
  PARDISO Factorization Phase... Done in 32.2568 ms.
  Solver setup [35] n = 20377  nnz = 2109739
     analyze?        1
     use learner?    1
     pattern locked? 1
     call learner?   0
     call reserve?   0
     timer assembly matrix:   2.06209 s
     timer analyze+factorize: 4.35166 s
  PARDISO Solve Phase... Done in 16.7886 ms.
  Solver solve [35]  |residual| = 1.30168e-20
  PARDISO Analysis Phase... Done in 90.0374 ms.
  PARDISO Factorization Phase... Done in 30.662 ms.
  Solver setup [36] n = 20377  nnz = 2109739
     analyze?        1
     use learner?    1
     pattern locked? 1
     call learner?   0
     call reserve?   0
     timer assembly matrix:   2.11223 s
     timer analyze+factorize: 4.47244 s
  PARDISO Solve Phase... Done in 16.8187 ms.
  Solver solve [36]  |residual| = 6.92231e-17
  PARDISO Analysis Phase... Done in 90.7234 ms.
  PARDISO Factorization Phase... Done in 30.4872 ms.
  Solver setup [37] n = 20377  nnz = 2109739
     analyze?        1
     use learner?    1
     pattern locked? 1
     call learner?   0
     call reserve?   0
     timer assembly matrix:   2.16282 s
     timer analyze+factorize: 4.59374 s
  PARDISO Solve Phase... Done in 16.9501 ms.
  Solver solve [37]  |residual| = 1.24836e-20
  PARDISO Analysis Phase... Done in 90.0913 ms.
  PARDISO Factorization Phase... Done in 30.5092 ms.
  Solver setup [38] n = 20377  nnz = 2109739
     analyze?        1
     use learner?    1
     pattern locked? 1
     call learner?   0
     call reserve?   0
     timer assembly matrix:   2.21306 s
     timer analyze+factorize: 4.71442 s
  PARDISO Solve Phase... Done in 16.8729 ms.
  Solver solve [38]  |residual| = 1.00394e-20
  PARDISO Analysis Phase... Done in 90.4569 ms.
  PARDISO Factorization Phase... Done in 32.0813 ms.
  Solver setup [39] n = 20377  nnz = 2109739
     analyze?        1
     use learner?    1
     pattern locked? 1
     call learner?   0
     call reserve?   0
     timer assembly matrix:   2.26394 s
     timer analyze+factorize: 4.83704 s
  PARDISO Solve Phase... Done in 17.135 ms.
  Solver solve [39]  |residual| = 1.25463e-20
Wall time (loop)     : 10.483041 s
Simulation time      : 0.005000 s
RTF (wall/sim)       : 2096.608116

Final avg tip pos    : (4.000000, 1.000000, -0.000046) m
peakRSS=2044788kB total=16.71s
