OpenMP enabled (max_threads=16)
Thread settings: nthreads=16 (chrono/collision/eigen)
ANCF 3443 cantilever shell demo
  integration  : PreInt
  solver       : CUSTOM
  res          : 4 (50x50 elements)
  elements     : 2500
  nodes        : 2601
  tip_nodes    : 51
  x_size,y_size: 4, 2 m
  dx, dy       : 0.08, 0.04 m
  thickness    : 0.1 m
  tip_force_z  : -500 N (total, distributed over 51 nodes)
  schedule     : Fz=const for steps 0..4, then Fz=0 for steps 5..9
  dt           : 0.0005 s
  steps        : 10 (t_end=0.005 s)

  CuDSS Analysis Phase... Done in 70.9371 ms.
  CuDSS Factorization Phase... Done in 51.1532 ms.
  Solver setup [0] n = 31467  nnz = 3285129
     analyze?        1
     use learner?    1
     pattern locked? 1
     call learner?   1
     call reserve?   0
     timer assembly matrix:   0.515101 s
     timer analyze+factorize: 0.126891 s
  CuDSS Solve Phase... Done in 4.75354 ms.
  Solver solve [0]  |residual| = 2.05316e-16
  CuDSS Analysis Phase... Done in 64.7959 ms.
  CuDSS Factorization Phase... Done in 44.21 ms.
  Solver setup [1] n = 31467  nnz = 3285129
     analyze?        1
     use learner?    1
     pattern locked? 1
     call learner?   0
     call reserve?   0
     timer assembly matrix:   0.566287 s
     timer analyze+factorize: 0.239873 s
  CuDSS Solve Phase... Done in 0.84224 ms.
  Solver solve [1]  |residual| = 6.89377e-20
  CuDSS Analysis Phase... Done in 63.3278 ms.
  CuDSS Factorization Phase... Done in 43.281 ms.
  Solver setup [2] n = 31467  nnz = 3285129
     analyze?        1
     use learner?    1
     pattern locked? 1
     call learner?   0
     call reserve?   0
     timer assembly matrix:   0.618379 s
     timer analyze+factorize: 0.350384 s
  CuDSS Solve Phase... Done in 0.810016 ms.
  Solver solve [2]  |residual| = 5.22272e-20
  CuDSS Analysis Phase... Done in 63.3192 ms.
  CuDSS Factorization Phase... Done in 42.5852 ms.
  Solver setup [3] n = 31467  nnz = 3285129
     analyze?        1
     use learner?    1
     pattern locked? 1
     call learner?   0
     call reserve?   0
     timer assembly matrix:   0.669611 s
     timer analyze+factorize: 0.460417 s
  CuDSS Solve Phase... Done in 0.81408 ms.
  Solver solve [3]  |residual| = 5.36233e-20
  CuDSS Analysis Phase... Done in 65.6002 ms.
  CuDSS Factorization Phase... Done in 44.6956 ms.
  Solver setup [4] n = 31467  nnz = 3285129
     analyze?        1
     use learner?    1
     pattern locked? 1
     call learner?   0
     call reserve?   0
     timer assembly matrix:   0.721032 s
     timer analyze+factorize: 0.574686 s
  CuDSS Solve Phase... Done in 0.81504 ms.
  Solver solve [4]  |residual| = 2.48726e-16
  CuDSS Analysis Phase... Done in 64.122 ms.
  CuDSS Factorization Phase... Done in 42.6513 ms.
  Solver setup [5] n = 31467  nnz = 3285129
     analyze?        1
     use learner?    1
     pattern locked? 1
     call learner?   0
     call reserve?   0
     timer assembly matrix:   0.772524 s
     timer analyze+factorize: 0.685596 s
  CuDSS Solve Phase... Done in 0.81952 ms.
  Solver solve [5]  |residual| = 4.95526e-20
  CuDSS Analysis Phase... Done in 63.242 ms.
  CuDSS Factorization Phase... Done in 42.4638 ms.
  Solver setup [6] n = 31467  nnz = 3285129
     analyze?        1
     use learner?    1
     pattern locked? 1
     call learner?   0
     call reserve?   0
     timer assembly matrix:   0.823592 s
     timer analyze+factorize: 0.795218 s
  CuDSS Solve Phase... Done in 0.812704 ms.
  Solver solve [6]  |residual| = 5.62642e-20
  CuDSS Analysis Phase... Done in 64.4651 ms.
  CuDSS Factorization Phase... Done in 43.3046 ms.
  Solver setup [7] n = 31467  nnz = 3285129
     analyze?        1
     use learner?    1
     pattern locked? 1
     call learner?   0
     call reserve?   0
     timer assembly matrix:   0.874984 s
     timer analyze+factorize: 0.90705 s
  CuDSS Solve Phase... Done in 0.813344 ms.
  Solver solve [7]  |residual| = 5.31046e-20
  CuDSS Analysis Phase... Done in 63.585 ms.
  CuDSS Factorization Phase... Done in 42.779 ms.
  Solver setup [8] n = 31467  nnz = 3285129
     analyze?        1
     use learner?    1
     pattern locked? 1
     call learner?   0
     call reserve?   0
     timer assembly matrix:   0.926174 s
     timer analyze+factorize: 1.0174 s
  CuDSS Solve Phase... Done in 0.81568 ms.
  Solver solve [8]  |residual| = 2.74728e-16
  CuDSS Analysis Phase... Done in 64.4816 ms.
  CuDSS Factorization Phase... Done in 43.8481 ms.
  Solver setup [9] n = 31467  nnz = 3285129
     analyze?        1
     use learner?    1
     pattern locked? 1
     call learner?   0
     call reserve?   0
     timer assembly matrix:   0.977719 s
     timer analyze+factorize: 1.13043 s
  CuDSS Solve Phase... Done in 0.823616 ms.
  Solver solve [9]  |residual| = 5.35066e-20
  CuDSS Analysis Phase... Done in 64.098 ms.
  CuDSS Factorization Phase... Done in 43.0019 ms.
  Solver setup [10] n = 31467  nnz = 3285129
     analyze?        1
     use learner?    1
     pattern locked? 1
     call learner?   0
     call reserve?   0
     timer assembly matrix:   1.02932 s
     timer analyze+factorize: 1.24155 s
  CuDSS Solve Phase... Done in 0.82464 ms.
  Solver solve [10]  |residual| = 5.51412e-20
  CuDSS Analysis Phase... Done in 63.8184 ms.
  CuDSS Factorization Phase... Done in 43.5317 ms.
  Solver setup [11] n = 31467  nnz = 3285129
     analyze?        1
     use learner?    1
     pattern locked? 1
     call learner?   0
     call reserve?   0
     timer assembly matrix:   1.08135 s
     timer analyze+factorize: 1.35292 s
  CuDSS Solve Phase... Done in 0.815296 ms.
  Solver solve [11]  |residual| = 4.38909e-20
  CuDSS Analysis Phase... Done in 64.4353 ms.
  CuDSS Factorization Phase... Done in 42.7723 ms.
  Solver setup [12] n = 31467  nnz = 3285129
     analyze?        1
     use learner?    1
     pattern locked? 1
     call learner?   0
     call reserve?   0
     timer assembly matrix:   1.13265 s
     timer analyze+factorize: 1.46415 s
  CuDSS Solve Phase... Done in 0.842144 ms.
  Solver solve [12]  |residual| = 2.84351e-16
  CuDSS Analysis Phase... Done in 65.272 ms.
  CuDSS Factorization Phase... Done in 42.3834 ms.
  Solver setup [13] n = 31467  nnz = 3285129
     analyze?        1
     use learner?    1
     pattern locked? 1
     call learner?   0
     call reserve?   0
     timer assembly matrix:   1.18562 s
     timer analyze+factorize: 1.57689 s
  CuDSS Solve Phase... Done in 0.806304 ms.
  Solver solve [13]  |residual| = 7.48055e-20
  CuDSS Analysis Phase... Done in 65.4514 ms.
  CuDSS Factorization Phase... Done in 44.1419 ms.
  Solver setup [14] n = 31467  nnz = 3285129
     analyze?        1
     use learner?    1
     pattern locked? 1
     call learner?   0
     call reserve?   0
     timer assembly matrix:   1.23706 s
     timer analyze+factorize: 1.6906 s
  CuDSS Solve Phase... Done in 0.827072 ms.
  Solver solve [14]  |residual| = 5.42137e-20
  CuDSS Analysis Phase... Done in 65.2924 ms.
  CuDSS Factorization Phase... Done in 42.189 ms.
  Solver setup [15] n = 31467  nnz = 3285129
     analyze?        1
     use learner?    1
     pattern locked? 1
     call learner?   0
     call reserve?   0
     timer assembly matrix:   1.28917 s
     timer analyze+factorize: 1.80212 s
  CuDSS Solve Phase... Done in 0.809184 ms.
  Solver solve [15]  |residual| = 5.11144e-20
  CuDSS Analysis Phase... Done in 63.4925 ms.
  CuDSS Factorization Phase... Done in 45.2882 ms.
  Solver setup [16] n = 31467  nnz = 3285129
     analyze?        1
     use learner?    1
     pattern locked? 1
     call learner?   0
     call reserve?   0
     timer assembly matrix:   1.34109 s
     timer analyze+factorize: 1.91494 s
  CuDSS Solve Phase... Done in 0.810912 ms.
  Solver solve [16]  |residual| = 2.58385e-16
  CuDSS Analysis Phase... Done in 63.9896 ms.
  CuDSS Factorization Phase... Done in 44.4523 ms.
  Solver setup [17] n = 31467  nnz = 3285129
     analyze?        1
     use learner?    1
     pattern locked? 1
     call learner?   0
     call reserve?   0
     timer assembly matrix:   1.39295 s
     timer analyze+factorize: 2.02736 s
  CuDSS Solve Phase... Done in 0.8088 ms.
  Solver solve [17]  |residual| = 7.07883e-20
  CuDSS Analysis Phase... Done in 64.5835 ms.
  CuDSS Factorization Phase... Done in 43.3992 ms.
  Solver setup [18] n = 31467  nnz = 3285129
     analyze?        1
     use learner?    1
     pattern locked? 1
     call learner?   0
     call reserve?   0
     timer assembly matrix:   1.44403 s
     timer analyze+factorize: 2.13925 s
  CuDSS Solve Phase... Done in 0.8032 ms.
  Solver solve [18]  |residual| = 5.43026e-20
  CuDSS Analysis Phase... Done in 63.5665 ms.
  CuDSS Factorization Phase... Done in 44.3253 ms.
  Solver setup [19] n = 31467  nnz = 3285129
     analyze?        1
     use learner?    1
     pattern locked? 1
     call learner?   0
     call reserve?   0
     timer assembly matrix:   1.49654 s
     timer analyze+factorize: 2.25112 s
  CuDSS Solve Phase... Done in 0.882304 ms.
  Solver solve [19]  |residual| = 5.65527e-20
  CuDSS Analysis Phase... Done in 64.0724 ms.
  CuDSS Factorization Phase... Done in 43.7946 ms.
  Solver setup [20] n = 31467  nnz = 3285129
     analyze?        1
     use learner?    1
     pattern locked? 1
     call learner?   0
     call reserve?   0
     timer assembly matrix:   1.54841 s
     timer analyze+factorize: 2.36324 s
  CuDSS Solve Phase... Done in 0.81424 ms.
  Solver solve [20]  |residual| = 2.16173e-16
  CuDSS Analysis Phase... Done in 63.5244 ms.
  CuDSS Factorization Phase... Done in 42.1995 ms.
  Solver setup [21] n = 31467  nnz = 3285129
     analyze?        1
     use learner?    1
     pattern locked? 1
     call learner?   0
     call reserve?   0
     timer assembly matrix:   1.60134 s
     timer analyze+factorize: 2.47296 s
  CuDSS Solve Phase... Done in 0.818816 ms.
  Solver solve [21]  |residual| = 5.42167e-20
  CuDSS Analysis Phase... Done in 64.3412 ms.
  CuDSS Factorization Phase... Done in 43.6011 ms.
  Solver setup [22] n = 31467  nnz = 3285129
     analyze?        1
     use learner?    1
     pattern locked? 1
     call learner?   0
     call reserve?   0
     timer assembly matrix:   1.65282 s
     timer analyze+factorize: 2.58506 s
  CuDSS Solve Phase... Done in 0.828032 ms.
  Solver solve [22]  |residual| = 6.13625e-20
  CuDSS Analysis Phase... Done in 64.7754 ms.
  CuDSS Factorization Phase... Done in 42.9738 ms.
  Solver setup [23] n = 31467  nnz = 3285129
     analyze?        1
     use learner?    1
     pattern locked? 1
     call learner?   0
     call reserve?   0
     timer assembly matrix:   1.70404 s
     timer analyze+factorize: 2.69716 s
  CuDSS Solve Phase... Done in 0.812768 ms.
  Solver solve [23]  |residual| = 6.50759e-20
  CuDSS Analysis Phase... Done in 63.2767 ms.
  CuDSS Factorization Phase... Done in 42.7054 ms.
  Solver setup [24] n = 31467  nnz = 3285129
     analyze?        1
     use learner?    1
     pattern locked? 1
     call learner?   0
     call reserve?   0
     timer assembly matrix:   1.75522 s
     timer analyze+factorize: 2.80711 s
  CuDSS Solve Phase... Done in 0.817728 ms.
  Solver solve [24]  |residual| = 2.07922e-16
  CuDSS Analysis Phase... Done in 63.3889 ms.
  CuDSS Factorization Phase... Done in 44.3499 ms.
  Solver setup [25] n = 31467  nnz = 3285129
     analyze?        1
     use learner?    1
     pattern locked? 1
     call learner?   0
     call reserve?   0
     timer assembly matrix:   1.8065 s
     timer analyze+factorize: 2.91886 s
  CuDSS Solve Phase... Done in 0.82304 ms.
  Solver solve [25]  |residual| = 6.35715e-20
  CuDSS Analysis Phase... Done in 63.6343 ms.
  CuDSS Factorization Phase... Done in 42.4915 ms.
  Solver setup [26] n = 31467  nnz = 3285129
     analyze?        1
     use learner?    1
     pattern locked? 1
     call learner?   0
     call reserve?   0
     timer assembly matrix:   1.85815 s
     timer analyze+factorize: 3.02914 s
  CuDSS Solve Phase... Done in 0.82096 ms.
  Solver solve [26]  |residual| = 7.22828e-20
  CuDSS Analysis Phase... Done in 63.4841 ms.
  CuDSS Factorization Phase... Done in 42.6196 ms.
  Solver setup [27] n = 31467  nnz = 3285129
     analyze?        1
     use learner?    1
     pattern locked? 1
     call learner?   0
     call reserve?   0
     timer assembly matrix:   1.90969 s
     timer analyze+factorize: 3.13921 s
  CuDSS Solve Phase... Done in 0.814688 ms.
  Solver solve [27]  |residual| = 5.672e-20
  CuDSS Analysis Phase... Done in 67.8548 ms.
  CuDSS Factorization Phase... Done in 42.3588 ms.
  Solver setup [28] n = 31467  nnz = 3285129
     analyze?        1
     use learner?    1
     pattern locked? 1
     call learner?   0
     call reserve?   0
     timer assembly matrix:   1.96922 s
     timer analyze+factorize: 3.25371 s
  CuDSS Solve Phase... Done in 0.810368 ms.
  Solver solve [28]  |residual| = 1.89859e-16
  CuDSS Analysis Phase... Done in 63.4811 ms.
  CuDSS Factorization Phase... Done in 44.1116 ms.
  Solver setup [29] n = 31467  nnz = 3285129
     analyze?        1
     use learner?    1
     pattern locked? 1
     call learner?   0
     call reserve?   0
     timer assembly matrix:   2.02023 s
     timer analyze+factorize: 3.36534 s
  CuDSS Solve Phase... Done in 0.812832 ms.
  Solver solve [29]  |residual| = 5.23615e-20
  CuDSS Analysis Phase... Done in 63.7468 ms.
  CuDSS Factorization Phase... Done in 44.7147 ms.
  Solver setup [30] n = 31467  nnz = 3285129
     analyze?        1
     use learner?    1
     pattern locked? 1
     call learner?   0
     call reserve?   0
     timer assembly matrix:   2.07208 s
     timer analyze+factorize: 3.47873 s
  CuDSS Solve Phase... Done in 0.822528 ms.
  Solver solve [30]  |residual| = 5.07853e-20
  CuDSS Analysis Phase... Done in 63.4481 ms.
  CuDSS Factorization Phase... Done in 42.6335 ms.
  Solver setup [31] n = 31467  nnz = 3285129
     analyze?        1
     use learner?    1
     pattern locked? 1
     call learner?   0
     call reserve?   0
     timer assembly matrix:   2.12351 s
     timer analyze+factorize: 3.58883 s
  CuDSS Solve Phase... Done in 0.819872 ms.
  Solver solve [31]  |residual| = 5.61858e-20
  CuDSS Analysis Phase... Done in 64.8397 ms.
  CuDSS Factorization Phase... Done in 42.5809 ms.
  Solver setup [32] n = 31467  nnz = 3285129
     analyze?        1
     use learner?    1
     pattern locked? 1
     call learner?   0
     call reserve?   0
     timer assembly matrix:   2.17582 s
     timer analyze+factorize: 3.70074 s
  CuDSS Solve Phase... Done in 0.81296 ms.
  Solver solve [32]  |residual| = 1.83416e-16
  CuDSS Analysis Phase... Done in 63.5606 ms.
  CuDSS Factorization Phase... Done in 42.5363 ms.
  Solver setup [33] n = 31467  nnz = 3285129
     analyze?        1
     use learner?    1
     pattern locked? 1
     call learner?   0
     call reserve?   0
     timer assembly matrix:   2.22761 s
     timer analyze+factorize: 3.81102 s
  CuDSS Solve Phase... Done in 0.823712 ms.
  Solver solve [33]  |residual| = 7.09439e-20
  CuDSS Analysis Phase... Done in 64.5169 ms.
  CuDSS Factorization Phase... Done in 43.7566 ms.
  Solver setup [34] n = 31467  nnz = 3285129
     analyze?        1
     use learner?    1
     pattern locked? 1
     call learner?   0
     call reserve?   0
     timer assembly matrix:   2.2789 s
     timer analyze+factorize: 3.92345 s
  CuDSS Solve Phase... Done in 0.878368 ms.
  Solver solve [34]  |residual| = 6.89001e-20
  CuDSS Analysis Phase... Done in 63.5601 ms.
  CuDSS Factorization Phase... Done in 42.6143 ms.
  Solver setup [35] n = 31467  nnz = 3285129
     analyze?        1
     use learner?    1
     pattern locked? 1
     call learner?   0
     call reserve?   0
     timer assembly matrix:   2.33069 s
     timer analyze+factorize: 4.03375 s
  CuDSS Solve Phase... Done in 0.824896 ms.
  Solver solve [35]  |residual| = 5.87274e-20
  CuDSS Analysis Phase... Done in 64.0764 ms.
  CuDSS Factorization Phase... Done in 43.4006 ms.
  Solver setup [36] n = 31467  nnz = 3285129
     analyze?        1
     use learner?    1
     pattern locked? 1
     call learner?   0
     call reserve?   0
     timer assembly matrix:   2.38426 s
     timer analyze+factorize: 4.14543 s
  CuDSS Solve Phase... Done in 0.823968 ms.
  Solver solve [36]  |residual| = 1.5065e-16
  CuDSS Analysis Phase... Done in 63.6323 ms.
  CuDSS Factorization Phase... Done in 44.4857 ms.
  Solver setup [37] n = 31467  nnz = 3285129
     analyze?        1
     use learner?    1
     pattern locked? 1
     call learner?   0
     call reserve?   0
     timer assembly matrix:   2.43545 s
     timer analyze+factorize: 4.25761 s
  CuDSS Solve Phase... Done in 0.820768 ms.
  Solver solve [37]  |residual| = 6.79442e-20
  CuDSS Analysis Phase... Done in 64.3219 ms.
  CuDSS Factorization Phase... Done in 42.9611 ms.
  Solver setup [38] n = 31467  nnz = 3285129
     analyze?        1
     use learner?    1
     pattern locked? 1
     call learner?   0
     call reserve?   0
     timer assembly matrix:   2.48933 s
     timer analyze+factorize: 4.36917 s
  CuDSS Solve Phase... Done in 0.841664 ms.
  Solver solve [38]  |residual| = 5.16827e-20
  CuDSS Analysis Phase... Done in 63.4588 ms.
  CuDSS Factorization Phase... Done in 43.1114 ms.
  Solver setup [39] n = 31467  nnz = 3285129
     analyze?        1
     use learner?    1
     pattern locked? 1
     call learner?   0
     call reserve?   0
     timer assembly matrix:   2.54266 s
     timer analyze+factorize: 4.47979 s
  CuDSS Solve Phase... Done in 0.814624 ms.
  Solver solve [39]  |residual| = 5.25158e-20
Wall time (loop)     : 11.226130 s
Simulation time      : 0.005000 s
RTF (wall/sim)       : 2245.225991

Final avg tip pos    : (4.000000, 1.000000, -0.000046) m
peakRSS=3146360kB total=21.17s
