OpenMP enabled (max_threads=16)
Thread settings: nthreads=16 (chrono/collision/eigen)
ANCF 3443 cantilever shell demo
  integration  : PreInt
  solver       : PARDISO_MKL
  res          : 4 (50x50 elements)
  elements     : 2500
  nodes        : 2601
  tip_nodes    : 51
  x_size,y_size: 4, 2 m
  dx, dy       : 0.08, 0.04 m
  thickness    : 0.1 m
  tip_force_z  : -500 N (total, distributed over 51 nodes)
  schedule     : Fz=const for steps 0..4, then Fz=0 for steps 5..9
  dt           : 0.0005 s
  steps        : 10 (t_end=0.005 s)

  PARDISO Analysis Phase... Done in 112.374 ms.
  PARDISO Factorization Phase... Done in 55.7595 ms.
  Solver setup [0] n = 31467  nnz = 3285129
     analyze?        1
     use learner?    1
     pattern locked? 1
     call learner?   1
     call reserve?   0
     timer assembly matrix:   0.459826 s
     timer analyze+factorize: 0.168235 s
  PARDISO Solve Phase... Done in 40.3668 ms.
  Solver solve [0]  |residual| = 1.11034e-16
  PARDISO Analysis Phase... Done in 149.063 ms.
  PARDISO Factorization Phase... Done in 55.4179 ms.
  Solver setup [1] n = 31467  nnz = 3285129
     analyze?        1
     use learner?    1
     pattern locked? 1
     call learner?   0
     call reserve?   0
     timer assembly matrix:   0.538542 s
     timer analyze+factorize: 0.372796 s
  PARDISO Solve Phase... Done in 33.8362 ms.
  Solver solve [1]  |residual| = 4.02401e-20
  PARDISO Analysis Phase... Done in 154.699 ms.
  PARDISO Factorization Phase... Done in 53.3813 ms.
  Solver setup [2] n = 31467  nnz = 3285129
     analyze?        1
     use learner?    1
     pattern locked? 1
     call learner?   0
     call reserve?   0
     timer assembly matrix:   0.617521 s
     timer analyze+factorize: 0.580956 s
  PARDISO Solve Phase... Done in 34.4156 ms.
  Solver solve [2]  |residual| = 2.50309e-20
  PARDISO Analysis Phase... Done in 154.219 ms.
  PARDISO Factorization Phase... Done in 52.5771 ms.
  Solver setup [3] n = 31467  nnz = 3285129
     analyze?        1
     use learner?    1
     pattern locked? 1
     call learner?   0
     call reserve?   0
     timer assembly matrix:   0.696596 s
     timer analyze+factorize: 0.787836 s
  PARDISO Solve Phase... Done in 34.1297 ms.
  Solver solve [3]  |residual| = 2.81785e-20
  PARDISO Analysis Phase... Done in 154.238 ms.
  PARDISO Factorization Phase... Done in 54.5923 ms.
  Solver setup [4] n = 31467  nnz = 3285129
     analyze?        1
     use learner?    1
     pattern locked? 1
     call learner?   0
     call reserve?   0
     timer assembly matrix:   0.775922 s
     timer analyze+factorize: 0.996749 s
  PARDISO Solve Phase... Done in 35.0342 ms.
  Solver solve [4]  |residual| = 1.41198e-16
  PARDISO Analysis Phase... Done in 155.624 ms.
  PARDISO Factorization Phase... Done in 55.8462 ms.
  Solver setup [5] n = 31467  nnz = 3285129
     analyze?        1
     use learner?    1
     pattern locked? 1
     call learner?   0
     call reserve?   0
     timer assembly matrix:   0.855139 s
     timer analyze+factorize: 1.2083 s
  PARDISO Solve Phase... Done in 34.2728 ms.
  Solver solve [5]  |residual| = 2.77022e-20
  PARDISO Analysis Phase... Done in 154.519 ms.
  PARDISO Factorization Phase... Done in 55.7244 ms.
  Solver setup [6] n = 31467  nnz = 3285129
     analyze?        1
     use learner?    1
     pattern locked? 1
     call learner?   0
     call reserve?   0
     timer assembly matrix:   0.934357 s
     timer analyze+factorize: 1.41862 s
  PARDISO Solve Phase... Done in 34.6384 ms.
  Solver solve [6]  |residual| = 3.19704e-20
  PARDISO Analysis Phase... Done in 155.392 ms.
  PARDISO Factorization Phase... Done in 54.5068 ms.
  Solver setup [7] n = 31467  nnz = 3285129
     analyze?        1
     use learner?    1
     pattern locked? 1
     call learner?   0
     call reserve?   0
     timer assembly matrix:   1.01301 s
     timer analyze+factorize: 1.6286 s
  PARDISO Solve Phase... Done in 34.2978 ms.
  Solver solve [7]  |residual| = 2.93775e-20
  PARDISO Analysis Phase... Done in 154.911 ms.
  PARDISO Factorization Phase... Done in 55.1015 ms.
  Solver setup [8] n = 31467  nnz = 3285129
     analyze?        1
     use learner?    1
     pattern locked? 1
     call learner?   0
     call reserve?   0
     timer assembly matrix:   1.09186 s
     timer analyze+factorize: 1.83868 s
  PARDISO Solve Phase... Done in 34.4526 ms.
  Solver solve [8]  |residual| = 2.01894e-16
  PARDISO Analysis Phase... Done in 155.243 ms.
  PARDISO Factorization Phase... Done in 56.8608 ms.
  Solver setup [9] n = 31467  nnz = 3285129
     analyze?        1
     use learner?    1
     pattern locked? 1
     call learner?   0
     call reserve?   0
     timer assembly matrix:   1.17103 s
     timer analyze+factorize: 2.05087 s
  PARDISO Solve Phase... Done in 34.5505 ms.
  Solver solve [9]  |residual| = 2.81714e-20
  PARDISO Analysis Phase... Done in 155.422 ms.
  PARDISO Factorization Phase... Done in 56.4091 ms.
  Solver setup [10] n = 31467  nnz = 3285129
     analyze?        1
     use learner?    1
     pattern locked? 1
     call learner?   0
     call reserve?   0
     timer assembly matrix:   1.25023 s
     timer analyze+factorize: 2.26277 s
  PARDISO Solve Phase... Done in 34.1843 ms.
  Solver solve [10]  |residual| = 3.36462e-20
  PARDISO Analysis Phase... Done in 154.776 ms.
  PARDISO Factorization Phase... Done in 53.2497 ms.
  Solver setup [11] n = 31467  nnz = 3285129
     analyze?        1
     use learner?    1
     pattern locked? 1
     call learner?   0
     call reserve?   0
     timer assembly matrix:   1.32926 s
     timer analyze+factorize: 2.47088 s
  PARDISO Solve Phase... Done in 34.3008 ms.
  Solver solve [11]  |residual| = 4.05757e-20
  PARDISO Analysis Phase... Done in 155.817 ms.
  PARDISO Factorization Phase... Done in 56.0809 ms.
  Solver setup [12] n = 31467  nnz = 3285129
     analyze?        1
     use learner?    1
     pattern locked? 1
     call learner?   0
     call reserve?   0
     timer assembly matrix:   1.40835 s
     timer analyze+factorize: 2.68286 s
  PARDISO Solve Phase... Done in 34.3329 ms.
  Solver solve [12]  |residual| = 1.81137e-16
  PARDISO Analysis Phase... Done in 155.416 ms.
  PARDISO Factorization Phase... Done in 56.202 ms.
  Solver setup [13] n = 31467  nnz = 3285129
     analyze?        1
     use learner?    1
     pattern locked? 1
     call learner?   0
     call reserve?   0
     timer assembly matrix:   1.48716 s
     timer analyze+factorize: 2.89455 s
  PARDISO Solve Phase... Done in 34.3396 ms.
  Solver solve [13]  |residual| = 3.07811e-20
  PARDISO Analysis Phase... Done in 155.855 ms.
  PARDISO Factorization Phase... Done in 55.8341 ms.
  Solver setup [14] n = 31467  nnz = 3285129
     analyze?        1
     use learner?    1
     pattern locked? 1
     call learner?   0
     call reserve?   0
     timer assembly matrix:   1.56618 s
     timer analyze+factorize: 3.10632 s
  PARDISO Solve Phase... Done in 34.4147 ms.
  Solver solve [14]  |residual| = 3.71486e-20
  PARDISO Analysis Phase... Done in 155.259 ms.
  PARDISO Factorization Phase... Done in 56.2272 ms.
  Solver setup [15] n = 31467  nnz = 3285129
     analyze?        1
     use learner?    1
     pattern locked? 1
     call learner?   0
     call reserve?   0
     timer assembly matrix:   1.64503 s
     timer analyze+factorize: 3.31789 s
  PARDISO Solve Phase... Done in 34.4578 ms.
  Solver solve [15]  |residual| = 2.42581e-20
  PARDISO Analysis Phase... Done in 155.655 ms.
  PARDISO Factorization Phase... Done in 55.3962 ms.
  Solver setup [16] n = 31467  nnz = 3285129
     analyze?        1
     use learner?    1
     pattern locked? 1
     call learner?   0
     call reserve?   0
     timer assembly matrix:   1.72462 s
     timer analyze+factorize: 3.52902 s
  PARDISO Solve Phase... Done in 35.1642 ms.
  Solver solve [16]  |residual| = 1.49524e-16
  PARDISO Analysis Phase... Done in 158.646 ms.
  PARDISO Factorization Phase... Done in 55.7212 ms.
  Solver setup [17] n = 31467  nnz = 3285129
     analyze?        1
     use learner?    1
     pattern locked? 1
     call learner?   0
     call reserve?   0
     timer assembly matrix:   1.80582 s
     timer analyze+factorize: 3.74347 s
  PARDISO Solve Phase... Done in 34.3385 ms.
  Solver solve [17]  |residual| = 2.87696e-20
  PARDISO Analysis Phase... Done in 154.59 ms.
  PARDISO Factorization Phase... Done in 56.1552 ms.
  Solver setup [18] n = 31467  nnz = 3285129
     analyze?        1
     use learner?    1
     pattern locked? 1
     call learner?   0
     call reserve?   0
     timer assembly matrix:   1.88464 s
     timer analyze+factorize: 3.95429 s
  PARDISO Solve Phase... Done in 34.2882 ms.
  Solver solve [18]  |residual| = 2.78013e-20
  PARDISO Analysis Phase... Done in 155.195 ms.
  PARDISO Factorization Phase... Done in 56.7845 ms.
  Solver setup [19] n = 31467  nnz = 3285129
     analyze?        1
     use learner?    1
     pattern locked? 1
     call learner?   0
     call reserve?   0
     timer assembly matrix:   1.96396 s
     timer analyze+factorize: 4.16636 s
  PARDISO Solve Phase... Done in 34.4388 ms.
  Solver solve [19]  |residual| = 2.31898e-20
  PARDISO Analysis Phase... Done in 156.753 ms.
  PARDISO Factorization Phase... Done in 55.7431 ms.
  Solver setup [20] n = 31467  nnz = 3285129
     analyze?        1
     use learner?    1
     pattern locked? 1
     call learner?   0
     call reserve?   0
     timer assembly matrix:   2.04311 s
     timer analyze+factorize: 4.37893 s
  PARDISO Solve Phase... Done in 34.4564 ms.
  Solver solve [20]  |residual| = 1.3994e-16
  PARDISO Analysis Phase... Done in 154.997 ms.
  PARDISO Factorization Phase... Done in 57.3979 ms.
  Solver setup [21] n = 31467  nnz = 3285129
     analyze?        1
     use learner?    1
     pattern locked? 1
     call learner?   0
     call reserve?   0
     timer assembly matrix:   2.12369 s
     timer analyze+factorize: 4.5914 s
  PARDISO Solve Phase... Done in 34.4357 ms.
  Solver solve [21]  |residual| = 2.72291e-20
  PARDISO Analysis Phase... Done in 155.871 ms.
  PARDISO Factorization Phase... Done in 54.2325 ms.
  Solver setup [22] n = 31467  nnz = 3285129
     analyze?        1
     use learner?    1
     pattern locked? 1
     call learner?   0
     call reserve?   0
     timer assembly matrix:   2.20285 s
     timer analyze+factorize: 4.80159 s
  PARDISO Solve Phase... Done in 34.4173 ms.
  Solver solve [22]  |residual| = 3.14898e-20
  PARDISO Analysis Phase... Done in 155.179 ms.
  PARDISO Factorization Phase... Done in 56.441 ms.
  Solver setup [23] n = 31467  nnz = 3285129
     analyze?        1
     use learner?    1
     pattern locked? 1
     call learner?   0
     call reserve?   0
     timer assembly matrix:   2.28274 s
     timer analyze+factorize: 5.01329 s
  PARDISO Solve Phase... Done in 34.6342 ms.
  Solver solve [23]  |residual| = 3.90132e-20
  PARDISO Analysis Phase... Done in 155.051 ms.
  PARDISO Factorization Phase... Done in 56.3097 ms.
  Solver setup [24] n = 31467  nnz = 3285129
     analyze?        1
     use learner?    1
     pattern locked? 1
     call learner?   0
     call reserve?   0
     timer assembly matrix:   2.36148 s
     timer analyze+factorize: 5.22473 s
  PARDISO Solve Phase... Done in 34.3769 ms.
  Solver solve [24]  |residual| = 1.29827e-16
  PARDISO Analysis Phase... Done in 155.503 ms.
  PARDISO Factorization Phase... Done in 54.0838 ms.
  Solver setup [25] n = 31467  nnz = 3285129
     analyze?        1
     use learner?    1
     pattern locked? 1
     call learner?   0
     call reserve?   0
     timer assembly matrix:   2.44062 s
     timer analyze+factorize: 5.43439 s
  PARDISO Solve Phase... Done in 34.378 ms.
  Solver solve [25]  |residual| = 3.42579e-20
  PARDISO Analysis Phase... Done in 156.625 ms.
  PARDISO Factorization Phase... Done in 52.9314 ms.
  Solver setup [26] n = 31467  nnz = 3285129
     analyze?        1
     use learner?    1
     pattern locked? 1
     call learner?   0
     call reserve?   0
     timer assembly matrix:   2.51957 s
     timer analyze+factorize: 5.64403 s
  PARDISO Solve Phase... Done in 34.3835 ms.
  Solver solve [26]  |residual| = 3.43617e-20
  PARDISO Analysis Phase... Done in 155.668 ms.
  PARDISO Factorization Phase... Done in 54.1927 ms.
  Solver setup [27] n = 31467  nnz = 3285129
     analyze?        1
     use learner?    1
     pattern locked? 1
     call learner?   0
     call reserve?   0
     timer assembly matrix:   2.59906 s
     timer analyze+factorize: 5.85397 s
  PARDISO Solve Phase... Done in 35.1832 ms.
  Solver solve [27]  |residual| = 4.16705e-20
  PARDISO Analysis Phase... Done in 156.25 ms.
  PARDISO Factorization Phase... Done in 54.0131 ms.
  Solver setup [28] n = 31467  nnz = 3285129
     analyze?        1
     use learner?    1
     pattern locked? 1
     call learner?   0
     call reserve?   0
     timer assembly matrix:   2.67866 s
     timer analyze+factorize: 6.06431 s
  PARDISO Solve Phase... Done in 34.4713 ms.
  Solver solve [28]  |residual| = 1.12598e-16
  PARDISO Analysis Phase... Done in 156.217 ms.
  PARDISO Factorization Phase... Done in 55.576 ms.
  Solver setup [29] n = 31467  nnz = 3285129
     analyze?        1
     use learner?    1
     pattern locked? 1
     call learner?   0
     call reserve?   0
     timer assembly matrix:   2.75813 s
     timer analyze+factorize: 6.27619 s
  PARDISO Solve Phase... Done in 36.5149 ms.
  Solver solve [29]  |residual| = 4.46967e-20
  PARDISO Analysis Phase... Done in 156.808 ms.
  PARDISO Factorization Phase... Done in 56.1781 ms.
  Solver setup [30] n = 31467  nnz = 3285129
     analyze?        1
     use learner?    1
     pattern locked? 1
     call learner?   0
     call reserve?   0
     timer assembly matrix:   2.83745 s
     timer analyze+factorize: 6.48925 s
  PARDISO Solve Phase... Done in 34.6922 ms.
  Solver solve [30]  |residual| = 3.14981e-20
  PARDISO Analysis Phase... Done in 158.236 ms.
  PARDISO Factorization Phase... Done in 55.0767 ms.
  Solver setup [31] n = 31467  nnz = 3285129
     analyze?        1
     use learner?    1
     pattern locked? 1
     call learner?   0
     call reserve?   0
     timer assembly matrix:   2.91708 s
     timer analyze+factorize: 6.70264 s
  PARDISO Solve Phase... Done in 34.7977 ms.
  Solver solve [31]  |residual| = 3.41851e-20
  PARDISO Analysis Phase... Done in 156.104 ms.
  PARDISO Factorization Phase... Done in 54.1577 ms.
  Solver setup [32] n = 31467  nnz = 3285129
     analyze?        1
     use learner?    1
     pattern locked? 1
     call learner?   0
     call reserve?   0
     timer assembly matrix:   2.99644 s
     timer analyze+factorize: 6.913 s
  PARDISO Solve Phase... Done in 35.7566 ms.
  Solver solve [32]  |residual| = 1.01338e-16
  PARDISO Analysis Phase... Done in 155.836 ms.
  PARDISO Factorization Phase... Done in 53.8816 ms.
  Solver setup [33] n = 31467  nnz = 3285129
     analyze?        1
     use learner?    1
     pattern locked? 1
     call learner?   0
     call reserve?   0
     timer assembly matrix:   3.07525 s
     timer analyze+factorize: 7.1228 s
  PARDISO Solve Phase... Done in 34.6706 ms.
  Solver solve [33]  |residual| = 2.51918e-20
  PARDISO Analysis Phase... Done in 155.479 ms.
  PARDISO Factorization Phase... Done in 53.9198 ms.
  Solver setup [34] n = 31467  nnz = 3285129
     analyze?        1
     use learner?    1
     pattern locked? 1
     call learner?   0
     call reserve?   0
     timer assembly matrix:   3.15414 s
     timer analyze+factorize: 7.33228 s
  PARDISO Solve Phase... Done in 34.5433 ms.
  Solver solve [34]  |residual| = 2.64249e-20
  PARDISO Analysis Phase... Done in 156.208 ms.
  PARDISO Factorization Phase... Done in 56.5057 ms.
  Solver setup [35] n = 31467  nnz = 3285129
     analyze?        1
     use learner?    1
     pattern locked? 1
     call learner?   0
     call reserve?   0
     timer assembly matrix:   3.23338 s
     timer analyze+factorize: 7.54507 s
  PARDISO Solve Phase... Done in 34.4906 ms.
  Solver solve [35]  |residual| = 2.92449e-20
  PARDISO Analysis Phase... Done in 156.86 ms.
  PARDISO Factorization Phase... Done in 55.2014 ms.
  Solver setup [36] n = 31467  nnz = 3285129
     analyze?        1
     use learner?    1
     pattern locked? 1
     call learner?   0
     call reserve?   0
     timer assembly matrix:   3.31195 s
     timer analyze+factorize: 7.75721 s
  PARDISO Solve Phase... Done in 34.7251 ms.
  Solver solve [36]  |residual| = 8.51382e-17
  PARDISO Analysis Phase... Done in 156.034 ms.
  PARDISO Factorization Phase... Done in 53.4273 ms.
  Solver setup [37] n = 31467  nnz = 3285129
     analyze?        1
     use learner?    1
     pattern locked? 1
     call learner?   0
     call reserve?   0
     timer assembly matrix:   3.39111 s
     timer analyze+factorize: 7.96675 s
  PARDISO Solve Phase... Done in 34.8009 ms.
  Solver solve [37]  |residual| = 2.71806e-20
  PARDISO Analysis Phase... Done in 155.927 ms.
  PARDISO Factorization Phase... Done in 53.1983 ms.
  Solver setup [38] n = 31467  nnz = 3285129
     analyze?        1
     use learner?    1
     pattern locked? 1
     call learner?   0
     call reserve?   0
     timer assembly matrix:   3.47017 s
     timer analyze+factorize: 8.17596 s
  PARDISO Solve Phase... Done in 34.4231 ms.
  Solver solve [38]  |residual| = 2.78107e-20
  PARDISO Analysis Phase... Done in 155.912 ms.
  PARDISO Factorization Phase... Done in 55.7855 ms.
  Solver setup [39] n = 31467  nnz = 3285129
     analyze?        1
     use learner?    1
     pattern locked? 1
     call learner?   0
     call reserve?   0
     timer assembly matrix:   3.54952 s
     timer analyze+factorize: 8.38774 s
  PARDISO Solve Phase... Done in 34.7764 ms.
  Solver solve [39]  |residual| = 3.51359e-20
Wall time (loop)     : 17.478441 s
Simulation time      : 0.005000 s
RTF (wall/sim)       : 3495.688107

Final avg tip pos    : (4.000000, 1.000000, -0.000046) m
peakRSS=3151780kB total=27.39s
