OpenMP enabled (max_threads=16)
Thread settings: nthreads=16 (chrono/collision/eigen)
ANCF 3443 cantilever shell demo
  integration  : PreInt
  solver       : PARDISO_MKL
  res          : 0 (70x70 elements)
  elements     : 4900
  nodes        : 5041
  tip_nodes    : 71
  x_size,y_size: 4, 2 m
  dx, dy       : 0.0571429, 0.0285714 m
  thickness    : 0.1 m
  tip_force_z  : -500 N (total, distributed over 71 nodes)
  schedule     : Fz=const for steps 0..4, then Fz=0 for steps 5..9
  dt           : 0.0005 s
  steps        : 10 (t_end=0.005 s)

  PARDISO Analysis Phase... Done in 216.493 ms.
  PARDISO Factorization Phase... Done in 141.253 ms.
  Solver setup [0] n = 60847  nnz = 6413509
     analyze?        1
     use learner?    1
     pattern locked? 1
     call learner?   1
     call reserve?   0
     timer assembly matrix:   0.939588 s
     timer analyze+factorize: 0.357831 s
  PARDISO Solve Phase... Done in 64.9725 ms.
  Solver solve [0]  |residual| = 1.80391e-16
  PARDISO Analysis Phase... Done in 205.292 ms.
  PARDISO Factorization Phase... Done in 136.352 ms.
  Solver setup [1] n = 60847  nnz = 6413509
     analyze?        1
     use learner?    1
     pattern locked? 1
     call learner?   0
     call reserve?   0
     timer assembly matrix:   1.04167 s
     timer analyze+factorize: 0.699536 s
  PARDISO Solve Phase... Done in 64.8541 ms.
  Solver solve [1]  |residual| = 2.51623e-19
  PARDISO Analysis Phase... Done in 205.896 ms.
  PARDISO Factorization Phase... Done in 136.599 ms.
  Solver setup [2] n = 60847  nnz = 6413509
     analyze?        1
     use learner?    1
     pattern locked? 1
     call learner?   0
     call reserve?   0
     timer assembly matrix:   1.14232 s
     timer analyze+factorize: 1.04209 s
  PARDISO Solve Phase... Done in 64.2159 ms.
  Solver solve [2]  |residual| = 1.05488e-19
  PARDISO Analysis Phase... Done in 209.917 ms.
  PARDISO Factorization Phase... Done in 133.556 ms.
  Solver setup [3] n = 60847  nnz = 6413509
     analyze?        1
     use learner?    1
     pattern locked? 1
     call learner?   0
     call reserve?   0
     timer assembly matrix:   1.24324 s
     timer analyze+factorize: 1.38562 s
  PARDISO Solve Phase... Done in 63.9037 ms.
  Solver solve [3]  |residual| = 1.01024e-19
  PARDISO Analysis Phase... Done in 207.347 ms.
  PARDISO Factorization Phase... Done in 137.635 ms.
  Solver setup [4] n = 60847  nnz = 6413509
     analyze?        1
     use learner?    1
     pattern locked? 1
     call learner?   0
     call reserve?   0
     timer assembly matrix:   1.34416 s
     timer analyze+factorize: 1.73067 s
  PARDISO Solve Phase... Done in 67.6283 ms.
  Solver solve [4]  |residual| = 2.30698e-16
  PARDISO Analysis Phase... Done in 202.571 ms.
  PARDISO Factorization Phase... Done in 137.97 ms.
  Solver setup [5] n = 60847  nnz = 6413509
     analyze?        1
     use learner?    1
     pattern locked? 1
     call learner?   0
     call reserve?   0
     timer assembly matrix:   1.45006 s
     timer analyze+factorize: 2.07127 s
  PARDISO Solve Phase... Done in 64.3377 ms.
  Solver solve [5]  |residual| = 8.52531e-20
  PARDISO Analysis Phase... Done in 213.418 ms.
  PARDISO Factorization Phase... Done in 139.288 ms.
  Solver setup [6] n = 60847  nnz = 6413509
     analyze?        1
     use learner?    1
     pattern locked? 1
     call learner?   0
     call reserve?   0
     timer assembly matrix:   1.55148 s
     timer analyze+factorize: 2.42403 s
  PARDISO Solve Phase... Done in 64.8225 ms.
  Solver solve [6]  |residual| = 1.0905e-19
  PARDISO Analysis Phase... Done in 207.327 ms.
  PARDISO Factorization Phase... Done in 137.597 ms.
  Solver setup [7] n = 60847  nnz = 6413509
     analyze?        1
     use learner?    1
     pattern locked? 1
     call learner?   0
     call reserve?   0
     timer assembly matrix:   1.65341 s
     timer analyze+factorize: 2.76902 s
  PARDISO Solve Phase... Done in 64.5854 ms.
  Solver solve [7]  |residual| = 1.57765e-19
  PARDISO Analysis Phase... Done in 224.112 ms.
  PARDISO Factorization Phase... Done in 137.308 ms.
  Solver setup [8] n = 60847  nnz = 6413509
     analyze?        1
     use learner?    1
     pattern locked? 1
     call learner?   0
     call reserve?   0
     timer assembly matrix:   1.77335 s
     timer analyze+factorize: 3.1305 s
  PARDISO Solve Phase... Done in 66.3055 ms.
  Solver solve [8]  |residual| = 2.78362e-16
  PARDISO Analysis Phase... Done in 214.759 ms.
  PARDISO Factorization Phase... Done in 136.199 ms.
  Solver setup [9] n = 60847  nnz = 6413509
     analyze?        1
     use learner?    1
     pattern locked? 1
     call learner?   0
     call reserve?   0
     timer assembly matrix:   1.87626 s
     timer analyze+factorize: 3.48151 s
  PARDISO Solve Phase... Done in 64.8306 ms.
  Solver solve [9]  |residual| = 1.14648e-19
  PARDISO Analysis Phase... Done in 208.134 ms.
  PARDISO Factorization Phase... Done in 131.592 ms.
  Solver setup [10] n = 60847  nnz = 6413509
     analyze?        1
     use learner?    1
     pattern locked? 1
     call learner?   0
     call reserve?   0
     timer assembly matrix:   1.97861 s
     timer analyze+factorize: 3.8213 s
  PARDISO Solve Phase... Done in 64.5287 ms.
  Solver solve [10]  |residual| = 1.07852e-19
  PARDISO Analysis Phase... Done in 206.314 ms.
  PARDISO Factorization Phase... Done in 136.449 ms.
  Solver setup [11] n = 60847  nnz = 6413509
     analyze?        1
     use learner?    1
     pattern locked? 1
     call learner?   0
     call reserve?   0
     timer assembly matrix:   2.08021 s
     timer analyze+factorize: 4.16412 s
  PARDISO Solve Phase... Done in 64.4724 ms.
  Solver solve [11]  |residual| = 1.20605e-19
  PARDISO Analysis Phase... Done in 206.038 ms.
  PARDISO Factorization Phase... Done in 136.581 ms.
  Solver setup [12] n = 60847  nnz = 6413509
     analyze?        1
     use learner?    1
     pattern locked? 1
     call learner?   0
     call reserve?   0
     timer assembly matrix:   2.18149 s
     timer analyze+factorize: 4.5068 s
  PARDISO Solve Phase... Done in 63.2087 ms.
  Solver solve [12]  |residual| = 2.40898e-16
  PARDISO Analysis Phase... Done in 207.364 ms.
  PARDISO Factorization Phase... Done in 140.069 ms.
  Solver setup [13] n = 60847  nnz = 6413509
     analyze?        1
     use learner?    1
     pattern locked? 1
     call learner?   0
     call reserve?   0
     timer assembly matrix:   2.28186 s
     timer analyze+factorize: 4.85428 s
  PARDISO Solve Phase... Done in 64.0178 ms.
  Solver solve [13]  |residual| = 1.44088e-19
  PARDISO Analysis Phase... Done in 205.862 ms.
  PARDISO Factorization Phase... Done in 139.467 ms.
  Solver setup [14] n = 60847  nnz = 6413509
     analyze?        1
     use learner?    1
     pattern locked? 1
     call learner?   0
     call reserve?   0
     timer assembly matrix:   2.38216 s
     timer analyze+factorize: 5.19967 s
  PARDISO Solve Phase... Done in 64.2553 ms.
  Solver solve [14]  |residual| = 1.18946e-19
  PARDISO Analysis Phase... Done in 205.715 ms.
  PARDISO Factorization Phase... Done in 144.753 ms.
  Solver setup [15] n = 60847  nnz = 6413509
     analyze?        1
     use learner?    1
     pattern locked? 1
     call learner?   0
     call reserve?   0
     timer assembly matrix:   2.48245 s
     timer analyze+factorize: 5.5502 s
  PARDISO Solve Phase... Done in 63.9623 ms.
  Solver solve [15]  |residual| = 1.17053e-19
  PARDISO Analysis Phase... Done in 209.323 ms.
  PARDISO Factorization Phase... Done in 136.004 ms.
  Solver setup [16] n = 60847  nnz = 6413509
     analyze?        1
     use learner?    1
     pattern locked? 1
     call learner?   0
     call reserve?   0
     timer assembly matrix:   2.5837 s
     timer analyze+factorize: 5.89558 s
  PARDISO Solve Phase... Done in 64.5377 ms.
  Solver solve [16]  |residual| = 2.25586e-16
  PARDISO Analysis Phase... Done in 204.979 ms.
  PARDISO Factorization Phase... Done in 133.024 ms.
  Solver setup [17] n = 60847  nnz = 6413509
     analyze?        1
     use learner?    1
     pattern locked? 1
     call learner?   0
     call reserve?   0
     timer assembly matrix:   2.68419 s
     timer analyze+factorize: 6.23365 s
  PARDISO Solve Phase... Done in 65.0984 ms.
  Solver solve [17]  |residual| = 1.35649e-19
  PARDISO Analysis Phase... Done in 205.072 ms.
  PARDISO Factorization Phase... Done in 137.565 ms.
  Solver setup [18] n = 60847  nnz = 6413509
     analyze?        1
     use learner?    1
     pattern locked? 1
     call learner?   0
     call reserve?   0
     timer assembly matrix:   2.78524 s
     timer analyze+factorize: 6.57634 s
  PARDISO Solve Phase... Done in 64.0415 ms.
  Solver solve [18]  |residual| = 1.67005e-19
  PARDISO Analysis Phase... Done in 209.298 ms.
  PARDISO Factorization Phase... Done in 136.356 ms.
  Solver setup [19] n = 60847  nnz = 6413509
     analyze?        1
     use learner?    1
     pattern locked? 1
     call learner?   0
     call reserve?   0
     timer assembly matrix:   2.88564 s
     timer analyze+factorize: 6.92205 s
  PARDISO Solve Phase... Done in 63.6903 ms.
  Solver solve [19]  |residual| = 1.12707e-19
  PARDISO Analysis Phase... Done in 207.032 ms.
  PARDISO Factorization Phase... Done in 141.507 ms.
  Solver setup [20] n = 60847  nnz = 6413509
     analyze?        1
     use learner?    1
     pattern locked? 1
     call learner?   0
     call reserve?   0
     timer assembly matrix:   2.98745 s
     timer analyze+factorize: 7.27065 s
  PARDISO Solve Phase... Done in 65.112 ms.
  Solver solve [20]  |residual| = 1.84839e-16
  PARDISO Analysis Phase... Done in 208.081 ms.
  PARDISO Factorization Phase... Done in 137.156 ms.
  Solver setup [21] n = 60847  nnz = 6413509
     analyze?        1
     use learner?    1
     pattern locked? 1
     call learner?   0
     call reserve?   0
     timer assembly matrix:   3.08909 s
     timer analyze+factorize: 7.61594 s
  PARDISO Solve Phase... Done in 64.3376 ms.
  Solver solve [21]  |residual| = 1.385e-19
  PARDISO Analysis Phase... Done in 207.744 ms.
  PARDISO Factorization Phase... Done in 140.259 ms.
  Solver setup [22] n = 60847  nnz = 6413509
     analyze?        1
     use learner?    1
     pattern locked? 1
     call learner?   0
     call reserve?   0
     timer assembly matrix:   3.19043 s
     timer analyze+factorize: 7.96455 s
  PARDISO Solve Phase... Done in 64.3114 ms.
  Solver solve [22]  |residual| = 8.83201e-20
  PARDISO Analysis Phase... Done in 214.965 ms.
  PARDISO Factorization Phase... Done in 138.341 ms.
  Solver setup [23] n = 60847  nnz = 6413509
     analyze?        1
     use learner?    1
     pattern locked? 1
     call learner?   0
     call reserve?   0
     timer assembly matrix:   3.2924 s
     timer analyze+factorize: 8.31792 s
  PARDISO Solve Phase... Done in 64.9355 ms.
  Solver solve [23]  |residual| = 1.13604e-19
  PARDISO Analysis Phase... Done in 208.246 ms.
  PARDISO Factorization Phase... Done in 138.604 ms.
  Solver setup [24] n = 60847  nnz = 6413509
     analyze?        1
     use learner?    1
     pattern locked? 1
     call learner?   0
     call reserve?   0
     timer assembly matrix:   3.39551 s
     timer analyze+factorize: 8.66483 s
  PARDISO Solve Phase... Done in 65.3744 ms.
  Solver solve [24]  |residual| = 1.72445e-16
  PARDISO Analysis Phase... Done in 216.758 ms.
  PARDISO Factorization Phase... Done in 144.466 ms.
  Solver setup [25] n = 60847  nnz = 6413509
     analyze?        1
     use learner?    1
     pattern locked? 1
     call learner?   0
     call reserve?   0
     timer assembly matrix:   3.50002 s
     timer analyze+factorize: 9.02611 s
  PARDISO Solve Phase... Done in 66.7825 ms.
  Solver solve [25]  |residual| = 1.99426e-19
  PARDISO Analysis Phase... Done in 209.754 ms.
  PARDISO Factorization Phase... Done in 141.351 ms.
  Solver setup [26] n = 60847  nnz = 6413509
     analyze?        1
     use learner?    1
     pattern locked? 1
     call learner?   0
     call reserve?   0
     timer assembly matrix:   3.6003 s
     timer analyze+factorize: 9.37729 s
  PARDISO Solve Phase... Done in 66.9371 ms.
  Solver solve [26]  |residual| = 1.40309e-19
  PARDISO Analysis Phase... Done in 205.772 ms.
  PARDISO Factorization Phase... Done in 136.247 ms.
  Solver setup [27] n = 60847  nnz = 6413509
     analyze?        1
     use learner?    1
     pattern locked? 1
     call learner?   0
     call reserve?   0
     timer assembly matrix:   3.70245 s
     timer analyze+factorize: 9.71937 s
  PARDISO Solve Phase... Done in 65.2103 ms.
  Solver solve [27]  |residual| = 1.09496e-19
  PARDISO Analysis Phase... Done in 247.846 ms.
  PARDISO Factorization Phase... Done in 141.28 ms.
  Solver setup [28] n = 60847  nnz = 6413509
     analyze?        1
     use learner?    1
     pattern locked? 1
     call learner?   0
     call reserve?   0
     timer assembly matrix:   3.80353 s
     timer analyze+factorize: 10.1086 s
  PARDISO Solve Phase... Done in 83.0192 ms.
  Solver solve [28]  |residual| = 1.64768e-16
  PARDISO Analysis Phase... Done in 210.741 ms.
  PARDISO Factorization Phase... Done in 137.367 ms.
  Solver setup [29] n = 60847  nnz = 6413509
     analyze?        1
     use learner?    1
     pattern locked? 1
     call learner?   0
     call reserve?   0
     timer assembly matrix:   3.96122 s
     timer analyze+factorize: 10.4568 s
  PARDISO Solve Phase... Done in 63.0838 ms.
  Solver solve [29]  |residual| = 1.7695e-19
  PARDISO Analysis Phase... Done in 206.419 ms.
  PARDISO Factorization Phase... Done in 142.549 ms.
  Solver setup [30] n = 60847  nnz = 6413509
     analyze?        1
     use learner?    1
     pattern locked? 1
     call learner?   0
     call reserve?   0
     timer assembly matrix:   4.06186 s
     timer analyze+factorize: 10.8058 s
  PARDISO Solve Phase... Done in 63.966 ms.
  Solver solve [30]  |residual| = 1.21524e-19
  PARDISO Analysis Phase... Done in 203.844 ms.
  PARDISO Factorization Phase... Done in 142.939 ms.
  Solver setup [31] n = 60847  nnz = 6413509
     analyze?        1
     use learner?    1
     pattern locked? 1
     call learner?   0
     call reserve?   0
     timer assembly matrix:   4.16202 s
     timer analyze+factorize: 11.1526 s
  PARDISO Solve Phase... Done in 64.2137 ms.
  Solver solve [31]  |residual| = 1.30392e-19
  PARDISO Analysis Phase... Done in 206.252 ms.
  PARDISO Factorization Phase... Done in 141.116 ms.
  Solver setup [32] n = 60847  nnz = 6413509
     analyze?        1
     use learner?    1
     pattern locked? 1
     call learner?   0
     call reserve?   0
     timer assembly matrix:   4.26289 s
     timer analyze+factorize: 11.5001 s
  PARDISO Solve Phase... Done in 64.6875 ms.
  Solver solve [32]  |residual| = 1.38571e-16
  PARDISO Analysis Phase... Done in 206.564 ms.
  PARDISO Factorization Phase... Done in 140.033 ms.
  Solver setup [33] n = 60847  nnz = 6413509
     analyze?        1
     use learner?    1
     pattern locked? 1
     call learner?   0
     call reserve?   0
     timer assembly matrix:   4.36255 s
     timer analyze+factorize: 11.8467 s
  PARDISO Solve Phase... Done in 64.2669 ms.
  Solver solve [33]  |residual| = 1.21233e-19
  PARDISO Analysis Phase... Done in 205.698 ms.
  PARDISO Factorization Phase... Done in 133.087 ms.
  Solver setup [34] n = 60847  nnz = 6413509
     analyze?        1
     use learner?    1
     pattern locked? 1
     call learner?   0
     call reserve?   0
     timer assembly matrix:   4.4636 s
     timer analyze+factorize: 12.1856 s
  PARDISO Solve Phase... Done in 64.7695 ms.
  Solver solve [34]  |residual| = 9.49741e-20
  PARDISO Analysis Phase... Done in 207.252 ms.
  PARDISO Factorization Phase... Done in 139.461 ms.
  Solver setup [35] n = 60847  nnz = 6413509
     analyze?        1
     use learner?    1
     pattern locked? 1
     call learner?   0
     call reserve?   0
     timer assembly matrix:   4.56401 s
     timer analyze+factorize: 12.5323 s
  PARDISO Solve Phase... Done in 64.6927 ms.
  Solver solve [35]  |residual| = 1.18008e-19
  PARDISO Analysis Phase... Done in 207.157 ms.
  PARDISO Factorization Phase... Done in 142.954 ms.
  Solver setup [36] n = 60847  nnz = 6413509
     analyze?        1
     use learner?    1
     pattern locked? 1
     call learner?   0
     call reserve?   0
     timer assembly matrix:   4.66476 s
     timer analyze+factorize: 12.8825 s
  PARDISO Solve Phase... Done in 64.4993 ms.
  Solver solve [36]  |residual| = 1.29619e-16
  PARDISO Analysis Phase... Done in 212.24 ms.
  PARDISO Factorization Phase... Done in 140.296 ms.
  Solver setup [37] n = 60847  nnz = 6413509
     analyze?        1
     use learner?    1
     pattern locked? 1
     call learner?   0
     call reserve?   0
     timer assembly matrix:   4.76545 s
     timer analyze+factorize: 13.2351 s
  PARDISO Solve Phase... Done in 63.1639 ms.
  Solver solve [37]  |residual| = 1.40639e-19
  PARDISO Analysis Phase... Done in 209.963 ms.
  PARDISO Factorization Phase... Done in 142.301 ms.
  Solver setup [38] n = 60847  nnz = 6413509
     analyze?        1
     use learner?    1
     pattern locked? 1
     call learner?   0
     call reserve?   0
     timer assembly matrix:   4.86558 s
     timer analyze+factorize: 13.5874 s
  PARDISO Solve Phase... Done in 63.3562 ms.
  Solver solve [38]  |residual| = 1.3044e-19
  PARDISO Analysis Phase... Done in 205.295 ms.
  PARDISO Factorization Phase... Done in 136.892 ms.
  Solver setup [39] n = 60847  nnz = 6413509
     analyze?        1
     use learner?    1
     pattern locked? 1
     call learner?   0
     call reserve?   0
     timer assembly matrix:   4.9664 s
     timer analyze+factorize: 13.9297 s
  PARDISO Solve Phase... Done in 64.3964 ms.
  Solver solve [39]  |residual| = 1.40639e-19
Wall time (loop)     : 29.464387 s
Simulation time      : 0.005000 s
RTF (wall/sim)       : 5892.877342

Final avg tip pos    : (4.000000, 1.000000, -0.000046) m
peakRSS=6155140kB total=48.36s
