OpenMP enabled (max_threads=16)
Thread settings: nthreads=16 (chrono/collision/eigen)
ANCF 3443 cantilever shell demo
  integration  : PreInt
  solver       : CUSTOM
  res          : 0 (70x70 elements)
  elements     : 4900
  nodes        : 5041
  tip_nodes    : 71
  x_size,y_size: 4, 2 m
  dx, dy       : 0.0571429, 0.0285714 m
  thickness    : 0.1 m
  tip_force_z  : -500 N (total, distributed over 71 nodes)
  schedule     : Fz=const for steps 0..4, then Fz=0 for steps 5..9
  dt           : 0.0005 s
  steps        : 10 (t_end=0.005 s)

  CuDSS Analysis Phase... Done in 122.175 ms.
  CuDSS Factorization Phase... Done in 115.131 ms.
  Solver setup [0] n = 60847  nnz = 6413509
     analyze?        1
     use learner?    1
     pattern locked? 1
     call learner?   1
     call reserve?   0
     timer assembly matrix:   0.880346 s
     timer analyze+factorize: 0.260856 s
  CuDSS Solve Phase... Done in 4.98314 ms.
  Solver solve [0]  |residual| = 3.28487e-16
  CuDSS Analysis Phase... Done in 113.566 ms.
  CuDSS Factorization Phase... Done in 103.428 ms.
  Solver setup [1] n = 60847  nnz = 6413509
     analyze?        1
     use learner?    1
     pattern locked? 1
     call learner?   0
     call reserve?   0
     timer assembly matrix:   0.98379 s
     timer analyze+factorize: 0.485782 s
  CuDSS Solve Phase... Done in 1.30563 ms.
  Solver solve [1]  |residual| = 4.59008e-19
  CuDSS Analysis Phase... Done in 113.491 ms.
  CuDSS Factorization Phase... Done in 104.52 ms.
  Solver setup [2] n = 60847  nnz = 6413509
     analyze?        1
     use learner?    1
     pattern locked? 1
     call learner?   0
     call reserve?   0
     timer assembly matrix:   1.08398 s
     timer analyze+factorize: 0.711776 s
  CuDSS Solve Phase... Done in 1.3223 ms.
  Solver solve [2]  |residual| = 1.91961e-19
  CuDSS Analysis Phase... Done in 113.696 ms.
  CuDSS Factorization Phase... Done in 103.26 ms.
  Solver setup [3] n = 60847  nnz = 6413509
     analyze?        1
     use learner?    1
     pattern locked? 1
     call learner?   0
     call reserve?   0
     timer assembly matrix:   1.18432 s
     timer analyze+factorize: 0.936602 s
  CuDSS Solve Phase... Done in 1.30704 ms.
  Solver solve [3]  |residual| = 1.84191e-19
  CuDSS Analysis Phase... Done in 114.474 ms.
  CuDSS Factorization Phase... Done in 104.297 ms.
  Solver setup [4] n = 60847  nnz = 6413509
     analyze?        1
     use learner?    1
     pattern locked? 1
     call learner?   0
     call reserve?   0
     timer assembly matrix:   1.28484 s
     timer analyze+factorize: 1.16333 s
  CuDSS Solve Phase... Done in 1.30861 ms.
  Solver solve [4]  |residual| = 4.19391e-16
  CuDSS Analysis Phase... Done in 115.445 ms.
  CuDSS Factorization Phase... Done in 103.361 ms.
  Solver setup [5] n = 60847  nnz = 6413509
     analyze?        1
     use learner?    1
     pattern locked? 1
     call learner?   0
     call reserve?   0
     timer assembly matrix:   1.44015 s
     timer analyze+factorize: 1.39195 s
  CuDSS Solve Phase... Done in 1.30861 ms.
  Solver solve [5]  |residual| = 1.73983e-19
  CuDSS Analysis Phase... Done in 114.108 ms.
  CuDSS Factorization Phase... Done in 103.024 ms.
  Solver setup [6] n = 60847  nnz = 6413509
     analyze?        1
     use learner?    1
     pattern locked? 1
     call learner?   0
     call reserve?   0
     timer assembly matrix:   1.54061 s
     timer analyze+factorize: 1.61955 s
  CuDSS Solve Phase... Done in 1.30938 ms.
  Solver solve [6]  |residual| = 2.05961e-19
  CuDSS Analysis Phase... Done in 113.553 ms.
  CuDSS Factorization Phase... Done in 103.347 ms.
  Solver setup [7] n = 60847  nnz = 6413509
     analyze?        1
     use learner?    1
     pattern locked? 1
     call learner?   0
     call reserve?   0
     timer assembly matrix:   1.64094 s
     timer analyze+factorize: 1.84432 s
  CuDSS Solve Phase... Done in 1.31238 ms.
  Solver solve [7]  |residual| = 1.88759e-19
  CuDSS Analysis Phase... Done in 113.925 ms.
  CuDSS Factorization Phase... Done in 104.222 ms.
  Solver setup [8] n = 60847  nnz = 6413509
     analyze?        1
     use learner?    1
     pattern locked? 1
     call learner?   0
     call reserve?   0
     timer assembly matrix:   1.7421 s
     timer analyze+factorize: 2.07043 s
  CuDSS Solve Phase... Done in 1.30458 ms.
  Solver solve [8]  |residual| = 4.23579e-16
  CuDSS Analysis Phase... Done in 113.7 ms.
  CuDSS Factorization Phase... Done in 103.176 ms.
  Solver setup [9] n = 60847  nnz = 6413509
     analyze?        1
     use learner?    1
     pattern locked? 1
     call learner?   0
     call reserve?   0
     timer assembly matrix:   1.84289 s
     timer analyze+factorize: 2.29522 s
  CuDSS Solve Phase... Done in 1.30378 ms.
  Solver solve [9]  |residual| = 2.07061e-19
  CuDSS Analysis Phase... Done in 113.979 ms.
  CuDSS Factorization Phase... Done in 103.82 ms.
  Solver setup [10] n = 60847  nnz = 6413509
     analyze?        1
     use learner?    1
     pattern locked? 1
     call learner?   0
     call reserve?   0
     timer assembly matrix:   1.94822 s
     timer analyze+factorize: 2.52091 s
  CuDSS Solve Phase... Done in 1.32765 ms.
  Solver solve [10]  |residual| = 2.03062e-19
  CuDSS Analysis Phase... Done in 113.744 ms.
  CuDSS Factorization Phase... Done in 102.88 ms.
  Solver setup [11] n = 60847  nnz = 6413509
     analyze?        1
     use learner?    1
     pattern locked? 1
     call learner?   0
     call reserve?   0
     timer assembly matrix:   2.04885 s
     timer analyze+factorize: 2.74547 s
  CuDSS Solve Phase... Done in 1.32198 ms.
  Solver solve [11]  |residual| = 2.21873e-19
  CuDSS Analysis Phase... Done in 113.822 ms.
  CuDSS Factorization Phase... Done in 102.956 ms.
  Solver setup [12] n = 60847  nnz = 6413509
     analyze?        1
     use learner?    1
     pattern locked? 1
     call learner?   0
     call reserve?   0
     timer assembly matrix:   2.15686 s
     timer analyze+factorize: 2.97019 s
  CuDSS Solve Phase... Done in 1.30851 ms.
  Solver solve [12]  |residual| = 3.88731e-16
  CuDSS Analysis Phase... Done in 113.749 ms.
  CuDSS Factorization Phase... Done in 103.65 ms.
  Solver setup [13] n = 60847  nnz = 6413509
     analyze?        1
     use learner?    1
     pattern locked? 1
     call learner?   0
     call reserve?   0
     timer assembly matrix:   2.25785 s
     timer analyze+factorize: 3.19563 s
  CuDSS Solve Phase... Done in 1.30573 ms.
  Solver solve [13]  |residual| = 2.00512e-19
  CuDSS Analysis Phase... Done in 114.052 ms.
  CuDSS Factorization Phase... Done in 103.916 ms.
  Solver setup [14] n = 60847  nnz = 6413509
     analyze?        1
     use learner?    1
     pattern locked? 1
     call learner?   0
     call reserve?   0
     timer assembly matrix:   2.41269 s
     timer analyze+factorize: 3.42313 s
  CuDSS Solve Phase... Done in 1.30346 ms.
  Solver solve [14]  |residual| = 1.70296e-19
  CuDSS Analysis Phase... Done in 113.612 ms.
  CuDSS Factorization Phase... Done in 103.628 ms.
  Solver setup [15] n = 60847  nnz = 6413509
     analyze?        1
     use learner?    1
     pattern locked? 1
     call learner?   0
     call reserve?   0
     timer assembly matrix:   2.51341 s
     timer analyze+factorize: 3.64835 s
  CuDSS Solve Phase... Done in 1.31421 ms.
  Solver solve [15]  |residual| = 2.08331e-19
  CuDSS Analysis Phase... Done in 113.619 ms.
  CuDSS Factorization Phase... Done in 103.971 ms.
  Solver setup [16] n = 60847  nnz = 6413509
     analyze?        1
     use learner?    1
     pattern locked? 1
     call learner?   0
     call reserve?   0
     timer assembly matrix:   2.6143 s
     timer analyze+factorize: 3.87389 s
  CuDSS Solve Phase... Done in 1.31094 ms.
  Solver solve [16]  |residual| = 3.78343e-16
  CuDSS Analysis Phase... Done in 113.855 ms.
  CuDSS Factorization Phase... Done in 103.602 ms.
  Solver setup [17] n = 60847  nnz = 6413509
     analyze?        1
     use learner?    1
     pattern locked? 1
     call learner?   0
     call reserve?   0
     timer assembly matrix:   2.71554 s
     timer analyze+factorize: 4.09925 s
  CuDSS Solve Phase... Done in 1.3097 ms.
  Solver solve [17]  |residual| = 1.54723e-19
  CuDSS Analysis Phase... Done in 114.304 ms.
  CuDSS Factorization Phase... Done in 102.883 ms.
  Solver setup [18] n = 60847  nnz = 6413509
     analyze?        1
     use learner?    1
     pattern locked? 1
     call learner?   0
     call reserve?   0
     timer assembly matrix:   2.87081 s
     timer analyze+factorize: 4.32624 s
  CuDSS Solve Phase... Done in 1.30522 ms.
  Solver solve [18]  |residual| = 2.59118e-19
  CuDSS Analysis Phase... Done in 113.729 ms.
  CuDSS Factorization Phase... Done in 103.319 ms.
  Solver setup [19] n = 60847  nnz = 6413509
     analyze?        1
     use learner?    1
     pattern locked? 1
     call learner?   0
     call reserve?   0
     timer assembly matrix:   2.97142 s
     timer analyze+factorize: 4.55122 s
  CuDSS Solve Phase... Done in 1.31328 ms.
  Solver solve [19]  |residual| = 2.81972e-19
  CuDSS Analysis Phase... Done in 114.912 ms.
  CuDSS Factorization Phase... Done in 103.212 ms.
  Solver setup [20] n = 60847  nnz = 6413509
     analyze?        1
     use learner?    1
     pattern locked? 1
     call learner?   0
     call reserve?   0
     timer assembly matrix:   3.12809 s
     timer analyze+factorize: 4.7792 s
  CuDSS Solve Phase... Done in 1.30368 ms.
  Solver solve [20]  |residual| = 3.12485e-16
  CuDSS Analysis Phase... Done in 113.543 ms.
  CuDSS Factorization Phase... Done in 103.831 ms.
  Solver setup [21] n = 60847  nnz = 6413509
     analyze?        1
     use learner?    1
     pattern locked? 1
     call learner?   0
     call reserve?   0
     timer assembly matrix:   3.22856 s
     timer analyze+factorize: 5.00448 s
  CuDSS Solve Phase... Done in 1.32077 ms.
  Solver solve [21]  |residual| = 2.62024e-19
  CuDSS Analysis Phase... Done in 113.508 ms.
  CuDSS Factorization Phase... Done in 103.772 ms.
  Solver setup [22] n = 60847  nnz = 6413509
     analyze?        1
     use learner?    1
     pattern locked? 1
     call learner?   0
     call reserve?   0
     timer assembly matrix:   3.32966 s
     timer analyze+factorize: 5.22963 s
  CuDSS Solve Phase... Done in 1.30435 ms.
  Solver solve [22]  |residual| = 2.08025e-19
  CuDSS Analysis Phase... Done in 113.424 ms.
  CuDSS Factorization Phase... Done in 104.133 ms.
  Solver setup [23] n = 60847  nnz = 6413509
     analyze?        1
     use learner?    1
     pattern locked? 1
     call learner?   0
     call reserve?   0
     timer assembly matrix:   3.43096 s
     timer analyze+factorize: 5.45506 s
  CuDSS Solve Phase... Done in 1.312 ms.
  Solver solve [23]  |residual| = 2.01867e-19
  CuDSS Analysis Phase... Done in 113.767 ms.
  CuDSS Factorization Phase... Done in 103.855 ms.
  Solver setup [24] n = 60847  nnz = 6413509
     analyze?        1
     use learner?    1
     pattern locked? 1
     call learner?   0
     call reserve?   0
     timer assembly matrix:   3.53118 s
     timer analyze+factorize: 5.68076 s
  CuDSS Solve Phase... Done in 1.31562 ms.
  Solver solve [24]  |residual| = 2.84269e-16
  CuDSS Analysis Phase... Done in 113.529 ms.
  CuDSS Factorization Phase... Done in 103.477 ms.
  Solver setup [25] n = 60847  nnz = 6413509
     analyze?        1
     use learner?    1
     pattern locked? 1
     call learner?   0
     call reserve?   0
     timer assembly matrix:   3.63158 s
     timer analyze+factorize: 5.90591 s
  CuDSS Solve Phase... Done in 1.31283 ms.
  Solver solve [25]  |residual| = 1.74677e-19
  CuDSS Analysis Phase... Done in 114.943 ms.
  CuDSS Factorization Phase... Done in 103.983 ms.
  Solver setup [26] n = 60847  nnz = 6413509
     analyze?        1
     use learner?    1
     pattern locked? 1
     call learner?   0
     call reserve?   0
     timer assembly matrix:   3.73285 s
     timer analyze+factorize: 6.13275 s
  CuDSS Solve Phase... Done in 1.3121 ms.
  Solver solve [26]  |residual| = 1.97306e-19
  CuDSS Analysis Phase... Done in 116.951 ms.
  CuDSS Factorization Phase... Done in 106.017 ms.
  Solver setup [27] n = 60847  nnz = 6413509
     analyze?        1
     use learner?    1
     pattern locked? 1
     call learner?   0
     call reserve?   0
     timer assembly matrix:   3.83346 s
     timer analyze+factorize: 6.36363 s
  CuDSS Solve Phase... Done in 1.37958 ms.
  Solver solve [27]  |residual| = 1.7976e-19
  CuDSS Analysis Phase... Done in 114.477 ms.
  CuDSS Factorization Phase... Done in 107.441 ms.
  Solver setup [28] n = 60847  nnz = 6413509
     analyze?        1
     use learner?    1
     pattern locked? 1
     call learner?   0
     call reserve?   0
     timer assembly matrix:   3.93387 s
     timer analyze+factorize: 6.59349 s
  CuDSS Solve Phase... Done in 1.31523 ms.
  Solver solve [28]  |residual| = 2.78256e-16
  CuDSS Analysis Phase... Done in 115.247 ms.
  CuDSS Factorization Phase... Done in 103.191 ms.
  Solver setup [29] n = 60847  nnz = 6413509
     analyze?        1
     use learner?    1
     pattern locked? 1
     call learner?   0
     call reserve?   0
     timer assembly matrix:   4.03435 s
     timer analyze+factorize: 6.81986 s
  CuDSS Solve Phase... Done in 1.32179 ms.
  Solver solve [29]  |residual| = 2.42969e-19
  CuDSS Analysis Phase... Done in 115.332 ms.
  CuDSS Factorization Phase... Done in 104.504 ms.
  Solver setup [30] n = 60847  nnz = 6413509
     analyze?        1
     use learner?    1
     pattern locked? 1
     call learner?   0
     call reserve?   0
     timer assembly matrix:   4.13617 s
     timer analyze+factorize: 7.04776 s
  CuDSS Solve Phase... Done in 1.3112 ms.
  Solver solve [30]  |residual| = 1.83594e-19
  CuDSS Analysis Phase... Done in 114.277 ms.
  CuDSS Factorization Phase... Done in 106.015 ms.
  Solver setup [31] n = 60847  nnz = 6413509
     analyze?        1
     use learner?    1
     pattern locked? 1
     call learner?   0
     call reserve?   0
     timer assembly matrix:   4.2375 s
     timer analyze+factorize: 7.27603 s
  CuDSS Solve Phase... Done in 1.31267 ms.
  Solver solve [31]  |residual| = 2.05728e-19
  CuDSS Analysis Phase... Done in 114.328 ms.
  CuDSS Factorization Phase... Done in 106.572 ms.
  Solver setup [32] n = 60847  nnz = 6413509
     analyze?        1
     use learner?    1
     pattern locked? 1
     call learner?   0
     call reserve?   0
     timer assembly matrix:   4.33906 s
     timer analyze+factorize: 7.50488 s
  CuDSS Solve Phase... Done in 1.3047 ms.
  Solver solve [32]  |residual| = 2.46767e-16
  CuDSS Analysis Phase... Done in 113.624 ms.
  CuDSS Factorization Phase... Done in 103.166 ms.
  Solver setup [33] n = 60847  nnz = 6413509
     analyze?        1
     use learner?    1
     pattern locked? 1
     call learner?   0
     call reserve?   0
     timer assembly matrix:   4.43921 s
     timer analyze+factorize: 7.72951 s
  CuDSS Solve Phase... Done in 1.29862 ms.
  Solver solve [33]  |residual| = 1.89256e-19
  CuDSS Analysis Phase... Done in 114.802 ms.
  CuDSS Factorization Phase... Done in 103.753 ms.
  Solver setup [34] n = 60847  nnz = 6413509
     analyze?        1
     use learner?    1
     pattern locked? 1
     call learner?   0
     call reserve?   0
     timer assembly matrix:   4.53974 s
     timer analyze+factorize: 7.95621 s
  CuDSS Solve Phase... Done in 1.32826 ms.
  Solver solve [34]  |residual| = 1.74379e-19
  CuDSS Analysis Phase... Done in 114.815 ms.
  CuDSS Factorization Phase... Done in 105.781 ms.
  Solver setup [35] n = 60847  nnz = 6413509
     analyze?        1
     use learner?    1
     pattern locked? 1
     call learner?   0
     call reserve?   0
     timer assembly matrix:   4.64029 s
     timer analyze+factorize: 8.18475 s
  CuDSS Solve Phase... Done in 1.31338 ms.
  Solver solve [35]  |residual| = 1.47265e-19
  CuDSS Analysis Phase... Done in 115.492 ms.
  CuDSS Factorization Phase... Done in 105.291 ms.
  Solver setup [36] n = 60847  nnz = 6413509
     analyze?        1
     use learner?    1
     pattern locked? 1
     call learner?   0
     call reserve?   0
     timer assembly matrix:   4.74091 s
     timer analyze+factorize: 8.41349 s
  CuDSS Solve Phase... Done in 1.30637 ms.
  Solver solve [36]  |residual| = 2.13055e-16
  CuDSS Analysis Phase... Done in 117.322 ms.
  CuDSS Factorization Phase... Done in 108.657 ms.
  Solver setup [37] n = 60847  nnz = 6413509
     analyze?        1
     use learner?    1
     pattern locked? 1
     call learner?   0
     call reserve?   0
     timer assembly matrix:   4.84242 s
     timer analyze+factorize: 8.64773 s
  CuDSS Solve Phase... Done in 1.32147 ms.
  Solver solve [37]  |residual| = 2.54999e-19
  CuDSS Analysis Phase... Done in 117.739 ms.
  CuDSS Factorization Phase... Done in 112.933 ms.
  Solver setup [38] n = 60847  nnz = 6413509
     analyze?        1
     use learner?    1
     pattern locked? 1
     call learner?   0
     call reserve?   0
     timer assembly matrix:   4.94427 s
     timer analyze+factorize: 8.88642 s
  CuDSS Solve Phase... Done in 1.38058 ms.
  Solver solve [38]  |residual| = 1.92439e-19
  CuDSS Analysis Phase... Done in 118.393 ms.
  CuDSS Factorization Phase... Done in 109.081 ms.
  Solver setup [39] n = 60847  nnz = 6413509
     analyze?        1
     use learner?    1
     pattern locked? 1
     call learner?   0
     call reserve?   0
     timer assembly matrix:   5.04486 s
     timer analyze+factorize: 9.12184 s
  CuDSS Solve Phase... Done in 1.3191 ms.
  Solver solve [39]  |residual| = 1.67807e-19
Wall time (loop)     : 22.239238 s
Simulation time      : 0.005000 s
RTF (wall/sim)       : 4447.847586

Final avg tip pos    : (4.000000, 1.000000, -0.000046) m
peakRSS=5879908kB total=41.37s
