OpenMP enabled (max_threads=16)
Thread settings: nthreads=16 (chrono/collision/eigen)
  analyze_once : no
ANCF 3443 cantilever shell demo
  integration  : ContInt
  solver       : CUSTOM
  res          : 0 (70x70 elements)
  elements     : 4900
  nodes        : 5041
  tip_nodes    : 71
  x_size,y_size: 4, 2 m
  dx, dy       : 0.0571429, 0.0285714 m
  thickness    : 0.1 m
  tip_force_z  : -500 N (total, distributed over 71 nodes)
  schedule     : Fz=const for steps 0..4, then Fz=0 for steps 5..9
  dt           : 0.0005 s
  steps        : 10 (t_end=0.005 s)

  CuDSS CopyMatrixH2D Phase... Done in 8.35466 ms.
  CuDSS Analysis Phase... Done in 117.736 ms.
  CuDSS Factorization Phase... Done in 111.194 ms.
  Solver setup [0] n = 60847  nnz = 6413509
     analyze?        1
     use learner?    1
     pattern locked? 1
     call learner?   1
     call reserve?   0
     timer assembly matrix:   0.96287 s
     timer analyze+factorize: 0.237969 s
  CuDSS CopyRhsH2D Phase... Done in 0.060448 ms.
  CuDSS Solve Phase... Done in 5.05197 ms.
  CuDSS CopySolD2H Phase... Done in 0.081344 ms.
  Solver solve [0]  |residual| = 3.04902e-16
  CuDSS CopyMatrixH2D Phase... Done in 8.20112 ms.
  CuDSS Analysis Phase... Done in 115.673 ms.
  CuDSS Factorization Phase... Done in 106.128 ms.
  Solver setup [1] n = 60847  nnz = 6413509
     analyze?        1
     use learner?    1
     pattern locked? 1
     call learner?   0
     call reserve?   0
     timer assembly matrix:   1.07479 s
     timer analyze+factorize: 0.468081 s
  CuDSS CopyRhsH2D Phase... Done in 0.06096 ms.
  CuDSS Solve Phase... Done in 1.33562 ms.
  CuDSS CopySolD2H Phase... Done in 0.074496 ms.
  Solver solve [1]  |residual| = 4.60464e-21
  CuDSS CopyMatrixH2D Phase... Done in 8.02611 ms.
  CuDSS Analysis Phase... Done in 116.107 ms.
  CuDSS Factorization Phase... Done in 104.686 ms.
  Solver setup [2] n = 60847  nnz = 6413509
     analyze?        1
     use learner?    1
     pattern locked? 1
     call learner?   0
     call reserve?   0
     timer assembly matrix:   1.18245 s
     timer analyze+factorize: 0.696989 s
  CuDSS CopyRhsH2D Phase... Done in 0.060736 ms.
  CuDSS Solve Phase... Done in 1.3272 ms.
  CuDSS CopySolD2H Phase... Done in 0.077504 ms.
  Solver solve [2]  |residual| = 3.97888e-16
  CuDSS CopyMatrixH2D Phase... Done in 8.16026 ms.
  CuDSS Analysis Phase... Done in 116.333 ms.
  CuDSS Factorization Phase... Done in 106.515 ms.
  Solver setup [3] n = 60847  nnz = 6413509
     analyze?        1
     use learner?    1
     pattern locked? 1
     call learner?   0
     call reserve?   0
     timer assembly matrix:   1.29014 s
     timer analyze+factorize: 0.928111 s
  CuDSS CopyRhsH2D Phase... Done in 0.06464 ms.
  CuDSS Solve Phase... Done in 1.33075 ms.
  CuDSS CopySolD2H Phase... Done in 0.095744 ms.
  Solver solve [3]  |residual| = 1.57745e-21
  CuDSS CopyMatrixH2D Phase... Done in 11.0351 ms.
  CuDSS Analysis Phase... Done in 117.635 ms.
  CuDSS Factorization Phase... Done in 103.873 ms.
  Solver setup [4] n = 60847  nnz = 6413509
     analyze?        1
     use learner?    1
     pattern locked? 1
     call learner?   0
     call reserve?   0
     timer assembly matrix:   1.46004 s
     timer analyze+factorize: 1.16079 s
  CuDSS CopyRhsH2D Phase... Done in 0.063072 ms.
  CuDSS Solve Phase... Done in 1.3216 ms.
  CuDSS CopySolD2H Phase... Done in 0.07344 ms.
  Solver solve [4]  |residual| = 4.17107e-16
  CuDSS CopyMatrixH2D Phase... Done in 9.9616 ms.
  CuDSS Analysis Phase... Done in 116.067 ms.
  CuDSS Factorization Phase... Done in 104.779 ms.
  Solver setup [5] n = 60847  nnz = 6413509
     analyze?        1
     use learner?    1
     pattern locked? 1
     call learner?   0
     call reserve?   0
     timer assembly matrix:   1.631 s
     timer analyze+factorize: 1.39173 s
  CuDSS CopyRhsH2D Phase... Done in 0.065504 ms.
  CuDSS Solve Phase... Done in 1.32176 ms.
  CuDSS CopySolD2H Phase... Done in 0.072 ms.
  Solver solve [5]  |residual| = 9.91474e-22
  CuDSS CopyMatrixH2D Phase... Done in 7.93696 ms.
  CuDSS Analysis Phase... Done in 115.519 ms.
  CuDSS Factorization Phase... Done in 106.547 ms.
  Solver setup [6] n = 60847  nnz = 6413509
     analyze?        1
     use learner?    1
     pattern locked? 1
     call learner?   0
     call reserve?   0
     timer assembly matrix:   1.7383 s
     timer analyze+factorize: 1.62185 s
  CuDSS CopyRhsH2D Phase... Done in 0.0688 ms.
  CuDSS Solve Phase... Done in 1.32848 ms.
  CuDSS CopySolD2H Phase... Done in 0.089056 ms.
  Solver solve [6]  |residual| = 3.88131e-16
  CuDSS CopyMatrixH2D Phase... Done in 7.97792 ms.
  CuDSS Analysis Phase... Done in 115.008 ms.
  CuDSS Factorization Phase... Done in 105.52 ms.
  Solver setup [7] n = 60847  nnz = 6413509
     analyze?        1
     use learner?    1
     pattern locked? 1
     call learner?   0
     call reserve?   0
     timer assembly matrix:   1.84487 s
     timer analyze+factorize: 1.85046 s
  CuDSS CopyRhsH2D Phase... Done in 0.065088 ms.
  CuDSS Solve Phase... Done in 1.32112 ms.
  CuDSS CopySolD2H Phase... Done in 0.072736 ms.
  Solver solve [7]  |residual| = 7.08892e-22
  CuDSS CopyMatrixH2D Phase... Done in 7.89734 ms.
  CuDSS Analysis Phase... Done in 114.49 ms.
  CuDSS Factorization Phase... Done in 107.291 ms.
  Solver setup [8] n = 60847  nnz = 6413509
     analyze?        1
     use learner?    1
     pattern locked? 1
     call learner?   0
     call reserve?   0
     timer assembly matrix:   1.95143 s
     timer analyze+factorize: 2.08026 s
  CuDSS CopyRhsH2D Phase... Done in 0.06432 ms.
  CuDSS Solve Phase... Done in 1.33405 ms.
  CuDSS CopySolD2H Phase... Done in 0.073312 ms.
  Solver solve [8]  |residual| = 3.62368e-16
  CuDSS CopyMatrixH2D Phase... Done in 7.91894 ms.
  CuDSS Analysis Phase... Done in 116.515 ms.
  CuDSS Factorization Phase... Done in 105.666 ms.
  Solver setup [9] n = 60847  nnz = 6413509
     analyze?        1
     use learner?    1
     pattern locked? 1
     call learner?   0
     call reserve?   0
     timer assembly matrix:   2.05816 s
     timer analyze+factorize: 2.31046 s
  CuDSS CopyRhsH2D Phase... Done in 0.066496 ms.
  CuDSS Solve Phase... Done in 1.33875 ms.
  CuDSS CopySolD2H Phase... Done in 0.07376 ms.
  Solver solve [9]  |residual| = 5.07021e-21
  CuDSS CopyMatrixH2D Phase... Done in 7.9488 ms.
  CuDSS Analysis Phase... Done in 115.073 ms.
  CuDSS Factorization Phase... Done in 105.207 ms.
  Solver setup [10] n = 60847  nnz = 6413509
     analyze?        1
     use learner?    1
     pattern locked? 1
     call learner?   0
     call reserve?   0
     timer assembly matrix:   2.16406 s
     timer analyze+factorize: 2.53879 s
  CuDSS CopyRhsH2D Phase... Done in 0.060224 ms.
  CuDSS Solve Phase... Done in 1.32701 ms.
  CuDSS CopySolD2H Phase... Done in 0.073376 ms.
  Solver solve [10]  |residual| = 3.02462e-16
  CuDSS CopyMatrixH2D Phase... Done in 8.15334 ms.
  CuDSS Analysis Phase... Done in 114.94 ms.
  CuDSS Factorization Phase... Done in 106 ms.
  Solver setup [11] n = 60847  nnz = 6413509
     analyze?        1
     use learner?    1
     pattern locked? 1
     call learner?   0
     call reserve?   0
     timer assembly matrix:   2.27014 s
     timer analyze+factorize: 2.76798 s
  CuDSS CopyRhsH2D Phase... Done in 0.068704 ms.
  CuDSS Solve Phase... Done in 1.43878 ms.
  CuDSS CopySolD2H Phase... Done in 0.079424 ms.
  Solver solve [11]  |residual| = 1.6064e-21
  CuDSS CopyMatrixH2D Phase... Done in 8.47594 ms.
  CuDSS Analysis Phase... Done in 115.548 ms.
  CuDSS Factorization Phase... Done in 104.211 ms.
  Solver setup [12] n = 60847  nnz = 6413509
     analyze?        1
     use learner?    1
     pattern locked? 1
     call learner?   0
     call reserve?   0
     timer assembly matrix:   2.37969 s
     timer analyze+factorize: 2.99632 s
  CuDSS CopyRhsH2D Phase... Done in 0.063488 ms.
  CuDSS Solve Phase... Done in 1.3241 ms.
  CuDSS CopySolD2H Phase... Done in 0.071648 ms.
  Solver solve [12]  |residual| = 2.85126e-16
  CuDSS CopyMatrixH2D Phase... Done in 7.93398 ms.
  CuDSS Analysis Phase... Done in 115.259 ms.
  CuDSS Factorization Phase... Done in 104.638 ms.
  Solver setup [13] n = 60847  nnz = 6413509
     analyze?        1
     use learner?    1
     pattern locked? 1
     call learner?   0
     call reserve?   0
     timer assembly matrix:   2.48728 s
     timer analyze+factorize: 3.22426 s
  CuDSS CopyRhsH2D Phase... Done in 0.062304 ms.
  CuDSS Solve Phase... Done in 1.33226 ms.
  CuDSS CopySolD2H Phase... Done in 0.074048 ms.
  Solver solve [13]  |residual| = 8.06865e-22
  CuDSS CopyMatrixH2D Phase... Done in 8.6271 ms.
  CuDSS Analysis Phase... Done in 115.841 ms.
  CuDSS Factorization Phase... Done in 104.186 ms.
  Solver setup [14] n = 60847  nnz = 6413509
     analyze?        1
     use learner?    1
     pattern locked? 1
     call learner?   0
     call reserve?   0
     timer assembly matrix:   2.5957 s
     timer analyze+factorize: 3.45302 s
  CuDSS CopyRhsH2D Phase... Done in 0.063424 ms.
  CuDSS Solve Phase... Done in 1.49299 ms.
  CuDSS CopySolD2H Phase... Done in 0.093984 ms.
  Solver solve [14]  |residual| = 2.85724e-16
  CuDSS CopyMatrixH2D Phase... Done in 7.92326 ms.
  CuDSS Analysis Phase... Done in 115.829 ms.
  CuDSS Factorization Phase... Done in 105.475 ms.
  Solver setup [15] n = 60847  nnz = 6413509
     analyze?        1
     use learner?    1
     pattern locked? 1
     call learner?   0
     call reserve?   0
     timer assembly matrix:   2.70306 s
     timer analyze+factorize: 3.68235 s
  CuDSS CopyRhsH2D Phase... Done in 0.065984 ms.
  CuDSS Solve Phase... Done in 1.3352 ms.
  CuDSS CopySolD2H Phase... Done in 0.07632 ms.
  Solver solve [15]  |residual| = 5.38994e-22
  CuDSS CopyMatrixH2D Phase... Done in 7.99293 ms.
  CuDSS Analysis Phase... Done in 115.047 ms.
  CuDSS Factorization Phase... Done in 106.257 ms.
  Solver setup [16] n = 60847  nnz = 6413509
     analyze?        1
     use learner?    1
     pattern locked? 1
     call learner?   0
     call reserve?   0
     timer assembly matrix:   2.80968 s
     timer analyze+factorize: 3.91177 s
  CuDSS CopyRhsH2D Phase... Done in 0.058656 ms.
  CuDSS Solve Phase... Done in 1.3313 ms.
  CuDSS CopySolD2H Phase... Done in 0.073312 ms.
  Solver solve [16]  |residual| = 2.44079e-16
  CuDSS CopyMatrixH2D Phase... Done in 8.07821 ms.
  CuDSS Analysis Phase... Done in 116.555 ms.
  CuDSS Factorization Phase... Done in 105.02 ms.
  Solver setup [17] n = 60847  nnz = 6413509
     analyze?        1
     use learner?    1
     pattern locked? 1
     call learner?   0
     call reserve?   0
     timer assembly matrix:   2.91576 s
     timer analyze+factorize: 4.14152 s
  CuDSS CopyRhsH2D Phase... Done in 0.066912 ms.
  CuDSS Solve Phase... Done in 1.33226 ms.
  CuDSS CopySolD2H Phase... Done in 0.081824 ms.
  Solver solve [17]  |residual| = 3.97286e-22
  CuDSS CopyMatrixH2D Phase... Done in 8.01395 ms.
  CuDSS Analysis Phase... Done in 115.498 ms.
  CuDSS Factorization Phase... Done in 106.207 ms.
  Solver setup [18] n = 60847  nnz = 6413509
     analyze?        1
     use learner?    1
     pattern locked? 1
     call learner?   0
     call reserve?   0
     timer assembly matrix:   3.02251 s
     timer analyze+factorize: 4.37135 s
  CuDSS CopyRhsH2D Phase... Done in 0.066176 ms.
  CuDSS Solve Phase... Done in 1.3264 ms.
  CuDSS CopySolD2H Phase... Done in 0.073696 ms.
  Solver solve [18]  |residual| = 2.19595e-16
  CuDSS CopyMatrixH2D Phase... Done in 7.9847 ms.
  CuDSS Analysis Phase... Done in 115.277 ms.
  CuDSS Factorization Phase... Done in 105.38 ms.
  Solver setup [19] n = 60847  nnz = 6413509
     analyze?        1
     use learner?    1
     pattern locked? 1
     call learner?   0
     call reserve?   0
     timer assembly matrix:   3.12943 s
     timer analyze+factorize: 4.60011 s
  CuDSS CopyRhsH2D Phase... Done in 0.063712 ms.
  CuDSS Solve Phase... Done in 1.33526 ms.
  CuDSS CopySolD2H Phase... Done in 0.076224 ms.
  Solver solve [19]  |residual| = 3.07857e-22
Wall time (loop)     : 8.528785 s
Simulation time      : 0.005000 s
RTF (wall/sim)       : 1705.756989

Final avg tip pos    : (4.000000, 1.000000, -0.000046) m
