OpenMP enabled (max_threads=16)
Thread settings: nthreads=16 (chrono/collision/eigen)
ANCF 3443 cantilever shell demo
  integration  : PreInt
  solver       : PARDISO_MKL
  res          : 0 (10x10 elements)
  elements     : 100
  nodes        : 121
  tip_nodes    : 11
  x_size,y_size: 4, 2 m
  dx, dy       : 0.4, 0.2 m
  thickness    : 0.1 m
  tip_force_z  : -500 N (total, distributed over 11 nodes)
  schedule     : Fz=const for steps 0..4, then Fz=0 for steps 5..9
  dt           : 0.0005 s
  steps        : 10 (t_end=0.005 s)

  PARDISO Analysis Phase... Done in 8.00171 ms.
  PARDISO Factorization Phase... Done in 2.45342 ms.
  Solver setup [0] n = 1320  nnz = 124992
     analyze?        1
     use learner?    1
     pattern locked? 1
     call learner?   1
     call reserve?   0
     timer assembly matrix:   0.0181371 s
     timer analyze+factorize: 0.0105205 s
  PARDISO Solve Phase... Done in 1.25405 ms.
  Solver solve [0]  |residual| = 6.06031e-17
  PARDISO Analysis Phase... Done in 3.36076 ms.
  PARDISO Factorization Phase... Done in 1.28527 ms.
  Solver setup [1] n = 1320  nnz = 124992
     analyze?        1
     use learner?    1
     pattern locked? 1
     call learner?   0
     call reserve?   0
     timer assembly matrix:   0.0198876 s
     timer analyze+factorize: 0.0151855 s
  PARDISO Solve Phase... Done in 0.515846 ms.
  Solver solve [1]  |residual| = 1.75761e-21
  PARDISO Analysis Phase... Done in 3.57585 ms.
  PARDISO Factorization Phase... Done in 1.14812 ms.
  Solver setup [2] n = 1320  nnz = 124992
     analyze?        1
     use learner?    1
     pattern locked? 1
     call learner?   0
     call reserve?   0
     timer assembly matrix:   0.0215942 s
     timer analyze+factorize: 0.0199326 s
  PARDISO Solve Phase... Done in 0.492498 ms.
  Solver solve [2]  |residual| = 7.26187e-23
  PARDISO Analysis Phase... Done in 3.64148 ms.
  PARDISO Factorization Phase... Done in 0.964887 ms.
  Solver setup [3] n = 1320  nnz = 124992
     analyze?        1
     use learner?    1
     pattern locked? 1
     call learner?   0
     call reserve?   0
     timer assembly matrix:   0.0233181 s
     timer analyze+factorize: 0.0245632 s
  PARDISO Solve Phase... Done in 0.488458 ms.
  Solver solve [3]  |residual| = 8.86288e-23
  PARDISO Analysis Phase... Done in 3.48267 ms.
  PARDISO Factorization Phase... Done in 0.911714 ms.
  Solver setup [4] n = 1320  nnz = 124992
     analyze?        1
     use learner?    1
     pattern locked? 1
     call learner?   0
     call reserve?   0
     timer assembly matrix:   0.0250354 s
     timer analyze+factorize: 0.028982 s
  PARDISO Solve Phase... Done in 0.493154 ms.
  Solver solve [4]  |residual| = 3.44344e-17
  PARDISO Analysis Phase... Done in 3.55721 ms.
  PARDISO Factorization Phase... Done in 1.07034 ms.
  Solver setup [5] n = 1320  nnz = 124992
     analyze?        1
     use learner?    1
     pattern locked? 1
     call learner?   0
     call reserve?   0
     timer assembly matrix:   0.0267489 s
     timer analyze+factorize: 0.0336287 s
  PARDISO Solve Phase... Done in 0.50398 ms.
  Solver solve [5]  |residual| = 3.44617e-22
  PARDISO Analysis Phase... Done in 3.58595 ms.
  PARDISO Factorization Phase... Done in 1.16022 ms.
  Solver setup [6] n = 1320  nnz = 124992
     analyze?        1
     use learner?    1
     pattern locked? 1
     call learner?   0
     call reserve?   0
     timer assembly matrix:   0.0284695 s
     timer analyze+factorize: 0.0383951 s
  PARDISO Solve Phase... Done in 0.511729 ms.
  Solver solve [6]  |residual| = 8.0653e-23
  PARDISO Analysis Phase... Done in 3.66453 ms.
  PARDISO Factorization Phase... Done in 1.16357 ms.
  Solver setup [7] n = 1320  nnz = 124992
     analyze?        1
     use learner?    1
     pattern locked? 1
     call learner?   0
     call reserve?   0
     timer assembly matrix:   0.0301881 s
     timer analyze+factorize: 0.0432556 s
  PARDISO Solve Phase... Done in 0.518949 ms.
  Solver solve [7]  |residual| = 1.06627e-22
  PARDISO Analysis Phase... Done in 3.63692 ms.
  PARDISO Factorization Phase... Done in 1.16253 ms.
  Solver setup [8] n = 1320  nnz = 124992
     analyze?        1
     use learner?    1
     pattern locked? 1
     call learner?   0
     call reserve?   0
     timer assembly matrix:   0.0319003 s
     timer analyze+factorize: 0.0480781 s
  PARDISO Solve Phase... Done in 0.484008 ms.
  Solver solve [8]  |residual| = 3.84463e-17
  PARDISO Analysis Phase... Done in 3.49001 ms.
  PARDISO Factorization Phase... Done in 0.912571 ms.
  Solver setup [9] n = 1320  nnz = 124992
     analyze?        1
     use learner?    1
     pattern locked? 1
     call learner?   0
     call reserve?   0
     timer assembly matrix:   0.0336194 s
     timer analyze+factorize: 0.0525026 s
  PARDISO Solve Phase... Done in 0.486865 ms.
  Solver solve [9]  |residual| = 2.13894e-22
  PARDISO Analysis Phase... Done in 3.62359 ms.
  PARDISO Factorization Phase... Done in 1.08379 ms.
  Solver setup [10] n = 1320  nnz = 124992
     analyze?        1
     use learner?    1
     pattern locked? 1
     call learner?   0
     call reserve?   0
     timer assembly matrix:   0.0353245 s
     timer analyze+factorize: 0.0572302 s
  PARDISO Solve Phase... Done in 0.488341 ms.
  Solver solve [10]  |residual| = 8.6494e-23
  PARDISO Analysis Phase... Done in 3.48991 ms.
  PARDISO Factorization Phase... Done in 1.27463 ms.
  Solver setup [11] n = 1320  nnz = 124992
     analyze?        1
     use learner?    1
     pattern locked? 1
     call learner?   0
     call reserve?   0
     timer assembly matrix:   0.037041 s
     timer analyze+factorize: 0.0620164 s
  PARDISO Solve Phase... Done in 0.49244 ms.
  Solver solve [11]  |residual| = 6.00017e-23
  PARDISO Analysis Phase... Done in 3.48245 ms.
  PARDISO Factorization Phase... Done in 1.09333 ms.
  Solver setup [12] n = 1320  nnz = 124992
     analyze?        1
     use learner?    1
     pattern locked? 1
     call learner?   0
     call reserve?   0
     timer assembly matrix:   0.0388456 s
     timer analyze+factorize: 0.0666271 s
  PARDISO Solve Phase... Done in 0.513608 ms.
  Solver solve [12]  |residual| = 3.5042e-17
  PARDISO Analysis Phase... Done in 3.56913 ms.
  PARDISO Factorization Phase... Done in 1.12132 ms.
  Solver setup [13] n = 1320  nnz = 124992
     analyze?        1
     use learner?    1
     pattern locked? 1
     call learner?   0
     call reserve?   0
     timer assembly matrix:   0.0405628 s
     timer analyze+factorize: 0.0713396 s
  PARDISO Solve Phase... Done in 0.50927 ms.
  Solver solve [13]  |residual| = 1.68364e-22
  PARDISO Analysis Phase... Done in 3.60677 ms.
  PARDISO Factorization Phase... Done in 1.09615 ms.
  Solver setup [14] n = 1320  nnz = 124992
     analyze?        1
     use learner?    1
     pattern locked? 1
     call learner?   0
     call reserve?   0
     timer assembly matrix:   0.0422839 s
     timer analyze+factorize: 0.0760625 s
  PARDISO Solve Phase... Done in 0.491692 ms.
  Solver solve [14]  |residual| = 1.15564e-22
  PARDISO Analysis Phase... Done in 3.47624 ms.
  PARDISO Factorization Phase... Done in 1.24516 ms.
  Solver setup [15] n = 1320  nnz = 124992
     analyze?        1
     use learner?    1
     pattern locked? 1
     call learner?   0
     call reserve?   0
     timer assembly matrix:   0.0440027 s
     timer analyze+factorize: 0.0808043 s
  PARDISO Solve Phase... Done in 0.487373 ms.
  Solver solve [15]  |residual| = 7.5789e-23
  PARDISO Analysis Phase... Done in 3.50552 ms.
  PARDISO Factorization Phase... Done in 1.22221 ms.
  Solver setup [16] n = 1320  nnz = 124992
     analyze?        1
     use learner?    1
     pattern locked? 1
     call learner?   0
     call reserve?   0
     timer assembly matrix:   0.0457293 s
     timer analyze+factorize: 0.0855629 s
  PARDISO Solve Phase... Done in 0.509212 ms.
  Solver solve [16]  |residual| = 6.08425e-17
  PARDISO Analysis Phase... Done in 3.55749 ms.
  PARDISO Factorization Phase... Done in 1.10935 ms.
  Solver setup [17] n = 1320  nnz = 124992
     analyze?        1
     use learner?    1
     pattern locked? 1
     call learner?   0
     call reserve?   0
     timer assembly matrix:   0.0474405 s
     timer analyze+factorize: 0.090255 s
  PARDISO Solve Phase... Done in 0.495741 ms.
  Solver solve [17]  |residual| = 2.48702e-21
  PARDISO Analysis Phase... Done in 3.57242 ms.
  PARDISO Factorization Phase... Done in 1.02893 ms.
  Solver setup [18] n = 1320  nnz = 124992
     analyze?        1
     use learner?    1
     pattern locked? 1
     call learner?   0
     call reserve?   0
     timer assembly matrix:   0.0491483 s
     timer analyze+factorize: 0.0948802 s
  PARDISO Solve Phase... Done in 0.503641 ms.
  Solver solve [18]  |residual| = 8.41537e-23
  PARDISO Analysis Phase... Done in 3.49263 ms.
  PARDISO Factorization Phase... Done in 1.07291 ms.
  Solver setup [19] n = 1320  nnz = 124992
     analyze?        1
     use learner?    1
     pattern locked? 1
     call learner?   0
     call reserve?   0
     timer assembly matrix:   0.050862 s
     timer analyze+factorize: 0.0994711 s
  PARDISO Solve Phase... Done in 0.51442 ms.
  Solver solve [19]  |residual| = 6.5879e-23
  PARDISO Analysis Phase... Done in 3.77065 ms.
  PARDISO Factorization Phase... Done in 1.09328 ms.
  Solver setup [20] n = 1320  nnz = 124992
     analyze?        1
     use learner?    1
     pattern locked? 1
     call learner?   0
     call reserve?   0
     timer assembly matrix:   0.0526393 s
     timer analyze+factorize: 0.104364 s
  PARDISO Solve Phase... Done in 0.502739 ms.
  Solver solve [20]  |residual| = 6.88543e-17
  PARDISO Analysis Phase... Done in 3.62507 ms.
  PARDISO Factorization Phase... Done in 1.24994 ms.
  Solver setup [21] n = 1320  nnz = 124992
     analyze?        1
     use learner?    1
     pattern locked? 1
     call learner?   0
     call reserve?   0
     timer assembly matrix:   0.0543498 s
     timer analyze+factorize: 0.109261 s
  PARDISO Solve Phase... Done in 0.492863 ms.
  Solver solve [21]  |residual| = 4.55962e-22
  PARDISO Analysis Phase... Done in 3.48987 ms.
  PARDISO Factorization Phase... Done in 1.14327 ms.
  Solver setup [22] n = 1320  nnz = 124992
     analyze?        1
     use learner?    1
     pattern locked? 1
     call learner?   0
     call reserve?   0
     timer assembly matrix:   0.0560617 s
     timer analyze+factorize: 0.113915 s
  PARDISO Solve Phase... Done in 0.483955 ms.
  Solver solve [22]  |residual| = 6.62837e-23
  PARDISO Analysis Phase... Done in 3.58729 ms.
  PARDISO Factorization Phase... Done in 0.907038 ms.
  Solver setup [23] n = 1320  nnz = 124992
     analyze?        1
     use learner?    1
     pattern locked? 1
     call learner?   0
     call reserve?   0
     timer assembly matrix:   0.057755 s
     timer analyze+factorize: 0.118431 s
  PARDISO Solve Phase... Done in 0.488828 ms.
  Solver solve [23]  |residual| = 5.91203e-23
  PARDISO Analysis Phase... Done in 3.47155 ms.
  PARDISO Factorization Phase... Done in 1.25861 ms.
  Solver setup [24] n = 1320  nnz = 124992
     analyze?        1
     use learner?    1
     pattern locked? 1
     call learner?   0
     call reserve?   0
     timer assembly matrix:   0.059466 s
     timer analyze+factorize: 0.123181 s
  PARDISO Solve Phase... Done in 0.489445 ms.
  Solver solve [24]  |residual| = 3.97638e-17
  PARDISO Analysis Phase... Done in 3.59682 ms.
  PARDISO Factorization Phase... Done in 0.905166 ms.
  Solver setup [25] n = 1320  nnz = 124992
     analyze?        1
     use learner?    1
     pattern locked? 1
     call learner?   0
     call reserve?   0
     timer assembly matrix:   0.0611782 s
     timer analyze+factorize: 0.127707 s
  PARDISO Solve Phase... Done in 0.648936 ms.
  Solver solve [25]  |residual| = 1.7466e-22
  PARDISO Analysis Phase... Done in 3.47522 ms.
  PARDISO Factorization Phase... Done in 1.13269 ms.
  Solver setup [26] n = 1320  nnz = 124992
     analyze?        1
     use learner?    1
     pattern locked? 1
     call learner?   0
     call reserve?   0
     timer assembly matrix:   0.0629046 s
     timer analyze+factorize: 0.132345 s
  PARDISO Solve Phase... Done in 0.506987 ms.
  Solver solve [26]  |residual| = 8.31948e-23
  PARDISO Analysis Phase... Done in 3.51012 ms.
  PARDISO Factorization Phase... Done in 1.12937 ms.
  Solver setup [27] n = 1320  nnz = 124992
     analyze?        1
     use learner?    1
     pattern locked? 1
     call learner?   0
     call reserve?   0
     timer assembly matrix:   0.0646147 s
     timer analyze+factorize: 0.137025 s
  PARDISO Solve Phase... Done in 0.500641 ms.
  Solver solve [27]  |residual| = 7.74016e-23
  PARDISO Analysis Phase... Done in 3.57675 ms.
  PARDISO Factorization Phase... Done in 1.12594 ms.
  Solver setup [28] n = 1320  nnz = 124992
     analyze?        1
     use learner?    1
     pattern locked? 1
     call learner?   0
     call reserve?   0
     timer assembly matrix:   0.0663245 s
     timer analyze+factorize: 0.141752 s
  PARDISO Solve Phase... Done in 0.48992 ms.
  Solver solve [28]  |residual| = 1.85002e-17
  PARDISO Analysis Phase... Done in 3.59483 ms.
  PARDISO Factorization Phase... Done in 1.24331 ms.
  Solver setup [29] n = 1320  nnz = 124992
     analyze?        1
     use learner?    1
     pattern locked? 1
     call learner?   0
     call reserve?   0
     timer assembly matrix:   0.0680817 s
     timer analyze+factorize: 0.146615 s
  PARDISO Solve Phase... Done in 0.494344 ms.
  Solver solve [29]  |residual| = 1.01862e-22
  PARDISO Analysis Phase... Done in 3.47312 ms.
  PARDISO Factorization Phase... Done in 1.11119 ms.
  Solver setup [30] n = 1320  nnz = 124992
     analyze?        1
     use learner?    1
     pattern locked? 1
     call learner?   0
     call reserve?   0
     timer assembly matrix:   0.0697894 s
     timer analyze+factorize: 0.15122 s
  PARDISO Solve Phase... Done in 0.513005 ms.
  Solver solve [30]  |residual| = 8.42473e-23
  PARDISO Analysis Phase... Done in 3.59176 ms.
  PARDISO Factorization Phase... Done in 0.905918 ms.
  Solver setup [31] n = 1320  nnz = 124992
     analyze?        1
     use learner?    1
     pattern locked? 1
     call learner?   0
     call reserve?   0
     timer assembly matrix:   0.0714076 s
     timer analyze+factorize: 0.155738 s
  PARDISO Solve Phase... Done in 0.504367 ms.
  Solver solve [31]  |residual| = 5.05248e-23
  PARDISO Analysis Phase... Done in 3.49755 ms.
  PARDISO Factorization Phase... Done in 0.923795 ms.
  Solver setup [32] n = 1320  nnz = 124992
     analyze?        1
     use learner?    1
     pattern locked? 1
     call learner?   0
     call reserve?   0
     timer assembly matrix:   0.0731137 s
     timer analyze+factorize: 0.160181 s
  PARDISO Solve Phase... Done in 0.512924 ms.
  Solver solve [32]  |residual| = 2.3508e-17
  PARDISO Analysis Phase... Done in 4.1367 ms.
  PARDISO Factorization Phase... Done in 1.15549 ms.
  Solver setup [33] n = 1320  nnz = 124992
     analyze?        1
     use learner?    1
     pattern locked? 1
     call learner?   0
     call reserve?   0
     timer assembly matrix:   0.0748995 s
     timer analyze+factorize: 0.16551 s
  PARDISO Solve Phase... Done in 0.496479 ms.
  Solver solve [33]  |residual| = 1.11265e-22
  PARDISO Analysis Phase... Done in 3.6521 ms.
  PARDISO Factorization Phase... Done in 1.12624 ms.
  Solver setup [34] n = 1320  nnz = 124992
     analyze?        1
     use learner?    1
     pattern locked? 1
     call learner?   0
     call reserve?   0
     timer assembly matrix:   0.0766073 s
     timer analyze+factorize: 0.170317 s
  PARDISO Solve Phase... Done in 0.497355 ms.
  Solver solve [34]  |residual| = 9.74659e-23
  PARDISO Analysis Phase... Done in 3.47802 ms.
  PARDISO Factorization Phase... Done in 0.904733 ms.
  Solver setup [35] n = 1320  nnz = 124992
     analyze?        1
     use learner?    1
     pattern locked? 1
     call learner?   0
     call reserve?   0
     timer assembly matrix:   0.078256 s
     timer analyze+factorize: 0.174725 s
  PARDISO Solve Phase... Done in 0.49892 ms.
  Solver solve [35]  |residual| = 9.50811e-23
  PARDISO Analysis Phase... Done in 3.52704 ms.
  PARDISO Factorization Phase... Done in 1.26763 ms.
  Solver setup [36] n = 1320  nnz = 124992
     analyze?        1
     use learner?    1
     pattern locked? 1
     call learner?   0
     call reserve?   0
     timer assembly matrix:   0.0799649 s
     timer analyze+factorize: 0.179543 s
  PARDISO Solve Phase... Done in 0.491167 ms.
  Solver solve [36]  |residual| = 1.92268e-17
  PARDISO Analysis Phase... Done in 3.5783 ms.
  PARDISO Factorization Phase... Done in 1.12742 ms.
  Solver setup [37] n = 1320  nnz = 124992
     analyze?        1
     use learner?    1
     pattern locked? 1
     call learner?   0
     call reserve?   0
     timer assembly matrix:   0.0816737 s
     timer analyze+factorize: 0.184284 s
  PARDISO Solve Phase... Done in 0.482108 ms.
  Solver solve [37]  |residual| = 1.24738e-22
  PARDISO Analysis Phase... Done in 3.59311 ms.
  PARDISO Factorization Phase... Done in 1.10208 ms.
  Solver setup [38] n = 1320  nnz = 124992
     analyze?        1
     use learner?    1
     pattern locked? 1
     call learner?   0
     call reserve?   0
     timer assembly matrix:   0.0833853 s
     timer analyze+factorize: 0.189002 s
  PARDISO Solve Phase... Done in 0.517641 ms.
  Solver solve [38]  |residual| = 5.99649e-23
  PARDISO Analysis Phase... Done in 3.48677 ms.
  PARDISO Factorization Phase... Done in 1.12284 ms.
  Solver setup [39] n = 1320  nnz = 124992
     analyze?        1
     use learner?    1
     pattern locked? 1
     call learner?   0
     call reserve?   0
     timer assembly matrix:   0.0850943 s
     timer analyze+factorize: 0.193633 s
  PARDISO Solve Phase... Done in 0.510827 ms.
  Solver solve [39]  |residual| = 7.85638e-23
Wall time (loop)     : 0.494939 s
Simulation time      : 0.005000 s
RTF (wall/sim)       : 98.987784

Final avg tip pos    : (4.000000, 1.000000, -0.000043) m
peakRSS=161508kB total=0.89s
