OpenMP enabled (max_threads=16)
Thread settings: nthreads=16 (chrono/collision/eigen)
ANCF 3443 cantilever shell demo
  integration  : PreInt
  solver       : PARDISO_MKL
  res          : 2 (20x20 elements)
  elements     : 400
  nodes        : 441
  tip_nodes    : 21
  x_size,y_size: 4, 2 m
  dx, dy       : 0.2, 0.1 m
  thickness    : 0.1 m
  tip_force_z  : -500 N (total, distributed over 21 nodes)
  schedule     : Fz=const for steps 0..4, then Fz=0 for steps 5..9
  dt           : 0.0005 s
  steps        : 10 (t_end=0.005 s)

  PARDISO Analysis Phase... Done in 21.1833 ms.
  PARDISO Factorization Phase... Done in 7.67197 ms.
  Solver setup [0] n = 5040  nnz = 509472
     analyze?        1
     use learner?    1
     pattern locked? 1
     call learner?   1
     call reserve?   0
     timer assembly matrix:   0.0817807 s
     timer analyze+factorize: 0.028959 s
  PARDISO Solve Phase... Done in 4.42823 ms.
  Solver solve [0]  |residual| = 6.10301e-17
  PARDISO Analysis Phase... Done in 18.9153 ms.
  PARDISO Factorization Phase... Done in 6.74156 ms.
  Solver setup [1] n = 5040  nnz = 509472
     analyze?        1
     use learner?    1
     pattern locked? 1
     call learner?   0
     call reserve?   0
     timer assembly matrix:   0.0935259 s
     timer analyze+factorize: 0.0546878 s
  PARDISO Solve Phase... Done in 2.99044 ms.
  Solver solve [1]  |residual| = 2.58346e-21
  PARDISO Analysis Phase... Done in 19.8072 ms.
  PARDISO Factorization Phase... Done in 6.57613 ms.
  Solver setup [2] n = 5040  nnz = 509472
     analyze?        1
     use learner?    1
     pattern locked? 1
     call learner?   0
     call reserve?   0
     timer assembly matrix:   0.105207 s
     timer analyze+factorize: 0.0811416 s
  PARDISO Solve Phase... Done in 3.00822 ms.
  Solver solve [2]  |residual| = 7.83836e-22
  PARDISO Analysis Phase... Done in 19.9275 ms.
  PARDISO Factorization Phase... Done in 6.95973 ms.
  Solver setup [3] n = 5040  nnz = 509472
     analyze?        1
     use learner?    1
     pattern locked? 1
     call learner?   0
     call reserve?   0
     timer assembly matrix:   0.117003 s
     timer analyze+factorize: 0.108102 s
  PARDISO Solve Phase... Done in 3.04058 ms.
  Solver solve [3]  |residual| = 9.13849e-22
  PARDISO Analysis Phase... Done in 20.0877 ms.
  PARDISO Factorization Phase... Done in 6.38525 ms.
  Solver setup [4] n = 5040  nnz = 509472
     analyze?        1
     use learner?    1
     pattern locked? 1
     call learner?   0
     call reserve?   0
     timer assembly matrix:   0.128761 s
     timer analyze+factorize: 0.134651 s
  PARDISO Solve Phase... Done in 3.08 ms.
  Solver solve [4]  |residual| = 5.00075e-17
  PARDISO Analysis Phase... Done in 20.0844 ms.
  PARDISO Factorization Phase... Done in 6.44884 ms.
  Solver setup [5] n = 5040  nnz = 509472
     analyze?        1
     use learner?    1
     pattern locked? 1
     call learner?   0
     call reserve?   0
     timer assembly matrix:   0.140561 s
     timer analyze+factorize: 0.161259 s
  PARDISO Solve Phase... Done in 2.99383 ms.
  Solver solve [5]  |residual| = 8.65443e-22
  PARDISO Analysis Phase... Done in 19.9054 ms.
  PARDISO Factorization Phase... Done in 6.7762 ms.
  Solver setup [6] n = 5040  nnz = 509472
     analyze?        1
     use learner?    1
     pattern locked? 1
     call learner?   0
     call reserve?   0
     timer assembly matrix:   0.152222 s
     timer analyze+factorize: 0.188016 s
  PARDISO Solve Phase... Done in 3.00789 ms.
  Solver solve [6]  |residual| = 7.4804e-22
  PARDISO Analysis Phase... Done in 20.3561 ms.
  PARDISO Factorization Phase... Done in 6.33516 ms.
  Solver setup [7] n = 5040  nnz = 509472
     analyze?        1
     use learner?    1
     pattern locked? 1
     call learner?   0
     call reserve?   0
     timer assembly matrix:   0.164089 s
     timer analyze+factorize: 0.214787 s
  PARDISO Solve Phase... Done in 3.02955 ms.
  Solver solve [7]  |residual| = 1.07499e-21
  PARDISO Analysis Phase... Done in 20.1297 ms.
  PARDISO Factorization Phase... Done in 6.25995 ms.
  Solver setup [8] n = 5040  nnz = 509472
     analyze?        1
     use learner?    1
     pattern locked? 1
     call learner?   0
     call reserve?   0
     timer assembly matrix:   0.175809 s
     timer analyze+factorize: 0.241251 s
  PARDISO Solve Phase... Done in 3.06913 ms.
  Solver solve [8]  |residual| = 5.50993e-17
  PARDISO Analysis Phase... Done in 20.1134 ms.
  PARDISO Factorization Phase... Done in 6.01471 ms.
  Solver setup [9] n = 5040  nnz = 509472
     analyze?        1
     use learner?    1
     pattern locked? 1
     call learner?   0
     call reserve?   0
     timer assembly matrix:   0.187576 s
     timer analyze+factorize: 0.267453 s
  PARDISO Solve Phase... Done in 3.01001 ms.
  Solver solve [9]  |residual| = 9.81378e-22
  PARDISO Analysis Phase... Done in 20.2018 ms.
  PARDISO Factorization Phase... Done in 7.06843 ms.
  Solver setup [10] n = 5040  nnz = 509472
     analyze?        1
     use learner?    1
     pattern locked? 1
     call learner?   0
     call reserve?   0
     timer assembly matrix:   0.199335 s
     timer analyze+factorize: 0.294798 s
  PARDISO Solve Phase... Done in 3.03969 ms.
  Solver solve [10]  |residual| = 9.15817e-22
  PARDISO Analysis Phase... Done in 19.986 ms.
  PARDISO Factorization Phase... Done in 6.163 ms.
  Solver setup [11] n = 5040  nnz = 509472
     analyze?        1
     use learner?    1
     pattern locked? 1
     call learner?   0
     call reserve?   0
     timer assembly matrix:   0.211225 s
     timer analyze+factorize: 0.321025 s
  PARDISO Solve Phase... Done in 3.09721 ms.
  Solver solve [11]  |residual| = 9.07178e-22
  PARDISO Analysis Phase... Done in 20.1517 ms.
  PARDISO Factorization Phase... Done in 6.72703 ms.
  Solver setup [12] n = 5040  nnz = 509472
     analyze?        1
     use learner?    1
     pattern locked? 1
     call learner?   0
     call reserve?   0
     timer assembly matrix:   0.222944 s
     timer analyze+factorize: 0.347975 s
  PARDISO Solve Phase... Done in 3.05402 ms.
  Solver solve [12]  |residual| = 8.18192e-17
  PARDISO Analysis Phase... Done in 20.1502 ms.
  PARDISO Factorization Phase... Done in 6.30197 ms.
  Solver setup [13] n = 5040  nnz = 509472
     analyze?        1
     use learner?    1
     pattern locked? 1
     call learner?   0
     call reserve?   0
     timer assembly matrix:   0.234833 s
     timer analyze+factorize: 0.374501 s
  PARDISO Solve Phase... Done in 3.04933 ms.
  Solver solve [13]  |residual| = 7.86163e-22
  PARDISO Analysis Phase... Done in 19.9606 ms.
  PARDISO Factorization Phase... Done in 5.94676 ms.
  Solver setup [14] n = 5040  nnz = 509472
     analyze?        1
     use learner?    1
     pattern locked? 1
     call learner?   0
     call reserve?   0
     timer assembly matrix:   0.24663 s
     timer analyze+factorize: 0.400481 s
  PARDISO Solve Phase... Done in 3.07444 ms.
  Solver solve [14]  |residual| = 9.23369e-22
  PARDISO Analysis Phase... Done in 20.1821 ms.
  PARDISO Factorization Phase... Done in 6.07942 ms.
  Solver setup [15] n = 5040  nnz = 509472
     analyze?        1
     use learner?    1
     pattern locked? 1
     call learner?   0
     call reserve?   0
     timer assembly matrix:   0.25845 s
     timer analyze+factorize: 0.426815 s
  PARDISO Solve Phase... Done in 3.0656 ms.
  Solver solve [15]  |residual| = 8.97575e-22
  PARDISO Analysis Phase... Done in 20.1342 ms.
  PARDISO Factorization Phase... Done in 6.31989 ms.
  Solver setup [16] n = 5040  nnz = 509472
     analyze?        1
     use learner?    1
     pattern locked? 1
     call learner?   0
     call reserve?   0
     timer assembly matrix:   0.27015 s
     timer analyze+factorize: 0.45335 s
  PARDISO Solve Phase... Done in 3.08226 ms.
  Solver solve [16]  |residual| = 8.19214e-17
  PARDISO Analysis Phase... Done in 20.1478 ms.
  PARDISO Factorization Phase... Done in 6.36655 ms.
  Solver setup [17] n = 5040  nnz = 509472
     analyze?        1
     use learner?    1
     pattern locked? 1
     call learner?   0
     call reserve?   0
     timer assembly matrix:   0.281982 s
     timer analyze+factorize: 0.479938 s
  PARDISO Solve Phase... Done in 3.06608 ms.
  Solver solve [17]  |residual| = 2.70816e-21
  PARDISO Analysis Phase... Done in 20.0343 ms.
  PARDISO Factorization Phase... Done in 6.29599 ms.
  Solver setup [18] n = 5040  nnz = 509472
     analyze?        1
     use learner?    1
     pattern locked? 1
     call learner?   0
     call reserve?   0
     timer assembly matrix:   0.293803 s
     timer analyze+factorize: 0.50634 s
  PARDISO Solve Phase... Done in 3.05834 ms.
  Solver solve [18]  |residual| = 9.39513e-22
  PARDISO Analysis Phase... Done in 20.146 ms.
  PARDISO Factorization Phase... Done in 6.70317 ms.
  Solver setup [19] n = 5040  nnz = 509472
     analyze?        1
     use learner?    1
     pattern locked? 1
     call learner?   0
     call reserve?   0
     timer assembly matrix:   0.305512 s
     timer analyze+factorize: 0.533262 s
  PARDISO Solve Phase... Done in 3.0591 ms.
  Solver solve [19]  |residual| = 9.36666e-22
  PARDISO Analysis Phase... Done in 19.9735 ms.
  PARDISO Factorization Phase... Done in 6.18837 ms.
  Solver setup [20] n = 5040  nnz = 509472
     analyze?        1
     use learner?    1
     pattern locked? 1
     call learner?   0
     call reserve?   0
     timer assembly matrix:   0.317251 s
     timer analyze+factorize: 0.559497 s
  PARDISO Solve Phase... Done in 3.0749 ms.
  Solver solve [20]  |residual| = 5.37675e-17
  PARDISO Analysis Phase... Done in 20.2503 ms.
  PARDISO Factorization Phase... Done in 6.51875 ms.
  Solver setup [21] n = 5040  nnz = 509472
     analyze?        1
     use learner?    1
     pattern locked? 1
     call learner?   0
     call reserve?   0
     timer assembly matrix:   0.329006 s
     timer analyze+factorize: 0.586341 s
  PARDISO Solve Phase... Done in 3.05095 ms.
  Solver solve [21]  |residual| = 1.05689e-21
  PARDISO Analysis Phase... Done in 20.1276 ms.
  PARDISO Factorization Phase... Done in 5.99871 ms.
  Solver setup [22] n = 5040  nnz = 509472
     analyze?        1
     use learner?    1
     pattern locked? 1
     call learner?   0
     call reserve?   0
     timer assembly matrix:   0.340769 s
     timer analyze+factorize: 0.612543 s
  PARDISO Solve Phase... Done in 3.04779 ms.
  Solver solve [22]  |residual| = 7.37934e-22
  PARDISO Analysis Phase... Done in 20.1602 ms.
  PARDISO Factorization Phase... Done in 6.60601 ms.
  Solver setup [23] n = 5040  nnz = 509472
     analyze?        1
     use learner?    1
     pattern locked? 1
     call learner?   0
     call reserve?   0
     timer assembly matrix:   0.352636 s
     timer analyze+factorize: 0.639382 s
  PARDISO Solve Phase... Done in 3.08301 ms.
  Solver solve [23]  |residual| = 8.54665e-22
  PARDISO Analysis Phase... Done in 20.1836 ms.
  PARDISO Factorization Phase... Done in 6.10838 ms.
  Solver setup [24] n = 5040  nnz = 509472
     analyze?        1
     use learner?    1
     pattern locked? 1
     call learner?   0
     call reserve?   0
     timer assembly matrix:   0.3645 s
     timer analyze+factorize: 0.665752 s
  PARDISO Solve Phase... Done in 3.06737 ms.
  Solver solve [24]  |residual| = 5.37196e-17
  PARDISO Analysis Phase... Done in 19.9897 ms.
  PARDISO Factorization Phase... Done in 5.88369 ms.
  Solver setup [25] n = 5040  nnz = 509472
     analyze?        1
     use learner?    1
     pattern locked? 1
     call learner?   0
     call reserve?   0
     timer assembly matrix:   0.376321 s
     timer analyze+factorize: 0.691698 s
  PARDISO Solve Phase... Done in 3.06068 ms.
  Solver solve [25]  |residual| = 7.54104e-22
  PARDISO Analysis Phase... Done in 20.1916 ms.
  PARDISO Factorization Phase... Done in 6.40317 ms.
  Solver setup [26] n = 5040  nnz = 509472
     analyze?        1
     use learner?    1
     pattern locked? 1
     call learner?   0
     call reserve?   0
     timer assembly matrix:   0.388102 s
     timer analyze+factorize: 0.718365 s
  PARDISO Solve Phase... Done in 3.08971 ms.
  Solver solve [26]  |residual| = 1.04918e-21
  PARDISO Analysis Phase... Done in 20.4326 ms.
  PARDISO Factorization Phase... Done in 6.20921 ms.
  Solver setup [27] n = 5040  nnz = 509472
     analyze?        1
     use learner?    1
     pattern locked? 1
     call learner?   0
     call reserve?   0
     timer assembly matrix:   0.399955 s
     timer analyze+factorize: 0.745072 s
  PARDISO Solve Phase... Done in 3.06888 ms.
  Solver solve [27]  |residual| = 7.3003e-22
  PARDISO Analysis Phase... Done in 19.9987 ms.
  PARDISO Factorization Phase... Done in 6.94694 ms.
  Solver setup [28] n = 5040  nnz = 509472
     analyze?        1
     use learner?    1
     pattern locked? 1
     call learner?   0
     call reserve?   0
     timer assembly matrix:   0.411828 s
     timer analyze+factorize: 0.772089 s
  PARDISO Solve Phase... Done in 3.15579 ms.
  Solver solve [28]  |residual| = 4.30977e-17
  PARDISO Analysis Phase... Done in 20.1602 ms.
  PARDISO Factorization Phase... Done in 6.65074 ms.
  Solver setup [29] n = 5040  nnz = 509472
     analyze?        1
     use learner?    1
     pattern locked? 1
     call learner?   0
     call reserve?   0
     timer assembly matrix:   0.423623 s
     timer analyze+factorize: 0.798977 s
  PARDISO Solve Phase... Done in 3.1415 ms.
  Solver solve [29]  |residual| = 8.90181e-22
  PARDISO Analysis Phase... Done in 20.1661 ms.
  PARDISO Factorization Phase... Done in 6.66659 ms.
  Solver setup [30] n = 5040  nnz = 509472
     analyze?        1
     use learner?    1
     pattern locked? 1
     call learner?   0
     call reserve?   0
     timer assembly matrix:   0.435396 s
     timer analyze+factorize: 0.825884 s
  PARDISO Solve Phase... Done in 3.06722 ms.
  Solver solve [30]  |residual| = 8.1307e-22
  PARDISO Analysis Phase... Done in 19.9747 ms.
  PARDISO Factorization Phase... Done in 6.17127 ms.
  Solver setup [31] n = 5040  nnz = 509472
     analyze?        1
     use learner?    1
     pattern locked? 1
     call learner?   0
     call reserve?   0
     timer assembly matrix:   0.447268 s
     timer analyze+factorize: 0.852103 s
  PARDISO Solve Phase... Done in 3.05835 ms.
  Solver solve [31]  |residual| = 8.19594e-22
  PARDISO Analysis Phase... Done in 20.1858 ms.
  PARDISO Factorization Phase... Done in 6.78765 ms.
  Solver setup [32] n = 5040  nnz = 509472
     analyze?        1
     use learner?    1
     pattern locked? 1
     call learner?   0
     call reserve?   0
     timer assembly matrix:   0.458956 s
     timer analyze+factorize: 0.879152 s
  PARDISO Solve Phase... Done in 3.10508 ms.
  Solver solve [32]  |residual| = 4.61967e-17
  PARDISO Analysis Phase... Done in 20.1529 ms.
  PARDISO Factorization Phase... Done in 6.91527 ms.
  Solver setup [33] n = 5040  nnz = 509472
     analyze?        1
     use learner?    1
     pattern locked? 1
     call learner?   0
     call reserve?   0
     timer assembly matrix:   0.470718 s
     timer analyze+factorize: 0.906294 s
  PARDISO Solve Phase... Done in 3.04427 ms.
  Solver solve [33]  |residual| = 1.23095e-21
  PARDISO Analysis Phase... Done in 20.1989 ms.
  PARDISO Factorization Phase... Done in 6.86335 ms.
  Solver setup [34] n = 5040  nnz = 509472
     analyze?        1
     use learner?    1
     pattern locked? 1
     call learner?   0
     call reserve?   0
     timer assembly matrix:   0.482432 s
     timer analyze+factorize: 0.933422 s
  PARDISO Solve Phase... Done in 3.06175 ms.
  Solver solve [34]  |residual| = 9.05639e-22
  PARDISO Analysis Phase... Done in 19.9655 ms.
  PARDISO Factorization Phase... Done in 6.44417 ms.
  Solver setup [35] n = 5040  nnz = 509472
     analyze?        1
     use learner?    1
     pattern locked? 1
     call learner?   0
     call reserve?   0
     timer assembly matrix:   0.494212 s
     timer analyze+factorize: 0.959902 s
  PARDISO Solve Phase... Done in 3.07171 ms.
  Solver solve [35]  |residual| = 7.2224e-22
  PARDISO Analysis Phase... Done in 20.1655 ms.
  PARDISO Factorization Phase... Done in 6.07304 ms.
  Solver setup [36] n = 5040  nnz = 509472
     analyze?        1
     use learner?    1
     pattern locked? 1
     call learner?   0
     call reserve?   0
     timer assembly matrix:   0.505981 s
     timer analyze+factorize: 0.986214 s
  PARDISO Solve Phase... Done in 3.07773 ms.
  Solver solve [36]  |residual| = 3.84523e-17
  PARDISO Analysis Phase... Done in 20.1454 ms.
  PARDISO Factorization Phase... Done in 6.93104 ms.
  Solver setup [37] n = 5040  nnz = 509472
     analyze?        1
     use learner?    1
     pattern locked? 1
     call learner?   0
     call reserve?   0
     timer assembly matrix:   0.517725 s
     timer analyze+factorize: 1.01337 s
  PARDISO Solve Phase... Done in 3.04891 ms.
  Solver solve [37]  |residual| = 8.38211e-22
  PARDISO Analysis Phase... Done in 20.0603 ms.
  PARDISO Factorization Phase... Done in 6.17235 ms.
  Solver setup [38] n = 5040  nnz = 509472
     analyze?        1
     use learner?    1
     pattern locked? 1
     call learner?   0
     call reserve?   0
     timer assembly matrix:   0.529436 s
     timer analyze+factorize: 1.03968 s
  PARDISO Solve Phase... Done in 3.0518 ms.
  Solver solve [38]  |residual| = 9.21617e-22
  PARDISO Analysis Phase... Done in 20.1446 ms.
  PARDISO Factorization Phase... Done in 6.7822 ms.
  Solver setup [39] n = 5040  nnz = 509472
     analyze?        1
     use learner?    1
     pattern locked? 1
     call learner?   0
     call reserve?   0
     timer assembly matrix:   0.541235 s
     timer analyze+factorize: 1.06668 s
  PARDISO Solve Phase... Done in 3.07813 ms.
  Solver solve [39]  |residual| = 8.69959e-22
Wall time (loop)     : 2.439072 s
Simulation time      : 0.005000 s
RTF (wall/sim)       : 487.814427

Final avg tip pos    : (4.000000, 1.000000, -0.000045) m
peakRSS=524912kB total=4.01s
