OpenMP enabled (max_threads=16)
Thread settings: nthreads=16 (chrono/collision/eigen)
ANCF 3443 cantilever shell demo
  integration  : PreInt
  solver       : PARDISO_MKL
  res          : 4 (50x50 elements)
  elements     : 2500
  nodes        : 2601
  tip_nodes    : 51
  x_size,y_size: 4, 2 m
  dx, dy       : 0.08, 0.04 m
  thickness    : 0.1 m
  tip_force_z  : -500 N (total, distributed over 51 nodes)
  schedule     : Fz=const for steps 0..4, then Fz=0 for steps 5..9
  dt           : 0.0005 s
  steps        : 10 (t_end=0.005 s)

  PARDISO Analysis Phase... Done in 91.5477 ms.
  PARDISO Factorization Phase... Done in 47.495 ms.
  Solver setup [0] n = 30600  nnz = 3218112
     analyze?        1
     use learner?    1
     pattern locked? 1
     call learner?   1
     call reserve?   0
     timer assembly matrix:   0.501399 s
     timer analyze+factorize: 0.139142 s
  PARDISO Solve Phase... Done in 38.4247 ms.
  Solver solve [0]  |residual| = 1.41336e-16
  PARDISO Analysis Phase... Done in 130.419 ms.
  PARDISO Factorization Phase... Done in 50.1477 ms.
  Solver setup [1] n = 30600  nnz = 3218112
     analyze?        1
     use learner?    1
     pattern locked? 1
     call learner?   0
     call reserve?   0
     timer assembly matrix:   0.581112 s
     timer analyze+factorize: 0.319793 s
  PARDISO Solve Phase... Done in 33.6376 ms.
  Solver solve [1]  |residual| = 4.02203e-20
  PARDISO Analysis Phase... Done in 131.026 ms.
  PARDISO Factorization Phase... Done in 51.7329 ms.
  Solver setup [2] n = 30600  nnz = 3218112
     analyze?        1
     use learner?    1
     pattern locked? 1
     call learner?   0
     call reserve?   0
     timer assembly matrix:   0.660683 s
     timer analyze+factorize: 0.502635 s
  PARDISO Solve Phase... Done in 31.2262 ms.
  Solver solve [2]  |residual| = 2.60509e-20
  PARDISO Analysis Phase... Done in 131.532 ms.
  PARDISO Factorization Phase... Done in 48.9852 ms.
  Solver setup [3] n = 30600  nnz = 3218112
     analyze?        1
     use learner?    1
     pattern locked? 1
     call learner?   0
     call reserve?   0
     timer assembly matrix:   0.73984 s
     timer analyze+factorize: 0.683234 s
  PARDISO Solve Phase... Done in 28.3076 ms.
  Solver solve [3]  |residual| = 2.8129e-20
  PARDISO Analysis Phase... Done in 131.741 ms.
  PARDISO Factorization Phase... Done in 50.6599 ms.
  Solver setup [4] n = 30600  nnz = 3218112
     analyze?        1
     use learner?    1
     pattern locked? 1
     call learner?   0
     call reserve?   0
     timer assembly matrix:   0.819345 s
     timer analyze+factorize: 0.865718 s
  PARDISO Solve Phase... Done in 28.6129 ms.
  Solver solve [4]  |residual| = 1.59873e-16
  PARDISO Analysis Phase... Done in 130.773 ms.
  PARDISO Factorization Phase... Done in 50.5616 ms.
  Solver setup [5] n = 30600  nnz = 3218112
     analyze?        1
     use learner?    1
     pattern locked? 1
     call learner?   0
     call reserve?   0
     timer assembly matrix:   0.899205 s
     timer analyze+factorize: 1.04713 s
  PARDISO Solve Phase... Done in 28.2859 ms.
  Solver solve [5]  |residual| = 2.75272e-20
  PARDISO Analysis Phase... Done in 130.942 ms.
  PARDISO Factorization Phase... Done in 50.3397 ms.
  Solver setup [6] n = 30600  nnz = 3218112
     analyze?        1
     use learner?    1
     pattern locked? 1
     call learner?   0
     call reserve?   0
     timer assembly matrix:   0.978879 s
     timer analyze+factorize: 1.22849 s
  PARDISO Solve Phase... Done in 28.2697 ms.
  Solver solve [6]  |residual| = 3.04485e-20
  PARDISO Analysis Phase... Done in 131.743 ms.
  PARDISO Factorization Phase... Done in 52.1798 ms.
  Solver setup [7] n = 30600  nnz = 3218112
     analyze?        1
     use learner?    1
     pattern locked? 1
     call learner?   0
     call reserve?   0
     timer assembly matrix:   1.05856 s
     timer analyze+factorize: 1.4125 s
  PARDISO Solve Phase... Done in 28.2859 ms.
  Solver solve [7]  |residual| = 2.29117e-20
  PARDISO Analysis Phase... Done in 131.556 ms.
  PARDISO Factorization Phase... Done in 50.5119 ms.
  Solver setup [8] n = 30600  nnz = 3218112
     analyze?        1
     use learner?    1
     pattern locked? 1
     call learner?   0
     call reserve?   0
     timer assembly matrix:   1.1385 s
     timer analyze+factorize: 1.59465 s
  PARDISO Solve Phase... Done in 28.1446 ms.
  Solver solve [8]  |residual| = 1.92521e-16
  PARDISO Analysis Phase... Done in 130.348 ms.
  PARDISO Factorization Phase... Done in 50.8627 ms.
  Solver setup [9] n = 30600  nnz = 3218112
     analyze?        1
     use learner?    1
     pattern locked? 1
     call learner?   0
     call reserve?   0
     timer assembly matrix:   1.21923 s
     timer analyze+factorize: 1.77594 s
  PARDISO Solve Phase... Done in 28.2916 ms.
  Solver solve [9]  |residual| = 3.48469e-20
  PARDISO Analysis Phase... Done in 130.424 ms.
  PARDISO Factorization Phase... Done in 50.5203 ms.
  Solver setup [10] n = 30600  nnz = 3218112
     analyze?        1
     use learner?    1
     pattern locked? 1
     call learner?   0
     call reserve?   0
     timer assembly matrix:   1.29968 s
     timer analyze+factorize: 1.95696 s
  PARDISO Solve Phase... Done in 28.1494 ms.
  Solver solve [10]  |residual| = 3.05814e-20
  PARDISO Analysis Phase... Done in 130.399 ms.
  PARDISO Factorization Phase... Done in 48.3644 ms.
  Solver setup [11] n = 30600  nnz = 3218112
     analyze?        1
     use learner?    1
     pattern locked? 1
     call learner?   0
     call reserve?   0
     timer assembly matrix:   1.37989 s
     timer analyze+factorize: 2.13581 s
  PARDISO Solve Phase... Done in 28.3079 ms.
  Solver solve [11]  |residual| = 2.88419e-20
  PARDISO Analysis Phase... Done in 130.535 ms.
  PARDISO Factorization Phase... Done in 50.7857 ms.
  Solver setup [12] n = 30600  nnz = 3218112
     analyze?        1
     use learner?    1
     pattern locked? 1
     call learner?   0
     call reserve?   0
     timer assembly matrix:   1.45997 s
     timer analyze+factorize: 2.31722 s
  PARDISO Solve Phase... Done in 28.2743 ms.
  Solver solve [12]  |residual| = 1.6209e-16
  PARDISO Analysis Phase... Done in 130.539 ms.
  PARDISO Factorization Phase... Done in 48.1308 ms.
  Solver setup [13] n = 30600  nnz = 3218112
     analyze?        1
     use learner?    1
     pattern locked? 1
     call learner?   0
     call reserve?   0
     timer assembly matrix:   1.54045 s
     timer analyze+factorize: 2.49597 s
  PARDISO Solve Phase... Done in 28.7084 ms.
  Solver solve [13]  |residual| = 3.28498e-20
  PARDISO Analysis Phase... Done in 130.688 ms.
  PARDISO Factorization Phase... Done in 50.3488 ms.
  Solver setup [14] n = 30600  nnz = 3218112
     analyze?        1
     use learner?    1
     pattern locked? 1
     call learner?   0
     call reserve?   0
     timer assembly matrix:   1.62088 s
     timer analyze+factorize: 2.67709 s
  PARDISO Solve Phase... Done in 28.2702 ms.
  Solver solve [14]  |residual| = 3.87566e-20
  PARDISO Analysis Phase... Done in 130.522 ms.
  PARDISO Factorization Phase... Done in 47.5877 ms.
  Solver setup [15] n = 30600  nnz = 3218112
     analyze?        1
     use learner?    1
     pattern locked? 1
     call learner?   0
     call reserve?   0
     timer assembly matrix:   1.70069 s
     timer analyze+factorize: 2.85529 s
  PARDISO Solve Phase... Done in 28.185 ms.
  Solver solve [15]  |residual| = 3.37138e-20
  PARDISO Analysis Phase... Done in 137.291 ms.
  PARDISO Factorization Phase... Done in 50.2106 ms.
  Solver setup [16] n = 30600  nnz = 3218112
     analyze?        1
     use learner?    1
     pattern locked? 1
     call learner?   0
     call reserve?   0
     timer assembly matrix:   1.77985 s
     timer analyze+factorize: 3.04286 s
  PARDISO Solve Phase... Done in 33.4603 ms.
  Solver solve [16]  |residual| = 1.47499e-16
  PARDISO Analysis Phase... Done in 133.298 ms.
  PARDISO Factorization Phase... Done in 48.821 ms.
  Solver setup [17] n = 30600  nnz = 3218112
     analyze?        1
     use learner?    1
     pattern locked? 1
     call learner?   0
     call reserve?   0
     timer assembly matrix:   1.85912 s
     timer analyze+factorize: 3.22506 s
  PARDISO Solve Phase... Done in 33.49 ms.
  Solver solve [17]  |residual| = 3.08178e-20
  PARDISO Analysis Phase... Done in 137.279 ms.
  PARDISO Factorization Phase... Done in 50.9171 ms.
  Solver setup [18] n = 30600  nnz = 3218112
     analyze?        1
     use learner?    1
     pattern locked? 1
     call learner?   0
     call reserve?   0
     timer assembly matrix:   1.93937 s
     timer analyze+factorize: 3.41334 s
  PARDISO Solve Phase... Done in 33.9732 ms.
  Solver solve [18]  |residual| = 3.7929e-20
  PARDISO Analysis Phase... Done in 135.708 ms.
  PARDISO Factorization Phase... Done in 50.1564 ms.
  Solver setup [19] n = 30600  nnz = 3218112
     analyze?        1
     use learner?    1
     pattern locked? 1
     call learner?   0
     call reserve?   0
     timer assembly matrix:   2.01881 s
     timer analyze+factorize: 3.59928 s
  PARDISO Solve Phase... Done in 34.0408 ms.
  Solver solve [19]  |residual| = 3.34429e-20
  PARDISO Analysis Phase... Done in 136.512 ms.
  PARDISO Factorization Phase... Done in 49.6471 ms.
  Solver setup [20] n = 30600  nnz = 3218112
     analyze?        1
     use learner?    1
     pattern locked? 1
     call learner?   0
     call reserve?   0
     timer assembly matrix:   2.09859 s
     timer analyze+factorize: 3.78552 s
  PARDISO Solve Phase... Done in 33.8628 ms.
  Solver solve [20]  |residual| = 1.37098e-16
  PARDISO Analysis Phase... Done in 135.725 ms.
  PARDISO Factorization Phase... Done in 51.2245 ms.
  Solver setup [21] n = 30600  nnz = 3218112
     analyze?        1
     use learner?    1
     pattern locked? 1
     call learner?   0
     call reserve?   0
     timer assembly matrix:   2.17855 s
     timer analyze+factorize: 3.97255 s
  PARDISO Solve Phase... Done in 33.5966 ms.
  Solver solve [21]  |residual| = 3.73916e-20
  PARDISO Analysis Phase... Done in 137.515 ms.
  PARDISO Factorization Phase... Done in 50.9065 ms.
  Solver setup [22] n = 30600  nnz = 3218112
     analyze?        1
     use learner?    1
     pattern locked? 1
     call learner?   0
     call reserve?   0
     timer assembly matrix:   2.2586 s
     timer analyze+factorize: 4.16105 s
  PARDISO Solve Phase... Done in 33.5809 ms.
  Solver solve [22]  |residual| = 3.15209e-20
  PARDISO Analysis Phase... Done in 136.169 ms.
  PARDISO Factorization Phase... Done in 51.4174 ms.
  Solver setup [23] n = 30600  nnz = 3218112
     analyze?        1
     use learner?    1
     pattern locked? 1
     call learner?   0
     call reserve?   0
     timer assembly matrix:   2.33823 s
     timer analyze+factorize: 4.34871 s
  PARDISO Solve Phase... Done in 33.8952 ms.
  Solver solve [23]  |residual| = 2.61385e-20
  PARDISO Analysis Phase... Done in 136.837 ms.
  PARDISO Factorization Phase... Done in 49.5277 ms.
  Solver setup [24] n = 30600  nnz = 3218112
     analyze?        1
     use learner?    1
     pattern locked? 1
     call learner?   0
     call reserve?   0
     timer assembly matrix:   2.41812 s
     timer analyze+factorize: 4.53516 s
  PARDISO Solve Phase... Done in 33.4449 ms.
  Solver solve [24]  |residual| = 1.22228e-16
  PARDISO Analysis Phase... Done in 136.505 ms.
  PARDISO Factorization Phase... Done in 50.746 ms.
  Solver setup [25] n = 30600  nnz = 3218112
     analyze?        1
     use learner?    1
     pattern locked? 1
     call learner?   0
     call reserve?   0
     timer assembly matrix:   2.49819 s
     timer analyze+factorize: 4.72249 s
  PARDISO Solve Phase... Done in 33.3952 ms.
  Solver solve [25]  |residual| = 3.40625e-20
  PARDISO Analysis Phase... Done in 135.959 ms.
  PARDISO Factorization Phase... Done in 52.0997 ms.
  Solver setup [26] n = 30600  nnz = 3218112
     analyze?        1
     use learner?    1
     pattern locked? 1
     call learner?   0
     call reserve?   0
     timer assembly matrix:   2.57775 s
     timer analyze+factorize: 4.91064 s
  PARDISO Solve Phase... Done in 33.4714 ms.
  Solver solve [26]  |residual| = 3.07891e-20
  PARDISO Analysis Phase... Done in 136.116 ms.
  PARDISO Factorization Phase... Done in 51.8269 ms.
  Solver setup [27] n = 30600  nnz = 3218112
     analyze?        1
     use learner?    1
     pattern locked? 1
     call learner?   0
     call reserve?   0
     timer assembly matrix:   2.65735 s
     timer analyze+factorize: 5.09866 s
  PARDISO Solve Phase... Done in 33.7259 ms.
  Solver solve [27]  |residual| = 3.62745e-20
  PARDISO Analysis Phase... Done in 135.903 ms.
  PARDISO Factorization Phase... Done in 49.4959 ms.
  Solver setup [28] n = 30600  nnz = 3218112
     analyze?        1
     use learner?    1
     pattern locked? 1
     call learner?   0
     call reserve?   0
     timer assembly matrix:   2.73684 s
     timer analyze+factorize: 5.28414 s
  PARDISO Solve Phase... Done in 33.9578 ms.
  Solver solve [28]  |residual| = 1.1245e-16
  PARDISO Analysis Phase... Done in 135.867 ms.
  PARDISO Factorization Phase... Done in 49.2248 ms.
  Solver setup [29] n = 30600  nnz = 3218112
     analyze?        1
     use learner?    1
     pattern locked? 1
     call learner?   0
     call reserve?   0
     timer assembly matrix:   2.81729 s
     timer analyze+factorize: 5.46931 s
  PARDISO Solve Phase... Done in 34.0294 ms.
  Solver solve [29]  |residual| = 2.42442e-20
  PARDISO Analysis Phase... Done in 136.404 ms.
  PARDISO Factorization Phase... Done in 51.5958 ms.
  Solver setup [30] n = 30600  nnz = 3218112
     analyze?        1
     use learner?    1
     pattern locked? 1
     call learner?   0
     call reserve?   0
     timer assembly matrix:   2.89652 s
     timer analyze+factorize: 5.65739 s
  PARDISO Solve Phase... Done in 33.5082 ms.
  Solver solve [30]  |residual| = 2.95761e-20
  PARDISO Analysis Phase... Done in 137.919 ms.
  PARDISO Factorization Phase... Done in 51.746 ms.
  Solver setup [31] n = 30600  nnz = 3218112
     analyze?        1
     use learner?    1
     pattern locked? 1
     call learner?   0
     call reserve?   0
     timer assembly matrix:   2.97648 s
     timer analyze+factorize: 5.84712 s
  PARDISO Solve Phase... Done in 33.6386 ms.
  Solver solve [31]  |residual| = 3.37806e-20
  PARDISO Analysis Phase... Done in 136.248 ms.
  PARDISO Factorization Phase... Done in 51.1318 ms.
  Solver setup [32] n = 30600  nnz = 3218112
     analyze?        1
     use learner?    1
     pattern locked? 1
     call learner?   0
     call reserve?   0
     timer assembly matrix:   3.05571 s
     timer analyze+factorize: 6.03459 s
  PARDISO Solve Phase... Done in 33.408 ms.
  Solver solve [32]  |residual| = 1.01973e-16
  PARDISO Analysis Phase... Done in 137.082 ms.
  PARDISO Factorization Phase... Done in 50.6442 ms.
  Solver setup [33] n = 30600  nnz = 3218112
     analyze?        1
     use learner?    1
     pattern locked? 1
     call learner?   0
     call reserve?   0
     timer assembly matrix:   3.13517 s
     timer analyze+factorize: 6.22239 s
  PARDISO Solve Phase... Done in 33.5108 ms.
  Solver solve [33]  |residual| = 3.30479e-20
  PARDISO Analysis Phase... Done in 135.802 ms.
  PARDISO Factorization Phase... Done in 48.597 ms.
  Solver setup [34] n = 30600  nnz = 3218112
     analyze?        1
     use learner?    1
     pattern locked? 1
     call learner?   0
     call reserve?   0
     timer assembly matrix:   3.21485 s
     timer analyze+factorize: 6.40687 s
  PARDISO Solve Phase... Done in 33.4296 ms.
  Solver solve [34]  |residual| = 2.69911e-20
  PARDISO Analysis Phase... Done in 136.149 ms.
  PARDISO Factorization Phase... Done in 51.7413 ms.
  Solver setup [35] n = 30600  nnz = 3218112
     analyze?        1
     use learner?    1
     pattern locked? 1
     call learner?   0
     call reserve?   0
     timer assembly matrix:   3.29469 s
     timer analyze+factorize: 6.59484 s
  PARDISO Solve Phase... Done in 33.3177 ms.
  Solver solve [35]  |residual| = 3.96952e-20
  PARDISO Analysis Phase... Done in 136.228 ms.
  PARDISO Factorization Phase... Done in 51.0032 ms.
  Solver setup [36] n = 30600  nnz = 3218112
     analyze?        1
     use learner?    1
     pattern locked? 1
     call learner?   0
     call reserve?   0
     timer assembly matrix:   3.37448 s
     timer analyze+factorize: 6.78215 s
  PARDISO Solve Phase... Done in 33.3535 ms.
  Solver solve [36]  |residual| = 8.55863e-17
  PARDISO Analysis Phase... Done in 136.184 ms.
  PARDISO Factorization Phase... Done in 50.8873 ms.
  Solver setup [37] n = 30600  nnz = 3218112
     analyze?        1
     use learner?    1
     pattern locked? 1
     call learner?   0
     call reserve?   0
     timer assembly matrix:   3.45398 s
     timer analyze+factorize: 6.9693 s
  PARDISO Solve Phase... Done in 33.2997 ms.
  Solver solve [37]  |residual| = 2.74006e-20
  PARDISO Analysis Phase... Done in 136.393 ms.
  PARDISO Factorization Phase... Done in 51.6097 ms.
  Solver setup [38] n = 30600  nnz = 3218112
     analyze?        1
     use learner?    1
     pattern locked? 1
     call learner?   0
     call reserve?   0
     timer assembly matrix:   3.53309 s
     timer analyze+factorize: 7.15739 s
  PARDISO Solve Phase... Done in 33.6081 ms.
  Solver solve [38]  |residual| = 2.57332e-20
  PARDISO Analysis Phase... Done in 135.829 ms.
  PARDISO Factorization Phase... Done in 50.0709 ms.
  Solver setup [39] n = 30600  nnz = 3218112
     analyze?        1
     use learner?    1
     pattern locked? 1
     call learner?   0
     call reserve?   0
     timer assembly matrix:   3.61295 s
     timer analyze+factorize: 7.34337 s
  PARDISO Solve Phase... Done in 33.8093 ms.
  Solver solve [39]  |residual| = 3.93139e-20
Wall time (loop)     : 16.354797 s
Simulation time      : 0.005000 s
RTF (wall/sim)       : 3270.959388

Final avg tip pos    : (4.000000, 1.000000, -0.000046) m
peakRSS=3137168kB total=26.04s
