OpenMP enabled (max_threads=16)
Thread settings: nthreads=16 (chrono/collision/eigen)
ANCF 3443 cantilever shell demo
  integration  : PreInt
  solver       : CUSTOM
  res          : 4 (50x50 elements)
  elements     : 2500
  nodes        : 2601
  tip_nodes    : 51
  x_size,y_size: 4, 2 m
  dx, dy       : 0.08, 0.04 m
  thickness    : 0.1 m
  tip_force_z  : -500 N (total, distributed over 51 nodes)
  schedule     : Fz=const for steps 0..4, then Fz=0 for steps 5..9
  dt           : 0.0005 s
  steps        : 10 (t_end=0.005 s)

  CuDSS Analysis Phase... Done in 66.7822 ms.
  CuDSS Factorization Phase... Done in 50.0737 ms.
  Solver setup [0] n = 30600  nnz = 3218112
     analyze?        1
     use learner?    1
     pattern locked? 1
     call learner?   1
     call reserve?   0
     timer assembly matrix:   0.497857 s
     timer analyze+factorize: 0.12135 s
  CuDSS Solve Phase... Done in 4.54947 ms.
  Solver solve [0]  |residual| = 2.00078e-16
  CuDSS Analysis Phase... Done in 60.8368 ms.
  CuDSS Factorization Phase... Done in 41.0988 ms.
  Solver setup [1] n = 30600  nnz = 3218112
     analyze?        1
     use learner?    1
     pattern locked? 1
     call learner?   0
     call reserve?   0
     timer assembly matrix:   0.545525 s
     timer analyze+factorize: 0.227079 s
  CuDSS Solve Phase... Done in 0.803264 ms.
  Solver solve [1]  |residual| = 6.88511e-20
  CuDSS Analysis Phase... Done in 60.8362 ms.
  CuDSS Factorization Phase... Done in 41.8146 ms.
  Solver setup [2] n = 30600  nnz = 3218112
     analyze?        1
     use learner?    1
     pattern locked? 1
     call learner?   0
     call reserve?   0
     timer assembly matrix:   0.593172 s
     timer analyze+factorize: 0.333499 s
  CuDSS Solve Phase... Done in 0.802656 ms.
  Solver solve [2]  |residual| = 4.29672e-20
  CuDSS Analysis Phase... Done in 60.6391 ms.
  CuDSS Factorization Phase... Done in 42.0429 ms.
  Solver setup [3] n = 30600  nnz = 3218112
     analyze?        1
     use learner?    1
     pattern locked? 1
     call learner?   0
     call reserve?   0
     timer assembly matrix:   0.640702 s
     timer analyze+factorize: 0.439993 s
  CuDSS Solve Phase... Done in 0.799744 ms.
  Solver solve [3]  |residual| = 4.42752e-20
  CuDSS Analysis Phase... Done in 60.8504 ms.
  CuDSS Factorization Phase... Done in 41.8662 ms.
  Solver setup [4] n = 30600  nnz = 3218112
     analyze?        1
     use learner?    1
     pattern locked? 1
     call learner?   0
     call reserve?   0
     timer assembly matrix:   0.688323 s
     timer analyze+factorize: 0.546497 s
  CuDSS Solve Phase... Done in 0.79984 ms.
  Solver solve [4]  |residual| = 2.52747e-16
  CuDSS Analysis Phase... Done in 60.8808 ms.
  CuDSS Factorization Phase... Done in 41.6584 ms.
  Solver setup [5] n = 30600  nnz = 3218112
     analyze?        1
     use learner?    1
     pattern locked? 1
     call learner?   0
     call reserve?   0
     timer assembly matrix:   0.735807 s
     timer analyze+factorize: 0.652845 s
  CuDSS Solve Phase... Done in 0.811232 ms.
  Solver solve [5]  |residual| = 4.3169e-20
  CuDSS Analysis Phase... Done in 60.7845 ms.
  CuDSS Factorization Phase... Done in 41.6207 ms.
  Solver setup [6] n = 30600  nnz = 3218112
     analyze?        1
     use learner?    1
     pattern locked? 1
     call learner?   0
     call reserve?   0
     timer assembly matrix:   0.783264 s
     timer analyze+factorize: 0.759029 s
  CuDSS Solve Phase... Done in 0.802464 ms.
  Solver solve [6]  |residual| = 5.09293e-20
  CuDSS Analysis Phase... Done in 60.755 ms.
  CuDSS Factorization Phase... Done in 41.0685 ms.
  Solver setup [7] n = 30600  nnz = 3218112
     analyze?        1
     use learner?    1
     pattern locked? 1
     call learner?   0
     call reserve?   0
     timer assembly matrix:   0.83069 s
     timer analyze+factorize: 0.864686 s
  CuDSS Solve Phase... Done in 0.804864 ms.
  Solver solve [7]  |residual| = 4.53675e-20
  CuDSS Analysis Phase... Done in 61.1677 ms.
  CuDSS Factorization Phase... Done in 41.7659 ms.
  Solver setup [8] n = 30600  nnz = 3218112
     analyze?        1
     use learner?    1
     pattern locked? 1
     call learner?   0
     call reserve?   0
     timer assembly matrix:   0.877902 s
     timer analyze+factorize: 0.971418 s
  CuDSS Solve Phase... Done in 0.795616 ms.
  Solver solve [8]  |residual| = 2.89632e-16
  CuDSS Analysis Phase... Done in 61.1025 ms.
  CuDSS Factorization Phase... Done in 43.0204 ms.
  Solver setup [9] n = 30600  nnz = 3218112
     analyze?        1
     use learner?    1
     pattern locked? 1
     call learner?   0
     call reserve?   0
     timer assembly matrix:   0.924988 s
     timer analyze+factorize: 1.07933 s
  CuDSS Solve Phase... Done in 0.80832 ms.
  Solver solve [9]  |residual| = 4.60262e-20
  CuDSS Analysis Phase... Done in 61.1095 ms.
  CuDSS Factorization Phase... Done in 41.7741 ms.
  Solver setup [10] n = 30600  nnz = 3218112
     analyze?        1
     use learner?    1
     pattern locked? 1
     call learner?   0
     call reserve?   0
     timer assembly matrix:   0.972768 s
     timer analyze+factorize: 1.18615 s
  CuDSS Solve Phase... Done in 0.802752 ms.
  Solver solve [10]  |residual| = 4.05221e-20
  CuDSS Analysis Phase... Done in 61.1901 ms.
  CuDSS Factorization Phase... Done in 41.4283 ms.
  Solver setup [11] n = 30600  nnz = 3218112
     analyze?        1
     use learner?    1
     pattern locked? 1
     call learner?   0
     call reserve?   0
     timer assembly matrix:   1.02021 s
     timer analyze+factorize: 1.29256 s
  CuDSS Solve Phase... Done in 0.798592 ms.
  Solver solve [11]  |residual| = 4.51748e-20
  CuDSS Analysis Phase... Done in 61.1132 ms.
  CuDSS Factorization Phase... Done in 42.3967 ms.
  Solver setup [12] n = 30600  nnz = 3218112
     analyze?        1
     use learner?    1
     pattern locked? 1
     call learner?   0
     call reserve?   0
     timer assembly matrix:   1.06775 s
     timer analyze+factorize: 1.40035 s
  CuDSS Solve Phase... Done in 0.800672 ms.
  Solver solve [12]  |residual| = 2.86035e-16
  CuDSS Analysis Phase... Done in 61.0676 ms.
  CuDSS Factorization Phase... Done in 41.7224 ms.
  Solver setup [13] n = 30600  nnz = 3218112
     analyze?        1
     use learner?    1
     pattern locked? 1
     call learner?   0
     call reserve?   0
     timer assembly matrix:   1.11332 s
     timer analyze+factorize: 1.5069 s
  CuDSS Solve Phase... Done in 0.807936 ms.
  Solver solve [13]  |residual| = 4.11594e-20
  CuDSS Analysis Phase... Done in 61.0986 ms.
  CuDSS Factorization Phase... Done in 42.4011 ms.
  Solver setup [14] n = 30600  nnz = 3218112
     analyze?        1
     use learner?    1
     pattern locked? 1
     call learner?   0
     call reserve?   0
     timer assembly matrix:   1.16072 s
     timer analyze+factorize: 1.61418 s
  CuDSS Solve Phase... Done in 0.798912 ms.
  Solver solve [14]  |residual| = 5.88784e-20
  CuDSS Analysis Phase... Done in 61.171 ms.
  CuDSS Factorization Phase... Done in 42.9468 ms.
  Solver setup [15] n = 30600  nnz = 3218112
     analyze?        1
     use learner?    1
     pattern locked? 1
     call learner?   0
     call reserve?   0
     timer assembly matrix:   1.20828 s
     timer analyze+factorize: 1.72206 s
  CuDSS Solve Phase... Done in 0.798304 ms.
  Solver solve [15]  |residual| = 4.88222e-20
  CuDSS Analysis Phase... Done in 61.1343 ms.
  CuDSS Factorization Phase... Done in 41.1773 ms.
  Solver setup [16] n = 30600  nnz = 3218112
     analyze?        1
     use learner?    1
     pattern locked? 1
     call learner?   0
     call reserve?   0
     timer assembly matrix:   1.25585 s
     timer analyze+factorize: 1.82816 s
  CuDSS Solve Phase... Done in 0.81392 ms.
  Solver solve [16]  |residual| = 2.72442e-16
  CuDSS Analysis Phase... Done in 61.1845 ms.
  CuDSS Factorization Phase... Done in 43.6203 ms.
  Solver setup [17] n = 30600  nnz = 3218112
     analyze?        1
     use learner?    1
     pattern locked? 1
     call learner?   0
     call reserve?   0
     timer assembly matrix:   1.30313 s
     timer analyze+factorize: 1.93676 s
  CuDSS Solve Phase... Done in 0.803136 ms.
  Solver solve [17]  |residual| = 4.21238e-20
  CuDSS Analysis Phase... Done in 61.347 ms.
  CuDSS Factorization Phase... Done in 42.1195 ms.
  Solver setup [18] n = 30600  nnz = 3218112
     analyze?        1
     use learner?    1
     pattern locked? 1
     call learner?   0
     call reserve?   0
     timer assembly matrix:   1.35069 s
     timer analyze+factorize: 2.04402 s
  CuDSS Solve Phase... Done in 0.7992 ms.
  Solver solve [18]  |residual| = 4.81568e-20
  CuDSS Analysis Phase... Done in 61.0006 ms.
  CuDSS Factorization Phase... Done in 43.9128 ms.
  Solver setup [19] n = 30600  nnz = 3218112
     analyze?        1
     use learner?    1
     pattern locked? 1
     call learner?   0
     call reserve?   0
     timer assembly matrix:   1.39816 s
     timer analyze+factorize: 2.15279 s
  CuDSS Solve Phase... Done in 0.800352 ms.
  Solver solve [19]  |residual| = 4.81364e-20
  CuDSS Analysis Phase... Done in 60.9596 ms.
  CuDSS Factorization Phase... Done in 42.5284 ms.
  Solver setup [20] n = 30600  nnz = 3218112
     analyze?        1
     use learner?    1
     pattern locked? 1
     call learner?   0
     call reserve?   0
     timer assembly matrix:   1.44553 s
     timer analyze+factorize: 2.26008 s
  CuDSS Solve Phase... Done in 0.798656 ms.
  Solver solve [20]  |residual| = 2.15486e-16
  CuDSS Analysis Phase... Done in 61.9881 ms.
  CuDSS Factorization Phase... Done in 42.9001 ms.
  Solver setup [21] n = 30600  nnz = 3218112
     analyze?        1
     use learner?    1
     pattern locked? 1
     call learner?   0
     call reserve?   0
     timer assembly matrix:   1.4927 s
     timer analyze+factorize: 2.36877 s
  CuDSS Solve Phase... Done in 0.802208 ms.
  Solver solve [21]  |residual| = 5.48461e-20
  CuDSS Analysis Phase... Done in 61.087 ms.
  CuDSS Factorization Phase... Done in 42.1811 ms.
  Solver setup [22] n = 30600  nnz = 3218112
     analyze?        1
     use learner?    1
     pattern locked? 1
     call learner?   0
     call reserve?   0
     timer assembly matrix:   1.53998 s
     timer analyze+factorize: 2.47581 s
  CuDSS Solve Phase... Done in 0.806752 ms.
  Solver solve [22]  |residual| = 5.30348e-20
  CuDSS Analysis Phase... Done in 62.2101 ms.
  CuDSS Factorization Phase... Done in 42.403 ms.
  Solver setup [23] n = 30600  nnz = 3218112
     analyze?        1
     use learner?    1
     pattern locked? 1
     call learner?   0
     call reserve?   0
     timer assembly matrix:   1.58754 s
     timer analyze+factorize: 2.58422 s
  CuDSS Solve Phase... Done in 0.809376 ms.
  Solver solve [23]  |residual| = 5.03215e-20
  CuDSS Analysis Phase... Done in 61.1292 ms.
  CuDSS Factorization Phase... Done in 42.3595 ms.
  Solver setup [24] n = 30600  nnz = 3218112
     analyze?        1
     use learner?    1
     pattern locked? 1
     call learner?   0
     call reserve?   0
     timer assembly matrix:   1.6349 s
     timer analyze+factorize: 2.69149 s
  CuDSS Solve Phase... Done in 0.807936 ms.
  Solver solve [24]  |residual| = 2.04287e-16
  CuDSS Analysis Phase... Done in 61.477 ms.
  CuDSS Factorization Phase... Done in 42.1596 ms.
  Solver setup [25] n = 30600  nnz = 3218112
     analyze?        1
     use learner?    1
     pattern locked? 1
     call learner?   0
     call reserve?   0
     timer assembly matrix:   1.68228 s
     timer analyze+factorize: 2.79892 s
  CuDSS Solve Phase... Done in 0.801696 ms.
  Solver solve [25]  |residual| = 5.79579e-20
  CuDSS Analysis Phase... Done in 61.0508 ms.
  CuDSS Factorization Phase... Done in 41.5694 ms.
  Solver setup [26] n = 30600  nnz = 3218112
     analyze?        1
     use learner?    1
     pattern locked? 1
     call learner?   0
     call reserve?   0
     timer assembly matrix:   1.7295 s
     timer analyze+factorize: 2.90537 s
  CuDSS Solve Phase... Done in 0.802208 ms.
  Solver solve [26]  |residual| = 4.17564e-20
  CuDSS Analysis Phase... Done in 61.8156 ms.
  CuDSS Factorization Phase... Done in 42.0937 ms.
  Solver setup [27] n = 30600  nnz = 3218112
     analyze?        1
     use learner?    1
     pattern locked? 1
     call learner?   0
     call reserve?   0
     timer assembly matrix:   1.77723 s
     timer analyze+factorize: 3.01304 s
  CuDSS Solve Phase... Done in 0.800896 ms.
  Solver solve [27]  |residual| = 4.70504e-20
  CuDSS Analysis Phase... Done in 61.0391 ms.
  CuDSS Factorization Phase... Done in 42.0935 ms.
  Solver setup [28] n = 30600  nnz = 3218112
     analyze?        1
     use learner?    1
     pattern locked? 1
     call learner?   0
     call reserve?   0
     timer assembly matrix:   1.82456 s
     timer analyze+factorize: 3.11998 s
  CuDSS Solve Phase... Done in 0.801152 ms.
  Solver solve [28]  |residual| = 1.88378e-16
  CuDSS Analysis Phase... Done in 61.3987 ms.
  CuDSS Factorization Phase... Done in 41.8768 ms.
  Solver setup [29] n = 30600  nnz = 3218112
     analyze?        1
     use learner?    1
     pattern locked? 1
     call learner?   0
     call reserve?   0
     timer assembly matrix:   1.87216 s
     timer analyze+factorize: 3.22712 s
  CuDSS Solve Phase... Done in 0.800768 ms.
  Solver solve [29]  |residual| = 5.66763e-20
  CuDSS Analysis Phase... Done in 61.0263 ms.
  CuDSS Factorization Phase... Done in 41.9379 ms.
  Solver setup [30] n = 30600  nnz = 3218112
     analyze?        1
     use learner?    1
     pattern locked? 1
     call learner?   0
     call reserve?   0
     timer assembly matrix:   1.91964 s
     timer analyze+factorize: 3.33385 s
  CuDSS Solve Phase... Done in 0.806272 ms.
  Solver solve [30]  |residual| = 5.26719e-20
  CuDSS Analysis Phase... Done in 61.1254 ms.
  CuDSS Factorization Phase... Done in 41.6483 ms.
  Solver setup [31] n = 30600  nnz = 3218112
     analyze?        1
     use learner?    1
     pattern locked? 1
     call learner?   0
     call reserve?   0
     timer assembly matrix:   1.96701 s
     timer analyze+factorize: 3.44044 s
  CuDSS Solve Phase... Done in 0.79632 ms.
  Solver solve [31]  |residual| = 4.96036e-20
  CuDSS Analysis Phase... Done in 61.0876 ms.
  CuDSS Factorization Phase... Done in 41.7621 ms.
  Solver setup [32] n = 30600  nnz = 3218112
     analyze?        1
     use learner?    1
     pattern locked? 1
     call learner?   0
     call reserve?   0
     timer assembly matrix:   2.01489 s
     timer analyze+factorize: 3.54708 s
  CuDSS Solve Phase... Done in 0.809984 ms.
  Solver solve [32]  |residual| = 1.6762e-16
  CuDSS Analysis Phase... Done in 61.21 ms.
  CuDSS Factorization Phase... Done in 42.3916 ms.
  Solver setup [33] n = 30600  nnz = 3218112
     analyze?        1
     use learner?    1
     pattern locked? 1
     call learner?   0
     call reserve?   0
     timer assembly matrix:   2.06247 s
     timer analyze+factorize: 3.65453 s
  CuDSS Solve Phase... Done in 0.804544 ms.
  Solver solve [33]  |residual| = 4.49268e-20
  CuDSS Analysis Phase... Done in 61.0609 ms.
  CuDSS Factorization Phase... Done in 42.3748 ms.
  Solver setup [34] n = 30600  nnz = 3218112
     analyze?        1
     use learner?    1
     pattern locked? 1
     call learner?   0
     call reserve?   0
     timer assembly matrix:   2.11003 s
     timer analyze+factorize: 3.76176 s
  CuDSS Solve Phase... Done in 0.804736 ms.
  Solver solve [34]  |residual| = 5.72651e-20
  CuDSS Analysis Phase... Done in 61.0578 ms.
  CuDSS Factorization Phase... Done in 42.0927 ms.
  Solver setup [35] n = 30600  nnz = 3218112
     analyze?        1
     use learner?    1
     pattern locked? 1
     call learner?   0
     call reserve?   0
     timer assembly matrix:   2.15737 s
     timer analyze+factorize: 3.86872 s
  CuDSS Solve Phase... Done in 0.805504 ms.
  Solver solve [35]  |residual| = 5.05916e-20
  CuDSS Analysis Phase... Done in 61.1281 ms.
  CuDSS Factorization Phase... Done in 42.2484 ms.
  Solver setup [36] n = 30600  nnz = 3218112
     analyze?        1
     use learner?    1
     pattern locked? 1
     call learner?   0
     call reserve?   0
     timer assembly matrix:   2.20485 s
     timer analyze+factorize: 3.9759 s
  CuDSS Solve Phase... Done in 0.804576 ms.
  Solver solve [36]  |residual| = 1.50743e-16
  CuDSS Analysis Phase... Done in 61.2079 ms.
  CuDSS Factorization Phase... Done in 41.7199 ms.
  Solver setup [37] n = 30600  nnz = 3218112
     analyze?        1
     use learner?    1
     pattern locked? 1
     call learner?   0
     call reserve?   0
     timer assembly matrix:   2.25235 s
     timer analyze+factorize: 4.08264 s
  CuDSS Solve Phase... Done in 0.801632 ms.
  Solver solve [37]  |residual| = 4.61112e-20
  CuDSS Analysis Phase... Done in 60.9652 ms.
  CuDSS Factorization Phase... Done in 41.5807 ms.
  Solver setup [38] n = 30600  nnz = 3218112
     analyze?        1
     use learner?    1
     pattern locked? 1
     call learner?   0
     call reserve?   0
     timer assembly matrix:   2.29968 s
     timer analyze+factorize: 4.18905 s
  CuDSS Solve Phase... Done in 0.800256 ms.
  Solver solve [38]  |residual| = 5.53578e-20
  CuDSS Analysis Phase... Done in 61.1092 ms.
  CuDSS Factorization Phase... Done in 41.8988 ms.
  Solver setup [39] n = 30600  nnz = 3218112
     analyze?        1
     use learner?    1
     pattern locked? 1
     call learner?   0
     call reserve?   0
     timer assembly matrix:   2.34693 s
     timer analyze+factorize: 4.29584 s
  CuDSS Solve Phase... Done in 0.80464 ms.
  Solver solve [39]  |residual| = 5.74891e-20
Wall time (loop)     : 10.750472 s
Simulation time      : 0.005000 s
RTF (wall/sim)       : 2150.094374

Final avg tip pos    : (4.000000, 1.000000, -0.000046) m
peakRSS=3142184kB total=20.56s
