OpenMP enabled (max_threads=16)
Thread settings: nthreads=16 (chrono/collision/eigen)
ANCF 3443 cantilever shell demo
  integration  : PreInt
  solver       : PARDISO_MKL
  res          : 4 (50x50 elements)
  elements     : 2500
  nodes        : 2601
  tip_nodes    : 51
  x_size,y_size: 4, 2 m
  dx, dy       : 0.08, 0.04 m
  thickness    : 0.1 m
  tip_force_z  : -500 N (total, distributed over 51 nodes)
  schedule     : Fz=const for steps 0..4, then Fz=0 for steps 5..9
  dt           : 0.0005 s
  steps        : 10 (t_end=0.005 s)

  PARDISO Analysis Phase... Done in 87.3683 ms.
  PARDISO Factorization Phase... Done in 47.9959 ms.
  Solver setup [0] n = 30600  nnz = 3218112
     analyze?        1
     use learner?    1
     pattern locked? 1
     call learner?   1
     call reserve?   0
     timer assembly matrix:   0.503002 s
     timer analyze+factorize: 0.135451 s
  PARDISO Solve Phase... Done in 39.3429 ms.
  Solver solve [0]  |residual| = 1.44576e-16
  PARDISO Analysis Phase... Done in 130.13 ms.
  PARDISO Factorization Phase... Done in 50.3165 ms.
  Solver setup [1] n = 30600  nnz = 3218112
     analyze?        1
     use learner?    1
     pattern locked? 1
     call learner?   0
     call reserve?   0
     timer assembly matrix:   0.582814 s
     timer analyze+factorize: 0.315979 s
  PARDISO Solve Phase... Done in 32.8438 ms.
  Solver solve [1]  |residual| = 4.07489e-20
  PARDISO Analysis Phase... Done in 131.923 ms.
  PARDISO Factorization Phase... Done in 50.612 ms.
  Solver setup [2] n = 30600  nnz = 3218112
     analyze?        1
     use learner?    1
     pattern locked? 1
     call learner?   0
     call reserve?   0
     timer assembly matrix:   0.662628 s
     timer analyze+factorize: 0.498592 s
  PARDISO Solve Phase... Done in 32.8296 ms.
  Solver solve [2]  |residual| = 2.72944e-20
  PARDISO Analysis Phase... Done in 130.836 ms.
  PARDISO Factorization Phase... Done in 48.3739 ms.
  Solver setup [3] n = 30600  nnz = 3218112
     analyze?        1
     use learner?    1
     pattern locked? 1
     call learner?   0
     call reserve?   0
     timer assembly matrix:   0.743215 s
     timer analyze+factorize: 0.677883 s
  PARDISO Solve Phase... Done in 32.7967 ms.
  Solver solve [3]  |residual| = 2.78306e-20
  PARDISO Analysis Phase... Done in 131.611 ms.
  PARDISO Factorization Phase... Done in 47.7054 ms.
  Solver setup [4] n = 30600  nnz = 3218112
     analyze?        1
     use learner?    1
     pattern locked? 1
     call learner?   0
     call reserve?   0
     timer assembly matrix:   0.823205 s
     timer analyze+factorize: 0.857282 s
  PARDISO Solve Phase... Done in 32.819 ms.
  Solver solve [4]  |residual| = 1.40258e-16
  PARDISO Analysis Phase... Done in 132.292 ms.
  PARDISO Factorization Phase... Done in 49.5055 ms.
  Solver setup [5] n = 30600  nnz = 3218112
     analyze?        1
     use learner?    1
     pattern locked? 1
     call learner?   0
     call reserve?   0
     timer assembly matrix:   0.902926 s
     timer analyze+factorize: 1.03916 s
  PARDISO Solve Phase... Done in 30.4922 ms.
  Solver solve [5]  |residual| = 2.75859e-20
  PARDISO Analysis Phase... Done in 129.651 ms.
  PARDISO Factorization Phase... Done in 49.0097 ms.
  Solver setup [6] n = 30600  nnz = 3218112
     analyze?        1
     use learner?    1
     pattern locked? 1
     call learner?   0
     call reserve?   0
     timer assembly matrix:   0.982919 s
     timer analyze+factorize: 1.2179 s
  PARDISO Solve Phase... Done in 27.9369 ms.
  Solver solve [6]  |residual| = 3.02873e-20
  PARDISO Analysis Phase... Done in 130.699 ms.
  PARDISO Factorization Phase... Done in 50.2913 ms.
  Solver setup [7] n = 30600  nnz = 3218112
     analyze?        1
     use learner?    1
     pattern locked? 1
     call learner?   0
     call reserve?   0
     timer assembly matrix:   1.06249 s
     timer analyze+factorize: 1.39897 s
  PARDISO Solve Phase... Done in 27.8858 ms.
  Solver solve [7]  |residual| = 2.26564e-20
  PARDISO Analysis Phase... Done in 131.134 ms.
  PARDISO Factorization Phase... Done in 50.1899 ms.
  Solver setup [8] n = 30600  nnz = 3218112
     analyze?        1
     use learner?    1
     pattern locked? 1
     call learner?   0
     call reserve?   0
     timer assembly matrix:   1.1425 s
     timer analyze+factorize: 1.58037 s
  PARDISO Solve Phase... Done in 27.8452 ms.
  Solver solve [8]  |residual| = 2.01443e-16
  PARDISO Analysis Phase... Done in 130.146 ms.
  PARDISO Factorization Phase... Done in 60.2224 ms.
  Solver setup [9] n = 30600  nnz = 3218112
     analyze?        1
     use learner?    1
     pattern locked? 1
     call learner?   0
     call reserve?   0
     timer assembly matrix:   1.22234 s
     timer analyze+factorize: 1.77082 s
  PARDISO Solve Phase... Done in 27.7736 ms.
  Solver solve [9]  |residual| = 3.56724e-20
  PARDISO Analysis Phase... Done in 131.641 ms.
  PARDISO Factorization Phase... Done in 51.1474 ms.
  Solver setup [10] n = 30600  nnz = 3218112
     analyze?        1
     use learner?    1
     pattern locked? 1
     call learner?   0
     call reserve?   0
     timer assembly matrix:   1.30234 s
     timer analyze+factorize: 1.9537 s
  PARDISO Solve Phase... Done in 28.1522 ms.
  Solver solve [10]  |residual| = 3.04158e-20
  PARDISO Analysis Phase... Done in 130.808 ms.
  PARDISO Factorization Phase... Done in 50.0627 ms.
  Solver setup [11] n = 30600  nnz = 3218112
     analyze?        1
     use learner?    1
     pattern locked? 1
     call learner?   0
     call reserve?   0
     timer assembly matrix:   1.38179 s
     timer analyze+factorize: 2.13465 s
  PARDISO Solve Phase... Done in 28.3079 ms.
  Solver solve [11]  |residual| = 2.81508e-20
  PARDISO Analysis Phase... Done in 130.672 ms.
  PARDISO Factorization Phase... Done in 49.7037 ms.
  Solver setup [12] n = 30600  nnz = 3218112
     analyze?        1
     use learner?    1
     pattern locked? 1
     call learner?   0
     call reserve?   0
     timer assembly matrix:   1.46184 s
     timer analyze+factorize: 2.31511 s
  PARDISO Solve Phase... Done in 28.1181 ms.
  Solver solve [12]  |residual| = 1.69696e-16
  PARDISO Analysis Phase... Done in 130.511 ms.
  PARDISO Factorization Phase... Done in 51.2401 ms.
  Solver setup [13] n = 30600  nnz = 3218112
     analyze?        1
     use learner?    1
     pattern locked? 1
     call learner?   0
     call reserve?   0
     timer assembly matrix:   1.54185 s
     timer analyze+factorize: 2.49695 s
  PARDISO Solve Phase... Done in 28.2997 ms.
  Solver solve [13]  |residual| = 2.99021e-20
  PARDISO Analysis Phase... Done in 130.201 ms.
  PARDISO Factorization Phase... Done in 48.4779 ms.
  Solver setup [14] n = 30600  nnz = 3218112
     analyze?        1
     use learner?    1
     pattern locked? 1
     call learner?   0
     call reserve?   0
     timer assembly matrix:   1.62205 s
     timer analyze+factorize: 2.67571 s
  PARDISO Solve Phase... Done in 27.8697 ms.
  Solver solve [14]  |residual| = 3.98218e-20
  PARDISO Analysis Phase... Done in 130.538 ms.
  PARDISO Factorization Phase... Done in 48.5695 ms.
  Solver setup [15] n = 30600  nnz = 3218112
     analyze?        1
     use learner?    1
     pattern locked? 1
     call learner?   0
     call reserve?   0
     timer assembly matrix:   1.70201 s
     timer analyze+factorize: 2.8549 s
  PARDISO Solve Phase... Done in 28.1905 ms.
  Solver solve [15]  |residual| = 3.58452e-20
  PARDISO Analysis Phase... Done in 130.047 ms.
  PARDISO Factorization Phase... Done in 50.8208 ms.
  Solver setup [16] n = 30600  nnz = 3218112
     analyze?        1
     use learner?    1
     pattern locked? 1
     call learner?   0
     call reserve?   0
     timer assembly matrix:   1.7816 s
     timer analyze+factorize: 3.03585 s
  PARDISO Solve Phase... Done in 28.0015 ms.
  Solver solve [16]  |residual| = 1.53623e-16
  PARDISO Analysis Phase... Done in 130.498 ms.
  PARDISO Factorization Phase... Done in 49.6251 ms.
  Solver setup [17] n = 30600  nnz = 3218112
     analyze?        1
     use learner?    1
     pattern locked? 1
     call learner?   0
     call reserve?   0
     timer assembly matrix:   1.86219 s
     timer analyze+factorize: 3.21605 s
  PARDISO Solve Phase... Done in 28.2613 ms.
  Solver solve [17]  |residual| = 3.20991e-20
  PARDISO Analysis Phase... Done in 130.795 ms.
  PARDISO Factorization Phase... Done in 48.3754 ms.
  Solver setup [18] n = 30600  nnz = 3218112
     analyze?        1
     use learner?    1
     pattern locked? 1
     call learner?   0
     call reserve?   0
     timer assembly matrix:   1.94202 s
     timer analyze+factorize: 3.3953 s
  PARDISO Solve Phase... Done in 27.9994 ms.
  Solver solve [18]  |residual| = 3.03333e-20
  PARDISO Analysis Phase... Done in 130.352 ms.
  PARDISO Factorization Phase... Done in 48.0799 ms.
  Solver setup [19] n = 30600  nnz = 3218112
     analyze?        1
     use learner?    1
     pattern locked? 1
     call learner?   0
     call reserve?   0
     timer assembly matrix:   2.02227 s
     timer analyze+factorize: 3.57382 s
  PARDISO Solve Phase... Done in 27.7491 ms.
  Solver solve [19]  |residual| = 2.60805e-20
  PARDISO Analysis Phase... Done in 130.4 ms.
  PARDISO Factorization Phase... Done in 49.7052 ms.
  Solver setup [20] n = 30600  nnz = 3218112
     analyze?        1
     use learner?    1
     pattern locked? 1
     call learner?   0
     call reserve?   0
     timer assembly matrix:   2.10231 s
     timer analyze+factorize: 3.754 s
  PARDISO Solve Phase... Done in 27.9083 ms.
  Solver solve [20]  |residual| = 1.31442e-16
  PARDISO Analysis Phase... Done in 130.204 ms.
  PARDISO Factorization Phase... Done in 49.9483 ms.
  Solver setup [21] n = 30600  nnz = 3218112
     analyze?        1
     use learner?    1
     pattern locked? 1
     call learner?   0
     call reserve?   0
     timer assembly matrix:   2.18195 s
     timer analyze+factorize: 3.93423 s
  PARDISO Solve Phase... Done in 28.5644 ms.
  Solver solve [21]  |residual| = 2.59949e-20
  PARDISO Analysis Phase... Done in 130.741 ms.
  PARDISO Factorization Phase... Done in 49.2413 ms.
  Solver setup [22] n = 30600  nnz = 3218112
     analyze?        1
     use learner?    1
     pattern locked? 1
     call learner?   0
     call reserve?   0
     timer assembly matrix:   2.26169 s
     timer analyze+factorize: 4.1143 s
  PARDISO Solve Phase... Done in 27.9604 ms.
  Solver solve [22]  |residual| = 3.40238e-20
  PARDISO Analysis Phase... Done in 131.08 ms.
  PARDISO Factorization Phase... Done in 49.583 ms.
  Solver setup [23] n = 30600  nnz = 3218112
     analyze?        1
     use learner?    1
     pattern locked? 1
     call learner?   0
     call reserve?   0
     timer assembly matrix:   2.3411 s
     timer analyze+factorize: 4.29504 s
  PARDISO Solve Phase... Done in 27.8234 ms.
  Solver solve [23]  |residual| = 2.90454e-20
  PARDISO Analysis Phase... Done in 129.9 ms.
  PARDISO Factorization Phase... Done in 51.034 ms.
  Solver setup [24] n = 30600  nnz = 3218112
     analyze?        1
     use learner?    1
     pattern locked? 1
     call learner?   0
     call reserve?   0
     timer assembly matrix:   2.42153 s
     timer analyze+factorize: 4.47605 s
  PARDISO Solve Phase... Done in 28.0116 ms.
  Solver solve [24]  |residual| = 1.32408e-16
  PARDISO Analysis Phase... Done in 130.274 ms.
  PARDISO Factorization Phase... Done in 47.9924 ms.
  Solver setup [25] n = 30600  nnz = 3218112
     analyze?        1
     use learner?    1
     pattern locked? 1
     call learner?   0
     call reserve?   0
     timer assembly matrix:   2.50178 s
     timer analyze+factorize: 4.6544 s
  PARDISO Solve Phase... Done in 28.2335 ms.
  Solver solve [25]  |residual| = 3.44067e-20
  PARDISO Analysis Phase... Done in 129.999 ms.
  PARDISO Factorization Phase... Done in 48.0042 ms.
  Solver setup [26] n = 30600  nnz = 3218112
     analyze?        1
     use learner?    1
     pattern locked? 1
     call learner?   0
     call reserve?   0
     timer assembly matrix:   2.5815 s
     timer analyze+factorize: 4.83248 s
  PARDISO Solve Phase... Done in 27.9245 ms.
  Solver solve [26]  |residual| = 2.91379e-20
  PARDISO Analysis Phase... Done in 130.851 ms.
  PARDISO Factorization Phase... Done in 50.4993 ms.
  Solver setup [27] n = 30600  nnz = 3218112
     analyze?        1
     use learner?    1
     pattern locked? 1
     call learner?   0
     call reserve?   0
     timer assembly matrix:   2.66104 s
     timer analyze+factorize: 5.01392 s
  PARDISO Solve Phase... Done in 27.7745 ms.
  Solver solve [27]  |residual| = 3.16201e-20
  PARDISO Analysis Phase... Done in 130.416 ms.
  PARDISO Factorization Phase... Done in 51.0392 ms.
  Solver setup [28] n = 30600  nnz = 3218112
     analyze?        1
     use learner?    1
     pattern locked? 1
     call learner?   0
     call reserve?   0
     timer assembly matrix:   2.74061 s
     timer analyze+factorize: 5.19545 s
  PARDISO Solve Phase... Done in 27.8442 ms.
  Solver solve [28]  |residual| = 1.18635e-16
  PARDISO Analysis Phase... Done in 130.743 ms.
  PARDISO Factorization Phase... Done in 50.6494 ms.
  Solver setup [29] n = 30600  nnz = 3218112
     analyze?        1
     use learner?    1
     pattern locked? 1
     call learner?   0
     call reserve?   0
     timer assembly matrix:   2.81938 s
     timer analyze+factorize: 5.37692 s
  PARDISO Solve Phase... Done in 27.8419 ms.
  Solver solve [29]  |residual| = 3.31091e-20
  PARDISO Analysis Phase... Done in 130.225 ms.
  PARDISO Factorization Phase... Done in 50.0296 ms.
  Solver setup [30] n = 30600  nnz = 3218112
     analyze?        1
     use learner?    1
     pattern locked? 1
     call learner?   0
     call reserve?   0
     timer assembly matrix:   2.8997 s
     timer analyze+factorize: 5.55725 s
  PARDISO Solve Phase... Done in 28.0086 ms.
  Solver solve [30]  |residual| = 2.93738e-20
  PARDISO Analysis Phase... Done in 130.453 ms.
  PARDISO Factorization Phase... Done in 49.7472 ms.
  Solver setup [31] n = 30600  nnz = 3218112
     analyze?        1
     use learner?    1
     pattern locked? 1
     call learner?   0
     call reserve?   0
     timer assembly matrix:   2.97917 s
     timer analyze+factorize: 5.73754 s
  PARDISO Solve Phase... Done in 27.9589 ms.
  Solver solve [31]  |residual| = 3.52489e-20
  PARDISO Analysis Phase... Done in 131.114 ms.
  PARDISO Factorization Phase... Done in 50.6995 ms.
  Solver setup [32] n = 30600  nnz = 3218112
     analyze?        1
     use learner?    1
     pattern locked? 1
     call learner?   0
     call reserve?   0
     timer assembly matrix:   3.05874 s
     timer analyze+factorize: 5.91944 s
  PARDISO Solve Phase... Done in 27.7934 ms.
  Solver solve [32]  |residual| = 9.6154e-17
  PARDISO Analysis Phase... Done in 130.355 ms.
  PARDISO Factorization Phase... Done in 50.8475 ms.
  Solver setup [33] n = 30600  nnz = 3218112
     analyze?        1
     use learner?    1
     pattern locked? 1
     call learner?   0
     call reserve?   0
     timer assembly matrix:   3.1386 s
     timer analyze+factorize: 6.10072 s
  PARDISO Solve Phase... Done in 27.8182 ms.
  Solver solve [33]  |residual| = 2.74787e-20
  PARDISO Analysis Phase... Done in 130.734 ms.
  PARDISO Factorization Phase... Done in 49.4624 ms.
  Solver setup [34] n = 30600  nnz = 3218112
     analyze?        1
     use learner?    1
     pattern locked? 1
     call learner?   0
     call reserve?   0
     timer assembly matrix:   3.21886 s
     timer analyze+factorize: 6.28099 s
  PARDISO Solve Phase... Done in 27.8773 ms.
  Solver solve [34]  |residual| = 3.248e-20
  PARDISO Analysis Phase... Done in 130.664 ms.
  PARDISO Factorization Phase... Done in 50.8445 ms.
  Solver setup [35] n = 30600  nnz = 3218112
     analyze?        1
     use learner?    1
     pattern locked? 1
     call learner?   0
     call reserve?   0
     timer assembly matrix:   3.29845 s
     timer analyze+factorize: 6.46258 s
  PARDISO Solve Phase... Done in 28.1954 ms.
  Solver solve [35]  |residual| = 2.84308e-20
  PARDISO Analysis Phase... Done in 130.793 ms.
  PARDISO Factorization Phase... Done in 48.0026 ms.
  Solver setup [36] n = 30600  nnz = 3218112
     analyze?        1
     use learner?    1
     pattern locked? 1
     call learner?   0
     call reserve?   0
     timer assembly matrix:   3.37867 s
     timer analyze+factorize: 6.64146 s
  PARDISO Solve Phase... Done in 28.0929 ms.
  Solver solve [36]  |residual| = 9.40756e-17
  PARDISO Analysis Phase... Done in 130.481 ms.
  PARDISO Factorization Phase... Done in 50.6151 ms.
  Solver setup [37] n = 30600  nnz = 3218112
     analyze?        1
     use learner?    1
     pattern locked? 1
     call learner?   0
     call reserve?   0
     timer assembly matrix:   3.45895 s
     timer analyze+factorize: 6.82264 s
  PARDISO Solve Phase... Done in 27.8432 ms.
  Solver solve [37]  |residual| = 2.71837e-20
  PARDISO Analysis Phase... Done in 130.828 ms.
  PARDISO Factorization Phase... Done in 48.2746 ms.
  Solver setup [38] n = 30600  nnz = 3218112
     analyze?        1
     use learner?    1
     pattern locked? 1
     call learner?   0
     call reserve?   0
     timer assembly matrix:   3.53922 s
     timer analyze+factorize: 7.00182 s
  PARDISO Solve Phase... Done in 28.4246 ms.
  Solver solve [38]  |residual| = 3.42029e-20
  PARDISO Analysis Phase... Done in 130.238 ms.
  PARDISO Factorization Phase... Done in 51.3681 ms.
  Solver setup [39] n = 30600  nnz = 3218112
     analyze?        1
     use learner?    1
     pattern locked? 1
     call learner?   0
     call reserve?   0
     timer assembly matrix:   3.61936 s
     timer analyze+factorize: 7.18351 s
  PARDISO Solve Phase... Done in 28.0343 ms.
  Solver solve [39]  |residual| = 3.07236e-20
Wall time (loop)     : 16.065182 s
Simulation time      : 0.005000 s
RTF (wall/sim)       : 3213.036429

Final avg tip pos    : (4.000000, 1.000000, -0.000046) m
peakRSS=3135372kB total=25.74s
