OpenMP enabled (max_threads=16)
Thread settings: nthreads=16 (chrono/collision/eigen)
ANCF 3443 cantilever shell demo
  integration  : PreInt
  solver       : PARDISO_MKL
  res          : 8 (100x100 elements)
  elements     : 10000
  nodes        : 10201
  tip_nodes    : 101
  x_size,y_size: 4, 2 m
  dx, dy       : 0.04, 0.02 m
  thickness    : 0.1 m
  tip_force_z  : -500 N (total, distributed over 101 nodes)
  schedule     : Fz=const for steps 0..4, then Fz=0 for steps 5..9
  dt           : 0.0005 s
  steps        : 10 (t_end=0.005 s)

  PARDISO Analysis Phase... Done in 412.792 ms.
  PARDISO Factorization Phase... Done in 355.041 ms.
  Solver setup [0] n = 121200  nnz = 12916512
     analyze?        1
     use learner?    1
     pattern locked? 1
     call learner?   1
     call reserve?   0
     timer assembly matrix:   1.82058 s
     timer analyze+factorize: 0.767934 s
  PARDISO Solve Phase... Done in 174.019 ms.
  Solver solve [0]  |residual| = 3.24492e-16
  PARDISO Analysis Phase... Done in 432.642 ms.
  PARDISO Factorization Phase... Done in 351.976 ms.
  Solver setup [1] n = 121200  nnz = 12916512
     analyze?        1
     use learner?    1
     pattern locked? 1
     call learner?   0
     call reserve?   0
     timer assembly matrix:   2.06791 s
     timer analyze+factorize: 1.55263 s
  PARDISO Solve Phase... Done in 173.46 ms.
  Solver solve [1]  |residual| = 8.04531e-19
  PARDISO Analysis Phase... Done in 384.562 ms.
  PARDISO Factorization Phase... Done in 346.297 ms.
  Solver setup [2] n = 121200  nnz = 12916512
     analyze?        1
     use learner?    1
     pattern locked? 1
     call learner?   0
     call reserve?   0
     timer assembly matrix:   2.3146 s
     timer analyze+factorize: 2.28356 s
  PARDISO Solve Phase... Done in 138.918 ms.
  Solver solve [2]  |residual| = 4.19342e-19
  PARDISO Analysis Phase... Done in 435.386 ms.
  PARDISO Factorization Phase... Done in 350.001 ms.
  Solver setup [3] n = 121200  nnz = 12916512
     analyze?        1
     use learner?    1
     pattern locked? 1
     call learner?   0
     call reserve?   0
     timer assembly matrix:   2.50999 s
     timer analyze+factorize: 3.06902 s
  PARDISO Solve Phase... Done in 172.771 ms.
  Solver solve [3]  |residual| = 6.14754e-19
  PARDISO Analysis Phase... Done in 381.221 ms.
  PARDISO Factorization Phase... Done in 350.192 ms.
  Solver setup [4] n = 121200  nnz = 12916512
     analyze?        1
     use learner?    1
     pattern locked? 1
     call learner?   0
     call reserve?   0
     timer assembly matrix:   2.755 s
     timer analyze+factorize: 3.8005 s
  PARDISO Solve Phase... Done in 137.916 ms.
  Solver solve [4]  |residual| = 3.49022e-16
  PARDISO Analysis Phase... Done in 387.614 ms.
  PARDISO Factorization Phase... Done in 352.486 ms.
  Solver setup [5] n = 121200  nnz = 12916512
     analyze?        1
     use learner?    1
     pattern locked? 1
     call learner?   0
     call reserve?   0
     timer assembly matrix:   2.94775 s
     timer analyze+factorize: 4.54066 s
  PARDISO Solve Phase... Done in 139.18 ms.
  Solver solve [5]  |residual| = 6.7334e-19
  PARDISO Analysis Phase... Done in 388.433 ms.
  PARDISO Factorization Phase... Done in 348.281 ms.
  Solver setup [6] n = 121200  nnz = 12916512
     analyze?        1
     use learner?    1
     pattern locked? 1
     call learner?   0
     call reserve?   0
     timer assembly matrix:   3.1396 s
     timer analyze+factorize: 5.27744 s
  PARDISO Solve Phase... Done in 137.849 ms.
  Solver solve [6]  |residual| = 4.78922e-19
  PARDISO Analysis Phase... Done in 388.846 ms.
  PARDISO Factorization Phase... Done in 348.912 ms.
  Solver setup [7] n = 121200  nnz = 12916512
     analyze?        1
     use learner?    1
     pattern locked? 1
     call learner?   0
     call reserve?   0
     timer assembly matrix:   3.33204 s
     timer analyze+factorize: 6.01527 s
  PARDISO Solve Phase... Done in 137.44 ms.
  Solver solve [7]  |residual| = 3.70082e-19
  PARDISO Analysis Phase... Done in 413.102 ms.
  PARDISO Factorization Phase... Done in 346.958 ms.
  Solver setup [8] n = 121200  nnz = 12916512
     analyze?        1
     use learner?    1
     pattern locked? 1
     call learner?   0
     call reserve?   0
     timer assembly matrix:   3.52464 s
     timer analyze+factorize: 6.7754 s
  PARDISO Solve Phase... Done in 137.603 ms.
  Solver solve [8]  |residual| = 3.74289e-16
  PARDISO Analysis Phase... Done in 385.657 ms.
  PARDISO Factorization Phase... Done in 351.343 ms.
  Solver setup [9] n = 121200  nnz = 12916512
     analyze?        1
     use learner?    1
     pattern locked? 1
     call learner?   0
     call reserve?   0
     timer assembly matrix:   3.7193 s
     timer analyze+factorize: 7.51246 s
  PARDISO Solve Phase... Done in 137.707 ms.
  Solver solve [9]  |residual| = 4.25043e-19
  PARDISO Analysis Phase... Done in 387.5 ms.
  PARDISO Factorization Phase... Done in 352.424 ms.
  Solver setup [10] n = 121200  nnz = 12916512
     analyze?        1
     use learner?    1
     pattern locked? 1
     call learner?   0
     call reserve?   0
     timer assembly matrix:   3.91426 s
     timer analyze+factorize: 8.25245 s
  PARDISO Solve Phase... Done in 137.859 ms.
  Solver solve [10]  |residual| = 4.10559e-19
  PARDISO Analysis Phase... Done in 383.774 ms.
  PARDISO Factorization Phase... Done in 349.689 ms.
  Solver setup [11] n = 121200  nnz = 12916512
     analyze?        1
     use learner?    1
     pattern locked? 1
     call learner?   0
     call reserve?   0
     timer assembly matrix:   4.10646 s
     timer analyze+factorize: 8.98597 s
  PARDISO Solve Phase... Done in 138.602 ms.
  Solver solve [11]  |residual| = 3.81665e-19
  PARDISO Analysis Phase... Done in 390.184 ms.
  PARDISO Factorization Phase... Done in 352.248 ms.
  Solver setup [12] n = 121200  nnz = 12916512
     analyze?        1
     use learner?    1
     pattern locked? 1
     call learner?   0
     call reserve?   0
     timer assembly matrix:   4.2993 s
     timer analyze+factorize: 9.72846 s
  PARDISO Solve Phase... Done in 139.295 ms.
  Solver solve [12]  |residual| = 3.52918e-16
  PARDISO Analysis Phase... Done in 387.601 ms.
  PARDISO Factorization Phase... Done in 357.252 ms.
  Solver setup [13] n = 121200  nnz = 12916512
     analyze?        1
     use learner?    1
     pattern locked? 1
     call learner?   0
     call reserve?   0
     timer assembly matrix:   4.4916 s
     timer analyze+factorize: 10.4734 s
  PARDISO Solve Phase... Done in 138.258 ms.
  Solver solve [13]  |residual| = 3.52519e-19
  PARDISO Analysis Phase... Done in 390.791 ms.
  PARDISO Factorization Phase... Done in 347.941 ms.
  Solver setup [14] n = 121200  nnz = 12916512
     analyze?        1
     use learner?    1
     pattern locked? 1
     call learner?   0
     call reserve?   0
     timer assembly matrix:   4.68569 s
     timer analyze+factorize: 11.2122 s
  PARDISO Solve Phase... Done in 138.812 ms.
  Solver solve [14]  |residual| = 4.57006e-19
  PARDISO Analysis Phase... Done in 389.23 ms.
  PARDISO Factorization Phase... Done in 354.467 ms.
  Solver setup [15] n = 121200  nnz = 12916512
     analyze?        1
     use learner?    1
     pattern locked? 1
     call learner?   0
     call reserve?   0
     timer assembly matrix:   4.88037 s
     timer analyze+factorize: 11.9559 s
  PARDISO Solve Phase... Done in 138.573 ms.
  Solver solve [15]  |residual| = 3.9062e-19
  PARDISO Analysis Phase... Done in 388.164 ms.
  PARDISO Factorization Phase... Done in 348.351 ms.
  Solver setup [16] n = 121200  nnz = 12916512
     analyze?        1
     use learner?    1
     pattern locked? 1
     call learner?   0
     call reserve?   0
     timer assembly matrix:   5.0748 s
     timer analyze+factorize: 12.6925 s
  PARDISO Solve Phase... Done in 138.361 ms.
  Solver solve [16]  |residual| = 3.18577e-16
  PARDISO Analysis Phase... Done in 387.789 ms.
  PARDISO Factorization Phase... Done in 346.407 ms.
  Solver setup [17] n = 121200  nnz = 12916512
     analyze?        1
     use learner?    1
     pattern locked? 1
     call learner?   0
     call reserve?   0
     timer assembly matrix:   5.26743 s
     timer analyze+factorize: 13.4268 s
  PARDISO Solve Phase... Done in 137.184 ms.
  Solver solve [17]  |residual| = 4.36251e-19
  PARDISO Analysis Phase... Done in 389.518 ms.
  PARDISO Factorization Phase... Done in 345.857 ms.
  Solver setup [18] n = 121200  nnz = 12916512
     analyze?        1
     use learner?    1
     pattern locked? 1
     call learner?   0
     call reserve?   0
     timer assembly matrix:   5.45988 s
     timer analyze+factorize: 14.1622 s
  PARDISO Solve Phase... Done in 173.417 ms.
  Solver solve [18]  |residual| = 4.17424e-19
  PARDISO Analysis Phase... Done in 387.997 ms.
  PARDISO Factorization Phase... Done in 351.602 ms.
  Solver setup [19] n = 121200  nnz = 12916512
     analyze?        1
     use learner?    1
     pattern locked? 1
     call learner?   0
     call reserve?   0
     timer assembly matrix:   5.72094 s
     timer analyze+factorize: 14.9019 s
  PARDISO Solve Phase... Done in 137.411 ms.
  Solver solve [19]  |residual| = 5.20864e-19
  PARDISO Analysis Phase... Done in 381.349 ms.
  PARDISO Factorization Phase... Done in 353.821 ms.
  Solver setup [20] n = 121200  nnz = 12916512
     analyze?        1
     use learner?    1
     pattern locked? 1
     call learner?   0
     call reserve?   0
     timer assembly matrix:   5.91315 s
     timer analyze+factorize: 15.6371 s
  PARDISO Solve Phase... Done in 137.671 ms.
  Solver solve [20]  |residual| = 2.82021e-16
  PARDISO Analysis Phase... Done in 386.259 ms.
  PARDISO Factorization Phase... Done in 356.582 ms.
  Solver setup [21] n = 121200  nnz = 12916512
     analyze?        1
     use learner?    1
     pattern locked? 1
     call learner?   0
     call reserve?   0
     timer assembly matrix:   6.1033 s
     timer analyze+factorize: 16.38 s
  PARDISO Solve Phase... Done in 137.632 ms.
  Solver solve [21]  |residual| = 5.19509e-19
  PARDISO Analysis Phase... Done in 381.443 ms.
  PARDISO Factorization Phase... Done in 348.014 ms.
  Solver setup [22] n = 121200  nnz = 12916512
     analyze?        1
     use learner?    1
     pattern locked? 1
     call learner?   0
     call reserve?   0
     timer assembly matrix:   6.29563 s
     timer analyze+factorize: 17.1096 s
  PARDISO Solve Phase... Done in 138.408 ms.
  Solver solve [22]  |residual| = 5.58937e-19
  PARDISO Analysis Phase... Done in 393.553 ms.
  PARDISO Factorization Phase... Done in 347.642 ms.
  Solver setup [23] n = 121200  nnz = 12916512
     analyze?        1
     use learner?    1
     pattern locked? 1
     call learner?   0
     call reserve?   0
     timer assembly matrix:   6.48963 s
     timer analyze+factorize: 17.8508 s
  PARDISO Solve Phase... Done in 138.696 ms.
  Solver solve [23]  |residual| = 4.59768e-19
  PARDISO Analysis Phase... Done in 392.385 ms.
  PARDISO Factorization Phase... Done in 351.537 ms.
  Solver setup [24] n = 121200  nnz = 12916512
     analyze?        1
     use learner?    1
     pattern locked? 1
     call learner?   0
     call reserve?   0
     timer assembly matrix:   6.68179 s
     timer analyze+factorize: 18.5948 s
  PARDISO Solve Phase... Done in 137.319 ms.
  Solver solve [24]  |residual| = 2.57247e-16
  PARDISO Analysis Phase... Done in 385.418 ms.
  PARDISO Factorization Phase... Done in 353.508 ms.
  Solver setup [25] n = 121200  nnz = 12916512
     analyze?        1
     use learner?    1
     pattern locked? 1
     call learner?   0
     call reserve?   0
     timer assembly matrix:   6.87434 s
     timer analyze+factorize: 19.3338 s
  PARDISO Solve Phase... Done in 134.841 ms.
  Solver solve [25]  |residual| = 4.17745e-19
  PARDISO Analysis Phase... Done in 385.226 ms.
  PARDISO Factorization Phase... Done in 347.122 ms.
  Solver setup [26] n = 121200  nnz = 12916512
     analyze?        1
     use learner?    1
     pattern locked? 1
     call learner?   0
     call reserve?   0
     timer assembly matrix:   7.06875 s
     timer analyze+factorize: 20.0662 s
  PARDISO Solve Phase... Done in 139.595 ms.
  Solver solve [26]  |residual| = 5.36135e-19
  PARDISO Analysis Phase... Done in 384.891 ms.
  PARDISO Factorization Phase... Done in 354.847 ms.
  Solver setup [27] n = 121200  nnz = 12916512
     analyze?        1
     use learner?    1
     pattern locked? 1
     call learner?   0
     call reserve?   0
     timer assembly matrix:   7.26131 s
     timer analyze+factorize: 20.806 s
  PARDISO Solve Phase... Done in 138.502 ms.
  Solver solve [27]  |residual| = 5.47242e-19
  PARDISO Analysis Phase... Done in 441.124 ms.
  PARDISO Factorization Phase... Done in 360.815 ms.
  Solver setup [28] n = 121200  nnz = 12916512
     analyze?        1
     use learner?    1
     pattern locked? 1
     call learner?   0
     call reserve?   0
     timer assembly matrix:   7.45389 s
     timer analyze+factorize: 21.608 s
  PARDISO Solve Phase... Done in 172.813 ms.
  Solver solve [28]  |residual| = 2.25811e-16
  PARDISO Analysis Phase... Done in 410.177 ms.
  PARDISO Factorization Phase... Done in 356.554 ms.
  Solver setup [29] n = 121200  nnz = 12916512
     analyze?        1
     use learner?    1
     pattern locked? 1
     call learner?   0
     call reserve?   0
     timer assembly matrix:   7.71274 s
     timer analyze+factorize: 22.3748 s
  PARDISO Solve Phase... Done in 172.006 ms.
  Solver solve [29]  |residual| = 5.31469e-19
  PARDISO Analysis Phase... Done in 417.147 ms.
  PARDISO Factorization Phase... Done in 354.72 ms.
  Solver setup [30] n = 121200  nnz = 12916512
     analyze?        1
     use learner?    1
     pattern locked? 1
     call learner?   0
     call reserve?   0
     timer assembly matrix:   7.97546 s
     timer analyze+factorize: 23.1468 s
  PARDISO Solve Phase... Done in 172.164 ms.
  Solver solve [30]  |residual| = 4.94376e-19
  PARDISO Analysis Phase... Done in 383.187 ms.
  PARDISO Factorization Phase... Done in 348.262 ms.
  Solver setup [31] n = 121200  nnz = 12916512
     analyze?        1
     use learner?    1
     pattern locked? 1
     call learner?   0
     call reserve?   0
     timer assembly matrix:   8.23108 s
     timer analyze+factorize: 23.8783 s
  PARDISO Solve Phase... Done in 137.908 ms.
  Solver solve [31]  |residual| = 4.78748e-19
  PARDISO Analysis Phase... Done in 386.905 ms.
  PARDISO Factorization Phase... Done in 350.698 ms.
  Solver setup [32] n = 121200  nnz = 12916512
     analyze?        1
     use learner?    1
     pattern locked? 1
     call learner?   0
     call reserve?   0
     timer assembly matrix:   8.42608 s
     timer analyze+factorize: 24.616 s
  PARDISO Solve Phase... Done in 137.598 ms.
  Solver solve [32]  |residual| = 2.03669e-16
  PARDISO Analysis Phase... Done in 391.599 ms.
  PARDISO Factorization Phase... Done in 350.085 ms.
  Solver setup [33] n = 121200  nnz = 12916512
     analyze?        1
     use learner?    1
     pattern locked? 1
     call learner?   0
     call reserve?   0
     timer assembly matrix:   8.61604 s
     timer analyze+factorize: 25.3577 s
  PARDISO Solve Phase... Done in 137.416 ms.
  Solver solve [33]  |residual| = 4.62986e-19
  PARDISO Analysis Phase... Done in 389.025 ms.
  PARDISO Factorization Phase... Done in 357.287 ms.
  Solver setup [34] n = 121200  nnz = 12916512
     analyze?        1
     use learner?    1
     pattern locked? 1
     call learner?   0
     call reserve?   0
     timer assembly matrix:   8.80878 s
     timer analyze+factorize: 26.1042 s
  PARDISO Solve Phase... Done in 138.41 ms.
  Solver solve [34]  |residual| = 5.39059e-19
  PARDISO Analysis Phase... Done in 388.975 ms.
  PARDISO Factorization Phase... Done in 353.545 ms.
  Solver setup [35] n = 121200  nnz = 12916512
     analyze?        1
     use learner?    1
     pattern locked? 1
     call learner?   0
     call reserve?   0
     timer assembly matrix:   9.00425 s
     timer analyze+factorize: 26.8467 s
  PARDISO Solve Phase... Done in 138.534 ms.
  Solver solve [35]  |residual| = 4.42796e-19
  PARDISO Analysis Phase... Done in 390.488 ms.
  PARDISO Factorization Phase... Done in 357.436 ms.
  Solver setup [36] n = 121200  nnz = 12916512
     analyze?        1
     use learner?    1
     pattern locked? 1
     call learner?   0
     call reserve?   0
     timer assembly matrix:   9.19486 s
     timer analyze+factorize: 27.5947 s
  PARDISO Solve Phase... Done in 140.093 ms.
  Solver solve [36]  |residual| = 1.8107e-16
  PARDISO Analysis Phase... Done in 383.827 ms.
  PARDISO Factorization Phase... Done in 351.573 ms.
  Solver setup [37] n = 121200  nnz = 12916512
     analyze?        1
     use learner?    1
     pattern locked? 1
     call learner?   0
     call reserve?   0
     timer assembly matrix:   9.38794 s
     timer analyze+factorize: 28.3302 s
  PARDISO Solve Phase... Done in 137.918 ms.
  Solver solve [37]  |residual| = 4.22262e-19
  PARDISO Analysis Phase... Done in 388.264 ms.
  PARDISO Factorization Phase... Done in 342.093 ms.
  Solver setup [38] n = 121200  nnz = 12916512
     analyze?        1
     use learner?    1
     pattern locked? 1
     call learner?   0
     call reserve?   0
     timer assembly matrix:   9.58117 s
     timer analyze+factorize: 29.0606 s
  PARDISO Solve Phase... Done in 137.709 ms.
  Solver solve [38]  |residual| = 5.40669e-19
  PARDISO Analysis Phase... Done in 391.51 ms.
  PARDISO Factorization Phase... Done in 352.157 ms.
  Solver setup [39] n = 121200  nnz = 12916512
     analyze?        1
     use learner?    1
     pattern locked? 1
     call learner?   0
     call reserve?   0
     timer assembly matrix:   9.77648 s
     timer analyze+factorize: 29.8043 s
  PARDISO Solve Phase... Done in 137.581 ms.
  Solver solve [39]  |residual| = 5.6338e-19
Wall time (loop)     : 61.526276 s
Simulation time      : 0.005000 s
RTF (wall/sim)       : 12305.255135

Final avg tip pos    : (3.999999, 1.000000, -0.000046) m
peakRSS=12453600kB total=99.77s
