OpenMP enabled (max_threads=16)
Thread settings: nthreads=16 (chrono/collision/eigen)
ANCF 3443 cantilever shell demo
  integration  : PreInt
  solver       : PARDISO_MKL
  res          : 8 (100x100 elements)
  elements     : 10000
  nodes        : 10201
  tip_nodes    : 101
  x_size,y_size: 4, 2 m
  dx, dy       : 0.04, 0.02 m
  thickness    : 0.1 m
  tip_force_z  : -500 N (total, distributed over 101 nodes)
  schedule     : Fz=const for steps 0..4, then Fz=0 for steps 5..9
  dt           : 0.0005 s
  steps        : 10 (t_end=0.005 s)

  PARDISO Analysis Phase... Done in 443.179 ms.
  PARDISO Factorization Phase... Done in 379.684 ms.
  Solver setup [0] n = 121200  nnz = 12916512
     analyze?        1
     use learner?    1
     pattern locked? 1
     call learner?   1
     call reserve?   0
     timer assembly matrix:   1.82519 s
     timer analyze+factorize: 0.822971 s
  PARDISO Solve Phase... Done in 171.911 ms.
  Solver solve [0]  |residual| = 3.06283e-16
  PARDISO Analysis Phase... Done in 396.381 ms.
  PARDISO Factorization Phase... Done in 347.806 ms.
  Solver setup [1] n = 121200  nnz = 12916512
     analyze?        1
     use learner?    1
     pattern locked? 1
     call learner?   0
     call reserve?   0
     timer assembly matrix:   2.07624 s
     timer analyze+factorize: 1.56722 s
  PARDISO Solve Phase... Done in 143.429 ms.
  Solver solve [1]  |residual| = 7.79999e-19
  PARDISO Analysis Phase... Done in 393.646 ms.
  PARDISO Factorization Phase... Done in 347.907 ms.
  Solver setup [2] n = 121200  nnz = 12916512
     analyze?        1
     use learner?    1
     pattern locked? 1
     call learner?   0
     call reserve?   0
     timer assembly matrix:   2.27166 s
     timer analyze+factorize: 2.30884 s
  PARDISO Solve Phase... Done in 198.381 ms.
  Solver solve [2]  |residual| = 4.07415e-19
  PARDISO Analysis Phase... Done in 402.925 ms.
  PARDISO Factorization Phase... Done in 353.521 ms.
  Solver setup [3] n = 121200  nnz = 12916512
     analyze?        1
     use learner?    1
     pattern locked? 1
     call learner?   0
     call reserve?   0
     timer assembly matrix:   2.51836 s
     timer analyze+factorize: 3.06536 s
  PARDISO Solve Phase... Done in 139.102 ms.
  Solver solve [3]  |residual| = 5.81472e-19
  PARDISO Analysis Phase... Done in 385.644 ms.
  PARDISO Factorization Phase... Done in 351.679 ms.
  Solver setup [4] n = 121200  nnz = 12916512
     analyze?        1
     use learner?    1
     pattern locked? 1
     call learner?   0
     call reserve?   0
     timer assembly matrix:   2.71132 s
     timer analyze+factorize: 3.80275 s
  PARDISO Solve Phase... Done in 140.207 ms.
  Solver solve [4]  |residual| = 3.34868e-16
  PARDISO Analysis Phase... Done in 388.522 ms.
  PARDISO Factorization Phase... Done in 343.807 ms.
  Solver setup [5] n = 121200  nnz = 12916512
     analyze?        1
     use learner?    1
     pattern locked? 1
     call learner?   0
     call reserve?   0
     timer assembly matrix:   2.90414 s
     timer analyze+factorize: 4.53514 s
  PARDISO Solve Phase... Done in 139.718 ms.
  Solver solve [5]  |residual| = 4.52421e-19
  PARDISO Analysis Phase... Done in 389.692 ms.
  PARDISO Factorization Phase... Done in 352.911 ms.
  Solver setup [6] n = 121200  nnz = 12916512
     analyze?        1
     use learner?    1
     pattern locked? 1
     call learner?   0
     call reserve?   0
     timer assembly matrix:   3.09644 s
     timer analyze+factorize: 5.27782 s
  PARDISO Solve Phase... Done in 138.574 ms.
  Solver solve [6]  |residual| = 4.09457e-19
  PARDISO Analysis Phase... Done in 386.937 ms.
  PARDISO Factorization Phase... Done in 345.416 ms.
  Solver setup [7] n = 121200  nnz = 12916512
     analyze?        1
     use learner?    1
     pattern locked? 1
     call learner?   0
     call reserve?   0
     timer assembly matrix:   3.28901 s
     timer analyze+factorize: 6.01024 s
  PARDISO Solve Phase... Done in 141.93 ms.
  Solver solve [7]  |residual| = 4.05225e-19
  PARDISO Analysis Phase... Done in 446.016 ms.
  PARDISO Factorization Phase... Done in 350.213 ms.
  Solver setup [8] n = 121200  nnz = 12916512
     analyze?        1
     use learner?    1
     pattern locked? 1
     call learner?   0
     call reserve?   0
     timer assembly matrix:   3.48146 s
     timer analyze+factorize: 6.80656 s
  PARDISO Solve Phase... Done in 171.677 ms.
  Solver solve [8]  |residual| = 3.64315e-16
  PARDISO Analysis Phase... Done in 412.337 ms.
  PARDISO Factorization Phase... Done in 359.433 ms.
  Solver setup [9] n = 121200  nnz = 12916512
     analyze?        1
     use learner?    1
     pattern locked? 1
     call learner?   0
     call reserve?   0
     timer assembly matrix:   3.73142 s
     timer analyze+factorize: 7.57841 s
  PARDISO Solve Phase... Done in 175.706 ms.
  Solver solve [9]  |residual| = 4.17861e-19
  PARDISO Analysis Phase... Done in 386.724 ms.
  PARDISO Factorization Phase... Done in 350.027 ms.
  Solver setup [10] n = 121200  nnz = 12916512
     analyze?        1
     use learner?    1
     pattern locked? 1
     call learner?   0
     call reserve?   0
     timer assembly matrix:   3.97793 s
     timer analyze+factorize: 8.31523 s
  PARDISO Solve Phase... Done in 139.541 ms.
  Solver solve [10]  |residual| = 4.52177e-19
  PARDISO Analysis Phase... Done in 414.489 ms.
  PARDISO Factorization Phase... Done in 358.008 ms.
  Solver setup [11] n = 121200  nnz = 12916512
     analyze?        1
     use learner?    1
     pattern locked? 1
     call learner?   0
     call reserve?   0
     timer assembly matrix:   4.16729 s
     timer analyze+factorize: 9.08781 s
  PARDISO Solve Phase... Done in 173.159 ms.
  Solver solve [11]  |residual| = 5.06742e-19
  PARDISO Analysis Phase... Done in 405.568 ms.
  PARDISO Factorization Phase... Done in 352.737 ms.
  Solver setup [12] n = 121200  nnz = 12916512
     analyze?        1
     use learner?    1
     pattern locked? 1
     call learner?   0
     call reserve?   0
     timer assembly matrix:   4.41965 s
     timer analyze+factorize: 9.84619 s
  PARDISO Solve Phase... Done in 175.733 ms.
  Solver solve [12]  |residual| = 3.48924e-16
  PARDISO Analysis Phase... Done in 401.099 ms.
  PARDISO Factorization Phase... Done in 352.365 ms.
  Solver setup [13] n = 121200  nnz = 12916512
     analyze?        1
     use learner?    1
     pattern locked? 1
     call learner?   0
     call reserve?   0
     timer assembly matrix:   4.67993 s
     timer analyze+factorize: 10.5997 s
  PARDISO Solve Phase... Done in 173.969 ms.
  Solver solve [13]  |residual| = 6.10574e-19
  PARDISO Analysis Phase... Done in 427.266 ms.
  PARDISO Factorization Phase... Done in 345.68 ms.
  Solver setup [14] n = 121200  nnz = 12916512
     analyze?        1
     use learner?    1
     pattern locked? 1
     call learner?   0
     call reserve?   0
     timer assembly matrix:   4.94009 s
     timer analyze+factorize: 11.3728 s
  PARDISO Solve Phase... Done in 172.629 ms.
  Solver solve [14]  |residual| = 5.72328e-19
  PARDISO Analysis Phase... Done in 426.88 ms.
  PARDISO Factorization Phase... Done in 351.646 ms.
  Solver setup [15] n = 121200  nnz = 12916512
     analyze?        1
     use learner?    1
     pattern locked? 1
     call learner?   0
     call reserve?   0
     timer assembly matrix:   5.20179 s
     timer analyze+factorize: 12.1514 s
  PARDISO Solve Phase... Done in 174.082 ms.
  Solver solve [15]  |residual| = 3.84606e-19
  PARDISO Analysis Phase... Done in 455.115 ms.
  PARDISO Factorization Phase... Done in 352.807 ms.
  Solver setup [16] n = 121200  nnz = 12916512
     analyze?        1
     use learner?    1
     pattern locked? 1
     call learner?   0
     call reserve?   0
     timer assembly matrix:   5.45322 s
     timer analyze+factorize: 12.9594 s
  PARDISO Solve Phase... Done in 172.839 ms.
  Solver solve [16]  |residual| = 3.34331e-16
  PARDISO Analysis Phase... Done in 409.31 ms.
  PARDISO Factorization Phase... Done in 349.867 ms.
  Solver setup [17] n = 121200  nnz = 12916512
     analyze?        1
     use learner?    1
     pattern locked? 1
     call learner?   0
     call reserve?   0
     timer assembly matrix:   5.69834 s
     timer analyze+factorize: 13.7186 s
  PARDISO Solve Phase... Done in 174.116 ms.
  Solver solve [17]  |residual| = 5.38758e-19
  PARDISO Analysis Phase... Done in 390.205 ms.
  PARDISO Factorization Phase... Done in 343.005 ms.
  Solver setup [18] n = 121200  nnz = 12916512
     analyze?        1
     use learner?    1
     pattern locked? 1
     call learner?   0
     call reserve?   0
     timer assembly matrix:   5.95182 s
     timer analyze+factorize: 14.4519 s
  PARDISO Solve Phase... Done in 139.172 ms.
  Solver solve [18]  |residual| = 5.7336e-19
  PARDISO Analysis Phase... Done in 456.836 ms.
  PARDISO Factorization Phase... Done in 345.497 ms.
  Solver setup [19] n = 121200  nnz = 12916512
     analyze?        1
     use learner?    1
     pattern locked? 1
     call learner?   0
     call reserve?   0
     timer assembly matrix:   6.14461 s
     timer analyze+factorize: 15.2543 s
  PARDISO Solve Phase... Done in 172.426 ms.
  Solver solve [19]  |residual| = 4.74061e-19
  PARDISO Analysis Phase... Done in 443.668 ms.
  PARDISO Factorization Phase... Done in 361.187 ms.
  Solver setup [20] n = 121200  nnz = 12916512
     analyze?        1
     use learner?    1
     pattern locked? 1
     call learner?   0
     call reserve?   0
     timer assembly matrix:   6.40076 s
     timer analyze+factorize: 16.0593 s
  PARDISO Solve Phase... Done in 171.576 ms.
  Solver solve [20]  |residual| = 2.82169e-16
  PARDISO Analysis Phase... Done in 456.172 ms.
  PARDISO Factorization Phase... Done in 346.918 ms.
  Solver setup [21] n = 121200  nnz = 12916512
     analyze?        1
     use learner?    1
     pattern locked? 1
     call learner?   0
     call reserve?   0
     timer assembly matrix:   6.66364 s
     timer analyze+factorize: 16.8624 s
  PARDISO Solve Phase... Done in 172.577 ms.
  Solver solve [21]  |residual| = 5.88026e-19
  PARDISO Analysis Phase... Done in 436.862 ms.
  PARDISO Factorization Phase... Done in 347.483 ms.
  Solver setup [22] n = 121200  nnz = 12916512
     analyze?        1
     use learner?    1
     pattern locked? 1
     call learner?   0
     call reserve?   0
     timer assembly matrix:   6.91843 s
     timer analyze+factorize: 17.6469 s
  PARDISO Solve Phase... Done in 172.199 ms.
  Solver solve [22]  |residual| = 4.92973e-19
  PARDISO Analysis Phase... Done in 452.816 ms.
  PARDISO Factorization Phase... Done in 345.103 ms.
  Solver setup [23] n = 121200  nnz = 12916512
     analyze?        1
     use learner?    1
     pattern locked? 1
     call learner?   0
     call reserve?   0
     timer assembly matrix:   7.17068 s
     timer analyze+factorize: 18.4449 s
  PARDISO Solve Phase... Done in 172.516 ms.
  Solver solve [23]  |residual| = 3.72832e-19
  PARDISO Analysis Phase... Done in 447.407 ms.
  PARDISO Factorization Phase... Done in 357.499 ms.
  Solver setup [24] n = 121200  nnz = 12916512
     analyze?        1
     use learner?    1
     pattern locked? 1
     call learner?   0
     call reserve?   0
     timer assembly matrix:   7.4178 s
     timer analyze+factorize: 19.2498 s
  PARDISO Solve Phase... Done in 172.37 ms.
  Solver solve [24]  |residual| = 2.52453e-16
  PARDISO Analysis Phase... Done in 446.988 ms.
  PARDISO Factorization Phase... Done in 345.085 ms.
  Solver setup [25] n = 121200  nnz = 12916512
     analyze?        1
     use learner?    1
     pattern locked? 1
     call learner?   0
     call reserve?   0
     timer assembly matrix:   7.67897 s
     timer analyze+factorize: 20.042 s
  PARDISO Solve Phase... Done in 174.773 ms.
  Solver solve [25]  |residual| = 5.77987e-19
  PARDISO Analysis Phase... Done in 407.868 ms.
  PARDISO Factorization Phase... Done in 348.701 ms.
  Solver setup [26] n = 121200  nnz = 12916512
     analyze?        1
     use learner?    1
     pattern locked? 1
     call learner?   0
     call reserve?   0
     timer assembly matrix:   7.93449 s
     timer analyze+factorize: 20.7986 s
  PARDISO Solve Phase... Done in 175.68 ms.
  Solver solve [26]  |residual| = 4.15285e-19
  PARDISO Analysis Phase... Done in 437.014 ms.
  PARDISO Factorization Phase... Done in 350.583 ms.
  Solver setup [27] n = 121200  nnz = 12916512
     analyze?        1
     use learner?    1
     pattern locked? 1
     call learner?   0
     call reserve?   0
     timer assembly matrix:   8.18353 s
     timer analyze+factorize: 21.5863 s
  PARDISO Solve Phase... Done in 172.648 ms.
  Solver solve [27]  |residual| = 5.36975e-19
  PARDISO Analysis Phase... Done in 429.483 ms.
  PARDISO Factorization Phase... Done in 349.417 ms.
  Solver setup [28] n = 121200  nnz = 12916512
     analyze?        1
     use learner?    1
     pattern locked? 1
     call learner?   0
     call reserve?   0
     timer assembly matrix:   8.42787 s
     timer analyze+factorize: 22.3653 s
  PARDISO Solve Phase... Done in 174.364 ms.
  Solver solve [28]  |residual| = 2.32338e-16
  PARDISO Analysis Phase... Done in 406.585 ms.
  PARDISO Factorization Phase... Done in 351.973 ms.
  Solver setup [29] n = 121200  nnz = 12916512
     analyze?        1
     use learner?    1
     pattern locked? 1
     call learner?   0
     call reserve?   0
     timer assembly matrix:   8.67729 s
     timer analyze+factorize: 23.1239 s
  PARDISO Solve Phase... Done in 174.298 ms.
  Solver solve [29]  |residual| = 3.95477e-19
  PARDISO Analysis Phase... Done in 389.555 ms.
  PARDISO Factorization Phase... Done in 346.382 ms.
  Solver setup [30] n = 121200  nnz = 12916512
     analyze?        1
     use learner?    1
     pattern locked? 1
     call learner?   0
     call reserve?   0
     timer assembly matrix:   8.93172 s
     timer analyze+factorize: 23.86 s
  PARDISO Solve Phase... Done in 136.87 ms.
  Solver solve [30]  |residual| = 5.99235e-19
  PARDISO Analysis Phase... Done in 386.209 ms.
  PARDISO Factorization Phase... Done in 345.665 ms.
  Solver setup [31] n = 121200  nnz = 12916512
     analyze?        1
     use learner?    1
     pattern locked? 1
     call learner?   0
     call reserve?   0
     timer assembly matrix:   9.12387 s
     timer analyze+factorize: 24.5919 s
  PARDISO Solve Phase... Done in 136.524 ms.
  Solver solve [31]  |residual| = 6.41244e-19
  PARDISO Analysis Phase... Done in 387.399 ms.
  PARDISO Factorization Phase... Done in 345.951 ms.
  Solver setup [32] n = 121200  nnz = 12916512
     analyze?        1
     use learner?    1
     pattern locked? 1
     call learner?   0
     call reserve?   0
     timer assembly matrix:   9.31616 s
     timer analyze+factorize: 25.3253 s
  PARDISO Solve Phase... Done in 136.362 ms.
  Solver solve [32]  |residual| = 1.9558e-16
  PARDISO Analysis Phase... Done in 390.636 ms.
  PARDISO Factorization Phase... Done in 347.037 ms.
  Solver setup [33] n = 121200  nnz = 12916512
     analyze?        1
     use learner?    1
     pattern locked? 1
     call learner?   0
     call reserve?   0
     timer assembly matrix:   9.50829 s
     timer analyze+factorize: 26.063 s
  PARDISO Solve Phase... Done in 136.911 ms.
  Solver solve [33]  |residual| = 5.60454e-19
  PARDISO Analysis Phase... Done in 389.234 ms.
  PARDISO Factorization Phase... Done in 348.989 ms.
  Solver setup [34] n = 121200  nnz = 12916512
     analyze?        1
     use learner?    1
     pattern locked? 1
     call learner?   0
     call reserve?   0
     timer assembly matrix:   9.70099 s
     timer analyze+factorize: 26.8013 s
  PARDISO Solve Phase... Done in 137.789 ms.
  Solver solve [34]  |residual| = 4.29079e-19
  PARDISO Analysis Phase... Done in 448.675 ms.
  PARDISO Factorization Phase... Done in 349.383 ms.
  Solver setup [35] n = 121200  nnz = 12916512
     analyze?        1
     use learner?    1
     pattern locked? 1
     call learner?   0
     call reserve?   0
     timer assembly matrix:   9.89359 s
     timer analyze+factorize: 27.5995 s
  PARDISO Solve Phase... Done in 172.489 ms.
  Solver solve [35]  |residual| = 4.17127e-19
  PARDISO Analysis Phase... Done in 455.188 ms.
  PARDISO Factorization Phase... Done in 352.766 ms.
  Solver setup [36] n = 121200  nnz = 12916512
     analyze?        1
     use learner?    1
     pattern locked? 1
     call learner?   0
     call reserve?   0
     timer assembly matrix:   10.153 s
     timer analyze+factorize: 28.4075 s
  PARDISO Solve Phase... Done in 171.617 ms.
  Solver solve [36]  |residual| = 1.82508e-16
  PARDISO Analysis Phase... Done in 385.739 ms.
  PARDISO Factorization Phase... Done in 351.534 ms.
  Solver setup [37] n = 121200  nnz = 12916512
     analyze?        1
     use learner?    1
     pattern locked? 1
     call learner?   0
     call reserve?   0
     timer assembly matrix:   10.3994 s
     timer analyze+factorize: 29.1448 s
  PARDISO Solve Phase... Done in 138.019 ms.
  Solver solve [37]  |residual| = 5.02532e-19
  PARDISO Analysis Phase... Done in 391.642 ms.
  PARDISO Factorization Phase... Done in 344.029 ms.
  Solver setup [38] n = 121200  nnz = 12916512
     analyze?        1
     use learner?    1
     pattern locked? 1
     call learner?   0
     call reserve?   0
     timer assembly matrix:   10.5929 s
     timer analyze+factorize: 29.8806 s
  PARDISO Solve Phase... Done in 136.626 ms.
  Solver solve [38]  |residual| = 5.09488e-19
  PARDISO Analysis Phase... Done in 386.507 ms.
  PARDISO Factorization Phase... Done in 346.897 ms.
  Solver setup [39] n = 121200  nnz = 12916512
     analyze?        1
     use learner?    1
     pattern locked? 1
     call learner?   0
     call reserve?   0
     timer assembly matrix:   10.7854 s
     timer analyze+factorize: 30.614 s
  PARDISO Solve Phase... Done in 137.206 ms.
  Solver solve [39]  |residual| = 5.53781e-19
Wall time (loop)     : 64.088526 s
Simulation time      : 0.005000 s
RTF (wall/sim)       : 12817.705212

Final avg tip pos    : (3.999999, 1.000000, -0.000046) m
peakRSS=12455612kB total=102.30s
