OpenMP enabled (max_threads=16)
Thread settings: nthreads=16 (chrono/collision/eigen)
ANCF 3243 cantilever demo
  integration : PreInt
  solver      : PARDISO_MKL
  elements    : 1000
  L_total     : 200 m
  dx          : 0.2 m (per-element)
  W,H         : 0.1, 0.1 m
  tip_force   : 5000 N (Fz, applied along +Z)
  schedule    : Fz=const for steps 0..4, then Fz=0 for steps 5..9
  dt          : 0.001 s
  steps       : 10 (t_end=0.01 s)

  PARDISO Analysis Phase... Done in 29.1066 ms.
  PARDISO Factorization Phase... Done in 3.07485 ms.
  Solver setup [0] n = 12000  nnz = 431712
     analyze?        1
     use learner?    1
     pattern locked? 1
     call learner?   1
     call reserve?   0
     timer assembly matrix:   0.0452109 s
     timer analyze+factorize: 0.0322719 s
  PARDISO Solve Phase... Done in 3.73193 ms.
  Solver solve [0]  |residual| = 2.56683e-15
  PARDISO Analysis Phase... Done in 26.7485 ms.
  PARDISO Factorization Phase... Done in 1.61578 ms.
  Solver setup [1] n = 12000  nnz = 431712
     analyze?        1
     use learner?    1
     pattern locked? 1
     call learner?   0
     call reserve?   0
     timer assembly matrix:   0.0526277 s
     timer analyze+factorize: 0.0607011 s
  PARDISO Solve Phase... Done in 2.12232 ms.
  Solver solve [1]  |residual| = 1.12047e-16
  PARDISO Analysis Phase... Done in 27.9324 ms.
  PARDISO Factorization Phase... Done in 1.63713 ms.
  Solver setup [2] n = 12000  nnz = 431712
     analyze?        1
     use learner?    1
     pattern locked? 1
     call learner?   0
     call reserve?   0
     timer assembly matrix:   0.0599347 s
     timer analyze+factorize: 0.0903361 s
  PARDISO Solve Phase... Done in 2.16707 ms.
  Solver solve [2]  |residual| = 1.34694e-20
  PARDISO Analysis Phase... Done in 28.1996 ms.
  PARDISO Factorization Phase... Done in 1.87658 ms.
  Solver setup [3] n = 12000  nnz = 431712
     analyze?        1
     use learner?    1
     pattern locked? 1
     call learner?   0
     call reserve?   0
     timer assembly matrix:   0.0673584 s
     timer analyze+factorize: 0.120474 s
  PARDISO Solve Phase... Done in 2.16208 ms.
  Solver solve [3]  |residual| = 8.83798e-21
  PARDISO Analysis Phase... Done in 28.0529 ms.
  PARDISO Factorization Phase... Done in 1.72451 ms.
  Solver setup [4] n = 12000  nnz = 431712
     analyze?        1
     use learner?    1
     pattern locked? 1
     call learner?   0
     call reserve?   0
     timer assembly matrix:   0.0747427 s
     timer analyze+factorize: 0.15031 s
  PARDISO Solve Phase... Done in 2.13299 ms.
  Solver solve [4]  |residual| = 2.66413e-15
  PARDISO Analysis Phase... Done in 27.6338 ms.
  PARDISO Factorization Phase... Done in 1.46346 ms.
  Solver setup [5] n = 12000  nnz = 431712
     analyze?        1
     use learner?    1
     pattern locked? 1
     call learner?   0
     call reserve?   0
     timer assembly matrix:   0.0820797 s
     timer analyze+factorize: 0.179474 s
  PARDISO Solve Phase... Done in 2.12384 ms.
  Solver solve [5]  |residual| = 1.5811e-17
  PARDISO Analysis Phase... Done in 27.8646 ms.
  PARDISO Factorization Phase... Done in 1.56304 ms.
  Solver setup [6] n = 12000  nnz = 431712
     analyze?        1
     use learner?    1
     pattern locked? 1
     call learner?   0
     call reserve?   0
     timer assembly matrix:   0.0895132 s
     timer analyze+factorize: 0.208965 s
  PARDISO Solve Phase... Done in 2.11406 ms.
  Solver solve [6]  |residual| = 1.06452e-20
  PARDISO Analysis Phase... Done in 27.8174 ms.
  PARDISO Factorization Phase... Done in 1.46268 ms.
  Solver setup [7] n = 12000  nnz = 431712
     analyze?        1
     use learner?    1
     pattern locked? 1
     call learner?   0
     call reserve?   0
     timer assembly matrix:   0.0969849 s
     timer analyze+factorize: 0.238311 s
  PARDISO Solve Phase... Done in 2.15687 ms.
  Solver solve [7]  |residual| = 8.91881e-21
  PARDISO Analysis Phase... Done in 27.7903 ms.
  PARDISO Factorization Phase... Done in 1.56358 ms.
  Solver setup [8] n = 12000  nnz = 431712
     analyze?        1
     use learner?    1
     pattern locked? 1
     call learner?   0
     call reserve?   0
     timer assembly matrix:   0.104288 s
     timer analyze+factorize: 0.26773 s
  PARDISO Solve Phase... Done in 2.12861 ms.
  Solver solve [8]  |residual| = 4.08139e-15
  PARDISO Analysis Phase... Done in 27.7808 ms.
  PARDISO Factorization Phase... Done in 1.48903 ms.
  Solver setup [9] n = 12000  nnz = 431712
     analyze?        1
     use learner?    1
     pattern locked? 1
     call learner?   0
     call reserve?   0
     timer assembly matrix:   0.111642 s
     timer analyze+factorize: 0.297064 s
  PARDISO Solve Phase... Done in 2.13628 ms.
  Solver solve [9]  |residual| = 1.48395e-17
  PARDISO Analysis Phase... Done in 27.6658 ms.
  PARDISO Factorization Phase... Done in 1.55583 ms.
  Solver setup [10] n = 12000  nnz = 431712
     analyze?        1
     use learner?    1
     pattern locked? 1
     call learner?   0
     call reserve?   0
     timer assembly matrix:   0.119004 s
     timer analyze+factorize: 0.326348 s
  PARDISO Solve Phase... Done in 2.12722 ms.
  Solver solve [10]  |residual| = 1.00084e-20
  PARDISO Analysis Phase... Done in 27.9839 ms.
  PARDISO Factorization Phase... Done in 1.5645 ms.
  Solver setup [11] n = 12000  nnz = 431712
     analyze?        1
     use learner?    1
     pattern locked? 1
     call learner?   0
     call reserve?   0
     timer assembly matrix:   0.126398 s
     timer analyze+factorize: 0.355964 s
  PARDISO Solve Phase... Done in 2.12652 ms.
  Solver solve [11]  |residual| = 1.0119e-20
  PARDISO Analysis Phase... Done in 27.8115 ms.
  PARDISO Factorization Phase... Done in 1.49502 ms.
  Solver setup [12] n = 12000  nnz = 431712
     analyze?        1
     use learner?    1
     pattern locked? 1
     call learner?   0
     call reserve?   0
     timer assembly matrix:   0.133966 s
     timer analyze+factorize: 0.385336 s
  PARDISO Solve Phase... Done in 2.13619 ms.
  Solver solve [12]  |residual| = 1.74852e-15
  PARDISO Analysis Phase... Done in 27.8848 ms.
  PARDISO Factorization Phase... Done in 1.73023 ms.
  Solver setup [13] n = 12000  nnz = 431712
     analyze?        1
     use learner?    1
     pattern locked? 1
     call learner?   0
     call reserve?   0
     timer assembly matrix:   0.141297 s
     timer analyze+factorize: 0.415013 s
  PARDISO Solve Phase... Done in 2.12758 ms.
  Solver solve [13]  |residual| = 1.19605e-17
  PARDISO Analysis Phase... Done in 27.983 ms.
  PARDISO Factorization Phase... Done in 1.60908 ms.
  Solver setup [14] n = 12000  nnz = 431712
     analyze?        1
     use learner?    1
     pattern locked? 1
     call learner?   0
     call reserve?   0
     timer assembly matrix:   0.148616 s
     timer analyze+factorize: 0.444667 s
  PARDISO Solve Phase... Done in 2.21784 ms.
  Solver solve [14]  |residual| = 9.56683e-21
  PARDISO Analysis Phase... Done in 27.6723 ms.
  PARDISO Factorization Phase... Done in 1.65652 ms.
  Solver setup [15] n = 12000  nnz = 431712
     analyze?        1
     use learner?    1
     pattern locked? 1
     call learner?   0
     call reserve?   0
     timer assembly matrix:   0.155952 s
     timer analyze+factorize: 0.474059 s
  PARDISO Solve Phase... Done in 2.11902 ms.
  Solver solve [15]  |residual| = 9.7486e-21
  PARDISO Analysis Phase... Done in 28.007 ms.
  PARDISO Factorization Phase... Done in 1.72169 ms.
  Solver setup [16] n = 12000  nnz = 431712
     analyze?        1
     use learner?    1
     pattern locked? 1
     call learner?   0
     call reserve?   0
     timer assembly matrix:   0.16331 s
     timer analyze+factorize: 0.50385 s
  PARDISO Solve Phase... Done in 2.1148 ms.
  Solver solve [16]  |residual| = 4.13657e-15
  PARDISO Analysis Phase... Done in 27.9021 ms.
  PARDISO Factorization Phase... Done in 1.51237 ms.
  Solver setup [17] n = 12000  nnz = 431712
     analyze?        1
     use learner?    1
     pattern locked? 1
     call learner?   0
     call reserve?   0
     timer assembly matrix:   0.170794 s
     timer analyze+factorize: 0.53333 s
  PARDISO Solve Phase... Done in 2.16221 ms.
  Solver solve [17]  |residual| = 1.28847e-16
  PARDISO Analysis Phase... Done in 27.8201 ms.
  PARDISO Factorization Phase... Done in 1.62773 ms.
  Solver setup [18] n = 12000  nnz = 431712
     analyze?        1
     use learner?    1
     pattern locked? 1
     call learner?   0
     call reserve?   0
     timer assembly matrix:   0.178121 s
     timer analyze+factorize: 0.562845 s
  PARDISO Solve Phase... Done in 2.11514 ms.
  Solver solve [18]  |residual| = 8.39438e-20
  PARDISO Analysis Phase... Done in 27.8279 ms.
  PARDISO Factorization Phase... Done in 1.46915 ms.
  Solver setup [19] n = 12000  nnz = 431712
     analyze?        1
     use learner?    1
     pattern locked? 1
     call learner?   0
     call reserve?   0
     timer assembly matrix:   0.185404 s
     timer analyze+factorize: 0.592202 s
  PARDISO Solve Phase... Done in 2.14287 ms.
  Solver solve [19]  |residual| = 9.98912e-21
  PARDISO Analysis Phase... Done in 27.5862 ms.
  PARDISO Factorization Phase... Done in 1.49429 ms.
  Solver setup [20] n = 12000  nnz = 431712
     analyze?        1
     use learner?    1
     pattern locked? 1
     call learner?   0
     call reserve?   0
     timer assembly matrix:   0.192699 s
     timer analyze+factorize: 0.621347 s
  PARDISO Solve Phase... Done in 2.11427 ms.
  Solver solve [20]  |residual| = 2.52291e-15
  PARDISO Analysis Phase... Done in 27.8425 ms.
  PARDISO Factorization Phase... Done in 1.59432 ms.
  Solver setup [21] n = 12000  nnz = 431712
     analyze?        1
     use learner?    1
     pattern locked? 1
     call learner?   0
     call reserve?   0
     timer assembly matrix:   0.200066 s
     timer analyze+factorize: 0.650848 s
  PARDISO Solve Phase... Done in 2.12702 ms.
  Solver solve [21]  |residual| = 1.61991e-17
  PARDISO Analysis Phase... Done in 27.8004 ms.
  PARDISO Factorization Phase... Done in 1.4746 ms.
  Solver setup [22] n = 12000  nnz = 431712
     analyze?        1
     use learner?    1
     pattern locked? 1
     call learner?   0
     call reserve?   0
     timer assembly matrix:   0.207338 s
     timer analyze+factorize: 0.680189 s
  PARDISO Solve Phase... Done in 2.12397 ms.
  Solver solve [22]  |residual| = 9.97115e-21
  PARDISO Analysis Phase... Done in 27.8656 ms.
  PARDISO Factorization Phase... Done in 1.5979 ms.
  Solver setup [23] n = 12000  nnz = 431712
     analyze?        1
     use learner?    1
     pattern locked? 1
     call learner?   0
     call reserve?   0
     timer assembly matrix:   0.214604 s
     timer analyze+factorize: 0.709711 s
  PARDISO Solve Phase... Done in 2.16882 ms.
  Solver solve [23]  |residual| = 8.84067e-21
  PARDISO Analysis Phase... Done in 27.8322 ms.
  PARDISO Factorization Phase... Done in 1.56925 ms.
  Solver setup [24] n = 12000  nnz = 431712
     analyze?        1
     use learner?    1
     pattern locked? 1
     call learner?   0
     call reserve?   0
     timer assembly matrix:   0.22201 s
     timer analyze+factorize: 0.739178 s
  PARDISO Solve Phase... Done in 2.12771 ms.
  Solver solve [24]  |residual| = 2.6837e-15
  PARDISO Analysis Phase... Done in 27.8098 ms.
  PARDISO Factorization Phase... Done in 1.45723 ms.
  Solver setup [25] n = 12000  nnz = 431712
     analyze?        1
     use learner?    1
     pattern locked? 1
     call learner?   0
     call reserve?   0
     timer assembly matrix:   0.229267 s
     timer analyze+factorize: 0.768507 s
  PARDISO Solve Phase... Done in 2.12523 ms.
  Solver solve [25]  |residual| = 9.67797e-18
  PARDISO Analysis Phase... Done in 27.7564 ms.
  PARDISO Factorization Phase... Done in 1.95476 ms.
  Solver setup [26] n = 12000  nnz = 431712
     analyze?        1
     use learner?    1
     pattern locked? 1
     call learner?   0
     call reserve?   0
     timer assembly matrix:   0.236617 s
     timer analyze+factorize: 0.798279 s
  PARDISO Solve Phase... Done in 2.2272 ms.
  Solver solve [26]  |residual| = 8.70607e-21
  PARDISO Analysis Phase... Done in 18.7408 ms.
  PARDISO Factorization Phase... Done in 1.51524 ms.
  Solver setup [27] n = 12000  nnz = 431712
     analyze?        1
     use learner?    1
     pattern locked? 1
     call learner?   0
     call reserve?   0
     timer assembly matrix:   0.242481 s
     timer analyze+factorize: 0.818588 s
  PARDISO Solve Phase... Done in 1.59072 ms.
  Solver solve [27]  |residual| = 9.40451e-21
  PARDISO Analysis Phase... Done in 15.7267 ms.
  PARDISO Factorization Phase... Done in 1.44071 ms.
  Solver setup [28] n = 12000  nnz = 431712
     analyze?        1
     use learner?    1
     pattern locked? 1
     call learner?   0
     call reserve?   0
     timer assembly matrix:   0.246863 s
     timer analyze+factorize: 0.835792 s
  PARDISO Solve Phase... Done in 1.5784 ms.
  Solver solve [28]  |residual| = 2.5919e-15
  PARDISO Analysis Phase... Done in 16.2094 ms.
  PARDISO Factorization Phase... Done in 1.40464 ms.
  Solver setup [29] n = 12000  nnz = 431712
     analyze?        1
     use learner?    1
     pattern locked? 1
     call learner?   0
     call reserve?   0
     timer assembly matrix:   0.251149 s
     timer analyze+factorize: 0.853449 s
  PARDISO Solve Phase... Done in 1.63641 ms.
  Solver solve [29]  |residual| = 1.07853e-17
  PARDISO Analysis Phase... Done in 15.8859 ms.
  PARDISO Factorization Phase... Done in 1.34722 ms.
  Solver setup [30] n = 12000  nnz = 431712
     analyze?        1
     use learner?    1
     pattern locked? 1
     call learner?   0
     call reserve?   0
     timer assembly matrix:   0.255487 s
     timer analyze+factorize: 0.870709 s
  PARDISO Solve Phase... Done in 1.6213 ms.
  Solver solve [30]  |residual| = 1.03575e-20
  PARDISO Analysis Phase... Done in 15.7069 ms.
  PARDISO Factorization Phase... Done in 1.4514 ms.
  Solver setup [31] n = 12000  nnz = 431712
     analyze?        1
     use learner?    1
     pattern locked? 1
     call learner?   0
     call reserve?   0
     timer assembly matrix:   0.259766 s
     timer analyze+factorize: 0.887903 s
  PARDISO Solve Phase... Done in 1.71039 ms.
  Solver solve [31]  |residual| = 9.16454e-21
  PARDISO Analysis Phase... Done in 15.8284 ms.
  PARDISO Factorization Phase... Done in 1.41667 ms.
  Solver setup [32] n = 12000  nnz = 431712
     analyze?        1
     use learner?    1
     pattern locked? 1
     call learner?   0
     call reserve?   0
     timer assembly matrix:   0.264088 s
     timer analyze+factorize: 0.905177 s
  PARDISO Solve Phase... Done in 1.58634 ms.
  Solver solve [32]  |residual| = 2.93161e-15
  PARDISO Analysis Phase... Done in 15.8583 ms.
  PARDISO Factorization Phase... Done in 1.41253 ms.
  Solver setup [33] n = 12000  nnz = 431712
     analyze?        1
     use learner?    1
     pattern locked? 1
     call learner?   0
     call reserve?   0
     timer assembly matrix:   0.268428 s
     timer analyze+factorize: 0.922482 s
  PARDISO Solve Phase... Done in 1.6323 ms.
  Solver solve [33]  |residual| = 4.39696e-18
  PARDISO Analysis Phase... Done in 16.1534 ms.
  PARDISO Factorization Phase... Done in 1.47761 ms.
  Solver setup [34] n = 12000  nnz = 431712
     analyze?        1
     use learner?    1
     pattern locked? 1
     call learner?   0
     call reserve?   0
     timer assembly matrix:   0.272669 s
     timer analyze+factorize: 0.940155 s
  PARDISO Solve Phase... Done in 1.63454 ms.
  Solver solve [34]  |residual| = 1.02581e-20
  PARDISO Analysis Phase... Done in 15.7159 ms.
  PARDISO Factorization Phase... Done in 1.40282 ms.
  Solver setup [35] n = 12000  nnz = 431712
     analyze?        1
     use learner?    1
     pattern locked? 1
     call learner?   0
     call reserve?   0
     timer assembly matrix:   0.276995 s
     timer analyze+factorize: 0.957314 s
  PARDISO Solve Phase... Done in 1.6624 ms.
  Solver solve [35]  |residual| = 9.51993e-21
  PARDISO Analysis Phase... Done in 15.8266 ms.
  PARDISO Factorization Phase... Done in 1.37389 ms.
  Solver setup [36] n = 12000  nnz = 431712
     analyze?        1
     use learner?    1
     pattern locked? 1
     call learner?   0
     call reserve?   0
     timer assembly matrix:   0.281321 s
     timer analyze+factorize: 0.974547 s
  PARDISO Solve Phase... Done in 1.55602 ms.
  Solver solve [36]  |residual| = 1.70518e-15
  PARDISO Analysis Phase... Done in 15.8802 ms.
  PARDISO Factorization Phase... Done in 1.34078 ms.
  Solver setup [37] n = 12000  nnz = 431712
     analyze?        1
     use learner?    1
     pattern locked? 1
     call learner?   0
     call reserve?   0
     timer assembly matrix:   0.285609 s
     timer analyze+factorize: 0.991797 s
  PARDISO Solve Phase... Done in 1.97069 ms.
  Solver solve [37]  |residual| = 4.52284e-18
  PARDISO Analysis Phase... Done in 16.4448 ms.
  PARDISO Factorization Phase... Done in 1.66483 ms.
  Solver setup [38] n = 12000  nnz = 431712
     analyze?        1
     use learner?    1
     pattern locked? 1
     call learner?   0
     call reserve?   0
     timer assembly matrix:   0.290095 s
     timer analyze+factorize: 1.00996 s
  PARDISO Solve Phase... Done in 1.66605 ms.
  Solver solve [38]  |residual| = 8.8959e-21
  PARDISO Analysis Phase... Done in 19.0275 ms.
  PARDISO Factorization Phase... Done in 1.62813 ms.
  Solver setup [39] n = 12000  nnz = 431712
     analyze?        1
     use learner?    1
     pattern locked? 1
     call learner?   0
     call reserve?   0
     timer assembly matrix:   0.294525 s
     timer analyze+factorize: 1.03065 s
  PARDISO Solve Phase... Done in 1.60871 ms.
  Solver solve [39]  |residual| = 9.05958e-21
Wall time (loop)     : 1.597493 s
Simulation time      : 0.010000 s
RTF (wall/sim)       : 159.749330

Final tip position   : 199.999372  0.000000  0.027812 m
Final tip angles XYZ : 0.000000  -2.885339  0.000000 deg
peakRSS=150980kB total=1.72s
