OpenMP enabled (max_threads=16)
Thread settings: nthreads=16 (chrono/collision/eigen)
ANCF 3243 cantilever demo
  integration : PreInt
  solver      : PARDISO_MKL
  elements    : 10000
  L_total     : 2000 m
  dx          : 0.2 m (per-element)
  W,H         : 0.1, 0.1 m
  tip_force   : 5000 N (Fz, applied along +Z)
  schedule    : Fz=const for steps 0..4, then Fz=0 for steps 5..9
  dt          : 0.001 s
  steps       : 10 (t_end=0.01 s)

  PARDISO Analysis Phase... Done in 251.018 ms.
  PARDISO Factorization Phase... Done in 18.6809 ms.
  Solver setup [0] n = 120000  nnz = 4319712
     analyze?        1
     use learner?    1
     pattern locked? 1
     call learner?   1
     call reserve?   0
     timer assembly matrix:   0.483242 s
     timer analyze+factorize: 0.269795 s
  PARDISO Solve Phase... Done in 47.041 ms.
  Solver solve [0]  |residual| = 2.63245e-15
  PARDISO Analysis Phase... Done in 230.983 ms.
  PARDISO Factorization Phase... Done in 15.2864 ms.
  Solver setup [1] n = 120000  nnz = 4319712
     analyze?        1
     use learner?    1
     pattern locked? 1
     call learner?   0
     call reserve?   0
     timer assembly matrix:   0.564403 s
     timer analyze+factorize: 0.516127 s
  PARDISO Solve Phase... Done in 34.5105 ms.
  Solver solve [1]  |residual| = 1.55973e-17
  PARDISO Analysis Phase... Done in 192.133 ms.
  PARDISO Factorization Phase... Done in 15.6369 ms.
  Solver setup [2] n = 120000  nnz = 4319712
     analyze?        1
     use learner?    1
     pattern locked? 1
     call learner?   0
     call reserve?   0
     timer assembly matrix:   0.612012 s
     timer analyze+factorize: 0.723948 s
  PARDISO Solve Phase... Done in 34.2411 ms.
  Solver solve [2]  |residual| = 3.0858e-18
  PARDISO Analysis Phase... Done in 190.848 ms.
  PARDISO Factorization Phase... Done in 15.4645 ms.
  Solver setup [3] n = 120000  nnz = 4319712
     analyze?        1
     use learner?    1
     pattern locked? 1
     call learner?   0
     call reserve?   0
     timer assembly matrix:   0.659305 s
     timer analyze+factorize: 0.930309 s
  PARDISO Solve Phase... Done in 34.768 ms.
  Solver solve [3]  |residual| = 3.09398e-18
  PARDISO Analysis Phase... Done in 186.262 ms.
  PARDISO Factorization Phase... Done in 15.5586 ms.
  Solver setup [4] n = 120000  nnz = 4319712
     analyze?        1
     use learner?    1
     pattern locked? 1
     call learner?   0
     call reserve?   0
     timer assembly matrix:   0.7064 s
     timer analyze+factorize: 1.13218 s
  PARDISO Solve Phase... Done in 36.1718 ms.
  Solver solve [4]  |residual| = 4.24452e-15
  PARDISO Analysis Phase... Done in 186.883 ms.
  PARDISO Factorization Phase... Done in 15.6533 ms.
  Solver setup [5] n = 120000  nnz = 4319712
     analyze?        1
     use learner?    1
     pattern locked? 1
     call learner?   0
     call reserve?   0
     timer assembly matrix:   0.754132 s
     timer analyze+factorize: 1.33476 s
  PARDISO Solve Phase... Done in 35.7042 ms.
  Solver solve [5]  |residual| = 2.20119e-17
  PARDISO Analysis Phase... Done in 193.436 ms.
  PARDISO Factorization Phase... Done in 15.8822 ms.
  Solver setup [6] n = 120000  nnz = 4319712
     analyze?        1
     use learner?    1
     pattern locked? 1
     call learner?   0
     call reserve?   0
     timer assembly matrix:   0.806978 s
     timer analyze+factorize: 1.54414 s
  PARDISO Solve Phase... Done in 35.9563 ms.
  Solver solve [6]  |residual| = 3.08667e-18
  PARDISO Analysis Phase... Done in 186.724 ms.
  PARDISO Factorization Phase... Done in 15.4792 ms.
  Solver setup [7] n = 120000  nnz = 4319712
     analyze?        1
     use learner?    1
     pattern locked? 1
     call learner?   0
     call reserve?   0
     timer assembly matrix:   0.855331 s
     timer analyze+factorize: 1.7464 s
  PARDISO Solve Phase... Done in 34.9949 ms.
  Solver solve [7]  |residual| = 3.05534e-18
  PARDISO Analysis Phase... Done in 196.235 ms.
  PARDISO Factorization Phase... Done in 15.6751 ms.
  Solver setup [8] n = 120000  nnz = 4319712
     analyze?        1
     use learner?    1
     pattern locked? 1
     call learner?   0
     call reserve?   0
     timer assembly matrix:   0.902744 s
     timer analyze+factorize: 1.95836 s
  PARDISO Solve Phase... Done in 35.3214 ms.
  Solver solve [8]  |residual| = 1.89929e-15
  PARDISO Analysis Phase... Done in 187.917 ms.
  PARDISO Factorization Phase... Done in 15.6122 ms.
  Solver setup [9] n = 120000  nnz = 4319712
     analyze?        1
     use learner?    1
     pattern locked? 1
     call learner?   0
     call reserve?   0
     timer assembly matrix:   0.950217 s
     timer analyze+factorize: 2.16194 s
  PARDISO Solve Phase... Done in 35.0151 ms.
  Solver solve [9]  |residual| = 1.6865e-17
  PARDISO Analysis Phase... Done in 188.972 ms.
  PARDISO Factorization Phase... Done in 16.0087 ms.
  Solver setup [10] n = 120000  nnz = 4319712
     analyze?        1
     use learner?    1
     pattern locked? 1
     call learner?   0
     call reserve?   0
     timer assembly matrix:   0.99854 s
     timer analyze+factorize: 2.36697 s
  PARDISO Solve Phase... Done in 34.784 ms.
  Solver solve [10]  |residual| = 3.06553e-18
  PARDISO Analysis Phase... Done in 198.608 ms.
  PARDISO Factorization Phase... Done in 15.1931 ms.
  Solver setup [11] n = 120000  nnz = 4319712
     analyze?        1
     use learner?    1
     pattern locked? 1
     call learner?   0
     call reserve?   0
     timer assembly matrix:   1.046 s
     timer analyze+factorize: 2.58083 s
  PARDISO Solve Phase... Done in 37.3118 ms.
  Solver solve [11]  |residual| = 3.03073e-18
  PARDISO Analysis Phase... Done in 187.889 ms.
  PARDISO Factorization Phase... Done in 15.294 ms.
  Solver setup [12] n = 120000  nnz = 4319712
     analyze?        1
     use learner?    1
     pattern locked? 1
     call learner?   0
     call reserve?   0
     timer assembly matrix:   1.09339 s
     timer analyze+factorize: 2.78407 s
  PARDISO Solve Phase... Done in 34.7282 ms.
  Solver solve [12]  |residual| = 2.84294e-15
  PARDISO Analysis Phase... Done in 185.992 ms.
  PARDISO Factorization Phase... Done in 15.5711 ms.
  Solver setup [13] n = 120000  nnz = 4319712
     analyze?        1
     use learner?    1
     pattern locked? 1
     call learner?   0
     call reserve?   0
     timer assembly matrix:   1.14089 s
     timer analyze+factorize: 2.98569 s
  PARDISO Solve Phase... Done in 35.0077 ms.
  Solver solve [13]  |residual| = 7.5758e-18
  PARDISO Analysis Phase... Done in 189.343 ms.
  PARDISO Factorization Phase... Done in 15.6308 ms.
  Solver setup [14] n = 120000  nnz = 4319712
     analyze?        1
     use learner?    1
     pattern locked? 1
     call learner?   0
     call reserve?   0
     timer assembly matrix:   1.18845 s
     timer analyze+factorize: 3.19071 s
  PARDISO Solve Phase... Done in 34.7204 ms.
  Solver solve [14]  |residual| = 3.03265e-18
  PARDISO Analysis Phase... Done in 195.988 ms.
  PARDISO Factorization Phase... Done in 15.2526 ms.
  Solver setup [15] n = 120000  nnz = 4319712
     analyze?        1
     use learner?    1
     pattern locked? 1
     call learner?   0
     call reserve?   0
     timer assembly matrix:   1.23581 s
     timer analyze+factorize: 3.40201 s
  PARDISO Solve Phase... Done in 34.7573 ms.
  Solver solve [15]  |residual| = 3.08896e-18
  PARDISO Analysis Phase... Done in 186.213 ms.
  PARDISO Factorization Phase... Done in 15.4216 ms.
  Solver setup [16] n = 120000  nnz = 4319712
     analyze?        1
     use learner?    1
     pattern locked? 1
     call learner?   0
     call reserve?   0
     timer assembly matrix:   1.28474 s
     timer analyze+factorize: 3.60369 s
  PARDISO Solve Phase... Done in 34.6971 ms.
  Solver solve [16]  |residual| = 6.15804e-15
  PARDISO Analysis Phase... Done in 186.884 ms.
  PARDISO Factorization Phase... Done in 15.6805 ms.
  Solver setup [17] n = 120000  nnz = 4319712
     analyze?        1
     use learner?    1
     pattern locked? 1
     call learner?   0
     call reserve?   0
     timer assembly matrix:   1.33196 s
     timer analyze+factorize: 3.80631 s
  PARDISO Solve Phase... Done in 35.0139 ms.
  Solver solve [17]  |residual| = 8.02535e-17
  PARDISO Analysis Phase... Done in 187.286 ms.
  PARDISO Factorization Phase... Done in 15.6815 ms.
  Solver setup [18] n = 120000  nnz = 4319712
     analyze?        1
     use learner?    1
     pattern locked? 1
     call learner?   0
     call reserve?   0
     timer assembly matrix:   1.38012 s
     timer analyze+factorize: 4.00933 s
  PARDISO Solve Phase... Done in 34.8303 ms.
  Solver solve [18]  |residual| = 3.05102e-18
  PARDISO Analysis Phase... Done in 192.846 ms.
  PARDISO Factorization Phase... Done in 15.6523 ms.
  Solver setup [19] n = 120000  nnz = 4319712
     analyze?        1
     use learner?    1
     pattern locked? 1
     call learner?   0
     call reserve?   0
     timer assembly matrix:   1.4284 s
     timer analyze+factorize: 4.21788 s
  PARDISO Solve Phase... Done in 35.8075 ms.
  Solver solve [19]  |residual| = 3.00249e-18
  PARDISO Analysis Phase... Done in 187.891 ms.
  PARDISO Factorization Phase... Done in 15.9454 ms.
  Solver setup [20] n = 120000  nnz = 4319712
     analyze?        1
     use learner?    1
     pattern locked? 1
     call learner?   0
     call reserve?   0
     timer assembly matrix:   1.47803 s
     timer analyze+factorize: 4.42177 s
  PARDISO Solve Phase... Done in 35.6034 ms.
  Solver solve [20]  |residual| = 5.9971e-15
  PARDISO Analysis Phase... Done in 188.031 ms.
  PARDISO Factorization Phase... Done in 15.637 ms.
  Solver setup [21] n = 120000  nnz = 4319712
     analyze?        1
     use learner?    1
     pattern locked? 1
     call learner?   0
     call reserve?   0
     timer assembly matrix:   1.52832 s
     timer analyze+factorize: 4.6255 s
  PARDISO Solve Phase... Done in 34.7368 ms.
  Solver solve [21]  |residual| = 1.18526e-17
  PARDISO Analysis Phase... Done in 188.847 ms.
  PARDISO Factorization Phase... Done in 15.3828 ms.
  Solver setup [22] n = 120000  nnz = 4319712
     analyze?        1
     use learner?    1
     pattern locked? 1
     call learner?   0
     call reserve?   0
     timer assembly matrix:   1.57729 s
     timer analyze+factorize: 4.82979 s
  PARDISO Solve Phase... Done in 35.4012 ms.
  Solver solve [22]  |residual| = 3.11914e-18
  PARDISO Analysis Phase... Done in 186.625 ms.
  PARDISO Factorization Phase... Done in 15.6369 ms.
  Solver setup [23] n = 120000  nnz = 4319712
     analyze?        1
     use learner?    1
     pattern locked? 1
     call learner?   0
     call reserve?   0
     timer assembly matrix:   1.62452 s
     timer analyze+factorize: 5.03211 s
  PARDISO Solve Phase... Done in 34.6616 ms.
  Solver solve [23]  |residual| = 3.02699e-18
  PARDISO Analysis Phase... Done in 189.169 ms.
  PARDISO Factorization Phase... Done in 15.5865 ms.
  Solver setup [24] n = 120000  nnz = 4319712
     analyze?        1
     use learner?    1
     pattern locked? 1
     call learner?   0
     call reserve?   0
     timer assembly matrix:   1.67234 s
     timer analyze+factorize: 5.23691 s
  PARDISO Solve Phase... Done in 36.1173 ms.
  Solver solve [24]  |residual| = 2.97994e-15
  PARDISO Analysis Phase... Done in 187.211 ms.
  PARDISO Factorization Phase... Done in 15.5119 ms.
  Solver setup [25] n = 120000  nnz = 4319712
     analyze?        1
     use learner?    1
     pattern locked? 1
     call learner?   0
     call reserve?   0
     timer assembly matrix:   1.7201 s
     timer analyze+factorize: 5.43971 s
  PARDISO Solve Phase... Done in 34.873 ms.
  Solver solve [25]  |residual| = 1.21544e-17
  PARDISO Analysis Phase... Done in 193.036 ms.
  PARDISO Factorization Phase... Done in 15.5884 ms.
  Solver setup [26] n = 120000  nnz = 4319712
     analyze?        1
     use learner?    1
     pattern locked? 1
     call learner?   0
     call reserve?   0
     timer assembly matrix:   1.76817 s
     timer analyze+factorize: 5.64839 s
  PARDISO Solve Phase... Done in 35.0248 ms.
  Solver solve [26]  |residual| = 3.02976e-18
  PARDISO Analysis Phase... Done in 191.86 ms.
  PARDISO Factorization Phase... Done in 15.7478 ms.
  Solver setup [27] n = 120000  nnz = 4319712
     analyze?        1
     use learner?    1
     pattern locked? 1
     call learner?   0
     call reserve?   0
     timer assembly matrix:   1.81583 s
     timer analyze+factorize: 5.85606 s
  PARDISO Solve Phase... Done in 34.9916 ms.
  Solver solve [27]  |residual| = 2.85211e-18
  PARDISO Analysis Phase... Done in 185.862 ms.
  PARDISO Factorization Phase... Done in 15.1141 ms.
  Solver setup [28] n = 120000  nnz = 4319712
     analyze?        1
     use learner?    1
     pattern locked? 1
     call learner?   0
     call reserve?   0
     timer assembly matrix:   1.86429 s
     timer analyze+factorize: 6.0571 s
  PARDISO Solve Phase... Done in 34.699 ms.
  Solver solve [28]  |residual| = 2.22662e-15
  PARDISO Analysis Phase... Done in 187.176 ms.
  PARDISO Factorization Phase... Done in 15.8441 ms.
  Solver setup [29] n = 120000  nnz = 4319712
     analyze?        1
     use learner?    1
     pattern locked? 1
     call learner?   0
     call reserve?   0
     timer assembly matrix:   1.91136 s
     timer analyze+factorize: 6.26018 s
  PARDISO Solve Phase... Done in 35.7184 ms.
  Solver solve [29]  |residual| = 7.74571e-18
  PARDISO Analysis Phase... Done in 186.308 ms.
  PARDISO Factorization Phase... Done in 15.8885 ms.
  Solver setup [30] n = 120000  nnz = 4319712
     analyze?        1
     use learner?    1
     pattern locked? 1
     call learner?   0
     call reserve?   0
     timer assembly matrix:   1.95893 s
     timer analyze+factorize: 6.46243 s
  PARDISO Solve Phase... Done in 34.845 ms.
  Solver solve [30]  |residual| = 3.12114e-18
  PARDISO Analysis Phase... Done in 203.269 ms.
  PARDISO Factorization Phase... Done in 15.955 ms.
  Solver setup [31] n = 120000  nnz = 4319712
     analyze?        1
     use learner?    1
     pattern locked? 1
     call learner?   0
     call reserve?   0
     timer assembly matrix:   2.00709 s
     timer analyze+factorize: 6.68172 s
  PARDISO Solve Phase... Done in 35.141 ms.
  Solver solve [31]  |residual| = 3.04544e-18
  PARDISO Analysis Phase... Done in 190.733 ms.
  PARDISO Factorization Phase... Done in 15.9446 ms.
  Solver setup [32] n = 120000  nnz = 4319712
     analyze?        1
     use learner?    1
     pattern locked? 1
     call learner?   0
     call reserve?   0
     timer assembly matrix:   2.06275 s
     timer analyze+factorize: 6.88846 s
  PARDISO Solve Phase... Done in 34.5807 ms.
  Solver solve [32]  |residual| = 2.95492e-15
  PARDISO Analysis Phase... Done in 191.031 ms.
  PARDISO Factorization Phase... Done in 15.8634 ms.
  Solver setup [33] n = 120000  nnz = 4319712
     analyze?        1
     use learner?    1
     pattern locked? 1
     call learner?   0
     call reserve?   0
     timer assembly matrix:   2.11111 s
     timer analyze+factorize: 7.09542 s
  PARDISO Solve Phase... Done in 35.6537 ms.
  Solver solve [33]  |residual| = 5.87529e-18
  PARDISO Analysis Phase... Done in 201.911 ms.
  PARDISO Factorization Phase... Done in 17.261 ms.
  Solver setup [34] n = 120000  nnz = 4319712
     analyze?        1
     use learner?    1
     pattern locked? 1
     call learner?   0
     call reserve?   0
     timer assembly matrix:   2.15853 s
     timer analyze+factorize: 7.31466 s
  PARDISO Solve Phase... Done in 37.1208 ms.
  Solver solve [34]  |residual| = 3.05593e-18
  PARDISO Analysis Phase... Done in 192.878 ms.
  PARDISO Factorization Phase... Done in 16.0988 ms.
  Solver setup [35] n = 120000  nnz = 4319712
     analyze?        1
     use learner?    1
     pattern locked? 1
     call learner?   0
     call reserve?   0
     timer assembly matrix:   2.2061 s
     timer analyze+factorize: 7.52369 s
  PARDISO Solve Phase... Done in 36.4652 ms.
  Solver solve [35]  |residual| = 3.18989e-18
  PARDISO Analysis Phase... Done in 189.528 ms.
  PARDISO Factorization Phase... Done in 16.0907 ms.
  Solver setup [36] n = 120000  nnz = 4319712
     analyze?        1
     use learner?    1
     pattern locked? 1
     call learner?   0
     call reserve?   0
     timer assembly matrix:   2.25359 s
     timer analyze+factorize: 7.72937 s
  PARDISO Solve Phase... Done in 36.7871 ms.
  Solver solve [36]  |residual| = 2.95782e-15
  PARDISO Analysis Phase... Done in 187.959 ms.
  PARDISO Factorization Phase... Done in 15.8901 ms.
  Solver setup [37] n = 120000  nnz = 4319712
     analyze?        1
     use learner?    1
     pattern locked? 1
     call learner?   0
     call reserve?   0
     timer assembly matrix:   2.30133 s
     timer analyze+factorize: 7.93327 s
  PARDISO Solve Phase... Done in 34.7 ms.
  Solver solve [37]  |residual| = 4.69689e-18
  PARDISO Analysis Phase... Done in 185.965 ms.
  PARDISO Factorization Phase... Done in 15.9324 ms.
  Solver setup [38] n = 120000  nnz = 4319712
     analyze?        1
     use learner?    1
     pattern locked? 1
     call learner?   0
     call reserve?   0
     timer assembly matrix:   2.34872 s
     timer analyze+factorize: 8.13521 s
  PARDISO Solve Phase... Done in 34.8084 ms.
  Solver solve [38]  |residual| = 3.08187e-18
  PARDISO Analysis Phase... Done in 186.828 ms.
  PARDISO Factorization Phase... Done in 15.7569 ms.
  Solver setup [39] n = 120000  nnz = 4319712
     analyze?        1
     use learner?    1
     pattern locked? 1
     call learner?   0
     call reserve?   0
     timer assembly matrix:   2.3963 s
     timer analyze+factorize: 8.33785 s
  PARDISO Solve Phase... Done in 35.0985 ms.
  Solver solve [39]  |residual| = 3.08616e-18
Wall time (loop)     : 13.974411 s
Simulation time      : 0.010000 s
RTF (wall/sim)       : 1397.441058

Final tip position   : 1999.999372  0.000000  0.027812 m
Final tip angles XYZ : 0.000000  -2.885339  0.000000 deg
peakRSS=1203616kB total=15.07s
