OpenMP enabled (max_threads=16)
Thread settings: nthreads=16 (chrono/collision/eigen)
ANCF 3243 cantilever demo
  integration : PreInt
  solver      : CUSTOM
  elements    : 10000
  L_total     : 2000 m
  dx          : 0.2 m (per-element)
  W,H         : 0.1, 0.1 m
  tip_force   : 5000 N (Fz, applied along +Z)
  schedule    : Fz=const for steps 0..4, then Fz=0 for steps 5..9
  dt          : 0.001 s
  steps       : 10 (t_end=0.01 s)

  CuDSS Analysis Phase... Done in 53.4953 ms.
  CuDSS Factorization Phase... Done in 8.44499 ms.
  Solver setup [0] n = 120000  nnz = 4319712
     analyze?        1
     use learner?    1
     pattern locked? 1
     call learner?   1
     call reserve?   0
     timer assembly matrix:   0.487356 s
     timer analyze+factorize: 0.0679481 s
  CuDSS Solve Phase... Done in 0.734304 ms.
  Solver solve [0]  |residual| = 4.48505e-15
  CuDSS Analysis Phase... Done in 57.2857 ms.
  CuDSS Factorization Phase... Done in 3.4457 ms.
  Solver setup [1] n = 120000  nnz = 4319712
     analyze?        1
     use learner?    1
     pattern locked? 1
     call learner?   0
     call reserve?   0
     timer assembly matrix:   0.559869 s
     timer analyze+factorize: 0.135883 s
  CuDSS Solve Phase... Done in 0.305952 ms.
  Solver solve [1]  |residual| = 3.03291e-17
  CuDSS Analysis Phase... Done in 57.1834 ms.
  CuDSS Factorization Phase... Done in 3.45946 ms.
  Solver setup [2] n = 120000  nnz = 4319712
     analyze?        1
     use learner?    1
     pattern locked? 1
     call learner?   0
     call reserve?   0
     timer assembly matrix:   0.641169 s
     timer analyze+factorize: 0.203299 s
  CuDSS Solve Phase... Done in 0.306176 ms.
  Solver solve [2]  |residual| = 3.86492e-18
  CuDSS Analysis Phase... Done in 57.1043 ms.
  CuDSS Factorization Phase... Done in 3.40381 ms.
  Solver setup [3] n = 120000  nnz = 4319712
     analyze?        1
     use learner?    1
     pattern locked? 1
     call learner?   0
     call reserve?   0
     timer assembly matrix:   0.721804 s
     timer analyze+factorize: 0.270598 s
  CuDSS Solve Phase... Done in 0.304384 ms.
  Solver solve [3]  |residual| = 3.82509e-18
  CuDSS Analysis Phase... Done in 57.1953 ms.
  CuDSS Factorization Phase... Done in 3.4032 ms.
  Solver setup [4] n = 120000  nnz = 4319712
     analyze?        1
     use learner?    1
     pattern locked? 1
     call learner?   0
     call reserve?   0
     timer assembly matrix:   0.803593 s
     timer analyze+factorize: 0.337974 s
  CuDSS Solve Phase... Done in 0.30336 ms.
  Solver solve [4]  |residual| = 3.86319e-15
  CuDSS Analysis Phase... Done in 57.1583 ms.
  CuDSS Factorization Phase... Done in 3.39811 ms.
  Solver setup [5] n = 120000  nnz = 4319712
     analyze?        1
     use learner?    1
     pattern locked? 1
     call learner?   0
     call reserve?   0
     timer assembly matrix:   0.884468 s
     timer analyze+factorize: 0.405325 s
  CuDSS Solve Phase... Done in 0.305216 ms.
  Solver solve [5]  |residual| = 6.43687e-17
  CuDSS Analysis Phase... Done in 57.1319 ms.
  CuDSS Factorization Phase... Done in 3.40896 ms.
  Solver setup [6] n = 120000  nnz = 4319712
     analyze?        1
     use learner?    1
     pattern locked? 1
     call learner?   0
     call reserve?   0
     timer assembly matrix:   0.965835 s
     timer analyze+factorize: 0.472632 s
  CuDSS Solve Phase... Done in 0.306432 ms.
  Solver solve [6]  |residual| = 3.88246e-18
  CuDSS Analysis Phase... Done in 57.168 ms.
  CuDSS Factorization Phase... Done in 3.41651 ms.
  Solver setup [7] n = 120000  nnz = 4319712
     analyze?        1
     use learner?    1
     pattern locked? 1
     call learner?   0
     call reserve?   0
     timer assembly matrix:   1.04621 s
     timer analyze+factorize: 0.540002 s
  CuDSS Solve Phase... Done in 0.302944 ms.
  Solver solve [7]  |residual| = 3.86459e-18
  CuDSS Analysis Phase... Done in 57.3607 ms.
  CuDSS Factorization Phase... Done in 3.43872 ms.
  Solver setup [8] n = 120000  nnz = 4319712
     analyze?        1
     use learner?    1
     pattern locked? 1
     call learner?   0
     call reserve?   0
     timer assembly matrix:   1.12701 s
     timer analyze+factorize: 0.60759 s
  CuDSS Solve Phase... Done in 0.304896 ms.
  Solver solve [8]  |residual| = 5.71535e-15
  CuDSS Analysis Phase... Done in 57.1548 ms.
  CuDSS Factorization Phase... Done in 3.42714 ms.
  Solver setup [9] n = 120000  nnz = 4319712
     analyze?        1
     use learner?    1
     pattern locked? 1
     call learner?   0
     call reserve?   0
     timer assembly matrix:   1.20789 s
     timer analyze+factorize: 0.674933 s
  CuDSS Solve Phase... Done in 0.304064 ms.
  Solver solve [9]  |residual| = 3.01664e-17
  CuDSS Analysis Phase... Done in 57.4087 ms.
  CuDSS Factorization Phase... Done in 3.42496 ms.
  Solver setup [10] n = 120000  nnz = 4319712
     analyze?        1
     use learner?    1
     pattern locked? 1
     call learner?   0
     call reserve?   0
     timer assembly matrix:   1.28964 s
     timer analyze+factorize: 0.742575 s
  CuDSS Solve Phase... Done in 0.306176 ms.
  Solver solve [10]  |residual| = 3.81166e-18
  CuDSS Analysis Phase... Done in 57.016 ms.
  CuDSS Factorization Phase... Done in 3.44646 ms.
  Solver setup [11] n = 120000  nnz = 4319712
     analyze?        1
     use learner?    1
     pattern locked? 1
     call learner?   0
     call reserve?   0
     timer assembly matrix:   1.37032 s
     timer analyze+factorize: 0.809813 s
  CuDSS Solve Phase... Done in 0.305696 ms.
  Solver solve [11]  |residual| = 3.63001e-18
  CuDSS Analysis Phase... Done in 57.0268 ms.
  CuDSS Factorization Phase... Done in 3.42205 ms.
  Solver setup [12] n = 120000  nnz = 4319712
     analyze?        1
     use learner?    1
     pattern locked? 1
     call learner?   0
     call reserve?   0
     timer assembly matrix:   1.4512 s
     timer analyze+factorize: 0.87706 s
  CuDSS Solve Phase... Done in 0.304032 ms.
  Solver solve [12]  |residual| = 2.95013e-15
  CuDSS Analysis Phase... Done in 57.0494 ms.
  CuDSS Factorization Phase... Done in 3.41238 ms.
  Solver setup [13] n = 120000  nnz = 4319712
     analyze?        1
     use learner?    1
     pattern locked? 1
     call learner?   0
     call reserve?   0
     timer assembly matrix:   1.53229 s
     timer analyze+factorize: 0.944313 s
  CuDSS Solve Phase... Done in 0.303968 ms.
  Solver solve [13]  |residual| = 1.03058e-17
  CuDSS Analysis Phase... Done in 57.4608 ms.
  CuDSS Factorization Phase... Done in 3.41206 ms.
  Solver setup [14] n = 120000  nnz = 4319712
     analyze?        1
     use learner?    1
     pattern locked? 1
     call learner?   0
     call reserve?   0
     timer assembly matrix:   1.61441 s
     timer analyze+factorize: 1.01198 s
  CuDSS Solve Phase... Done in 0.304032 ms.
  Solver solve [14]  |residual| = 3.76919e-18
  CuDSS Analysis Phase... Done in 57.1792 ms.
  CuDSS Factorization Phase... Done in 3.43021 ms.
  Solver setup [15] n = 120000  nnz = 4319712
     analyze?        1
     use learner?    1
     pattern locked? 1
     call learner?   0
     call reserve?   0
     timer assembly matrix:   1.69517 s
     timer analyze+factorize: 1.07945 s
  CuDSS Solve Phase... Done in 0.30432 ms.
  Solver solve [15]  |residual| = 3.7613e-18
  CuDSS Analysis Phase... Done in 57.6118 ms.
  CuDSS Factorization Phase... Done in 3.40848 ms.
  Solver setup [16] n = 120000  nnz = 4319712
     analyze?        1
     use learner?    1
     pattern locked? 1
     call learner?   0
     call reserve?   0
     timer assembly matrix:   1.7758 s
     timer analyze+factorize: 1.14734 s
  CuDSS Solve Phase... Done in 0.304608 ms.
  Solver solve [16]  |residual| = 7.65499e-15
  CuDSS Analysis Phase... Done in 57.3598 ms.
  CuDSS Factorization Phase... Done in 3.72502 ms.
  Solver setup [17] n = 120000  nnz = 4319712
     analyze?        1
     use learner?    1
     pattern locked? 1
     call learner?   0
     call reserve?   0
     timer assembly matrix:   1.85666 s
     timer analyze+factorize: 1.21524 s
  CuDSS Solve Phase... Done in 0.383648 ms.
  Solver solve [17]  |residual| = 1.22372e-16
  CuDSS Analysis Phase... Done in 57.2364 ms.
  CuDSS Factorization Phase... Done in 3.41658 ms.
  Solver setup [18] n = 120000  nnz = 4319712
     analyze?        1
     use learner?    1
     pattern locked? 1
     call learner?   0
     call reserve?   0
     timer assembly matrix:   1.93759 s
     timer analyze+factorize: 1.28271 s
  CuDSS Solve Phase... Done in 0.303968 ms.
  Solver solve [18]  |residual| = 3.78305e-18
  CuDSS Analysis Phase... Done in 58.0892 ms.
  CuDSS Factorization Phase... Done in 3.74195 ms.
  Solver setup [19] n = 120000  nnz = 4319712
     analyze?        1
     use learner?    1
     pattern locked? 1
     call learner?   0
     call reserve?   0
     timer assembly matrix:   2.01823 s
     timer analyze+factorize: 1.35136 s
  CuDSS Solve Phase... Done in 0.387392 ms.
  Solver solve [19]  |residual| = 3.62505e-18
  CuDSS Analysis Phase... Done in 57.2087 ms.
  CuDSS Factorization Phase... Done in 3.41917 ms.
  Solver setup [20] n = 120000  nnz = 4319712
     analyze?        1
     use learner?    1
     pattern locked? 1
     call learner?   0
     call reserve?   0
     timer assembly matrix:   2.09935 s
     timer analyze+factorize: 1.41876 s
  CuDSS Solve Phase... Done in 0.304224 ms.
  Solver solve [20]  |residual| = 6.60555e-15
  CuDSS Analysis Phase... Done in 57.3062 ms.
  CuDSS Factorization Phase... Done in 3.41414 ms.
  Solver setup [21] n = 120000  nnz = 4319712
     analyze?        1
     use learner?    1
     pattern locked? 1
     call learner?   0
     call reserve?   0
     timer assembly matrix:   2.18009 s
     timer analyze+factorize: 1.48626 s
  CuDSS Solve Phase... Done in 0.305312 ms.
  Solver solve [21]  |residual| = 2.43436e-17
  CuDSS Analysis Phase... Done in 59.9982 ms.
  CuDSS Factorization Phase... Done in 3.42579 ms.
  Solver setup [22] n = 120000  nnz = 4319712
     analyze?        1
     use learner?    1
     pattern locked? 1
     call learner?   0
     call reserve?   0
     timer assembly matrix:   2.26053 s
     timer analyze+factorize: 1.55826 s
  CuDSS Solve Phase... Done in 0.386272 ms.
  Solver solve [22]  |residual| = 3.77724e-18
  CuDSS Analysis Phase... Done in 57.2432 ms.
  CuDSS Factorization Phase... Done in 3.40819 ms.
  Solver setup [23] n = 120000  nnz = 4319712
     analyze?        1
     use learner?    1
     pattern locked? 1
     call learner?   0
     call reserve?   0
     timer assembly matrix:   2.34139 s
     timer analyze+factorize: 1.62584 s
  CuDSS Solve Phase... Done in 0.305184 ms.
  Solver solve [23]  |residual| = 3.83719e-18
  CuDSS Analysis Phase... Done in 57.3622 ms.
  CuDSS Factorization Phase... Done in 3.42474 ms.
  Solver setup [24] n = 120000  nnz = 4319712
     analyze?        1
     use learner?    1
     pattern locked? 1
     call learner?   0
     call reserve?   0
     timer assembly matrix:   2.4231 s
     timer analyze+factorize: 1.6947 s
  CuDSS Solve Phase... Done in 0.30528 ms.
  Solver solve [24]  |residual| = 3.78089e-15
  CuDSS Analysis Phase... Done in 57.1513 ms.
  CuDSS Factorization Phase... Done in 3.51363 ms.
  Solver setup [25] n = 120000  nnz = 4319712
     analyze?        1
     use learner?    1
     pattern locked? 1
     call learner?   0
     call reserve?   0
     timer assembly matrix:   2.50405 s
     timer analyze+factorize: 1.76221 s
  CuDSS Solve Phase... Done in 0.303872 ms.
  Solver solve [25]  |residual| = 2.49075e-17
  CuDSS Analysis Phase... Done in 57.9773 ms.
  CuDSS Factorization Phase... Done in 3.84467 ms.
  Solver setup [26] n = 120000  nnz = 4319712
     analyze?        1
     use learner?    1
     pattern locked? 1
     call learner?   0
     call reserve?   0
     timer assembly matrix:   2.5847 s
     timer analyze+factorize: 1.83081 s
  CuDSS Solve Phase... Done in 0.385696 ms.
  Solver solve [26]  |residual| = 3.66088e-18
  CuDSS Analysis Phase... Done in 58.3625 ms.
  CuDSS Factorization Phase... Done in 3.41741 ms.
  Solver setup [27] n = 120000  nnz = 4319712
     analyze?        1
     use learner?    1
     pattern locked? 1
     call learner?   0
     call reserve?   0
     timer assembly matrix:   2.66613 s
     timer analyze+factorize: 1.89939 s
  CuDSS Solve Phase... Done in 0.382912 ms.
  Solver solve [27]  |residual| = 3.72425e-18
  CuDSS Analysis Phase... Done in 57.5967 ms.
  CuDSS Factorization Phase... Done in 3.40778 ms.
  Solver setup [28] n = 120000  nnz = 4319712
     analyze?        1
     use learner?    1
     pattern locked? 1
     call learner?   0
     call reserve?   0
     timer assembly matrix:   2.74711 s
     timer analyze+factorize: 1.96716 s
  CuDSS Solve Phase... Done in 0.303456 ms.
  Solver solve [28]  |residual| = 3.73847e-15
  CuDSS Analysis Phase... Done in 57.2119 ms.
  CuDSS Factorization Phase... Done in 3.51491 ms.
  Solver setup [29] n = 120000  nnz = 4319712
     analyze?        1
     use learner?    1
     pattern locked? 1
     call learner?   0
     call reserve?   0
     timer assembly matrix:   2.82855 s
     timer analyze+factorize: 2.03627 s
  CuDSS Solve Phase... Done in 0.302336 ms.
  Solver solve [29]  |residual| = 9.17821e-18
  CuDSS Analysis Phase... Done in 57.5195 ms.
  CuDSS Factorization Phase... Done in 3.42298 ms.
  Solver setup [30] n = 120000  nnz = 4319712
     analyze?        1
     use learner?    1
     pattern locked? 1
     call learner?   0
     call reserve?   0
     timer assembly matrix:   2.90933 s
     timer analyze+factorize: 2.10408 s
  CuDSS Solve Phase... Done in 0.306272 ms.
  Solver solve [30]  |residual| = 3.9305e-18
  CuDSS Analysis Phase... Done in 59.2149 ms.
  CuDSS Factorization Phase... Done in 3.40445 ms.
  Solver setup [31] n = 120000  nnz = 4319712
     analyze?        1
     use learner?    1
     pattern locked? 1
     call learner?   0
     call reserve?   0
     timer assembly matrix:   2.99044 s
     timer analyze+factorize: 2.17348 s
  CuDSS Solve Phase... Done in 0.38368 ms.
  Solver solve [31]  |residual| = 3.77161e-18
  CuDSS Analysis Phase... Done in 57.809 ms.
  CuDSS Factorization Phase... Done in 3.53782 ms.
  Solver setup [32] n = 120000  nnz = 4319712
     analyze?        1
     use learner?    1
     pattern locked? 1
     call learner?   0
     call reserve?   0
     timer assembly matrix:   3.07122 s
     timer analyze+factorize: 2.24162 s
  CuDSS Solve Phase... Done in 0.308224 ms.
  Solver solve [32]  |residual| = 3.34289e-15
  CuDSS Analysis Phase... Done in 57.8636 ms.
  CuDSS Factorization Phase... Done in 3.41872 ms.
  Solver setup [33] n = 120000  nnz = 4319712
     analyze?        1
     use learner?    1
     pattern locked? 1
     call learner?   0
     call reserve?   0
     timer assembly matrix:   3.15212 s
     timer analyze+factorize: 2.30972 s
  CuDSS Solve Phase... Done in 0.30224 ms.
  Solver solve [33]  |residual| = 9.39586e-18
  CuDSS Analysis Phase... Done in 65.4348 ms.
  CuDSS Factorization Phase... Done in 3.42922 ms.
  Solver setup [34] n = 120000  nnz = 4319712
     analyze?        1
     use learner?    1
     pattern locked? 1
     call learner?   0
     call reserve?   0
     timer assembly matrix:   3.23998 s
     timer analyze+factorize: 2.38785 s
  CuDSS Solve Phase... Done in 0.304576 ms.
  Solver solve [34]  |residual| = 3.66884e-18
  CuDSS Analysis Phase... Done in 59.4904 ms.
  CuDSS Factorization Phase... Done in 3.43219 ms.
  Solver setup [35] n = 120000  nnz = 4319712
     analyze?        1
     use learner?    1
     pattern locked? 1
     call learner?   0
     call reserve?   0
     timer assembly matrix:   3.33018 s
     timer analyze+factorize: 2.46012 s
  CuDSS Solve Phase... Done in 0.30448 ms.
  Solver solve [35]  |residual| = 3.71705e-18
  CuDSS Analysis Phase... Done in 64.4815 ms.
  CuDSS Factorization Phase... Done in 3.42541 ms.
  Solver setup [36] n = 120000  nnz = 4319712
     analyze?        1
     use learner?    1
     pattern locked? 1
     call learner?   0
     call reserve?   0
     timer assembly matrix:   3.42639 s
     timer analyze+factorize: 2.5402 s
  CuDSS Solve Phase... Done in 0.309568 ms.
  Solver solve [36]  |residual| = 2.58289e-15
  CuDSS Analysis Phase... Done in 54.1711 ms.
  CuDSS Factorization Phase... Done in 3.47482 ms.
  Solver setup [37] n = 120000  nnz = 4319712
     analyze?        1
     use learner?    1
     pattern locked? 1
     call learner?   0
     call reserve?   0
     timer assembly matrix:   3.48971 s
     timer analyze+factorize: 2.60679 s
  CuDSS Solve Phase... Done in 0.303776 ms.
  Solver solve [37]  |residual| = 5.5987e-18
  CuDSS Analysis Phase... Done in 54.2676 ms.
  CuDSS Factorization Phase... Done in 3.4072 ms.
  Solver setup [38] n = 120000  nnz = 4319712
     analyze?        1
     use learner?    1
     pattern locked? 1
     call learner?   0
     call reserve?   0
     timer assembly matrix:   3.54328 s
     timer analyze+factorize: 2.67093 s
  CuDSS Solve Phase... Done in 0.307712 ms.
  Solver solve [38]  |residual| = 3.93319e-18
  CuDSS Analysis Phase... Done in 51.4372 ms.
  CuDSS Factorization Phase... Done in 3.39984 ms.
  Solver setup [39] n = 120000  nnz = 4319712
     analyze?        1
     use learner?    1
     pattern locked? 1
     call learner?   0
     call reserve?   0
     timer assembly matrix:   3.59498 s
     timer analyze+factorize: 2.73142 s
  CuDSS Solve Phase... Done in 0.30784 ms.
  Solver solve [39]  |residual| = 3.67835e-18
Wall time (loop)     : 8.531725 s
Simulation time      : 0.010000 s
RTF (wall/sim)       : 853.172495

Final tip position   : 1999.999372  0.000000  0.027812 m
Final tip angles XYZ : 0.000000  -2.885339  0.000000 deg
peakRSS=1249708kB total=9.81s
