OpenMP enabled (max_threads=16)
Thread settings: nthreads=16 (chrono/collision/eigen)
ANCF 3243 cantilever demo
  integration : PreInt
  solver      : PARDISO_MKL
  elements    : 10000
  L_total     : 2000 m
  dx          : 0.2 m (per-element)
  W,H         : 0.1, 0.1 m
  tip_force   : 5000 N (Fz, applied along +Z)
  schedule    : Fz=const for steps 0..4, then Fz=0 for steps 5..9
  dt          : 0.001 s
  steps       : 10 (t_end=0.01 s)

  PARDISO Analysis Phase... Done in 292.759 ms.
  PARDISO Factorization Phase... Done in 21.8035 ms.
  Solver setup [0] n = 120000  nnz = 4319712
     analyze?        1
     use learner?    1
     pattern locked? 1
     call learner?   1
     call reserve?   0
     timer assembly matrix:   0.424938 s
     timer analyze+factorize: 0.314665 s
  PARDISO Solve Phase... Done in 47.287 ms.
  Solver solve [0]  |residual| = 2.63245e-15
  PARDISO Analysis Phase... Done in 327.081 ms.
  PARDISO Factorization Phase... Done in 17.9391 ms.
  Solver setup [1] n = 120000  nnz = 4319712
     analyze?        1
     use learner?    1
     pattern locked? 1
     call learner?   0
     call reserve?   0
     timer assembly matrix:   0.505374 s
     timer analyze+factorize: 0.659758 s
  PARDISO Solve Phase... Done in 47.3334 ms.
  Solver solve [1]  |residual| = 1.55975e-17
  PARDISO Analysis Phase... Done in 237.948 ms.
  PARDISO Factorization Phase... Done in 15.6232 ms.
  Solver setup [2] n = 120000  nnz = 4319712
     analyze?        1
     use learner?    1
     pattern locked? 1
     call learner?   0
     call reserve?   0
     timer assembly matrix:   0.587059 s
     timer analyze+factorize: 0.913391 s
  PARDISO Solve Phase... Done in 34.301 ms.
  Solver solve [2]  |residual| = 3.07737e-18
  PARDISO Analysis Phase... Done in 193.061 ms.
  PARDISO Factorization Phase... Done in 15.9271 ms.
  Solver setup [3] n = 120000  nnz = 4319712
     analyze?        1
     use learner?    1
     pattern locked? 1
     call learner?   0
     call reserve?   0
     timer assembly matrix:   0.63508 s
     timer analyze+factorize: 1.12243 s
  PARDISO Solve Phase... Done in 34.4056 ms.
  Solver solve [3]  |residual| = 3.08809e-18
  PARDISO Analysis Phase... Done in 194.148 ms.
  PARDISO Factorization Phase... Done in 15.9597 ms.
  Solver setup [4] n = 120000  nnz = 4319712
     analyze?        1
     use learner?    1
     pattern locked? 1
     call learner?   0
     call reserve?   0
     timer assembly matrix:   0.683709 s
     timer analyze+factorize: 1.33259 s
  PARDISO Solve Phase... Done in 34.5608 ms.
  Solver solve [4]  |residual| = 4.24452e-15
  PARDISO Analysis Phase... Done in 197.598 ms.
  PARDISO Factorization Phase... Done in 17.6797 ms.
  Solver setup [5] n = 120000  nnz = 4319712
     analyze?        1
     use learner?    1
     pattern locked? 1
     call learner?   0
     call reserve?   0
     timer assembly matrix:   0.741705 s
     timer analyze+factorize: 1.54792 s
  PARDISO Solve Phase... Done in 36.0092 ms.
  Solver solve [5]  |residual| = 2.20121e-17
  PARDISO Analysis Phase... Done in 193.193 ms.
  PARDISO Factorization Phase... Done in 16.6042 ms.
  Solver setup [6] n = 120000  nnz = 4319712
     analyze?        1
     use learner?    1
     pattern locked? 1
     call learner?   0
     call reserve?   0
     timer assembly matrix:   0.791598 s
     timer analyze+factorize: 1.75777 s
  PARDISO Solve Phase... Done in 36.4244 ms.
  Solver solve [6]  |residual| = 3.11131e-18
  PARDISO Analysis Phase... Done in 199.154 ms.
  PARDISO Factorization Phase... Done in 16.8994 ms.
  Solver setup [7] n = 120000  nnz = 4319712
     analyze?        1
     use learner?    1
     pattern locked? 1
     call learner?   0
     call reserve?   0
     timer assembly matrix:   0.841231 s
     timer analyze+factorize: 1.97387 s
  PARDISO Solve Phase... Done in 37.0778 ms.
  Solver solve [7]  |residual| = 3.06662e-18
  PARDISO Analysis Phase... Done in 202.461 ms.
  PARDISO Factorization Phase... Done in 17.04 ms.
  Solver setup [8] n = 120000  nnz = 4319712
     analyze?        1
     use learner?    1
     pattern locked? 1
     call learner?   0
     call reserve?   0
     timer assembly matrix:   0.891589 s
     timer analyze+factorize: 2.19343 s
  PARDISO Solve Phase... Done in 36.9178 ms.
  Solver solve [8]  |residual| = 1.89929e-15
  PARDISO Analysis Phase... Done in 191.477 ms.
  PARDISO Factorization Phase... Done in 16.0212 ms.
  Solver setup [9] n = 120000  nnz = 4319712
     analyze?        1
     use learner?    1
     pattern locked? 1
     call learner?   0
     call reserve?   0
     timer assembly matrix:   0.940786 s
     timer analyze+factorize: 2.40098 s
  PARDISO Solve Phase... Done in 36.3842 ms.
  Solver solve [9]  |residual| = 1.68631e-17
  PARDISO Analysis Phase... Done in 203.366 ms.
  PARDISO Factorization Phase... Done in 16.6813 ms.
  Solver setup [10] n = 120000  nnz = 4319712
     analyze?        1
     use learner?    1
     pattern locked? 1
     call learner?   0
     call reserve?   0
     timer assembly matrix:   0.992154 s
     timer analyze+factorize: 2.62108 s
  PARDISO Solve Phase... Done in 35.3314 ms.
  Solver solve [10]  |residual| = 3.04805e-18
  PARDISO Analysis Phase... Done in 194.102 ms.
  PARDISO Factorization Phase... Done in 16.6173 ms.
  Solver setup [11] n = 120000  nnz = 4319712
     analyze?        1
     use learner?    1
     pattern locked? 1
     call learner?   0
     call reserve?   0
     timer assembly matrix:   1.04036 s
     timer analyze+factorize: 2.83187 s
  PARDISO Solve Phase... Done in 34.9382 ms.
  Solver solve [11]  |residual| = 2.99353e-18
  PARDISO Analysis Phase... Done in 186.242 ms.
  PARDISO Factorization Phase... Done in 16.1686 ms.
  Solver setup [12] n = 120000  nnz = 4319712
     analyze?        1
     use learner?    1
     pattern locked? 1
     call learner?   0
     call reserve?   0
     timer assembly matrix:   1.08811 s
     timer analyze+factorize: 3.03434 s
  PARDISO Solve Phase... Done in 35.1151 ms.
  Solver solve [12]  |residual| = 2.84294e-15
  PARDISO Analysis Phase... Done in 186.571 ms.
  PARDISO Factorization Phase... Done in 15.8767 ms.
  Solver setup [13] n = 120000  nnz = 4319712
     analyze?        1
     use learner?    1
     pattern locked? 1
     call learner?   0
     call reserve?   0
     timer assembly matrix:   1.13521 s
     timer analyze+factorize: 3.23684 s
  PARDISO Solve Phase... Done in 34.6484 ms.
  Solver solve [13]  |residual| = 7.57144e-18
  PARDISO Analysis Phase... Done in 186.968 ms.
  PARDISO Factorization Phase... Done in 15.9633 ms.
  Solver setup [14] n = 120000  nnz = 4319712
     analyze?        1
     use learner?    1
     pattern locked? 1
     call learner?   0
     call reserve?   0
     timer assembly matrix:   1.18262 s
     timer analyze+factorize: 3.43983 s
  PARDISO Solve Phase... Done in 35.194 ms.
  Solver solve [14]  |residual| = 3.03868e-18
  PARDISO Analysis Phase... Done in 189.203 ms.
  PARDISO Factorization Phase... Done in 15.9501 ms.
  Solver setup [15] n = 120000  nnz = 4319712
     analyze?        1
     use learner?    1
     pattern locked? 1
     call learner?   0
     call reserve?   0
     timer assembly matrix:   1.22966 s
     timer analyze+factorize: 3.64503 s
  PARDISO Solve Phase... Done in 35.8298 ms.
  Solver solve [15]  |residual| = 3.09797e-18
  PARDISO Analysis Phase... Done in 189.25 ms.
  PARDISO Factorization Phase... Done in 15.972 ms.
  Solver setup [16] n = 120000  nnz = 4319712
     analyze?        1
     use learner?    1
     pattern locked? 1
     call learner?   0
     call reserve?   0
     timer assembly matrix:   1.28007 s
     timer analyze+factorize: 3.85031 s
  PARDISO Solve Phase... Done in 34.9642 ms.
  Solver solve [16]  |residual| = 6.15804e-15
  PARDISO Analysis Phase... Done in 200.859 ms.
  PARDISO Factorization Phase... Done in 15.8366 ms.
  Solver setup [17] n = 120000  nnz = 4319712
     analyze?        1
     use learner?    1
     pattern locked? 1
     call learner?   0
     call reserve?   0
     timer assembly matrix:   1.32736 s
     timer analyze+factorize: 4.06706 s
  PARDISO Solve Phase... Done in 35.501 ms.
  Solver solve [17]  |residual| = 8.02538e-17
  PARDISO Analysis Phase... Done in 186.684 ms.
  PARDISO Factorization Phase... Done in 16.379 ms.
  Solver setup [18] n = 120000  nnz = 4319712
     analyze?        1
     use learner?    1
     pattern locked? 1
     call learner?   0
     call reserve?   0
     timer assembly matrix:   1.37598 s
     timer analyze+factorize: 4.27018 s
  PARDISO Solve Phase... Done in 35.0076 ms.
  Solver solve [18]  |residual| = 3.0507e-18
  PARDISO Analysis Phase... Done in 186.2 ms.
  PARDISO Factorization Phase... Done in 16.0185 ms.
  Solver setup [19] n = 120000  nnz = 4319712
     analyze?        1
     use learner?    1
     pattern locked? 1
     call learner?   0
     call reserve?   0
     timer assembly matrix:   1.42489 s
     timer analyze+factorize: 4.47246 s
  PARDISO Solve Phase... Done in 35.0267 ms.
  Solver solve [19]  |residual| = 2.99609e-18
  PARDISO Analysis Phase... Done in 188.047 ms.
  PARDISO Factorization Phase... Done in 17.557 ms.
  Solver setup [20] n = 120000  nnz = 4319712
     analyze?        1
     use learner?    1
     pattern locked? 1
     call learner?   0
     call reserve?   0
     timer assembly matrix:   1.47233 s
     timer analyze+factorize: 4.67812 s
  PARDISO Solve Phase... Done in 36.1576 ms.
  Solver solve [20]  |residual| = 5.9971e-15
  PARDISO Analysis Phase... Done in 187.205 ms.
  PARDISO Factorization Phase... Done in 15.8429 ms.
  Solver setup [21] n = 120000  nnz = 4319712
     analyze?        1
     use learner?    1
     pattern locked? 1
     call learner?   0
     call reserve?   0
     timer assembly matrix:   1.5204 s
     timer analyze+factorize: 4.88122 s
  PARDISO Solve Phase... Done in 35.3625 ms.
  Solver solve [21]  |residual| = 1.18541e-17
  PARDISO Analysis Phase... Done in 186.848 ms.
  PARDISO Factorization Phase... Done in 17.0877 ms.
  Solver setup [22] n = 120000  nnz = 4319712
     analyze?        1
     use learner?    1
     pattern locked? 1
     call learner?   0
     call reserve?   0
     timer assembly matrix:   1.56869 s
     timer analyze+factorize: 5.08522 s
  PARDISO Solve Phase... Done in 37.4552 ms.
  Solver solve [22]  |residual| = 3.09795e-18
  PARDISO Analysis Phase... Done in 192.373 ms.
  PARDISO Factorization Phase... Done in 17.2216 ms.
  Solver setup [23] n = 120000  nnz = 4319712
     analyze?        1
     use learner?    1
     pattern locked? 1
     call learner?   0
     call reserve?   0
     timer assembly matrix:   1.61972 s
     timer analyze+factorize: 5.29488 s
  PARDISO Solve Phase... Done in 40.6417 ms.
  Solver solve [23]  |residual| = 3.00838e-18
  PARDISO Analysis Phase... Done in 186.445 ms.
  PARDISO Factorization Phase... Done in 16.5075 ms.
  Solver setup [24] n = 120000  nnz = 4319712
     analyze?        1
     use learner?    1
     pattern locked? 1
     call learner?   0
     call reserve?   0
     timer assembly matrix:   1.66815 s
     timer analyze+factorize: 5.49789 s
  PARDISO Solve Phase... Done in 38.3986 ms.
  Solver solve [24]  |residual| = 2.97994e-15
  PARDISO Analysis Phase... Done in 189.034 ms.
  PARDISO Factorization Phase... Done in 15.9965 ms.
  Solver setup [25] n = 120000  nnz = 4319712
     analyze?        1
     use learner?    1
     pattern locked? 1
     call learner?   0
     call reserve?   0
     timer assembly matrix:   1.71881 s
     timer analyze+factorize: 5.70297 s
  PARDISO Solve Phase... Done in 35.3589 ms.
  Solver solve [25]  |residual| = 1.21594e-17
  PARDISO Analysis Phase... Done in 196.057 ms.
  PARDISO Factorization Phase... Done in 16.2447 ms.
  Solver setup [26] n = 120000  nnz = 4319712
     analyze?        1
     use learner?    1
     pattern locked? 1
     call learner?   0
     call reserve?   0
     timer assembly matrix:   1.7672 s
     timer analyze+factorize: 5.91533 s
  PARDISO Solve Phase... Done in 35.0053 ms.
  Solver solve [26]  |residual| = 3.00954e-18
  PARDISO Analysis Phase... Done in 187.836 ms.
  PARDISO Factorization Phase... Done in 15.9422 ms.
  Solver setup [27] n = 120000  nnz = 4319712
     analyze?        1
     use learner?    1
     pattern locked? 1
     call learner?   0
     call reserve?   0
     timer assembly matrix:   1.81467 s
     timer analyze+factorize: 6.11916 s
  PARDISO Solve Phase... Done in 36.0176 ms.
  Solver solve [27]  |residual| = 2.85171e-18
  PARDISO Analysis Phase... Done in 187.188 ms.
  PARDISO Factorization Phase... Done in 16.0077 ms.
  Solver setup [28] n = 120000  nnz = 4319712
     analyze?        1
     use learner?    1
     pattern locked? 1
     call learner?   0
     call reserve?   0
     timer assembly matrix:   1.86234 s
     timer analyze+factorize: 6.32241 s
  PARDISO Solve Phase... Done in 34.9079 ms.
  Solver solve [28]  |residual| = 2.22662e-15
  PARDISO Analysis Phase... Done in 188.677 ms.
  PARDISO Factorization Phase... Done in 15.9555 ms.
  Solver setup [29] n = 120000  nnz = 4319712
     analyze?        1
     use learner?    1
     pattern locked? 1
     call learner?   0
     call reserve?   0
     timer assembly matrix:   1.91023 s
     timer analyze+factorize: 6.52709 s
  PARDISO Solve Phase... Done in 34.9997 ms.
  Solver solve [29]  |residual| = 7.75186e-18
  PARDISO Analysis Phase... Done in 192.611 ms.
  PARDISO Factorization Phase... Done in 15.6491 ms.
  Solver setup [30] n = 120000  nnz = 4319712
     analyze?        1
     use learner?    1
     pattern locked? 1
     call learner?   0
     call reserve?   0
     timer assembly matrix:   1.95878 s
     timer analyze+factorize: 6.7354 s
  PARDISO Solve Phase... Done in 35.2382 ms.
  Solver solve [30]  |residual| = 3.12019e-18
  PARDISO Analysis Phase... Done in 186.32 ms.
  PARDISO Factorization Phase... Done in 15.9644 ms.
  Solver setup [31] n = 120000  nnz = 4319712
     analyze?        1
     use learner?    1
     pattern locked? 1
     call learner?   0
     call reserve?   0
     timer assembly matrix:   2.00627 s
     timer analyze+factorize: 6.93774 s
  PARDISO Solve Phase... Done in 35.7414 ms.
  Solver solve [31]  |residual| = 2.99437e-18
  PARDISO Analysis Phase... Done in 195.229 ms.
  PARDISO Factorization Phase... Done in 15.6445 ms.
  Solver setup [32] n = 120000  nnz = 4319712
     analyze?        1
     use learner?    1
     pattern locked? 1
     call learner?   0
     call reserve?   0
     timer assembly matrix:   2.05403 s
     timer analyze+factorize: 7.14867 s
  PARDISO Solve Phase... Done in 35.6103 ms.
  Solver solve [32]  |residual| = 2.95492e-15
  PARDISO Analysis Phase... Done in 189.989 ms.
  PARDISO Factorization Phase... Done in 15.7617 ms.
  Solver setup [33] n = 120000  nnz = 4319712
     analyze?        1
     use learner?    1
     pattern locked? 1
     call learner?   0
     call reserve?   0
     timer assembly matrix:   2.1027 s
     timer analyze+factorize: 7.35447 s
  PARDISO Solve Phase... Done in 34.8727 ms.
  Solver solve [33]  |residual| = 5.87862e-18
  PARDISO Analysis Phase... Done in 186.628 ms.
  PARDISO Factorization Phase... Done in 15.9344 ms.
  Solver setup [34] n = 120000  nnz = 4319712
     analyze?        1
     use learner?    1
     pattern locked? 1
     call learner?   0
     call reserve?   0
     timer assembly matrix:   2.15146 s
     timer analyze+factorize: 7.55708 s
  PARDISO Solve Phase... Done in 34.9757 ms.
  Solver solve [34]  |residual| = 3.04023e-18
  PARDISO Analysis Phase... Done in 193.66 ms.
  PARDISO Factorization Phase... Done in 16.4459 ms.
  Solver setup [35] n = 120000  nnz = 4319712
     analyze?        1
     use learner?    1
     pattern locked? 1
     call learner?   0
     call reserve?   0
     timer assembly matrix:   2.20176 s
     timer analyze+factorize: 7.76725 s
  PARDISO Solve Phase... Done in 35.0369 ms.
  Solver solve [35]  |residual| = 3.16919e-18
  PARDISO Analysis Phase... Done in 188.188 ms.
  PARDISO Factorization Phase... Done in 16.1879 ms.
  Solver setup [36] n = 120000  nnz = 4319712
     analyze?        1
     use learner?    1
     pattern locked? 1
     call learner?   0
     call reserve?   0
     timer assembly matrix:   2.24935 s
     timer analyze+factorize: 7.97168 s
  PARDISO Solve Phase... Done in 36.1617 ms.
  Solver solve [36]  |residual| = 2.95782e-15
  PARDISO Analysis Phase... Done in 186.63 ms.
  PARDISO Factorization Phase... Done in 16.0421 ms.
  Solver setup [37] n = 120000  nnz = 4319712
     analyze?        1
     use learner?    1
     pattern locked? 1
     call learner?   0
     call reserve?   0
     timer assembly matrix:   2.2972 s
     timer analyze+factorize: 8.1744 s
  PARDISO Solve Phase... Done in 34.9476 ms.
  Solver solve [37]  |residual| = 4.70231e-18
  PARDISO Analysis Phase... Done in 190.438 ms.
  PARDISO Factorization Phase... Done in 16.3961 ms.
  Solver setup [38] n = 120000  nnz = 4319712
     analyze?        1
     use learner?    1
     pattern locked? 1
     call learner?   0
     call reserve?   0
     timer assembly matrix:   2.34507 s
     timer analyze+factorize: 8.38129 s
  PARDISO Solve Phase... Done in 36.5388 ms.
  Solver solve [38]  |residual| = 3.06263e-18
  PARDISO Analysis Phase... Done in 188.745 ms.
  PARDISO Factorization Phase... Done in 15.9969 ms.
  Solver setup [39] n = 120000  nnz = 4319712
     analyze?        1
     use learner?    1
     pattern locked? 1
     call learner?   0
     call reserve?   0
     timer assembly matrix:   2.39369 s
     timer analyze+factorize: 8.58607 s
  PARDISO Solve Phase... Done in 36.8038 ms.
  Solver solve [39]  |residual| = 3.06765e-18
Wall time (loop)     : 14.292026 s
Simulation time      : 0.010000 s
RTF (wall/sim)       : 1429.202644

Final tip position   : 1999.999372  0.000000  0.027812 m
Final tip angles XYZ : 0.000000  -2.885339  0.000000 deg
peakRSS=1204184kB total=15.40s
