OpenMP enabled (max_threads=16)
Thread settings: nthreads=16 (chrono/collision/eigen)
ANCF 3243 cantilever demo
  integration : PreInt
  solver      : PARDISO_MKL
  elements    : 10000
  L_total     : 2000 m
  dx          : 0.2 m (per-element)
  W,H         : 0.1, 0.1 m
  tip_force   : 5000 N (Fz, applied along +Z)
  schedule    : Fz=const for steps 0..4, then Fz=0 for steps 5..9
  dt          : 0.001 s
  steps       : 10 (t_end=0.01 s)

  PARDISO Analysis Phase... Done in 191.283 ms.
  PARDISO Factorization Phase... Done in 17.7024 ms.
  Solver setup [0] n = 120000  nnz = 4319712
     analyze?        1
     use learner?    1
     pattern locked? 1
     call learner?   1
     call reserve?   0
     timer assembly matrix:   0.427475 s
     timer analyze+factorize: 0.209074 s
  PARDISO Solve Phase... Done in 35.5948 ms.
  Solver solve [0]  |residual| = 2.63245e-15
  PARDISO Analysis Phase... Done in 190.258 ms.
  PARDISO Factorization Phase... Done in 16.0543 ms.
  Solver setup [1] n = 120000  nnz = 4319712
     analyze?        1
     use learner?    1
     pattern locked? 1
     call learner?   0
     call reserve?   0
     timer assembly matrix:   0.474953 s
     timer analyze+factorize: 0.41544 s
  PARDISO Solve Phase... Done in 34.6579 ms.
  Solver solve [1]  |residual| = 1.55982e-17
  PARDISO Analysis Phase... Done in 192.273 ms.
  PARDISO Factorization Phase... Done in 16.1642 ms.
  Solver setup [2] n = 120000  nnz = 4319712
     analyze?        1
     use learner?    1
     pattern locked? 1
     call learner?   0
     call reserve?   0
     timer assembly matrix:   0.522277 s
     timer analyze+factorize: 0.623929 s
  PARDISO Solve Phase... Done in 34.8705 ms.
  Solver solve [2]  |residual| = 3.0775e-18
  PARDISO Analysis Phase... Done in 191.394 ms.
  PARDISO Factorization Phase... Done in 16.2138 ms.
  Solver setup [3] n = 120000  nnz = 4319712
     analyze?        1
     use learner?    1
     pattern locked? 1
     call learner?   0
     call reserve?   0
     timer assembly matrix:   0.571215 s
     timer analyze+factorize: 0.83159 s
  PARDISO Solve Phase... Done in 34.5816 ms.
  Solver solve [3]  |residual| = 3.08541e-18
  PARDISO Analysis Phase... Done in 186.36 ms.
  PARDISO Factorization Phase... Done in 16.2605 ms.
  Solver setup [4] n = 120000  nnz = 4319712
     analyze?        1
     use learner?    1
     pattern locked? 1
     call learner?   0
     call reserve?   0
     timer assembly matrix:   0.618987 s
     timer analyze+factorize: 1.03427 s
  PARDISO Solve Phase... Done in 34.7635 ms.
  Solver solve [4]  |residual| = 4.24452e-15
  PARDISO Analysis Phase... Done in 186.324 ms.
  PARDISO Factorization Phase... Done in 16.0485 ms.
  Solver setup [5] n = 120000  nnz = 4319712
     analyze?        1
     use learner?    1
     pattern locked? 1
     call learner?   0
     call reserve?   0
     timer assembly matrix:   0.666496 s
     timer analyze+factorize: 1.2367 s
  PARDISO Solve Phase... Done in 34.6791 ms.
  Solver solve [5]  |residual| = 2.20127e-17
  PARDISO Analysis Phase... Done in 187.717 ms.
  PARDISO Factorization Phase... Done in 16.1394 ms.
  Solver setup [6] n = 120000  nnz = 4319712
     analyze?        1
     use learner?    1
     pattern locked? 1
     call learner?   0
     call reserve?   0
     timer assembly matrix:   0.713701 s
     timer analyze+factorize: 1.44061 s
  PARDISO Solve Phase... Done in 34.9009 ms.
  Solver solve [6]  |residual| = 3.14264e-18
  PARDISO Analysis Phase... Done in 189.377 ms.
  PARDISO Factorization Phase... Done in 16.1918 ms.
  Solver setup [7] n = 120000  nnz = 4319712
     analyze?        1
     use learner?    1
     pattern locked? 1
     call learner?   0
     call reserve?   0
     timer assembly matrix:   0.76135 s
     timer analyze+factorize: 1.64623 s
  PARDISO Solve Phase... Done in 35.0929 ms.
  Solver solve [7]  |residual| = 3.0598e-18
  PARDISO Analysis Phase... Done in 193.497 ms.
  PARDISO Factorization Phase... Done in 17.2922 ms.
  Solver setup [8] n = 120000  nnz = 4319712
     analyze?        1
     use learner?    1
     pattern locked? 1
     call learner?   0
     call reserve?   0
     timer assembly matrix:   0.809324 s
     timer analyze+factorize: 1.85708 s
  PARDISO Solve Phase... Done in 35.2752 ms.
  Solver solve [8]  |residual| = 1.89929e-15
  PARDISO Analysis Phase... Done in 186.423 ms.
  PARDISO Factorization Phase... Done in 16.1308 ms.
  Solver setup [9] n = 120000  nnz = 4319712
     analyze?        1
     use learner?    1
     pattern locked? 1
     call learner?   0
     call reserve?   0
     timer assembly matrix:   0.85718 s
     timer analyze+factorize: 2.05969 s
  PARDISO Solve Phase... Done in 34.8616 ms.
  Solver solve [9]  |residual| = 1.68624e-17
  PARDISO Analysis Phase... Done in 185.936 ms.
  PARDISO Factorization Phase... Done in 16.0639 ms.
  Solver setup [10] n = 120000  nnz = 4319712
     analyze?        1
     use learner?    1
     pattern locked? 1
     call learner?   0
     call reserve?   0
     timer assembly matrix:   0.904497 s
     timer analyze+factorize: 2.26174 s
  PARDISO Solve Phase... Done in 35.1177 ms.
  Solver solve [10]  |residual| = 3.06042e-18
  PARDISO Analysis Phase... Done in 186.309 ms.
  PARDISO Factorization Phase... Done in 16.2886 ms.
  Solver setup [11] n = 120000  nnz = 4319712
     analyze?        1
     use learner?    1
     pattern locked? 1
     call learner?   0
     call reserve?   0
     timer assembly matrix:   0.951964 s
     timer analyze+factorize: 2.4644 s
  PARDISO Solve Phase... Done in 35.1651 ms.
  Solver solve [11]  |residual| = 2.99445e-18
  PARDISO Analysis Phase... Done in 187.961 ms.
  PARDISO Factorization Phase... Done in 16.05 ms.
  Solver setup [12] n = 120000  nnz = 4319712
     analyze?        1
     use learner?    1
     pattern locked? 1
     call learner?   0
     call reserve?   0
     timer assembly matrix:   0.999812 s
     timer analyze+factorize: 2.66846 s
  PARDISO Solve Phase... Done in 35.3954 ms.
  Solver solve [12]  |residual| = 2.84294e-15
  PARDISO Analysis Phase... Done in 187.055 ms.
  PARDISO Factorization Phase... Done in 16.411 ms.
  Solver setup [13] n = 120000  nnz = 4319712
     analyze?        1
     use learner?    1
     pattern locked? 1
     call learner?   0
     call reserve?   0
     timer assembly matrix:   1.04758 s
     timer analyze+factorize: 2.87197 s
  PARDISO Solve Phase... Done in 35.4854 ms.
  Solver solve [13]  |residual| = 7.57529e-18
  PARDISO Analysis Phase... Done in 192.345 ms.
  PARDISO Factorization Phase... Done in 16.7212 ms.
  Solver setup [14] n = 120000  nnz = 4319712
     analyze?        1
     use learner?    1
     pattern locked? 1
     call learner?   0
     call reserve?   0
     timer assembly matrix:   1.09611 s
     timer analyze+factorize: 3.08108 s
  PARDISO Solve Phase... Done in 36.5791 ms.
  Solver solve [14]  |residual| = 3.038e-18
  PARDISO Analysis Phase... Done in 199.376 ms.
  PARDISO Factorization Phase... Done in 16.6447 ms.
  Solver setup [15] n = 120000  nnz = 4319712
     analyze?        1
     use learner?    1
     pattern locked? 1
     call learner?   0
     call reserve?   0
     timer assembly matrix:   1.1444 s
     timer analyze+factorize: 3.29716 s
  PARDISO Solve Phase... Done in 36.2434 ms.
  Solver solve [15]  |residual| = 3.09382e-18
  PARDISO Analysis Phase... Done in 188.526 ms.
  PARDISO Factorization Phase... Done in 16.5417 ms.
  Solver setup [16] n = 120000  nnz = 4319712
     analyze?        1
     use learner?    1
     pattern locked? 1
     call learner?   0
     call reserve?   0
     timer assembly matrix:   1.19263 s
     timer analyze+factorize: 3.50227 s
  PARDISO Solve Phase... Done in 35.3611 ms.
  Solver solve [16]  |residual| = 6.15804e-15
  PARDISO Analysis Phase... Done in 187.327 ms.
  PARDISO Factorization Phase... Done in 16.7341 ms.
  Solver setup [17] n = 120000  nnz = 4319712
     analyze?        1
     use learner?    1
     pattern locked? 1
     call learner?   0
     call reserve?   0
     timer assembly matrix:   1.24029 s
     timer analyze+factorize: 3.70639 s
  PARDISO Solve Phase... Done in 36.0512 ms.
  Solver solve [17]  |residual| = 8.02541e-17
  PARDISO Analysis Phase... Done in 189.574 ms.
  PARDISO Factorization Phase... Done in 16.4615 ms.
  Solver setup [18] n = 120000  nnz = 4319712
     analyze?        1
     use learner?    1
     pattern locked? 1
     call learner?   0
     call reserve?   0
     timer assembly matrix:   1.28804 s
     timer analyze+factorize: 3.91247 s
  PARDISO Solve Phase... Done in 35.07 ms.
  Solver solve [18]  |residual| = 3.07243e-18
  PARDISO Analysis Phase... Done in 191.51 ms.
  PARDISO Factorization Phase... Done in 16.4892 ms.
  Solver setup [19] n = 120000  nnz = 4319712
     analyze?        1
     use learner?    1
     pattern locked? 1
     call learner?   0
     call reserve?   0
     timer assembly matrix:   1.33587 s
     timer analyze+factorize: 4.12052 s
  PARDISO Solve Phase... Done in 35.0094 ms.
  Solver solve [19]  |residual| = 3.00784e-18
  PARDISO Analysis Phase... Done in 186.492 ms.
  PARDISO Factorization Phase... Done in 15.9397 ms.
  Solver setup [20] n = 120000  nnz = 4319712
     analyze?        1
     use learner?    1
     pattern locked? 1
     call learner?   0
     call reserve?   0
     timer assembly matrix:   1.38354 s
     timer analyze+factorize: 4.323 s
  PARDISO Solve Phase... Done in 34.6964 ms.
  Solver solve [20]  |residual| = 5.9971e-15
  PARDISO Analysis Phase... Done in 185.663 ms.
  PARDISO Factorization Phase... Done in 16.1633 ms.
  Solver setup [21] n = 120000  nnz = 4319712
     analyze?        1
     use learner?    1
     pattern locked? 1
     call learner?   0
     call reserve?   0
     timer assembly matrix:   1.43085 s
     timer analyze+factorize: 4.52488 s
  PARDISO Solve Phase... Done in 34.6777 ms.
  Solver solve [21]  |residual| = 1.18555e-17
  PARDISO Analysis Phase... Done in 186.412 ms.
  PARDISO Factorization Phase... Done in 16.3044 ms.
  Solver setup [22] n = 120000  nnz = 4319712
     analyze?        1
     use learner?    1
     pattern locked? 1
     call learner?   0
     call reserve?   0
     timer assembly matrix:   1.47802 s
     timer analyze+factorize: 4.72765 s
  PARDISO Solve Phase... Done in 35.1837 ms.
  Solver solve [22]  |residual| = 3.08384e-18
  PARDISO Analysis Phase... Done in 186.679 ms.
  PARDISO Factorization Phase... Done in 15.7604 ms.
  Solver setup [23] n = 120000  nnz = 4319712
     analyze?        1
     use learner?    1
     pattern locked? 1
     call learner?   0
     call reserve?   0
     timer assembly matrix:   1.52571 s
     timer analyze+factorize: 4.93015 s
  PARDISO Solve Phase... Done in 34.6815 ms.
  Solver solve [23]  |residual| = 3.04829e-18
  PARDISO Analysis Phase... Done in 195.233 ms.
  PARDISO Factorization Phase... Done in 17.1352 ms.
  Solver setup [24] n = 120000  nnz = 4319712
     analyze?        1
     use learner?    1
     pattern locked? 1
     call learner?   0
     call reserve?   0
     timer assembly matrix:   1.57296 s
     timer analyze+factorize: 5.14258 s
  PARDISO Solve Phase... Done in 37.0234 ms.
  Solver solve [24]  |residual| = 2.97994e-15
  PARDISO Analysis Phase... Done in 187.72 ms.
  PARDISO Factorization Phase... Done in 16.0114 ms.
  Solver setup [25] n = 120000  nnz = 4319712
     analyze?        1
     use learner?    1
     pattern locked? 1
     call learner?   0
     call reserve?   0
     timer assembly matrix:   1.62209 s
     timer analyze+factorize: 5.34637 s
  PARDISO Solve Phase... Done in 34.9224 ms.
  Solver solve [25]  |residual| = 1.21586e-17
  PARDISO Analysis Phase... Done in 192.309 ms.
  PARDISO Factorization Phase... Done in 15.7131 ms.
  Solver setup [26] n = 120000  nnz = 4319712
     analyze?        1
     use learner?    1
     pattern locked? 1
     call learner?   0
     call reserve?   0
     timer assembly matrix:   1.66931 s
     timer analyze+factorize: 5.55444 s
  PARDISO Solve Phase... Done in 34.436 ms.
  Solver solve [26]  |residual| = 3.0134e-18
  PARDISO Analysis Phase... Done in 186.222 ms.
  PARDISO Factorization Phase... Done in 16.1551 ms.
  Solver setup [27] n = 120000  nnz = 4319712
     analyze?        1
     use learner?    1
     pattern locked? 1
     call learner?   0
     call reserve?   0
     timer assembly matrix:   1.71639 s
     timer analyze+factorize: 5.75687 s
  PARDISO Solve Phase... Done in 34.5211 ms.
  Solver solve [27]  |residual| = 2.82001e-18
  PARDISO Analysis Phase... Done in 187.221 ms.
  PARDISO Factorization Phase... Done in 16.119 ms.
  Solver setup [28] n = 120000  nnz = 4319712
     analyze?        1
     use learner?    1
     pattern locked? 1
     call learner?   0
     call reserve?   0
     timer assembly matrix:   1.76367 s
     timer analyze+factorize: 5.96026 s
  PARDISO Solve Phase... Done in 35.7192 ms.
  Solver solve [28]  |residual| = 2.22662e-15
  PARDISO Analysis Phase... Done in 200.017 ms.
  PARDISO Factorization Phase... Done in 15.5776 ms.
  Solver setup [29] n = 120000  nnz = 4319712
     analyze?        1
     use learner?    1
     pattern locked? 1
     call learner?   0
     call reserve?   0
     timer assembly matrix:   1.81091 s
     timer analyze+factorize: 6.17592 s
  PARDISO Solve Phase... Done in 35.4487 ms.
  Solver solve [29]  |residual| = 7.75365e-18
  PARDISO Analysis Phase... Done in 244.997 ms.
  PARDISO Factorization Phase... Done in 19.8246 ms.
  Solver setup [30] n = 120000  nnz = 4319712
     analyze?        1
     use learner?    1
     pattern locked? 1
     call learner?   0
     call reserve?   0
     timer assembly matrix:   1.86211 s
     timer analyze+factorize: 6.4408 s
  PARDISO Solve Phase... Done in 48.139 ms.
  Solver solve [30]  |residual| = 3.12204e-18
  PARDISO Analysis Phase... Done in 207.527 ms.
  PARDISO Factorization Phase... Done in 15.6532 ms.
  Solver setup [31] n = 120000  nnz = 4319712
     analyze?        1
     use learner?    1
     pattern locked? 1
     call learner?   0
     call reserve?   0
     timer assembly matrix:   1.92351 s
     timer analyze+factorize: 6.66403 s
  PARDISO Solve Phase... Done in 34.6233 ms.
  Solver solve [31]  |residual| = 3.02378e-18
  PARDISO Analysis Phase... Done in 191.029 ms.
  PARDISO Factorization Phase... Done in 15.8279 ms.
  Solver setup [32] n = 120000  nnz = 4319712
     analyze?        1
     use learner?    1
     pattern locked? 1
     call learner?   0
     call reserve?   0
     timer assembly matrix:   1.97117 s
     timer analyze+factorize: 6.87095 s
  PARDISO Solve Phase... Done in 39.8655 ms.
  Solver solve [32]  |residual| = 2.95492e-15
  PARDISO Analysis Phase... Done in 190.16 ms.
  PARDISO Factorization Phase... Done in 15.9633 ms.
  Solver setup [33] n = 120000  nnz = 4319712
     analyze?        1
     use learner?    1
     pattern locked? 1
     call learner?   0
     call reserve?   0
     timer assembly matrix:   2.02007 s
     timer analyze+factorize: 7.07717 s
  PARDISO Solve Phase... Done in 34.7833 ms.
  Solver solve [33]  |residual| = 5.86597e-18
  PARDISO Analysis Phase... Done in 188.534 ms.
  PARDISO Factorization Phase... Done in 15.5698 ms.
  Solver setup [34] n = 120000  nnz = 4319712
     analyze?        1
     use learner?    1
     pattern locked? 1
     call learner?   0
     call reserve?   0
     timer assembly matrix:   2.06807 s
     timer analyze+factorize: 7.28133 s
  PARDISO Solve Phase... Done in 35.5827 ms.
  Solver solve [34]  |residual| = 3.06018e-18
  PARDISO Analysis Phase... Done in 204.605 ms.
  PARDISO Factorization Phase... Done in 16.1962 ms.
  Solver setup [35] n = 120000  nnz = 4319712
     analyze?        1
     use learner?    1
     pattern locked? 1
     call learner?   0
     call reserve?   0
     timer assembly matrix:   2.11657 s
     timer analyze+factorize: 7.50219 s
  PARDISO Solve Phase... Done in 35.0945 ms.
  Solver solve [35]  |residual| = 3.15812e-18
  PARDISO Analysis Phase... Done in 191.479 ms.
  PARDISO Factorization Phase... Done in 15.5915 ms.
  Solver setup [36] n = 120000  nnz = 4319712
     analyze?        1
     use learner?    1
     pattern locked? 1
     call learner?   0
     call reserve?   0
     timer assembly matrix:   2.16622 s
     timer analyze+factorize: 7.70931 s
  PARDISO Solve Phase... Done in 35.4 ms.
  Solver solve [36]  |residual| = 2.95782e-15
  PARDISO Analysis Phase... Done in 190.98 ms.
  PARDISO Factorization Phase... Done in 15.8972 ms.
  Solver setup [37] n = 120000  nnz = 4319712
     analyze?        1
     use learner?    1
     pattern locked? 1
     call learner?   0
     call reserve?   0
     timer assembly matrix:   2.2143 s
     timer analyze+factorize: 7.91625 s
  PARDISO Solve Phase... Done in 35.6507 ms.
  Solver solve [37]  |residual| = 4.73369e-18
  PARDISO Analysis Phase... Done in 189.506 ms.
  PARDISO Factorization Phase... Done in 16.5913 ms.
  Solver setup [38] n = 120000  nnz = 4319712
     analyze?        1
     use learner?    1
     pattern locked? 1
     call learner?   0
     call reserve?   0
     timer assembly matrix:   2.26352 s
     timer analyze+factorize: 8.12241 s
  PARDISO Solve Phase... Done in 36.0364 ms.
  Solver solve [38]  |residual| = 3.09981e-18
  PARDISO Analysis Phase... Done in 188.908 ms.
  PARDISO Factorization Phase... Done in 15.7032 ms.
  Solver setup [39] n = 120000  nnz = 4319712
     analyze?        1
     use learner?    1
     pattern locked? 1
     call learner?   0
     call reserve?   0
     timer assembly matrix:   2.31159 s
     timer analyze+factorize: 8.32707 s
  PARDISO Solve Phase... Done in 34.8916 ms.
  Solver solve [39]  |residual| = 3.02956e-18
Wall time (loop)     : 13.916091 s
Simulation time      : 0.010000 s
RTF (wall/sim)       : 1391.609126

Final tip position   : 1999.999372  0.000000  0.027812 m
Final tip angles XYZ : 0.000000  -2.885339  0.000000 deg
peakRSS=1204348kB total=15.02s
