OpenMP enabled (max_threads=16)
Thread settings: nthreads=16 (chrono/collision/eigen)
ANCF 3243 cantilever demo
  integration : PreInt
  solver      : CUSTOM
  elements    : 50000
  L_total     : 10000 m
  dx          : 0.2 m (per-element)
  W,H         : 0.1, 0.1 m
  tip_force   : 5000 N (Fz, applied along +Z)
  schedule    : Fz=const for steps 0..4, then Fz=0 for steps 5..9
  dt          : 0.001 s
  steps       : 10 (t_end=0.01 s)

  CuDSS Analysis Phase... Done in 190.819 ms.
  CuDSS Factorization Phase... Done in 19.0862 ms.
  Solver setup [0] n = 600000  nnz = 21599712
     analyze?        1
     use learner?    1
     pattern locked? 1
     call learner?   1
     call reserve?   0
     timer assembly matrix:   2.07166 s
     timer analyze+factorize: 0.237944 s
  CuDSS Solve Phase... Done in 1.54218 ms.
  Solver solve [0]  |residual| = 4.11449e-15
  CuDSS Analysis Phase... Done in 188.317 ms.
  CuDSS Factorization Phase... Done in 13.4972 ms.
  Solver setup [1] n = 600000  nnz = 21599712
     analyze?        1
     use learner?    1
     pattern locked? 1
     call learner?   0
     call reserve?   0
     timer assembly matrix:   2.31026 s
     timer analyze+factorize: 0.470659 s
  CuDSS Solve Phase... Done in 1.15482 ms.
  Solver solve [1]  |residual| = 2.55946e-16
  CuDSS Analysis Phase... Done in 186.334 ms.
  CuDSS Factorization Phase... Done in 13.5109 ms.
  Solver setup [2] n = 600000  nnz = 21599712
     analyze?        1
     use learner?    1
     pattern locked? 1
     call learner?   0
     call reserve?   0
     timer assembly matrix:   2.5488 s
     timer analyze+factorize: 0.700759 s
  CuDSS Solve Phase... Done in 1.1649 ms.
  Solver solve [2]  |residual| = 1.98258e-16
  CuDSS Analysis Phase... Done in 186.589 ms.
  CuDSS Factorization Phase... Done in 13.5619 ms.
  Solver setup [3] n = 600000  nnz = 21599712
     analyze?        1
     use learner?    1
     pattern locked? 1
     call learner?   0
     call reserve?   0
     timer assembly matrix:   2.78716 s
     timer analyze+factorize: 0.928511 s
  CuDSS Solve Phase... Done in 1.15661 ms.
  Solver solve [3]  |residual| = 1.98955e-16
  CuDSS Analysis Phase... Done in 188.02 ms.
  CuDSS Factorization Phase... Done in 13.5784 ms.
  Solver setup [4] n = 600000  nnz = 21599712
     analyze?        1
     use learner?    1
     pattern locked? 1
     call learner?   0
     call reserve?   0
     timer assembly matrix:   3.0246 s
     timer analyze+factorize: 1.15873 s
  CuDSS Solve Phase... Done in 1.15594 ms.
  Solver solve [4]  |residual| = 2.18299e-15
  CuDSS Analysis Phase... Done in 187.175 ms.
  CuDSS Factorization Phase... Done in 13.5326 ms.
  Solver setup [5] n = 600000  nnz = 21599712
     analyze?        1
     use learner?    1
     pattern locked? 1
     call learner?   0
     call reserve?   0
     timer assembly matrix:   3.26297 s
     timer analyze+factorize: 1.38688 s
  CuDSS Solve Phase... Done in 1.1585 ms.
  Solver solve [5]  |residual| = 2.04126e-16
  CuDSS Analysis Phase... Done in 186.999 ms.
  CuDSS Factorization Phase... Done in 13.5676 ms.
  Solver setup [6] n = 600000  nnz = 21599712
     analyze?        1
     use learner?    1
     pattern locked? 1
     call learner?   0
     call reserve?   0
     timer assembly matrix:   3.50212 s
     timer analyze+factorize: 1.61547 s
  CuDSS Solve Phase... Done in 1.15226 ms.
  Solver solve [6]  |residual| = 1.97056e-16
  CuDSS Analysis Phase... Done in 186.223 ms.
  CuDSS Factorization Phase... Done in 13.5261 ms.
  Solver setup [7] n = 600000  nnz = 21599712
     analyze?        1
     use learner?    1
     pattern locked? 1
     call learner?   0
     call reserve?   0
     timer assembly matrix:   3.74028 s
     timer analyze+factorize: 1.84284 s
  CuDSS Solve Phase... Done in 1.15987 ms.
  Solver solve [7]  |residual| = 1.97706e-16
  CuDSS Analysis Phase... Done in 186.704 ms.
  CuDSS Factorization Phase... Done in 13.7566 ms.
  Solver setup [8] n = 600000  nnz = 21599712
     analyze?        1
     use learner?    1
     pattern locked? 1
     call learner?   0
     call reserve?   0
     timer assembly matrix:   3.97925 s
     timer analyze+factorize: 2.07098 s
  CuDSS Solve Phase... Done in 1.15882 ms.
  Solver solve [8]  |residual| = 2.42779e-15
  CuDSS Analysis Phase... Done in 185.505 ms.
  CuDSS Factorization Phase... Done in 13.8188 ms.
  Solver setup [9] n = 600000  nnz = 21599712
     analyze?        1
     use learner?    1
     pattern locked? 1
     call learner?   0
     call reserve?   0
     timer assembly matrix:   4.21664 s
     timer analyze+factorize: 2.29804 s
  CuDSS Solve Phase... Done in 1.22816 ms.
  Solver solve [9]  |residual| = 2.00636e-16
  CuDSS Analysis Phase... Done in 186.774 ms.
  CuDSS Factorization Phase... Done in 13.5973 ms.
  Solver setup [10] n = 600000  nnz = 21599712
     analyze?        1
     use learner?    1
     pattern locked? 1
     call learner?   0
     call reserve?   0
     timer assembly matrix:   4.45328 s
     timer analyze+factorize: 2.52615 s
  CuDSS Solve Phase... Done in 1.15654 ms.
  Solver solve [10]  |residual| = 1.97339e-16
  CuDSS Analysis Phase... Done in 187.675 ms.
  CuDSS Factorization Phase... Done in 13.5381 ms.
  Solver setup [11] n = 600000  nnz = 21599712
     analyze?        1
     use learner?    1
     pattern locked? 1
     call learner?   0
     call reserve?   0
     timer assembly matrix:   4.6911 s
     timer analyze+factorize: 2.75519 s
  CuDSS Solve Phase... Done in 1.15946 ms.
  Solver solve [11]  |residual| = 2.00302e-16
  CuDSS Analysis Phase... Done in 186.624 ms.
  CuDSS Factorization Phase... Done in 13.5442 ms.
  Solver setup [12] n = 600000  nnz = 21599712
     analyze?        1
     use learner?    1
     pattern locked? 1
     call learner?   0
     call reserve?   0
     timer assembly matrix:   4.93058 s
     timer analyze+factorize: 2.98275 s
  CuDSS Solve Phase... Done in 1.15594 ms.
  Solver solve [12]  |residual| = 5.74831e-15
  CuDSS Analysis Phase... Done in 187.262 ms.
  CuDSS Factorization Phase... Done in 13.5415 ms.
  Solver setup [13] n = 600000  nnz = 21599712
     analyze?        1
     use learner?    1
     pattern locked? 1
     call learner?   0
     call reserve?   0
     timer assembly matrix:   5.16873 s
     timer analyze+factorize: 3.21101 s
  CuDSS Solve Phase... Done in 1.16067 ms.
  Solver solve [13]  |residual| = 1.99882e-16
  CuDSS Analysis Phase... Done in 188.863 ms.
  CuDSS Factorization Phase... Done in 13.5286 ms.
  Solver setup [14] n = 600000  nnz = 21599712
     analyze?        1
     use learner?    1
     pattern locked? 1
     call learner?   0
     call reserve?   0
     timer assembly matrix:   5.4856 s
     timer analyze+factorize: 3.44131 s
  CuDSS Solve Phase... Done in 1.1528 ms.
  Solver solve [14]  |residual| = 1.96161e-16
  CuDSS Analysis Phase... Done in 188.414 ms.
  CuDSS Factorization Phase... Done in 13.5764 ms.
  Solver setup [15] n = 600000  nnz = 21599712
     analyze?        1
     use learner?    1
     pattern locked? 1
     call learner?   0
     call reserve?   0
     timer assembly matrix:   5.79827 s
     timer analyze+factorize: 3.67097 s
  CuDSS Solve Phase... Done in 1.15184 ms.
  Solver solve [15]  |residual| = 2.01176e-16
  CuDSS Analysis Phase... Done in 186.471 ms.
  CuDSS Factorization Phase... Done in 13.8924 ms.
  Solver setup [16] n = 600000  nnz = 21599712
     analyze?        1
     use learner?    1
     pattern locked? 1
     call learner?   0
     call reserve?   0
     timer assembly matrix:   6.10697 s
     timer analyze+factorize: 3.89919 s
  CuDSS Solve Phase... Done in 1.22694 ms.
  Solver solve [16]  |residual| = 8.27493e-15
  CuDSS Analysis Phase... Done in 186.088 ms.
  CuDSS Factorization Phase... Done in 13.5836 ms.
  Solver setup [17] n = 600000  nnz = 21599712
     analyze?        1
     use learner?    1
     pattern locked? 1
     call learner?   0
     call reserve?   0
     timer assembly matrix:   6.41759 s
     timer analyze+factorize: 4.12678 s
  CuDSS Solve Phase... Done in 1.15667 ms.
  Solver solve [17]  |residual| = 2.34099e-16
  CuDSS Analysis Phase... Done in 186.831 ms.
  CuDSS Factorization Phase... Done in 13.5244 ms.
  Solver setup [18] n = 600000  nnz = 21599712
     analyze?        1
     use learner?    1
     pattern locked? 1
     call learner?   0
     call reserve?   0
     timer assembly matrix:   6.72448 s
     timer analyze+factorize: 4.35456 s
  CuDSS Solve Phase... Done in 1.15846 ms.
  Solver solve [18]  |residual| = 1.9901e-16
  CuDSS Analysis Phase... Done in 186.328 ms.
  CuDSS Factorization Phase... Done in 13.561 ms.
  Solver setup [19] n = 600000  nnz = 21599712
     analyze?        1
     use learner?    1
     pattern locked? 1
     call learner?   0
     call reserve?   0
     timer assembly matrix:   7.03936 s
     timer analyze+factorize: 4.58207 s
  CuDSS Solve Phase... Done in 1.14896 ms.
  Solver solve [19]  |residual| = 2.01526e-16
  CuDSS Analysis Phase... Done in 186.993 ms.
  CuDSS Factorization Phase... Done in 13.5718 ms.
  Solver setup [20] n = 600000  nnz = 21599712
     analyze?        1
     use learner?    1
     pattern locked? 1
     call learner?   0
     call reserve?   0
     timer assembly matrix:   7.34709 s
     timer analyze+factorize: 4.81089 s
  CuDSS Solve Phase... Done in 1.15376 ms.
  Solver solve [20]  |residual| = 4.39906e-15
  CuDSS Analysis Phase... Done in 187.139 ms.
  CuDSS Factorization Phase... Done in 13.5324 ms.
  Solver setup [21] n = 600000  nnz = 21599712
     analyze?        1
     use learner?    1
     pattern locked? 1
     call learner?   0
     call reserve?   0
     timer assembly matrix:   7.66628 s
     timer analyze+factorize: 5.039 s
  CuDSS Solve Phase... Done in 1.15984 ms.
  Solver solve [21]  |residual| = 1.98963e-16
  CuDSS Analysis Phase... Done in 191.044 ms.
  CuDSS Factorization Phase... Done in 13.55 ms.
  Solver setup [22] n = 600000  nnz = 21599712
     analyze?        1
     use learner?    1
     pattern locked? 1
     call learner?   0
     call reserve?   0
     timer assembly matrix:   7.97563 s
     timer analyze+factorize: 5.27328 s
  CuDSS Solve Phase... Done in 1.15366 ms.
  Solver solve [22]  |residual| = 1.99948e-16
  CuDSS Analysis Phase... Done in 193.55 ms.
  CuDSS Factorization Phase... Done in 13.5411 ms.
  Solver setup [23] n = 600000  nnz = 21599712
     analyze?        1
     use learner?    1
     pattern locked? 1
     call learner?   0
     call reserve?   0
     timer assembly matrix:   8.29018 s
     timer analyze+factorize: 5.50791 s
  CuDSS Solve Phase... Done in 1.15536 ms.
  Solver solve [23]  |residual| = 1.98787e-16
  CuDSS Analysis Phase... Done in 186.278 ms.
  CuDSS Factorization Phase... Done in 13.769 ms.
  Solver setup [24] n = 600000  nnz = 21599712
     analyze?        1
     use learner?    1
     pattern locked? 1
     call learner?   0
     call reserve?   0
     timer assembly matrix:   8.60232 s
     timer analyze+factorize: 5.73552 s
  CuDSS Solve Phase... Done in 1.2272 ms.
  Solver solve [24]  |residual| = 3.01513e-15
  CuDSS Analysis Phase... Done in 186.143 ms.
  CuDSS Factorization Phase... Done in 13.5831 ms.
  Solver setup [25] n = 600000  nnz = 21599712
     analyze?        1
     use learner?    1
     pattern locked? 1
     call learner?   0
     call reserve?   0
     timer assembly matrix:   8.91387 s
     timer analyze+factorize: 5.96247 s
  CuDSS Solve Phase... Done in 1.15366 ms.
  Solver solve [25]  |residual| = 1.98558e-16
  CuDSS Analysis Phase... Done in 193.017 ms.
  CuDSS Factorization Phase... Done in 13.5414 ms.
  Solver setup [26] n = 600000  nnz = 21599712
     analyze?        1
     use learner?    1
     pattern locked? 1
     call learner?   0
     call reserve?   0
     timer assembly matrix:   9.23247 s
     timer analyze+factorize: 6.19715 s
  CuDSS Solve Phase... Done in 1.15629 ms.
  Solver solve [26]  |residual| = 1.9744e-16
  CuDSS Analysis Phase... Done in 185.929 ms.
  CuDSS Factorization Phase... Done in 13.5972 ms.
  Solver setup [27] n = 600000  nnz = 21599712
     analyze?        1
     use learner?    1
     pattern locked? 1
     call learner?   0
     call reserve?   0
     timer assembly matrix:   9.5387 s
     timer analyze+factorize: 6.42393 s
  CuDSS Solve Phase... Done in 1.15235 ms.
  Solver solve [27]  |residual| = 2.00007e-16
  CuDSS Analysis Phase... Done in 187.481 ms.
  CuDSS Factorization Phase... Done in 13.8338 ms.
  Solver setup [28] n = 600000  nnz = 21599712
     analyze?        1
     use learner?    1
     pattern locked? 1
     call learner?   0
     call reserve?   0
     timer assembly matrix:   9.85414 s
     timer analyze+factorize: 6.6527 s
  CuDSS Solve Phase... Done in 1.1552 ms.
  Solver solve [28]  |residual| = 4.00586e-15
  CuDSS Analysis Phase... Done in 187.489 ms.
  CuDSS Factorization Phase... Done in 13.5687 ms.
  Solver setup [29] n = 600000  nnz = 21599712
     analyze?        1
     use learner?    1
     pattern locked? 1
     call learner?   0
     call reserve?   0
     timer assembly matrix:   10.1662 s
     timer analyze+factorize: 6.88154 s
  CuDSS Solve Phase... Done in 1.1535 ms.
  Solver solve [29]  |residual| = 2.04367e-16
  CuDSS Analysis Phase... Done in 185.913 ms.
  CuDSS Factorization Phase... Done in 13.5303 ms.
  Solver setup [30] n = 600000  nnz = 21599712
     analyze?        1
     use learner?    1
     pattern locked? 1
     call learner?   0
     call reserve?   0
     timer assembly matrix:   10.4045 s
     timer analyze+factorize: 7.10852 s
  CuDSS Solve Phase... Done in 1.16029 ms.
  Solver solve [30]  |residual| = 2.00724e-16
  CuDSS Analysis Phase... Done in 186.045 ms.
  CuDSS Factorization Phase... Done in 13.5344 ms.
  Solver setup [31] n = 600000  nnz = 21599712
     analyze?        1
     use learner?    1
     pattern locked? 1
     call learner?   0
     call reserve?   0
     timer assembly matrix:   10.6424 s
     timer analyze+factorize: 7.3354 s
  CuDSS Solve Phase... Done in 1.14963 ms.
  Solver solve [31]  |residual| = 2.01826e-16
  CuDSS Analysis Phase... Done in 188.279 ms.
  CuDSS Factorization Phase... Done in 13.598 ms.
  Solver setup [32] n = 600000  nnz = 21599712
     analyze?        1
     use learner?    1
     pattern locked? 1
     call learner?   0
     call reserve?   0
     timer assembly matrix:   10.8797 s
     timer analyze+factorize: 7.56544 s
  CuDSS Solve Phase... Done in 1.15667 ms.
  Solver solve [32]  |residual| = 1.92263e-15
  CuDSS Analysis Phase... Done in 187.443 ms.
  CuDSS Factorization Phase... Done in 13.5423 ms.
  Solver setup [33] n = 600000  nnz = 21599712
     analyze?        1
     use learner?    1
     pattern locked? 1
     call learner?   0
     call reserve?   0
     timer assembly matrix:   11.1186 s
     timer analyze+factorize: 7.79415 s
  CuDSS Solve Phase... Done in 1.14806 ms.
  Solver solve [33]  |residual| = 2.00927e-16
  CuDSS Analysis Phase... Done in 189.045 ms.
  CuDSS Factorization Phase... Done in 13.5396 ms.
  Solver setup [34] n = 600000  nnz = 21599712
     analyze?        1
     use learner?    1
     pattern locked? 1
     call learner?   0
     call reserve?   0
     timer assembly matrix:   11.3548 s
     timer analyze+factorize: 8.02428 s
  CuDSS Solve Phase... Done in 1.16211 ms.
  Solver solve [34]  |residual| = 1.98177e-16
  CuDSS Analysis Phase... Done in 186.898 ms.
  CuDSS Factorization Phase... Done in 13.5614 ms.
  Solver setup [35] n = 600000  nnz = 21599712
     analyze?        1
     use learner?    1
     pattern locked? 1
     call learner?   0
     call reserve?   0
     timer assembly matrix:   11.5932 s
     timer analyze+factorize: 8.25344 s
  CuDSS Solve Phase... Done in 1.14666 ms.
  Solver solve [35]  |residual| = 1.96224e-16
  CuDSS Analysis Phase... Done in 187.697 ms.
  CuDSS Factorization Phase... Done in 13.8058 ms.
  Solver setup [36] n = 600000  nnz = 21599712
     analyze?        1
     use learner?    1
     pattern locked? 1
     call learner?   0
     call reserve?   0
     timer assembly matrix:   11.8331 s
     timer analyze+factorize: 8.48256 s
  CuDSS Solve Phase... Done in 1.15578 ms.
  Solver solve [36]  |residual| = 3.8031e-15
  CuDSS Analysis Phase... Done in 186.54 ms.
  CuDSS Factorization Phase... Done in 13.5161 ms.
  Solver setup [37] n = 600000  nnz = 21599712
     analyze?        1
     use learner?    1
     pattern locked? 1
     call learner?   0
     call reserve?   0
     timer assembly matrix:   12.071 s
     timer analyze+factorize: 8.71138 s
  CuDSS Solve Phase... Done in 1.15437 ms.
  Solver solve [37]  |residual| = 2.03516e-16
  CuDSS Analysis Phase... Done in 186.236 ms.
  CuDSS Factorization Phase... Done in 14.511 ms.
  Solver setup [38] n = 600000  nnz = 21599712
     analyze?        1
     use learner?    1
     pattern locked? 1
     call learner?   0
     call reserve?   0
     timer assembly matrix:   12.3094 s
     timer analyze+factorize: 8.93963 s
  CuDSS Solve Phase... Done in 1.15402 ms.
  Solver solve [38]  |residual| = 1.96291e-16
  CuDSS Analysis Phase... Done in 186.252 ms.
  CuDSS Factorization Phase... Done in 13.552 ms.
  Solver setup [39] n = 600000  nnz = 21599712
     analyze?        1
     use learner?    1
     pattern locked? 1
     call learner?   0
     call reserve?   0
     timer assembly matrix:   12.6282 s
     timer analyze+factorize: 9.16699 s
  CuDSS Solve Phase... Done in 1.15539 ms.
  Solver solve [39]  |residual| = 1.96773e-16
Wall time (loop)     : 31.960676 s
Simulation time      : 0.010000 s
RTF (wall/sim)       : 3196.067550

Final tip position   : 9999.999372  0.000000  0.027812 m
Final tip angles XYZ : 0.000000  -2.885334  0.000000 deg
peakRSS=5110768kB total=37.47s
