OpenMP enabled (max_threads=16)
Thread settings: nthreads=16 (chrono/collision/eigen)
ANCF 3243 cantilever demo
  integration : PreInt
  solver      : PARDISO_MKL
  elements    : 50000
  L_total     : 10000 m
  dx          : 0.2 m (per-element)
  W,H         : 0.1, 0.1 m
  tip_force   : 5000 N (Fz, applied along +Z)
  schedule    : Fz=const for steps 0..4, then Fz=0 for steps 5..9
  dt          : 0.001 s
  steps       : 10 (t_end=0.01 s)

  PARDISO Analysis Phase... Done in 1195.22 ms.
  PARDISO Factorization Phase... Done in 81.5989 ms.
  Solver setup [0] n = 600000  nnz = 21599712
     analyze?        1
     use learner?    1
     pattern locked? 1
     call learner?   1
     call reserve?   0
     timer assembly matrix:   2.17024 s
     timer analyze+factorize: 1.2769 s
  PARDISO Solve Phase... Done in 179.013 ms.
  Solver solve [0]  |residual| = 1.0195e-14
  PARDISO Analysis Phase... Done in 1081.55 ms.
  PARDISO Factorization Phase... Done in 81.5849 ms.
  Solver setup [1] n = 600000  nnz = 21599712
     analyze?        1
     use learner?    1
     pattern locked? 1
     call learner?   0
     call reserve?   0
     timer assembly matrix:   2.40744 s
     timer analyze+factorize: 2.44011 s
  PARDISO Solve Phase... Done in 233.953 ms.
  Solver solve [1]  |residual| = 2.30216e-16
  PARDISO Analysis Phase... Done in 1236.65 ms.
  PARDISO Factorization Phase... Done in 81.6635 ms.
  Solver setup [2] n = 600000  nnz = 21599712
     analyze?        1
     use learner?    1
     pattern locked? 1
     call learner?   0
     call reserve?   0
     timer assembly matrix:   2.71492 s
     timer analyze+factorize: 3.75849 s
  PARDISO Solve Phase... Done in 235.324 ms.
  Solver solve [2]  |residual| = 1.61133e-16
  PARDISO Analysis Phase... Done in 1081.22 ms.
  PARDISO Factorization Phase... Done in 81.54 ms.
  Solver setup [3] n = 600000  nnz = 21599712
     analyze?        1
     use learner?    1
     pattern locked? 1
     call learner?   0
     call reserve?   0
     timer assembly matrix:   3.02352 s
     timer analyze+factorize: 4.92131 s
  PARDISO Solve Phase... Done in 177.329 ms.
  Solver solve [3]  |residual| = 1.63928e-16
  PARDISO Analysis Phase... Done in 1094.05 ms.
  PARDISO Factorization Phase... Done in 81.5057 ms.
  Solver setup [4] n = 600000  nnz = 21599712
     analyze?        1
     use learner?    1
     pattern locked? 1
     call learner?   0
     call reserve?   0
     timer assembly matrix:   3.26748 s
     timer analyze+factorize: 6.09692 s
  PARDISO Solve Phase... Done in 178.133 ms.
  Solver solve [4]  |residual| = 3.38515e-15
  PARDISO Analysis Phase... Done in 1099.74 ms.
  PARDISO Factorization Phase... Done in 80.8233 ms.
  Solver setup [5] n = 600000  nnz = 21599712
     analyze?        1
     use learner?    1
     pattern locked? 1
     call learner?   0
     call reserve?   0
     timer assembly matrix:   3.50591 s
     timer analyze+factorize: 7.27754 s
  PARDISO Solve Phase... Done in 179.071 ms.
  Solver solve [5]  |residual| = 1.65718e-16
  PARDISO Analysis Phase... Done in 1085.77 ms.
  PARDISO Factorization Phase... Done in 81.8454 ms.
  Solver setup [6] n = 600000  nnz = 21599712
     analyze?        1
     use learner?    1
     pattern locked? 1
     call learner?   0
     call reserve?   0
     timer assembly matrix:   3.74534 s
     timer analyze+factorize: 8.44522 s
  PARDISO Solve Phase... Done in 185.703 ms.
  Solver solve [6]  |residual| = 1.58659e-16
  PARDISO Analysis Phase... Done in 1234.34 ms.
  PARDISO Factorization Phase... Done in 81.0932 ms.
  Solver setup [7] n = 600000  nnz = 21599712
     analyze?        1
     use learner?    1
     pattern locked? 1
     call learner?   0
     call reserve?   0
     timer assembly matrix:   3.99255 s
     timer analyze+factorize: 9.76072 s
  PARDISO Solve Phase... Done in 234.191 ms.
  Solver solve [7]  |residual| = 1.63139e-16
  PARDISO Analysis Phase... Done in 1093.37 ms.
  PARDISO Factorization Phase... Done in 82.46 ms.
  Solver setup [8] n = 600000  nnz = 21599712
     analyze?        1
     use learner?    1
     pattern locked? 1
     call learner?   0
     call reserve?   0
     timer assembly matrix:   4.22982 s
     timer analyze+factorize: 10.9366 s
  PARDISO Solve Phase... Done in 181.172 ms.
  Solver solve [8]  |residual| = 2.54606e-15
  PARDISO Analysis Phase... Done in 1099.55 ms.
  PARDISO Factorization Phase... Done in 82.2921 ms.
  Solver setup [9] n = 600000  nnz = 21599712
     analyze?        1
     use learner?    1
     pattern locked? 1
     call learner?   0
     call reserve?   0
     timer assembly matrix:   4.47203 s
     timer analyze+factorize: 12.1185 s
  PARDISO Solve Phase... Done in 186.716 ms.
  Solver solve [9]  |residual| = 1.65183e-16
  PARDISO Analysis Phase... Done in 1249.06 ms.
  PARDISO Factorization Phase... Done in 81.7884 ms.
  Solver setup [10] n = 600000  nnz = 21599712
     analyze?        1
     use learner?    1
     pattern locked? 1
     call learner?   0
     call reserve?   0
     timer assembly matrix:   4.71374 s
     timer analyze+factorize: 13.4494 s
  PARDISO Solve Phase... Done in 179.275 ms.
  Solver solve [10]  |residual| = 1.6531e-16
  PARDISO Analysis Phase... Done in 1080.85 ms.
  PARDISO Factorization Phase... Done in 83.153 ms.
  Solver setup [11] n = 600000  nnz = 21599712
     analyze?        1
     use learner?    1
     pattern locked? 1
     call learner?   0
     call reserve?   0
     timer assembly matrix:   4.95224 s
     timer analyze+factorize: 14.6135 s
  PARDISO Solve Phase... Done in 181.602 ms.
  Solver solve [11]  |residual| = 1.62382e-16
  PARDISO Analysis Phase... Done in 1085.23 ms.
  PARDISO Factorization Phase... Done in 81.6429 ms.
  Solver setup [12] n = 600000  nnz = 21599712
     analyze?        1
     use learner?    1
     pattern locked? 1
     call learner?   0
     call reserve?   0
     timer assembly matrix:   5.19188 s
     timer analyze+factorize: 15.7804 s
  PARDISO Solve Phase... Done in 178.764 ms.
  Solver solve [12]  |residual| = 6.09815e-15
  PARDISO Analysis Phase... Done in 1084.09 ms.
  PARDISO Factorization Phase... Done in 80.7214 ms.
  Solver setup [13] n = 600000  nnz = 21599712
     analyze?        1
     use learner?    1
     pattern locked? 1
     call learner?   0
     call reserve?   0
     timer assembly matrix:   5.4287 s
     timer analyze+factorize: 16.9453 s
  PARDISO Solve Phase... Done in 178.239 ms.
  Solver solve [13]  |residual| = 1.62692e-16
  PARDISO Analysis Phase... Done in 1090.76 ms.
  PARDISO Factorization Phase... Done in 81.293 ms.
  Solver setup [14] n = 600000  nnz = 21599712
     analyze?        1
     use learner?    1
     pattern locked? 1
     call learner?   0
     call reserve?   0
     timer assembly matrix:   5.66816 s
     timer analyze+factorize: 18.1174 s
  PARDISO Solve Phase... Done in 177.926 ms.
  Solver solve [14]  |residual| = 1.60088e-16
  PARDISO Analysis Phase... Done in 1091.01 ms.
  PARDISO Factorization Phase... Done in 82.738 ms.
  Solver setup [15] n = 600000  nnz = 21599712
     analyze?        1
     use learner?    1
     pattern locked? 1
     call learner?   0
     call reserve?   0
     timer assembly matrix:   5.91538 s
     timer analyze+factorize: 19.2912 s
  PARDISO Solve Phase... Done in 179.564 ms.
  Solver solve [15]  |residual| = 1.66364e-16
  PARDISO Analysis Phase... Done in 1085.89 ms.
  PARDISO Factorization Phase... Done in 99.3401 ms.
  Solver setup [16] n = 600000  nnz = 21599712
     analyze?        1
     use learner?    1
     pattern locked? 1
     call learner?   0
     call reserve?   0
     timer assembly matrix:   6.15539 s
     timer analyze+factorize: 20.4765 s
  PARDISO Solve Phase... Done in 194.637 ms.
  Solver solve [16]  |residual| = 8.31569e-15
  PARDISO Analysis Phase... Done in 1089.58 ms.
  PARDISO Factorization Phase... Done in 80.9438 ms.
  Solver setup [17] n = 600000  nnz = 21599712
     analyze?        1
     use learner?    1
     pattern locked? 1
     call learner?   0
     call reserve?   0
     timer assembly matrix:   6.39625 s
     timer analyze+factorize: 21.6471 s
  PARDISO Solve Phase... Done in 179.5 ms.
  Solver solve [17]  |residual| = 1.6862e-16
  PARDISO Analysis Phase... Done in 1084.51 ms.
  PARDISO Factorization Phase... Done in 83.1038 ms.
  Solver setup [18] n = 600000  nnz = 21599712
     analyze?        1
     use learner?    1
     pattern locked? 1
     call learner?   0
     call reserve?   0
     timer assembly matrix:   6.63705 s
     timer analyze+factorize: 22.8148 s
  PARDISO Solve Phase... Done in 181.822 ms.
  Solver solve [18]  |residual| = 1.60449e-16
  PARDISO Analysis Phase... Done in 1097.44 ms.
  PARDISO Factorization Phase... Done in 83.9332 ms.
  Solver setup [19] n = 600000  nnz = 21599712
     analyze?        1
     use learner?    1
     pattern locked? 1
     call learner?   0
     call reserve?   0
     timer assembly matrix:   6.87792 s
     timer analyze+factorize: 23.9962 s
  PARDISO Solve Phase... Done in 182.386 ms.
  Solver solve [19]  |residual| = 1.62705e-16
  PARDISO Analysis Phase... Done in 1089.69 ms.
  PARDISO Factorization Phase... Done in 83.2642 ms.
  Solver setup [20] n = 600000  nnz = 21599712
     analyze?        1
     use learner?    1
     pattern locked? 1
     call learner?   0
     call reserve?   0
     timer assembly matrix:   7.11742 s
     timer analyze+factorize: 25.1693 s
  PARDISO Solve Phase... Done in 184.271 ms.
  Solver solve [20]  |residual| = 4.42271e-15
  PARDISO Analysis Phase... Done in 1100.6 ms.
  PARDISO Factorization Phase... Done in 91.0023 ms.
  Solver setup [21] n = 600000  nnz = 21599712
     analyze?        1
     use learner?    1
     pattern locked? 1
     call learner?   0
     call reserve?   0
     timer assembly matrix:   7.3562 s
     timer analyze+factorize: 26.3609 s
  PARDISO Solve Phase... Done in 181.062 ms.
  Solver solve [21]  |residual| = 1.65722e-16
  PARDISO Analysis Phase... Done in 1244.03 ms.
  PARDISO Factorization Phase... Done in 81.2633 ms.
  Solver setup [22] n = 600000  nnz = 21599712
     analyze?        1
     use learner?    1
     pattern locked? 1
     call learner?   0
     call reserve?   0
     timer assembly matrix:   7.5948 s
     timer analyze+factorize: 27.6863 s
  PARDISO Solve Phase... Done in 236.899 ms.
  Solver solve [22]  |residual| = 1.64746e-16
  PARDISO Analysis Phase... Done in 1239.35 ms.
  PARDISO Factorization Phase... Done in 80.9962 ms.
  Solver setup [23] n = 600000  nnz = 21599712
     analyze?        1
     use learner?    1
     pattern locked? 1
     call learner?   0
     call reserve?   0
     timer assembly matrix:   7.89829 s
     timer analyze+factorize: 29.0067 s
  PARDISO Solve Phase... Done in 233.92 ms.
  Solver solve [23]  |residual| = 1.64086e-16
  PARDISO Analysis Phase... Done in 1085.89 ms.
  PARDISO Factorization Phase... Done in 82.6568 ms.
  Solver setup [24] n = 600000  nnz = 21599712
     analyze?        1
     use learner?    1
     pattern locked? 1
     call learner?   0
     call reserve?   0
     timer assembly matrix:   8.13686 s
     timer analyze+factorize: 30.1753 s
  PARDISO Solve Phase... Done in 178.675 ms.
  Solver solve [24]  |residual| = 5.55758e-15
  PARDISO Analysis Phase... Done in 1155.62 ms.
  PARDISO Factorization Phase... Done in 93.4368 ms.
  Solver setup [25] n = 600000  nnz = 21599712
     analyze?        1
     use learner?    1
     pattern locked? 1
     call learner?   0
     call reserve?   0
     timer assembly matrix:   8.37337 s
     timer analyze+factorize: 31.4244 s
  PARDISO Solve Phase... Done in 181.331 ms.
  Solver solve [25]  |residual| = 1.6119e-16
  PARDISO Analysis Phase... Done in 1091.49 ms.
  PARDISO Factorization Phase... Done in 80.7226 ms.
  Solver setup [26] n = 600000  nnz = 21599712
     analyze?        1
     use learner?    1
     pattern locked? 1
     call learner?   0
     call reserve?   0
     timer assembly matrix:   8.61789 s
     timer analyze+factorize: 32.5967 s
  PARDISO Solve Phase... Done in 178.322 ms.
  Solver solve [26]  |residual| = 1.61936e-16
  PARDISO Analysis Phase... Done in 1077.58 ms.
  PARDISO Factorization Phase... Done in 82.6393 ms.
  Solver setup [27] n = 600000  nnz = 21599712
     analyze?        1
     use learner?    1
     pattern locked? 1
     call learner?   0
     call reserve?   0
     timer assembly matrix:   8.85761 s
     timer analyze+factorize: 33.757 s
  PARDISO Solve Phase... Done in 182.536 ms.
  Solver solve [27]  |residual| = 1.62685e-16
  PARDISO Analysis Phase... Done in 1076.83 ms.
  PARDISO Factorization Phase... Done in 93.3613 ms.
  Solver setup [28] n = 600000  nnz = 21599712
     analyze?        1
     use learner?    1
     pattern locked? 1
     call learner?   0
     call reserve?   0
     timer assembly matrix:   9.09642 s
     timer analyze+factorize: 34.9273 s
  PARDISO Solve Phase... Done in 184.894 ms.
  Solver solve [28]  |residual| = 3.25085e-15
  PARDISO Analysis Phase... Done in 1085.14 ms.
  PARDISO Factorization Phase... Done in 81.1069 ms.
  Solver setup [29] n = 600000  nnz = 21599712
     analyze?        1
     use learner?    1
     pattern locked? 1
     call learner?   0
     call reserve?   0
     timer assembly matrix:   9.34144 s
     timer analyze+factorize: 36.0936 s
  PARDISO Solve Phase... Done in 178.741 ms.
  Solver solve [29]  |residual| = 1.67676e-16
  PARDISO Analysis Phase... Done in 1103.97 ms.
  PARDISO Factorization Phase... Done in 82.8097 ms.
  Solver setup [30] n = 600000  nnz = 21599712
     analyze?        1
     use learner?    1
     pattern locked? 1
     call learner?   0
     call reserve?   0
     timer assembly matrix:   9.5887 s
     timer analyze+factorize: 37.2804 s
  PARDISO Solve Phase... Done in 194.957 ms.
  Solver solve [30]  |residual| = 1.64273e-16
  PARDISO Analysis Phase... Done in 1105.34 ms.
  PARDISO Factorization Phase... Done in 83.4559 ms.
  Solver setup [31] n = 600000  nnz = 21599712
     analyze?        1
     use learner?    1
     pattern locked? 1
     call learner?   0
     call reserve?   0
     timer assembly matrix:   9.83133 s
     timer analyze+factorize: 38.4693 s
  PARDISO Solve Phase... Done in 184.096 ms.
  Solver solve [31]  |residual| = 1.61771e-16
  PARDISO Analysis Phase... Done in 1251.61 ms.
  PARDISO Factorization Phase... Done in 82.707 ms.
  Solver setup [32] n = 600000  nnz = 21599712
     analyze?        1
     use learner?    1
     pattern locked? 1
     call learner?   0
     call reserve?   0
     timer assembly matrix:   10.075 s
     timer analyze+factorize: 39.8037 s
  PARDISO Solve Phase... Done in 183.49 ms.
  Solver solve [32]  |residual| = 2.20827e-15
  PARDISO Analysis Phase... Done in 1246.87 ms.
  PARDISO Factorization Phase... Done in 99.1963 ms.
  Solver setup [33] n = 600000  nnz = 21599712
     analyze?        1
     use learner?    1
     pattern locked? 1
     call learner?   0
     call reserve?   0
     timer assembly matrix:   10.3284 s
     timer analyze+factorize: 41.1498 s
  PARDISO Solve Phase... Done in 222.53 ms.
  Solver solve [33]  |residual| = 1.61739e-16
  PARDISO Analysis Phase... Done in 1225.7 ms.
  PARDISO Factorization Phase... Done in 116.098 ms.
  Solver setup [34] n = 600000  nnz = 21599712
     analyze?        1
     use learner?    1
     pattern locked? 1
     call learner?   0
     call reserve?   0
     timer assembly matrix:   10.6021 s
     timer analyze+factorize: 42.4917 s
  PARDISO Solve Phase... Done in 202.152 ms.
  Solver solve [34]  |residual| = 1.62244e-16
  PARDISO Analysis Phase... Done in 1157.6 ms.
  PARDISO Factorization Phase... Done in 85.7441 ms.
  Solver setup [35] n = 600000  nnz = 21599712
     analyze?        1
     use learner?    1
     pattern locked? 1
     call learner?   0
     call reserve?   0
     timer assembly matrix:   10.8659 s
     timer analyze+factorize: 43.7351 s
  PARDISO Solve Phase... Done in 190.062 ms.
  Solver solve [35]  |residual| = 1.62974e-16
  PARDISO Analysis Phase... Done in 1294.96 ms.
  PARDISO Factorization Phase... Done in 86.4087 ms.
  Solver setup [36] n = 600000  nnz = 21599712
     analyze?        1
     use learner?    1
     pattern locked? 1
     call learner?   0
     call reserve?   0
     timer assembly matrix:   11.1119 s
     timer analyze+factorize: 45.1165 s
  PARDISO Solve Phase... Done in 193.741 ms.
  Solver solve [36]  |residual| = 2.86324e-15
  PARDISO Analysis Phase... Done in 1096.02 ms.
  PARDISO Factorization Phase... Done in 82.813 ms.
  Solver setup [37] n = 600000  nnz = 21599712
     analyze?        1
     use learner?    1
     pattern locked? 1
     call learner?   0
     call reserve?   0
     timer assembly matrix:   11.3556 s
     timer analyze+factorize: 46.2954 s
  PARDISO Solve Phase... Done in 177.605 ms.
  Solver solve [37]  |residual| = 1.65202e-16
  PARDISO Analysis Phase... Done in 1085.2 ms.
  PARDISO Factorization Phase... Done in 82.539 ms.
  Solver setup [38] n = 600000  nnz = 21599712
     analyze?        1
     use learner?    1
     pattern locked? 1
     call learner?   0
     call reserve?   0
     timer assembly matrix:   11.5956 s
     timer analyze+factorize: 47.4632 s
  PARDISO Solve Phase... Done in 177.47 ms.
  Solver solve [38]  |residual| = 1.63513e-16
  PARDISO Analysis Phase... Done in 1239.04 ms.
  PARDISO Factorization Phase... Done in 81.6084 ms.
  Solver setup [39] n = 600000  nnz = 21599712
     analyze?        1
     use learner?    1
     pattern locked? 1
     call learner?   0
     call reserve?   0
     timer assembly matrix:   11.8338 s
     timer analyze+factorize: 48.7839 s
  PARDISO Solve Phase... Done in 177.571 ms.
  Solver solve [39]  |residual| = 1.65472e-16
Wall time (loop)     : 78.379515 s
Simulation time      : 0.010000 s
RTF (wall/sim)       : 7837.951527

Final tip position   : 9999.999372  0.000000  0.027812 m
Final tip angles XYZ : 0.000000  -2.885343  0.000000 deg
peakRSS=5891368kB total=83.74s
