OpenMP enabled (max_threads=16)
Thread settings: nthreads=16 (chrono/collision/eigen)
ANCF 3243 cantilever demo
  integration : PreInt
  solver      : CUSTOM
  elements    : 100000
  L_total     : 20000 m
  dx          : 0.2 m (per-element)
  W,H         : 0.1, 0.1 m
  tip_force   : 5000 N (Fz, applied along +Z)
  schedule    : Fz=const for steps 0..4, then Fz=0 for steps 5..9
  dt          : 0.001 s
  steps       : 10 (t_end=0.01 s)

  CuDSS Analysis Phase... Done in 384.532 ms.
  CuDSS Factorization Phase... Done in 34.5699 ms.
  Solver setup [0] n = 1200000  nnz = 43199712
     analyze?        1
     use learner?    1
     pattern locked? 1
     call learner?   1
     call reserve?   0
     timer assembly matrix:   4.25252 s
     timer analyze+factorize: 0.47403 s
  CuDSS Solve Phase... Done in 2.63446 ms.
  Solver solve [0]  |residual| = 6.03892e-15
  CuDSS Analysis Phase... Done in 375.999 ms.
  CuDSS Factorization Phase... Done in 26.6655 ms.
  Solver setup [1] n = 1200000  nnz = 43199712
     analyze?        1
     use learner?    1
     pattern locked? 1
     call learner?   0
     call reserve?   0
     timer assembly matrix:   4.73355 s
     timer analyze+factorize: 0.931099 s
  CuDSS Solve Phase... Done in 2.23197 ms.
  Solver solve [1]  |residual| = 1.17047e-15
  CuDSS Analysis Phase... Done in 376.638 ms.
  CuDSS Factorization Phase... Done in 26.4293 ms.
  Solver setup [2] n = 1200000  nnz = 43199712
     analyze?        1
     use learner?    1
     pattern locked? 1
     call learner?   0
     call reserve?   0
     timer assembly matrix:   5.21258 s
     timer analyze+factorize: 1.38963 s
  CuDSS Solve Phase... Done in 2.21699 ms.
  Solver solve [2]  |residual| = 1.13485e-15
  CuDSS Analysis Phase... Done in 374.584 ms.
  CuDSS Factorization Phase... Done in 27.3906 ms.
  Solver setup [3] n = 1200000  nnz = 43199712
     analyze?        1
     use learner?    1
     pattern locked? 1
     call learner?   0
     call reserve?   0
     timer assembly matrix:   5.69186 s
     timer analyze+factorize: 1.84593 s
  CuDSS Solve Phase... Done in 2.29312 ms.
  Solver solve [3]  |residual| = 1.12261e-15
  CuDSS Analysis Phase... Done in 376.93 ms.
  CuDSS Factorization Phase... Done in 26.4523 ms.
  Solver setup [4] n = 1200000  nnz = 43199712
     analyze?        1
     use learner?    1
     pattern locked? 1
     call learner?   0
     call reserve?   0
     timer assembly matrix:   6.16699 s
     timer analyze+factorize: 2.30289 s
  CuDSS Solve Phase... Done in 2.22323 ms.
  Solver solve [4]  |residual| = 6.99994e-15
  CuDSS Analysis Phase... Done in 374.177 ms.
  CuDSS Factorization Phase... Done in 26.3959 ms.
  Solver setup [5] n = 1200000  nnz = 43199712
     analyze?        1
     use learner?    1
     pattern locked? 1
     call learner?   0
     call reserve?   0
     timer assembly matrix:   6.65232 s
     timer analyze+factorize: 2.75823 s
  CuDSS Solve Phase... Done in 2.21722 ms.
  Solver solve [5]  |residual| = 1.14454e-15
  CuDSS Analysis Phase... Done in 377.454 ms.
  CuDSS Factorization Phase... Done in 26.395 ms.
  Solver setup [6] n = 1200000  nnz = 43199712
     analyze?        1
     use learner?    1
     pattern locked? 1
     call learner?   0
     call reserve?   0
     timer assembly matrix:   7.13062 s
     timer analyze+factorize: 3.21614 s
  CuDSS Solve Phase... Done in 2.21824 ms.
  Solver solve [6]  |residual| = 1.13528e-15
  CuDSS Analysis Phase... Done in 374.91 ms.
  CuDSS Factorization Phase... Done in 27.6042 ms.
  Solver setup [7] n = 1200000  nnz = 43199712
     analyze?        1
     use learner?    1
     pattern locked? 1
     call learner?   0
     call reserve?   0
     timer assembly matrix:   7.60709 s
     timer analyze+factorize: 3.6729 s
  CuDSS Solve Phase... Done in 2.30032 ms.
  Solver solve [7]  |residual| = 1.13969e-15
  CuDSS Analysis Phase... Done in 372.495 ms.
  CuDSS Factorization Phase... Done in 26.3649 ms.
  Solver setup [8] n = 1200000  nnz = 43199712
     analyze?        1
     use learner?    1
     pattern locked? 1
     call learner?   0
     call reserve?   0
     timer assembly matrix:   8.08576 s
     timer analyze+factorize: 4.12617 s
  CuDSS Solve Phase... Done in 2.29933 ms.
  Solver solve [8]  |residual| = 3.23053e-15
  CuDSS Analysis Phase... Done in 376.878 ms.
  CuDSS Factorization Phase... Done in 26.5296 ms.
  Solver setup [9] n = 1200000  nnz = 43199712
     analyze?        1
     use learner?    1
     pattern locked? 1
     call learner?   0
     call reserve?   0
     timer assembly matrix:   8.56613 s
     timer analyze+factorize: 4.58374 s
  CuDSS Solve Phase... Done in 2.2329 ms.
  Solver solve [9]  |residual| = 1.14166e-15
  CuDSS Analysis Phase... Done in 376.076 ms.
  CuDSS Factorization Phase... Done in 26.4508 ms.
  Solver setup [10] n = 1200000  nnz = 43199712
     analyze?        1
     use learner?    1
     pattern locked? 1
     call learner?   0
     call reserve?   0
     timer assembly matrix:   9.04422 s
     timer analyze+factorize: 5.04102 s
  CuDSS Solve Phase... Done in 2.21501 ms.
  Solver solve [10]  |residual| = 1.13928e-15
  CuDSS Analysis Phase... Done in 374.494 ms.
  CuDSS Factorization Phase... Done in 26.4027 ms.
  Solver setup [11] n = 1200000  nnz = 43199712
     analyze?        1
     use learner?    1
     pattern locked? 1
     call learner?   0
     call reserve?   0
     timer assembly matrix:   9.52009 s
     timer analyze+factorize: 5.49611 s
  CuDSS Solve Phase... Done in 2.22442 ms.
  Solver solve [11]  |residual| = 1.15803e-15
  CuDSS Analysis Phase... Done in 375.148 ms.
  CuDSS Factorization Phase... Done in 26.5067 ms.
  Solver setup [12] n = 1200000  nnz = 43199712
     analyze?        1
     use learner?    1
     pattern locked? 1
     call learner?   0
     call reserve?   0
     timer assembly matrix:   10.0535 s
     timer analyze+factorize: 5.95178 s
  CuDSS Solve Phase... Done in 2.22848 ms.
  Solver solve [12]  |residual| = 4.03241e-15
  CuDSS Analysis Phase... Done in 376.815 ms.
  CuDSS Factorization Phase... Done in 26.355 ms.
  Solver setup [13] n = 1200000  nnz = 43199712
     analyze?        1
     use learner?    1
     pattern locked? 1
     call learner?   0
     call reserve?   0
     timer assembly matrix:   10.596 s
     timer analyze+factorize: 6.40909 s
  CuDSS Solve Phase... Done in 2.21818 ms.
  Solver solve [13]  |residual| = 1.13287e-15
  CuDSS Analysis Phase... Done in 374.859 ms.
  CuDSS Factorization Phase... Done in 26.4255 ms.
  Solver setup [14] n = 1200000  nnz = 43199712
     analyze?        1
     use learner?    1
     pattern locked? 1
     call learner?   0
     call reserve?   0
     timer assembly matrix:   11.0716 s
     timer analyze+factorize: 6.86495 s
  CuDSS Solve Phase... Done in 2.2344 ms.
  Solver solve [14]  |residual| = 1.14542e-15
  CuDSS Analysis Phase... Done in 374.778 ms.
  CuDSS Factorization Phase... Done in 26.5069 ms.
  Solver setup [15] n = 1200000  nnz = 43199712
     analyze?        1
     use learner?    1
     pattern locked? 1
     call learner?   0
     call reserve?   0
     timer assembly matrix:   11.5496 s
     timer analyze+factorize: 7.32096 s
  CuDSS Solve Phase... Done in 2.22032 ms.
  Solver solve [15]  |residual| = 1.15331e-15
  CuDSS Analysis Phase... Done in 377.455 ms.
  CuDSS Factorization Phase... Done in 26.5261 ms.
  Solver setup [16] n = 1200000  nnz = 43199712
     analyze?        1
     use learner?    1
     pattern locked? 1
     call learner?   0
     call reserve?   0
     timer assembly matrix:   12.028 s
     timer analyze+factorize: 7.7805 s
  CuDSS Solve Phase... Done in 2.23002 ms.
  Solver solve [16]  |residual| = 6.75e-15
  CuDSS Analysis Phase... Done in 374.347 ms.
  CuDSS Factorization Phase... Done in 26.5622 ms.
  Solver setup [17] n = 1200000  nnz = 43199712
     analyze?        1
     use learner?    1
     pattern locked? 1
     call learner?   0
     call reserve?   0
     timer assembly matrix:   12.5063 s
     timer analyze+factorize: 8.23643 s
  CuDSS Solve Phase... Done in 2.2423 ms.
  Solver solve [17]  |residual| = 1.14061e-15
  CuDSS Analysis Phase... Done in 374.269 ms.
  CuDSS Factorization Phase... Done in 27.45 ms.
  Solver setup [18] n = 1200000  nnz = 43199712
     analyze?        1
     use learner?    1
     pattern locked? 1
     call learner?   0
     call reserve?   0
     timer assembly matrix:   13.0343 s
     timer analyze+factorize: 8.6919 s
  CuDSS Solve Phase... Done in 2.21946 ms.
  Solver solve [18]  |residual| = 1.15001e-15
  CuDSS Analysis Phase... Done in 376.251 ms.
  CuDSS Factorization Phase... Done in 26.7582 ms.
  Solver setup [19] n = 1200000  nnz = 43199712
     analyze?        1
     use learner?    1
     pattern locked? 1
     call learner?   0
     call reserve?   0
     timer assembly matrix:   13.5702 s
     timer analyze+factorize: 9.15001 s
  CuDSS Solve Phase... Done in 2.30874 ms.
  Solver solve [19]  |residual| = 1.11982e-15
  CuDSS Analysis Phase... Done in 378.337 ms.
  CuDSS Factorization Phase... Done in 26.5335 ms.
  Solver setup [20] n = 1200000  nnz = 43199712
     analyze?        1
     use learner?    1
     pattern locked? 1
     call learner?   0
     call reserve?   0
     timer assembly matrix:   14.1206 s
     timer analyze+factorize: 9.60891 s
  CuDSS Solve Phase... Done in 2.23216 ms.
  Solver solve [20]  |residual| = 5.93661e-15
  CuDSS Analysis Phase... Done in 375.281 ms.
  CuDSS Factorization Phase... Done in 27.3373 ms.
  Solver setup [21] n = 1200000  nnz = 43199712
     analyze?        1
     use learner?    1
     pattern locked? 1
     call learner?   0
     call reserve?   0
     timer assembly matrix:   14.5982 s
     timer analyze+factorize: 10.0652 s
  CuDSS Solve Phase... Done in 2.28941 ms.
  Solver solve [21]  |residual| = 1.13322e-15
  CuDSS Analysis Phase... Done in 374.714 ms.
  CuDSS Factorization Phase... Done in 26.5687 ms.
  Solver setup [22] n = 1200000  nnz = 43199712
     analyze?        1
     use learner?    1
     pattern locked? 1
     call learner?   0
     call reserve?   0
     timer assembly matrix:   15.0744 s
     timer analyze+factorize: 10.5213 s
  CuDSS Solve Phase... Done in 2.23776 ms.
  Solver solve [22]  |residual| = 1.14269e-15
  CuDSS Analysis Phase... Done in 377.355 ms.
  CuDSS Factorization Phase... Done in 26.5162 ms.
  Solver setup [23] n = 1200000  nnz = 43199712
     analyze?        1
     use learner?    1
     pattern locked? 1
     call learner?   0
     call reserve?   0
     timer assembly matrix:   15.5559 s
     timer analyze+factorize: 10.9798 s
  CuDSS Solve Phase... Done in 2.24381 ms.
  Solver solve [23]  |residual| = 1.12227e-15
  CuDSS Analysis Phase... Done in 373.671 ms.
  CuDSS Factorization Phase... Done in 26.4457 ms.
  Solver setup [24] n = 1200000  nnz = 43199712
     analyze?        1
     use learner?    1
     pattern locked? 1
     call learner?   0
     call reserve?   0
     timer assembly matrix:   16.0309 s
     timer analyze+factorize: 11.4348 s
  CuDSS Solve Phase... Done in 2.21664 ms.
  Solver solve [24]  |residual| = 4.06268e-15
  CuDSS Analysis Phase... Done in 376.047 ms.
  CuDSS Factorization Phase... Done in 27.3948 ms.
  Solver setup [25] n = 1200000  nnz = 43199712
     analyze?        1
     use learner?    1
     pattern locked? 1
     call learner?   0
     call reserve?   0
     timer assembly matrix:   16.509 s
     timer analyze+factorize: 11.8918 s
  CuDSS Solve Phase... Done in 2.29501 ms.
  Solver solve [25]  |residual| = 1.12511e-15
  CuDSS Analysis Phase... Done in 377.026 ms.
  CuDSS Factorization Phase... Done in 26.6538 ms.
  Solver setup [26] n = 1200000  nnz = 43199712
     analyze?        1
     use learner?    1
     pattern locked? 1
     call learner?   0
     call reserve?   0
     timer assembly matrix:   16.9861 s
     timer analyze+factorize: 12.3575 s
  CuDSS Solve Phase... Done in 2.22541 ms.
  Solver solve [26]  |residual| = 1.13983e-15
  CuDSS Analysis Phase... Done in 377.496 ms.
  CuDSS Factorization Phase... Done in 26.5871 ms.
  Solver setup [27] n = 1200000  nnz = 43199712
     analyze?        1
     use learner?    1
     pattern locked? 1
     call learner?   0
     call reserve?   0
     timer assembly matrix:   17.5182 s
     timer analyze+factorize: 12.8163 s
  CuDSS Solve Phase... Done in 2.22189 ms.
  Solver solve [27]  |residual| = 1.13185e-15
  CuDSS Analysis Phase... Done in 376.117 ms.
  CuDSS Factorization Phase... Done in 26.5536 ms.
  Solver setup [28] n = 1200000  nnz = 43199712
     analyze?        1
     use learner?    1
     pattern locked? 1
     call learner?   0
     call reserve?   0
     timer assembly matrix:   18.0647 s
     timer analyze+factorize: 13.2731 s
  CuDSS Solve Phase... Done in 2.23907 ms.
  Solver solve [28]  |residual| = 3.09096e-15
  CuDSS Analysis Phase... Done in 376.097 ms.
  CuDSS Factorization Phase... Done in 26.3343 ms.
  Solver setup [29] n = 1200000  nnz = 43199712
     analyze?        1
     use learner?    1
     pattern locked? 1
     call learner?   0
     call reserve?   0
     timer assembly matrix:   18.6031 s
     timer analyze+factorize: 13.7296 s
  CuDSS Solve Phase... Done in 2.21533 ms.
  Solver solve [29]  |residual| = 1.13672e-15
  CuDSS Analysis Phase... Done in 376.851 ms.
  CuDSS Factorization Phase... Done in 26.4398 ms.
  Solver setup [30] n = 1200000  nnz = 43199712
     analyze?        1
     use learner?    1
     pattern locked? 1
     call learner?   0
     call reserve?   0
     timer assembly matrix:   19.0814 s
     timer analyze+factorize: 14.187 s
  CuDSS Solve Phase... Done in 2.21891 ms.
  Solver solve [30]  |residual| = 1.145e-15
  CuDSS Analysis Phase... Done in 374.81 ms.
  CuDSS Factorization Phase... Done in 26.5761 ms.
  Solver setup [31] n = 1200000  nnz = 43199712
     analyze?        1
     use learner?    1
     pattern locked? 1
     call learner?   0
     call reserve?   0
     timer assembly matrix:   19.5594 s
     timer analyze+factorize: 14.6421 s
  CuDSS Solve Phase... Done in 2.2265 ms.
  Solver solve [31]  |residual| = 1.14439e-15
  CuDSS Analysis Phase... Done in 374.739 ms.
  CuDSS Factorization Phase... Done in 27.7031 ms.
  Solver setup [32] n = 1200000  nnz = 43199712
     analyze?        1
     use learner?    1
     pattern locked? 1
     call learner?   0
     call reserve?   0
     timer assembly matrix:   20.0364 s
     timer analyze+factorize: 15.0983 s
  CuDSS Solve Phase... Done in 2.21878 ms.
  Solver solve [32]  |residual| = 2.40422e-15
  CuDSS Analysis Phase... Done in 374.593 ms.
  CuDSS Factorization Phase... Done in 26.4546 ms.
  Solver setup [33] n = 1200000  nnz = 43199712
     analyze?        1
     use learner?    1
     pattern locked? 1
     call learner?   0
     call reserve?   0
     timer assembly matrix:   20.5132 s
     timer analyze+factorize: 15.5543 s
  CuDSS Solve Phase... Done in 2.23594 ms.
  Solver solve [33]  |residual| = 1.12627e-15
  CuDSS Analysis Phase... Done in 375.979 ms.
  CuDSS Factorization Phase... Done in 26.3849 ms.
  Solver setup [34] n = 1200000  nnz = 43199712
     analyze?        1
     use learner?    1
     pattern locked? 1
     call learner?   0
     call reserve?   0
     timer assembly matrix:   20.9928 s
     timer analyze+factorize: 16.011 s
  CuDSS Solve Phase... Done in 2.21923 ms.
  Solver solve [34]  |residual| = 1.14319e-15
  CuDSS Analysis Phase... Done in 376.106 ms.
  CuDSS Factorization Phase... Done in 26.5285 ms.
  Solver setup [35] n = 1200000  nnz = 43199712
     analyze?        1
     use learner?    1
     pattern locked? 1
     call learner?   0
     call reserve?   0
     timer assembly matrix:   21.4728 s
     timer analyze+factorize: 16.4685 s
  CuDSS Solve Phase... Done in 2.22304 ms.
  Solver solve [35]  |residual| = 1.13836e-15
  CuDSS Analysis Phase... Done in 373.541 ms.
  CuDSS Factorization Phase... Done in 26.6403 ms.
  Solver setup [36] n = 1200000  nnz = 43199712
     analyze?        1
     use learner?    1
     pattern locked? 1
     call learner?   0
     call reserve?   0
     timer assembly matrix:   21.9498 s
     timer analyze+factorize: 16.9236 s
  CuDSS Solve Phase... Done in 2.24653 ms.
  Solver solve [36]  |residual| = 5.87227e-15
  CuDSS Analysis Phase... Done in 375.255 ms.
  CuDSS Factorization Phase... Done in 26.4889 ms.
  Solver setup [37] n = 1200000  nnz = 43199712
     analyze?        1
     use learner?    1
     pattern locked? 1
     call learner?   0
     call reserve?   0
     timer assembly matrix:   22.4219 s
     timer analyze+factorize: 17.3792 s
  CuDSS Solve Phase... Done in 2.29251 ms.
  Solver solve [37]  |residual| = 1.14007e-15
  CuDSS Analysis Phase... Done in 374.714 ms.
  CuDSS Factorization Phase... Done in 26.407 ms.
  Solver setup [38] n = 1200000  nnz = 43199712
     analyze?        1
     use learner?    1
     pattern locked? 1
     call learner?   0
     call reserve?   0
     timer assembly matrix:   22.9011 s
     timer analyze+factorize: 17.8357 s
  CuDSS Solve Phase... Done in 2.23267 ms.
  Solver solve [38]  |residual| = 1.12664e-15
  CuDSS Analysis Phase... Done in 375.986 ms.
  CuDSS Factorization Phase... Done in 26.6255 ms.
  Solver setup [39] n = 1200000  nnz = 43199712
     analyze?        1
     use learner?    1
     pattern locked? 1
     call learner?   0
     call reserve?   0
     timer assembly matrix:   23.3757 s
     timer analyze+factorize: 18.2921 s
  CuDSS Solve Phase... Done in 2.21645 ms.
  Solver solve [39]  |residual| = 1.13518e-15
Wall time (loop)     : 61.571653 s
Simulation time      : 0.010000 s
RTF (wall/sim)       : 6157.165312

Final tip position   : 19999.999372  -0.000000  0.027812 m
Final tip angles XYZ : -0.000000  -2.885361  -0.000000 deg
peakRSS=9937812kB total=72.29s
