OpenMP enabled (max_threads=16)
Thread settings: nthreads=16 (chrono/collision/eigen)
ANCF 3243 cantilever demo
  integration : PreInt
  solver      : PARDISO_MKL
  elements    : 100000
  L_total     : 20000 m
  dx          : 0.2 m (per-element)
  W,H         : 0.1, 0.1 m
  tip_force   : 5000 N (Fz, applied along +Z)
  schedule    : Fz=const for steps 0..4, then Fz=0 for steps 5..9
  dt          : 0.001 s
  steps       : 10 (t_end=0.01 s)

  PARDISO Analysis Phase... Done in 2085.47 ms.
  PARDISO Factorization Phase... Done in 172.723 ms.
  Solver setup [0] n = 1200000  nnz = 43199712
     analyze?        1
     use learner?    1
     pattern locked? 1
     call learner?   1
     call reserve?   0
     timer assembly matrix:   4.16627 s
     timer analyze+factorize: 2.25827 s
  PARDISO Solve Phase... Done in 372.907 ms.
  Solver solve [0]  |residual| = 7.66744e-15
  PARDISO Analysis Phase... Done in 2166.1 ms.
  PARDISO Factorization Phase... Done in 171.409 ms.
  Solver setup [1] n = 1200000  nnz = 43199712
     analyze?        1
     use learner?    1
     pattern locked? 1
     call learner?   0
     call reserve?   0
     timer assembly matrix:   4.64578 s
     timer analyze+factorize: 4.59584 s
  PARDISO Solve Phase... Done in 371.408 ms.
  Solver solve [1]  |residual| = 9.59404e-16
  PARDISO Analysis Phase... Done in 2163.18 ms.
  PARDISO Factorization Phase... Done in 169.264 ms.
  Solver setup [2] n = 1200000  nnz = 43199712
     analyze?        1
     use learner?    1
     pattern locked? 1
     call learner?   0
     call reserve?   0
     timer assembly matrix:   5.1318 s
     timer analyze+factorize: 6.92835 s
  PARDISO Solve Phase... Done in 372.919 ms.
  Solver solve [2]  |residual| = 9.40616e-16
  PARDISO Analysis Phase... Done in 2179.83 ms.
  PARDISO Factorization Phase... Done in 167.503 ms.
  Solver setup [3] n = 1200000  nnz = 43199712
     analyze?        1
     use learner?    1
     pattern locked? 1
     call learner?   0
     call reserve?   0
     timer assembly matrix:   5.62153 s
     timer analyze+factorize: 9.27574 s
  PARDISO Solve Phase... Done in 372.764 ms.
  Solver solve [3]  |residual| = 9.30054e-16
  PARDISO Analysis Phase... Done in 2174.77 ms.
  PARDISO Factorization Phase... Done in 165.2 ms.
  Solver setup [4] n = 1200000  nnz = 43199712
     analyze?        1
     use learner?    1
     pattern locked? 1
     call learner?   0
     call reserve?   0
     timer assembly matrix:   6.11209 s
     timer analyze+factorize: 11.6158 s
  PARDISO Solve Phase... Done in 370.807 ms.
  Solver solve [4]  |residual| = 1.92602e-15
  PARDISO Analysis Phase... Done in 2168.36 ms.
  PARDISO Factorization Phase... Done in 166.882 ms.
  Solver setup [5] n = 1200000  nnz = 43199712
     analyze?        1
     use learner?    1
     pattern locked? 1
     call learner?   0
     call reserve?   0
     timer assembly matrix:   6.59513 s
     timer analyze+factorize: 13.9511 s
  PARDISO Solve Phase... Done in 482.787 ms.
  Solver solve [5]  |residual| = 9.28506e-16
  PARDISO Analysis Phase... Done in 2148.9 ms.
  PARDISO Factorization Phase... Done in 166.955 ms.
  Solver setup [6] n = 1200000  nnz = 43199712
     analyze?        1
     use learner?    1
     pattern locked? 1
     call learner?   0
     call reserve?   0
     timer assembly matrix:   7.13121 s
     timer analyze+factorize: 16.267 s
  PARDISO Solve Phase... Done in 372 ms.
  Solver solve [6]  |residual| = 9.32692e-16
  PARDISO Analysis Phase... Done in 2212.49 ms.
  PARDISO Factorization Phase... Done in 170.75 ms.
  Solver setup [7] n = 1200000  nnz = 43199712
     analyze?        1
     use learner?    1
     pattern locked? 1
     call learner?   0
     call reserve?   0
     timer assembly matrix:   7.61324 s
     timer analyze+factorize: 18.6503 s
  PARDISO Solve Phase... Done in 369.547 ms.
  Solver solve [7]  |residual| = 9.36312e-16
  PARDISO Analysis Phase... Done in 2191.36 ms.
  PARDISO Factorization Phase... Done in 169.373 ms.
  Solver setup [8] n = 1200000  nnz = 43199712
     analyze?        1
     use learner?    1
     pattern locked? 1
     call learner?   0
     call reserve?   0
     timer assembly matrix:   8.14743 s
     timer analyze+factorize: 21.0111 s
  PARDISO Solve Phase... Done in 481.351 ms.
  Solver solve [8]  |residual| = 1.03823e-14
  PARDISO Analysis Phase... Done in 2334.43 ms.
  PARDISO Factorization Phase... Done in 166.538 ms.
  Solver setup [9] n = 1200000  nnz = 43199712
     analyze?        1
     use learner?    1
     pattern locked? 1
     call learner?   0
     call reserve?   0
     timer assembly matrix:   8.68174 s
     timer analyze+factorize: 23.5122 s
  PARDISO Solve Phase... Done in 488.232 ms.
  Solver solve [9]  |residual| = 9.2536e-16
  PARDISO Analysis Phase... Done in 2220.4 ms.
  PARDISO Factorization Phase... Done in 170.567 ms.
  Solver setup [10] n = 1200000  nnz = 43199712
     analyze?        1
     use learner?    1
     pattern locked? 1
     call learner?   0
     call reserve?   0
     timer assembly matrix:   9.16449 s
     timer analyze+factorize: 25.9032 s
  PARDISO Solve Phase... Done in 369.607 ms.
  Solver solve [10]  |residual| = 9.38331e-16
  PARDISO Analysis Phase... Done in 2157.57 ms.
  PARDISO Factorization Phase... Done in 169.902 ms.
  Solver setup [11] n = 1200000  nnz = 43199712
     analyze?        1
     use learner?    1
     pattern locked? 1
     call learner?   0
     call reserve?   0
     timer assembly matrix:   9.64758 s
     timer analyze+factorize: 28.2307 s
  PARDISO Solve Phase... Done in 369.674 ms.
  Solver solve [11]  |residual| = 9.39016e-16
  PARDISO Analysis Phase... Done in 2152.24 ms.
  PARDISO Factorization Phase... Done in 168.017 ms.
  Solver setup [12] n = 1200000  nnz = 43199712
     analyze?        1
     use learner?    1
     pattern locked? 1
     call learner?   0
     call reserve?   0
     timer assembly matrix:   10.1295 s
     timer analyze+factorize: 30.551 s
  PARDISO Solve Phase... Done in 368.878 ms.
  Solver solve [12]  |residual| = 3.27152e-15
  PARDISO Analysis Phase... Done in 2335.54 ms.
  PARDISO Factorization Phase... Done in 168.97 ms.
  Solver setup [13] n = 1200000  nnz = 43199712
     analyze?        1
     use learner?    1
     pattern locked? 1
     call learner?   0
     call reserve?   0
     timer assembly matrix:   10.6108 s
     timer analyze+factorize: 33.0556 s
  PARDISO Solve Phase... Done in 372.609 ms.
  Solver solve [13]  |residual| = 9.23223e-16
  PARDISO Analysis Phase... Done in 2176.47 ms.
  PARDISO Factorization Phase... Done in 167.287 ms.
  Solver setup [14] n = 1200000  nnz = 43199712
     analyze?        1
     use learner?    1
     pattern locked? 1
     call learner?   0
     call reserve?   0
     timer assembly matrix:   11.1019 s
     timer analyze+factorize: 35.3994 s
  PARDISO Solve Phase... Done in 373.23 ms.
  Solver solve [14]  |residual| = 9.3122e-16
  PARDISO Analysis Phase... Done in 2155.81 ms.
  PARDISO Factorization Phase... Done in 166.298 ms.
  Solver setup [15] n = 1200000  nnz = 43199712
     analyze?        1
     use learner?    1
     pattern locked? 1
     call learner?   0
     call reserve?   0
     timer assembly matrix:   11.5814 s
     timer analyze+factorize: 37.7216 s
  PARDISO Solve Phase... Done in 369.764 ms.
  Solver solve [15]  |residual| = 9.34387e-16
  PARDISO Analysis Phase... Done in 2347.15 ms.
  PARDISO Factorization Phase... Done in 168.791 ms.
  Solver setup [16] n = 1200000  nnz = 43199712
     analyze?        1
     use learner?    1
     pattern locked? 1
     call learner?   0
     call reserve?   0
     timer assembly matrix:   12.0668 s
     timer analyze+factorize: 40.2376 s
  PARDISO Solve Phase... Done in 372.405 ms.
  Solver solve [16]  |residual| = 5.2427e-15
  PARDISO Analysis Phase... Done in 2175.88 ms.
  PARDISO Factorization Phase... Done in 168.132 ms.
  Solver setup [17] n = 1200000  nnz = 43199712
     analyze?        1
     use learner?    1
     pattern locked? 1
     call learner?   0
     call reserve?   0
     timer assembly matrix:   12.5552 s
     timer analyze+factorize: 42.5817 s
  PARDISO Solve Phase... Done in 372.71 ms.
  Solver solve [17]  |residual| = 9.39817e-16
  PARDISO Analysis Phase... Done in 2189.47 ms.
  PARDISO Factorization Phase... Done in 166.322 ms.
  Solver setup [18] n = 1200000  nnz = 43199712
     analyze?        1
     use learner?    1
     pattern locked? 1
     call learner?   0
     call reserve?   0
     timer assembly matrix:   13.0437 s
     timer analyze+factorize: 44.9375 s
  PARDISO Solve Phase... Done in 371.669 ms.
  Solver solve [18]  |residual| = 9.36208e-16
  PARDISO Analysis Phase... Done in 2156.37 ms.
  PARDISO Factorization Phase... Done in 166.023 ms.
  Solver setup [19] n = 1200000  nnz = 43199712
     analyze?        1
     use learner?    1
     pattern locked? 1
     call learner?   0
     call reserve?   0
     timer assembly matrix:   13.5332 s
     timer analyze+factorize: 47.26 s
  PARDISO Solve Phase... Done in 370.195 ms.
  Solver solve [19]  |residual| = 9.31938e-16
  PARDISO Analysis Phase... Done in 2153.42 ms.
  PARDISO Factorization Phase... Done in 166.228 ms.
  Solver setup [20] n = 1200000  nnz = 43199712
     analyze?        1
     use learner?    1
     pattern locked? 1
     call learner?   0
     call reserve?   0
     timer assembly matrix:   14.0156 s
     timer analyze+factorize: 49.5797 s
  PARDISO Solve Phase... Done in 370.143 ms.
  Solver solve [20]  |residual| = 3.79666e-15
  PARDISO Analysis Phase... Done in 2242.97 ms.
  PARDISO Factorization Phase... Done in 170.832 ms.
  Solver setup [21] n = 1200000  nnz = 43199712
     analyze?        1
     use learner?    1
     pattern locked? 1
     call learner?   0
     call reserve?   0
     timer assembly matrix:   14.5016 s
     timer analyze+factorize: 51.9936 s
  PARDISO Solve Phase... Done in 372.98 ms.
  Solver solve [21]  |residual| = 9.32135e-16
  PARDISO Analysis Phase... Done in 2230.03 ms.
  PARDISO Factorization Phase... Done in 165.105 ms.
  Solver setup [22] n = 1200000  nnz = 43199712
     analyze?        1
     use learner?    1
     pattern locked? 1
     call learner?   0
     call reserve?   0
     timer assembly matrix:   15.0111 s
     timer analyze+factorize: 54.3888 s
  PARDISO Solve Phase... Done in 374.679 ms.
  Solver solve [22]  |residual| = 9.39953e-16
  PARDISO Analysis Phase... Done in 2320.82 ms.
  PARDISO Factorization Phase... Done in 185.638 ms.
  Solver setup [23] n = 1200000  nnz = 43199712
     analyze?        1
     use learner?    1
     pattern locked? 1
     call learner?   0
     call reserve?   0
     timer assembly matrix:   15.4966 s
     timer analyze+factorize: 56.8953 s
  PARDISO Solve Phase... Done in 490.602 ms.
  Solver solve [23]  |residual| = 9.2855e-16
  PARDISO Analysis Phase... Done in 2216.96 ms.
  PARDISO Factorization Phase... Done in 167.631 ms.
  Solver setup [24] n = 1200000  nnz = 43199712
     analyze?        1
     use learner?    1
     pattern locked? 1
     call learner?   0
     call reserve?   0
     timer assembly matrix:   16.0391 s
     timer analyze+factorize: 59.28 s
  PARDISO Solve Phase... Done in 367.564 ms.
  Solver solve [24]  |residual| = 2.56422e-15
  PARDISO Analysis Phase... Done in 2353.01 ms.
  PARDISO Factorization Phase... Done in 166.603 ms.
  Solver setup [25] n = 1200000  nnz = 43199712
     analyze?        1
     use learner?    1
     pattern locked? 1
     call learner?   0
     call reserve?   0
     timer assembly matrix:   16.5224 s
     timer analyze+factorize: 61.7996 s
  PARDISO Solve Phase... Done in 485.266 ms.
  Solver solve [25]  |residual| = 9.316e-16
  PARDISO Analysis Phase... Done in 2226.79 ms.
  PARDISO Factorization Phase... Done in 167.248 ms.
  Solver setup [26] n = 1200000  nnz = 43199712
     analyze?        1
     use learner?    1
     pattern locked? 1
     call learner?   0
     call reserve?   0
     timer assembly matrix:   17.0792 s
     timer analyze+factorize: 64.1938 s
  PARDISO Solve Phase... Done in 370.154 ms.
  Solver solve [26]  |residual| = 9.33777e-16
  PARDISO Analysis Phase... Done in 2200.84 ms.
  PARDISO Factorization Phase... Done in 171.194 ms.
  Solver setup [27] n = 1200000  nnz = 43199712
     analyze?        1
     use learner?    1
     pattern locked? 1
     call learner?   0
     call reserve?   0
     timer assembly matrix:   17.5634 s
     timer analyze+factorize: 66.5658 s
  PARDISO Solve Phase... Done in 374.474 ms.
  Solver solve [27]  |residual| = 9.31062e-16
  PARDISO Analysis Phase... Done in 2182.22 ms.
  PARDISO Factorization Phase... Done in 167.984 ms.
  Solver setup [28] n = 1200000  nnz = 43199712
     analyze?        1
     use learner?    1
     pattern locked? 1
     call learner?   0
     call reserve?   0
     timer assembly matrix:   18.0517 s
     timer analyze+factorize: 68.9161 s
  PARDISO Solve Phase... Done in 367.939 ms.
  Solver solve [28]  |residual| = 2.6728e-15
  PARDISO Analysis Phase... Done in 2245.86 ms.
  PARDISO Factorization Phase... Done in 171.093 ms.
  Solver setup [29] n = 1200000  nnz = 43199712
     analyze?        1
     use learner?    1
     pattern locked? 1
     call learner?   0
     call reserve?   0
     timer assembly matrix:   18.5355 s
     timer analyze+factorize: 71.3331 s
  PARDISO Solve Phase... Done in 370.644 ms.
  Solver solve [29]  |residual| = 9.267e-16
  PARDISO Analysis Phase... Done in 2201.29 ms.
  PARDISO Factorization Phase... Done in 166.263 ms.
  Solver setup [30] n = 1200000  nnz = 43199712
     analyze?        1
     use learner?    1
     pattern locked? 1
     call learner?   0
     call reserve?   0
     timer assembly matrix:   19.0217 s
     timer analyze+factorize: 73.7007 s
  PARDISO Solve Phase... Done in 371.081 ms.
  Solver solve [30]  |residual| = 9.39198e-16
  PARDISO Analysis Phase... Done in 2362.98 ms.
  PARDISO Factorization Phase... Done in 165.381 ms.
  Solver setup [31] n = 1200000  nnz = 43199712
     analyze?        1
     use learner?    1
     pattern locked? 1
     call learner?   0
     call reserve?   0
     timer assembly matrix:   19.5119 s
     timer analyze+factorize: 76.2292 s
  PARDISO Solve Phase... Done in 368.156 ms.
  Solver solve [31]  |residual| = 9.22468e-16
  PARDISO Analysis Phase... Done in 2377.3 ms.
  PARDISO Factorization Phase... Done in 165.554 ms.
  Solver setup [32] n = 1200000  nnz = 43199712
     analyze?        1
     use learner?    1
     pattern locked? 1
     call learner?   0
     call reserve?   0
     timer assembly matrix:   19.9962 s
     timer analyze+factorize: 78.7721 s
  PARDISO Solve Phase... Done in 485.327 ms.
  Solver solve [32]  |residual| = 2.32901e-15
  PARDISO Analysis Phase... Done in 2175.76 ms.
  PARDISO Factorization Phase... Done in 165.283 ms.
  Solver setup [33] n = 1200000  nnz = 43199712
     analyze?        1
     use learner?    1
     pattern locked? 1
     call learner?   0
     call reserve?   0
     timer assembly matrix:   20.5291 s
     timer analyze+factorize: 81.1132 s
  PARDISO Solve Phase... Done in 368.101 ms.
  Solver solve [33]  |residual| = 9.2529e-16
  PARDISO Analysis Phase... Done in 2170.52 ms.
  PARDISO Factorization Phase... Done in 164.838 ms.
  Solver setup [34] n = 1200000  nnz = 43199712
     analyze?        1
     use learner?    1
     pattern locked? 1
     call learner?   0
     call reserve?   0
     timer assembly matrix:   21.0065 s
     timer analyze+factorize: 83.4486 s
  PARDISO Solve Phase... Done in 485.558 ms.
  Solver solve [34]  |residual| = 9.15903e-16
  PARDISO Analysis Phase... Done in 2226.09 ms.
  PARDISO Factorization Phase... Done in 166.833 ms.
  Solver setup [35] n = 1200000  nnz = 43199712
     analyze?        1
     use learner?    1
     pattern locked? 1
     call learner?   0
     call reserve?   0
     timer assembly matrix:   21.5427 s
     timer analyze+factorize: 85.8416 s
  PARDISO Solve Phase... Done in 368.452 ms.
  Solver solve [35]  |residual| = 9.27354e-16
  PARDISO Analysis Phase... Done in 2189.92 ms.
  PARDISO Factorization Phase... Done in 175.335 ms.
  Solver setup [36] n = 1200000  nnz = 43199712
     analyze?        1
     use learner?    1
     pattern locked? 1
     call learner?   0
     call reserve?   0
     timer assembly matrix:   22.0235 s
     timer analyze+factorize: 88.2069 s
  PARDISO Solve Phase... Done in 370.006 ms.
  Solver solve [36]  |residual| = 2.69547e-15
  PARDISO Analysis Phase... Done in 2175.05 ms.
  PARDISO Factorization Phase... Done in 170.407 ms.
  Solver setup [37] n = 1200000  nnz = 43199712
     analyze?        1
     use learner?    1
     pattern locked? 1
     call learner?   0
     call reserve?   0
     timer assembly matrix:   22.5109 s
     timer analyze+factorize: 90.5525 s
  PARDISO Solve Phase... Done in 369.878 ms.
  Solver solve [37]  |residual| = 9.24282e-16
  PARDISO Analysis Phase... Done in 2325.85 ms.
  PARDISO Factorization Phase... Done in 167.005 ms.
  Solver setup [38] n = 1200000  nnz = 43199712
     analyze?        1
     use learner?    1
     pattern locked? 1
     call learner?   0
     call reserve?   0
     timer assembly matrix:   23 s
     timer analyze+factorize: 93.0454 s
  PARDISO Solve Phase... Done in 486.604 ms.
  Solver solve [38]  |residual| = 9.25747e-16
  PARDISO Analysis Phase... Done in 2215.15 ms.
  PARDISO Factorization Phase... Done in 167.385 ms.
  Solver setup [39] n = 1200000  nnz = 43199712
     analyze?        1
     use learner?    1
     pattern locked? 1
     call learner?   0
     call reserve?   0
     timer assembly matrix:   23.5471 s
     timer analyze+factorize: 95.428 s
  PARDISO Solve Phase... Done in 371.264 ms.
  Solver solve [39]  |residual| = 9.27842e-16
Wall time (loop)     : 154.678280 s
Simulation time      : 0.010000 s
RTF (wall/sim)       : 15467.828046

Final tip position   : 19999.999373  -0.000000  0.027812 m
Final tip angles XYZ : -0.000000  -2.885356  -0.000000 deg
peakRSS=11747436kB total=165.40s
