OpenMP enabled (max_threads=16)
Thread settings: nthreads=16 (chrono/collision/eigen)
ANCF 3243 cantilever demo
  integration : PreInt
  solver      : CUSTOM
  elements    : 100000
  L_total     : 20000 m
  dx          : 0.2 m (per-element)
  W,H         : 0.1, 0.1 m
  tip_force   : 5000 N (Fz, applied along +Z)
  schedule    : Fz=const for steps 0..4, then Fz=0 for steps 5..9
  dt          : 0.001 s
  steps       : 10 (t_end=0.01 s)

  CuDSS Analysis Phase... Done in 382.392 ms.
  CuDSS Factorization Phase... Done in 34.3892 ms.
  Solver setup [0] n = 1200000  nnz = 43199712
     analyze?        1
     use learner?    1
     pattern locked? 1
     call learner?   1
     call reserve?   0
     timer assembly matrix:   4.21524 s
     timer analyze+factorize: 0.471416 s
  CuDSS Solve Phase... Done in 2.62342 ms.
  Solver solve [0]  |residual| = 6.03884e-15
  CuDSS Analysis Phase... Done in 375.425 ms.
  CuDSS Factorization Phase... Done in 26.4098 ms.
  Solver setup [1] n = 1200000  nnz = 43199712
     analyze?        1
     use learner?    1
     pattern locked? 1
     call learner?   0
     call reserve?   0
     timer assembly matrix:   4.6911 s
     timer analyze+factorize: 0.92746 s
  CuDSS Solve Phase... Done in 2.22941 ms.
  Solver solve [1]  |residual| = 1.16332e-15
  CuDSS Analysis Phase... Done in 374.993 ms.
  CuDSS Factorization Phase... Done in 26.4478 ms.
  Solver setup [2] n = 1200000  nnz = 43199712
     analyze?        1
     use learner?    1
     pattern locked? 1
     call learner?   0
     call reserve?   0
     timer assembly matrix:   5.1704 s
     timer analyze+factorize: 1.38325 s
  CuDSS Solve Phase... Done in 2.23072 ms.
  Solver solve [2]  |residual| = 1.13983e-15
  CuDSS Analysis Phase... Done in 376.281 ms.
  CuDSS Factorization Phase... Done in 26.4457 ms.
  Solver setup [3] n = 1200000  nnz = 43199712
     analyze?        1
     use learner?    1
     pattern locked? 1
     call learner?   0
     call reserve?   0
     timer assembly matrix:   5.64817 s
     timer analyze+factorize: 1.84104 s
  CuDSS Solve Phase... Done in 2.22272 ms.
  Solver solve [3]  |residual| = 1.11643e-15
  CuDSS Analysis Phase... Done in 374.477 ms.
  CuDSS Factorization Phase... Done in 26.4768 ms.
  Solver setup [4] n = 1200000  nnz = 43199712
     analyze?        1
     use learner?    1
     pattern locked? 1
     call learner?   0
     call reserve?   0
     timer assembly matrix:   6.19044 s
     timer analyze+factorize: 2.29636 s
  CuDSS Solve Phase... Done in 2.23344 ms.
  Solver solve [4]  |residual| = 7.00013e-15
  CuDSS Analysis Phase... Done in 374.755 ms.
  CuDSS Factorization Phase... Done in 26.4456 ms.
  Solver setup [5] n = 1200000  nnz = 43199712
     analyze?        1
     use learner?    1
     pattern locked? 1
     call learner?   0
     call reserve?   0
     timer assembly matrix:   6.72461 s
     timer analyze+factorize: 2.75193 s
  CuDSS Solve Phase... Done in 2.21776 ms.
  Solver solve [5]  |residual| = 1.13619e-15
  CuDSS Analysis Phase... Done in 374.721 ms.
  CuDSS Factorization Phase... Done in 26.4772 ms.
  Solver setup [6] n = 1200000  nnz = 43199712
     analyze?        1
     use learner?    1
     pattern locked? 1
     call learner?   0
     call reserve?   0
     timer assembly matrix:   7.20004 s
     timer analyze+factorize: 3.20731 s
  CuDSS Solve Phase... Done in 2.22723 ms.
  Solver solve [6]  |residual| = 1.1391e-15
  CuDSS Analysis Phase... Done in 376.051 ms.
  CuDSS Factorization Phase... Done in 26.4269 ms.
  Solver setup [7] n = 1200000  nnz = 43199712
     analyze?        1
     use learner?    1
     pattern locked? 1
     call learner?   0
     call reserve?   0
     timer assembly matrix:   7.67935 s
     timer analyze+factorize: 3.66393 s
  CuDSS Solve Phase... Done in 2.22458 ms.
  Solver solve [7]  |residual| = 1.13964e-15
  CuDSS Analysis Phase... Done in 374.752 ms.
  CuDSS Factorization Phase... Done in 26.3922 ms.
  Solver setup [8] n = 1200000  nnz = 43199712
     analyze?        1
     use learner?    1
     pattern locked? 1
     call learner?   0
     call reserve?   0
     timer assembly matrix:   8.15586 s
     timer analyze+factorize: 4.11925 s
  CuDSS Solve Phase... Done in 2.21789 ms.
  Solver solve [8]  |residual| = 3.57726e-15
  CuDSS Analysis Phase... Done in 376.875 ms.
  CuDSS Factorization Phase... Done in 26.5713 ms.
  Solver setup [9] n = 1200000  nnz = 43199712
     analyze?        1
     use learner?    1
     pattern locked? 1
     call learner?   0
     call reserve?   0
     timer assembly matrix:   8.63444 s
     timer analyze+factorize: 4.5778 s
  CuDSS Solve Phase... Done in 2.23155 ms.
  Solver solve [9]  |residual| = 1.13707e-15
  CuDSS Analysis Phase... Done in 376.361 ms.
  CuDSS Factorization Phase... Done in 26.4607 ms.
  Solver setup [10] n = 1200000  nnz = 43199712
     analyze?        1
     use learner?    1
     pattern locked? 1
     call learner?   0
     call reserve?   0
     timer assembly matrix:   9.11667 s
     timer analyze+factorize: 5.03548 s
  CuDSS Solve Phase... Done in 2.22768 ms.
  Solver solve [10]  |residual| = 1.13251e-15
  CuDSS Analysis Phase... Done in 374.525 ms.
  CuDSS Factorization Phase... Done in 26.4225 ms.
  Solver setup [11] n = 1200000  nnz = 43199712
     analyze?        1
     use learner?    1
     pattern locked? 1
     call learner?   0
     call reserve?   0
     timer assembly matrix:   9.59838 s
     timer analyze+factorize: 5.4906 s
  CuDSS Solve Phase... Done in 2.21718 ms.
  Solver solve [11]  |residual| = 1.14801e-15
  CuDSS Analysis Phase... Done in 376.573 ms.
  CuDSS Factorization Phase... Done in 26.4511 ms.
  Solver setup [12] n = 1200000  nnz = 43199712
     analyze?        1
     use learner?    1
     pattern locked? 1
     call learner?   0
     call reserve?   0
     timer assembly matrix:   10.0787 s
     timer analyze+factorize: 5.94762 s
  CuDSS Solve Phase... Done in 2.22582 ms.
  Solver solve [12]  |residual| = 4.90659e-15
  CuDSS Analysis Phase... Done in 374.112 ms.
  CuDSS Factorization Phase... Done in 26.4741 ms.
  Solver setup [13] n = 1200000  nnz = 43199712
     analyze?        1
     use learner?    1
     pattern locked? 1
     call learner?   0
     call reserve?   0
     timer assembly matrix:   10.5563 s
     timer analyze+factorize: 6.40264 s
  CuDSS Solve Phase... Done in 2.22474 ms.
  Solver solve [13]  |residual| = 1.14043e-15
  CuDSS Analysis Phase... Done in 375.05 ms.
  CuDSS Factorization Phase... Done in 26.4471 ms.
  Solver setup [14] n = 1200000  nnz = 43199712
     analyze?        1
     use learner?    1
     pattern locked? 1
     call learner?   0
     call reserve?   0
     timer assembly matrix:   11.0319 s
     timer analyze+factorize: 6.85791 s
  CuDSS Solve Phase... Done in 2.21888 ms.
  Solver solve [14]  |residual| = 1.1364e-15
  CuDSS Analysis Phase... Done in 375.367 ms.
  CuDSS Factorization Phase... Done in 26.4052 ms.
  Solver setup [15] n = 1200000  nnz = 43199712
     analyze?        1
     use learner?    1
     pattern locked? 1
     call learner?   0
     call reserve?   0
     timer assembly matrix:   11.5095 s
     timer analyze+factorize: 7.31438 s
  CuDSS Solve Phase... Done in 2.22205 ms.
  Solver solve [15]  |residual| = 1.14535e-15
  CuDSS Analysis Phase... Done in 375.448 ms.
  CuDSS Factorization Phase... Done in 26.4802 ms.
  Solver setup [16] n = 1200000  nnz = 43199712
     analyze?        1
     use learner?    1
     pattern locked? 1
     call learner?   0
     call reserve?   0
     timer assembly matrix:   11.9883 s
     timer analyze+factorize: 7.77158 s
  CuDSS Solve Phase... Done in 2.23443 ms.
  Solver solve [16]  |residual| = 9.07064e-15
  CuDSS Analysis Phase... Done in 375.848 ms.
  CuDSS Factorization Phase... Done in 26.6371 ms.
  Solver setup [17] n = 1200000  nnz = 43199712
     analyze?        1
     use learner?    1
     pattern locked? 1
     call learner?   0
     call reserve?   0
     timer assembly matrix:   12.4682 s
     timer analyze+factorize: 8.22818 s
  CuDSS Solve Phase... Done in 2.21923 ms.
  Solver solve [17]  |residual| = 1.14725e-15
  CuDSS Analysis Phase... Done in 376.345 ms.
  CuDSS Factorization Phase... Done in 26.4054 ms.
  Solver setup [18] n = 1200000  nnz = 43199712
     analyze?        1
     use learner?    1
     pattern locked? 1
     call learner?   0
     call reserve?   0
     timer assembly matrix:   12.9457 s
     timer analyze+factorize: 8.68508 s
  CuDSS Solve Phase... Done in 2.22154 ms.
  Solver solve [18]  |residual| = 1.15082e-15
  CuDSS Analysis Phase... Done in 374.766 ms.
  CuDSS Factorization Phase... Done in 26.4003 ms.
  Solver setup [19] n = 1200000  nnz = 43199712
     analyze?        1
     use learner?    1
     pattern locked? 1
     call learner?   0
     call reserve?   0
     timer assembly matrix:   13.4223 s
     timer analyze+factorize: 9.14153 s
  CuDSS Solve Phase... Done in 2.21846 ms.
  Solver solve [19]  |residual| = 1.12433e-15
  CuDSS Analysis Phase... Done in 374.854 ms.
  CuDSS Factorization Phase... Done in 26.407 ms.
  Solver setup [20] n = 1200000  nnz = 43199712
     analyze?        1
     use learner?    1
     pattern locked? 1
     call learner?   0
     call reserve?   0
     timer assembly matrix:   13.9004 s
     timer analyze+factorize: 9.59708 s
  CuDSS Solve Phase... Done in 2.22547 ms.
  Solver solve [20]  |residual| = 3.41698e-15
  CuDSS Analysis Phase... Done in 375.063 ms.
  CuDSS Factorization Phase... Done in 26.4328 ms.
  Solver setup [21] n = 1200000  nnz = 43199712
     analyze?        1
     use learner?    1
     pattern locked? 1
     call learner?   0
     call reserve?   0
     timer assembly matrix:   14.3792 s
     timer analyze+factorize: 10.0531 s
  CuDSS Solve Phase... Done in 2.21821 ms.
  Solver solve [21]  |residual| = 1.14213e-15
  CuDSS Analysis Phase... Done in 375.691 ms.
  CuDSS Factorization Phase... Done in 26.4583 ms.
  Solver setup [22] n = 1200000  nnz = 43199712
     analyze?        1
     use learner?    1
     pattern locked? 1
     call learner?   0
     call reserve?   0
     timer assembly matrix:   14.8585 s
     timer analyze+factorize: 10.5092 s
  CuDSS Solve Phase... Done in 2.22083 ms.
  Solver solve [22]  |residual| = 1.13582e-15
  CuDSS Analysis Phase... Done in 375.021 ms.
  CuDSS Factorization Phase... Done in 26.4318 ms.
  Solver setup [23] n = 1200000  nnz = 43199712
     analyze?        1
     use learner?    1
     pattern locked? 1
     call learner?   0
     call reserve?   0
     timer assembly matrix:   15.3381 s
     timer analyze+factorize: 10.9653 s
  CuDSS Solve Phase... Done in 2.21702 ms.
  Solver solve [23]  |residual| = 1.13748e-15
  CuDSS Analysis Phase... Done in 374.195 ms.
  CuDSS Factorization Phase... Done in 26.5014 ms.
  Solver setup [24] n = 1200000  nnz = 43199712
     analyze?        1
     use learner?    1
     pattern locked? 1
     call learner?   0
     call reserve?   0
     timer assembly matrix:   15.8179 s
     timer analyze+factorize: 11.4227 s
  CuDSS Solve Phase... Done in 2.23011 ms.
  Solver solve [24]  |residual| = 3.78793e-15
  CuDSS Analysis Phase... Done in 374.904 ms.
  CuDSS Factorization Phase... Done in 26.4927 ms.
  Solver setup [25] n = 1200000  nnz = 43199712
     analyze?        1
     use learner?    1
     pattern locked? 1
     call learner?   0
     call reserve?   0
     timer assembly matrix:   16.2963 s
     timer analyze+factorize: 11.8785 s
  CuDSS Solve Phase... Done in 2.2199 ms.
  Solver solve [25]  |residual| = 1.13652e-15
  CuDSS Analysis Phase... Done in 374.967 ms.
  CuDSS Factorization Phase... Done in 26.4869 ms.
  Solver setup [26] n = 1200000  nnz = 43199712
     analyze?        1
     use learner?    1
     pattern locked? 1
     call learner?   0
     call reserve?   0
     timer assembly matrix:   16.7742 s
     timer analyze+factorize: 12.334 s
  CuDSS Solve Phase... Done in 2.22765 ms.
  Solver solve [26]  |residual| = 1.14886e-15
  CuDSS Analysis Phase... Done in 374.803 ms.
  CuDSS Factorization Phase... Done in 26.4332 ms.
  Solver setup [27] n = 1200000  nnz = 43199712
     analyze?        1
     use learner?    1
     pattern locked? 1
     call learner?   0
     call reserve?   0
     timer assembly matrix:   17.2512 s
     timer analyze+factorize: 12.7897 s
  CuDSS Solve Phase... Done in 2.22518 ms.
  Solver solve [27]  |residual| = 1.12534e-15
  CuDSS Analysis Phase... Done in 374.399 ms.
  CuDSS Factorization Phase... Done in 26.4403 ms.
  Solver setup [28] n = 1200000  nnz = 43199712
     analyze?        1
     use learner?    1
     pattern locked? 1
     call learner?   0
     call reserve?   0
     timer assembly matrix:   17.728 s
     timer analyze+factorize: 13.246 s
  CuDSS Solve Phase... Done in 2.21933 ms.
  Solver solve [28]  |residual| = 3.56152e-15
  CuDSS Analysis Phase... Done in 376.02 ms.
  CuDSS Factorization Phase... Done in 26.4964 ms.
  Solver setup [29] n = 1200000  nnz = 43199712
     analyze?        1
     use learner?    1
     pattern locked? 1
     call learner?   0
     call reserve?   0
     timer assembly matrix:   18.2036 s
     timer analyze+factorize: 13.7027 s
  CuDSS Solve Phase... Done in 2.22806 ms.
  Solver solve [29]  |residual| = 1.13968e-15
  CuDSS Analysis Phase... Done in 375.18 ms.
  CuDSS Factorization Phase... Done in 26.4168 ms.
  Solver setup [30] n = 1200000  nnz = 43199712
     analyze?        1
     use learner?    1
     pattern locked? 1
     call learner?   0
     call reserve?   0
     timer assembly matrix:   18.7391 s
     timer analyze+factorize: 14.1593 s
  CuDSS Solve Phase... Done in 2.23293 ms.
  Solver solve [30]  |residual| = 1.13517e-15
  CuDSS Analysis Phase... Done in 374.516 ms.
  CuDSS Factorization Phase... Done in 26.4268 ms.
  Solver setup [31] n = 1200000  nnz = 43199712
     analyze?        1
     use learner?    1
     pattern locked? 1
     call learner?   0
     call reserve?   0
     timer assembly matrix:   19.217 s
     timer analyze+factorize: 14.6151 s
  CuDSS Solve Phase... Done in 2.21955 ms.
  Solver solve [31]  |residual| = 1.1427e-15
  CuDSS Analysis Phase... Done in 374.649 ms.
  CuDSS Factorization Phase... Done in 26.4808 ms.
  Solver setup [32] n = 1200000  nnz = 43199712
     analyze?        1
     use learner?    1
     pattern locked? 1
     call learner?   0
     call reserve?   0
     timer assembly matrix:   19.7524 s
     timer analyze+factorize: 15.0702 s
  CuDSS Solve Phase... Done in 2.29558 ms.
  Solver solve [32]  |residual| = 4.34084e-15
  CuDSS Analysis Phase... Done in 374.769 ms.
  CuDSS Factorization Phase... Done in 26.4886 ms.
  Solver setup [33] n = 1200000  nnz = 43199712
     analyze?        1
     use learner?    1
     pattern locked? 1
     call learner?   0
     call reserve?   0
     timer assembly matrix:   20.2373 s
     timer analyze+factorize: 15.527 s
  CuDSS Solve Phase... Done in 2.22419 ms.
  Solver solve [33]  |residual| = 1.13027e-15
  CuDSS Analysis Phase... Done in 374.785 ms.
  CuDSS Factorization Phase... Done in 26.4229 ms.
  Solver setup [34] n = 1200000  nnz = 43199712
     analyze?        1
     use learner?    1
     pattern locked? 1
     call learner?   0
     call reserve?   0
     timer assembly matrix:   20.7147 s
     timer analyze+factorize: 15.9826 s
  CuDSS Solve Phase... Done in 2.22541 ms.
  Solver solve [34]  |residual| = 1.12941e-15
  CuDSS Analysis Phase... Done in 375.539 ms.
  CuDSS Factorization Phase... Done in 26.4659 ms.
  Solver setup [35] n = 1200000  nnz = 43199712
     analyze?        1
     use learner?    1
     pattern locked? 1
     call learner?   0
     call reserve?   0
     timer assembly matrix:   21.1933 s
     timer analyze+factorize: 16.4388 s
  CuDSS Solve Phase... Done in 2.22042 ms.
  Solver solve [35]  |residual| = 1.15096e-15
  CuDSS Analysis Phase... Done in 374.604 ms.
  CuDSS Factorization Phase... Done in 26.4377 ms.
  Solver setup [36] n = 1200000  nnz = 43199712
     analyze?        1
     use learner?    1
     pattern locked? 1
     call learner?   0
     call reserve?   0
     timer assembly matrix:   21.6721 s
     timer analyze+factorize: 16.8938 s
  CuDSS Solve Phase... Done in 2.22285 ms.
  Solver solve [36]  |residual| = 2.89433e-15
  CuDSS Analysis Phase... Done in 375.056 ms.
  CuDSS Factorization Phase... Done in 26.4773 ms.
  Solver setup [37] n = 1200000  nnz = 43199712
     analyze?        1
     use learner?    1
     pattern locked? 1
     call learner?   0
     call reserve?   0
     timer assembly matrix:   22.1505 s
     timer analyze+factorize: 17.3499 s
  CuDSS Solve Phase... Done in 2.2313 ms.
  Solver solve [37]  |residual| = 1.12774e-15
  CuDSS Analysis Phase... Done in 374.453 ms.
  CuDSS Factorization Phase... Done in 26.4537 ms.
  Solver setup [38] n = 1200000  nnz = 43199712
     analyze?        1
     use learner?    1
     pattern locked? 1
     call learner?   0
     call reserve?   0
     timer assembly matrix:   22.6282 s
     timer analyze+factorize: 17.8048 s
  CuDSS Solve Phase... Done in 2.21965 ms.
  Solver solve [38]  |residual| = 1.1273e-15
  CuDSS Analysis Phase... Done in 375.102 ms.
  CuDSS Factorization Phase... Done in 26.4899 ms.
  Solver setup [39] n = 1200000  nnz = 43199712
     analyze?        1
     use learner?    1
     pattern locked? 1
     call learner?   0
     call reserve?   0
     timer assembly matrix:   23.1093 s
     timer analyze+factorize: 18.2601 s
  CuDSS Solve Phase... Done in 2.2296 ms.
  Solver solve [39]  |residual| = 1.13361e-15
Wall time (loop)     : 60.993356 s
Simulation time      : 0.010000 s
RTF (wall/sim)       : 6099.335558

Final tip position   : 19999.999373  -0.000000  0.027812 m
Final tip angles XYZ : -0.000000  -2.885340  -0.000000 deg
peakRSS=9937292kB total=71.52s
