OpenMP enabled (max_threads=16)
Thread settings: nthreads=16 (chrono/collision/eigen)
ANCF 3243 cantilever demo
  integration : PreInt
  solver      : PARDISO_MKL
  elements    : 100000
  L_total     : 20000 m
  dx          : 0.2 m (per-element)
  W,H         : 0.1, 0.1 m
  tip_force   : 5000 N (Fz, applied along +Z)
  schedule    : Fz=const for steps 0..4, then Fz=0 for steps 5..9
  dt          : 0.001 s
  steps       : 10 (t_end=0.01 s)

  PARDISO Analysis Phase... Done in 2285.28 ms.
  PARDISO Factorization Phase... Done in 170.377 ms.
  Solver setup [0] n = 1200000  nnz = 43199712
     analyze?        1
     use learner?    1
     pattern locked? 1
     call learner?   1
     call reserve?   0
     timer assembly matrix:   4.15035 s
     timer analyze+factorize: 2.45574 s
  PARDISO Solve Phase... Done in 484.085 ms.
  Solver solve [0]  |residual| = 7.66745e-15
  PARDISO Analysis Phase... Done in 2321.27 ms.
  PARDISO Factorization Phase... Done in 164.479 ms.
  Solver setup [1] n = 1200000  nnz = 43199712
     analyze?        1
     use learner?    1
     pattern locked? 1
     call learner?   0
     call reserve?   0
     timer assembly matrix:   4.70156 s
     timer analyze+factorize: 4.94157 s
  PARDISO Solve Phase... Done in 486.646 ms.
  Solver solve [1]  |residual| = 9.59479e-16
  PARDISO Analysis Phase... Done in 2188.76 ms.
  PARDISO Factorization Phase... Done in 170.397 ms.
  Solver setup [2] n = 1200000  nnz = 43199712
     analyze?        1
     use learner?    1
     pattern locked? 1
     call learner?   0
     call reserve?   0
     timer assembly matrix:   5.23655 s
     timer analyze+factorize: 7.30078 s
  PARDISO Solve Phase... Done in 368.464 ms.
  Solver solve [2]  |residual| = 9.40222e-16
  PARDISO Analysis Phase... Done in 2145.63 ms.
  PARDISO Factorization Phase... Done in 164.667 ms.
  Solver setup [3] n = 1200000  nnz = 43199712
     analyze?        1
     use learner?    1
     pattern locked? 1
     call learner?   0
     call reserve?   0
     timer assembly matrix:   5.71132 s
     timer analyze+factorize: 9.61114 s
  PARDISO Solve Phase... Done in 368.06 ms.
  Solver solve [3]  |residual| = 9.30136e-16
  PARDISO Analysis Phase... Done in 2372.88 ms.
  PARDISO Factorization Phase... Done in 164.617 ms.
  Solver setup [4] n = 1200000  nnz = 43199712
     analyze?        1
     use learner?    1
     pattern locked? 1
     call learner?   0
     call reserve?   0
     timer assembly matrix:   6.18841 s
     timer analyze+factorize: 12.1487 s
  PARDISO Solve Phase... Done in 367.324 ms.
  Solver solve [4]  |residual| = 1.92601e-15
  PARDISO Analysis Phase... Done in 2172.17 ms.
  PARDISO Factorization Phase... Done in 174.206 ms.
  Solver setup [5] n = 1200000  nnz = 43199712
     analyze?        1
     use learner?    1
     pattern locked? 1
     call learner?   0
     call reserve?   0
     timer assembly matrix:   6.6672 s
     timer analyze+factorize: 14.4951 s
  PARDISO Solve Phase... Done in 382.417 ms.
  Solver solve [5]  |residual| = 9.28724e-16
  PARDISO Analysis Phase... Done in 2198.67 ms.
  PARDISO Factorization Phase... Done in 164.749 ms.
  Solver setup [6] n = 1200000  nnz = 43199712
     analyze?        1
     use learner?    1
     pattern locked? 1
     call learner?   0
     call reserve?   0
     timer assembly matrix:   7.16431 s
     timer analyze+factorize: 16.8586 s
  PARDISO Solve Phase... Done in 376.257 ms.
  Solver solve [6]  |residual| = 9.33038e-16
  PARDISO Analysis Phase... Done in 2172.54 ms.
  PARDISO Factorization Phase... Done in 169.399 ms.
  Solver setup [7] n = 1200000  nnz = 43199712
     analyze?        1
     use learner?    1
     pattern locked? 1
     call learner?   0
     call reserve?   0
     timer assembly matrix:   7.65212 s
     timer analyze+factorize: 19.2006 s
  PARDISO Solve Phase... Done in 368.23 ms.
  Solver solve [7]  |residual| = 9.36403e-16
  PARDISO Analysis Phase... Done in 2156.03 ms.
  PARDISO Factorization Phase... Done in 166.241 ms.
  Solver setup [8] n = 1200000  nnz = 43199712
     analyze?        1
     use learner?    1
     pattern locked? 1
     call learner?   0
     call reserve?   0
     timer assembly matrix:   8.16358 s
     timer analyze+factorize: 21.523 s
  PARDISO Solve Phase... Done in 490.218 ms.
  Solver solve [8]  |residual| = 1.03823e-14
  PARDISO Analysis Phase... Done in 2358.79 ms.
  PARDISO Factorization Phase... Done in 165.841 ms.
  Solver setup [9] n = 1200000  nnz = 43199712
     analyze?        1
     use learner?    1
     pattern locked? 1
     call learner?   0
     call reserve?   0
     timer assembly matrix:   8.69356 s
     timer analyze+factorize: 24.0477 s
  PARDISO Solve Phase... Done in 489.181 ms.
  Solver solve [9]  |residual| = 9.25784e-16
  PARDISO Analysis Phase... Done in 2368.62 ms.
  PARDISO Factorization Phase... Done in 164.795 ms.
  Solver setup [10] n = 1200000  nnz = 43199712
     analyze?        1
     use learner?    1
     pattern locked? 1
     call learner?   0
     call reserve?   0
     timer assembly matrix:   9.17089 s
     timer analyze+factorize: 26.5812 s
  PARDISO Solve Phase... Done in 489.237 ms.
  Solver solve [10]  |residual| = 9.38277e-16
  PARDISO Analysis Phase... Done in 2336.97 ms.
  PARDISO Factorization Phase... Done in 164.698 ms.
  Solver setup [11] n = 1200000  nnz = 43199712
     analyze?        1
     use learner?    1
     pattern locked? 1
     call learner?   0
     call reserve?   0
     timer assembly matrix:   9.70209 s
     timer analyze+factorize: 29.0829 s
  PARDISO Solve Phase... Done in 488.738 ms.
  Solver solve [11]  |residual| = 9.39569e-16
  PARDISO Analysis Phase... Done in 2338.54 ms.
  PARDISO Factorization Phase... Done in 165.437 ms.
  Solver setup [12] n = 1200000  nnz = 43199712
     analyze?        1
     use learner?    1
     pattern locked? 1
     call learner?   0
     call reserve?   0
     timer assembly matrix:   10.2314 s
     timer analyze+factorize: 31.587 s
  PARDISO Solve Phase... Done in 483.524 ms.
  Solver solve [12]  |residual| = 3.27147e-15
  PARDISO Analysis Phase... Done in 2355.59 ms.
  PARDISO Factorization Phase... Done in 166.183 ms.
  Solver setup [13] n = 1200000  nnz = 43199712
     analyze?        1
     use learner?    1
     pattern locked? 1
     call learner?   0
     call reserve?   0
     timer assembly matrix:   10.7585 s
     timer analyze+factorize: 34.1088 s
  PARDISO Solve Phase... Done in 490.072 ms.
  Solver solve [13]  |residual| = 9.23412e-16
  PARDISO Analysis Phase... Done in 2377.29 ms.
  PARDISO Factorization Phase... Done in 166.123 ms.
  Solver setup [14] n = 1200000  nnz = 43199712
     analyze?        1
     use learner?    1
     pattern locked? 1
     call learner?   0
     call reserve?   0
     timer assembly matrix:   11.2868 s
     timer analyze+factorize: 36.6523 s
  PARDISO Solve Phase... Done in 488.954 ms.
  Solver solve [14]  |residual| = 9.31045e-16
  PARDISO Analysis Phase... Done in 2154.6 ms.
  PARDISO Factorization Phase... Done in 166.843 ms.
  Solver setup [15] n = 1200000  nnz = 43199712
     analyze?        1
     use learner?    1
     pattern locked? 1
     call learner?   0
     call reserve?   0
     timer assembly matrix:   11.8205 s
     timer analyze+factorize: 38.9738 s
  PARDISO Solve Phase... Done in 370.706 ms.
  Solver solve [15]  |residual| = 9.34884e-16
  PARDISO Analysis Phase... Done in 2213.25 ms.
  PARDISO Factorization Phase... Done in 166.955 ms.
  Solver setup [16] n = 1200000  nnz = 43199712
     analyze?        1
     use learner?    1
     pattern locked? 1
     call learner?   0
     call reserve?   0
     timer assembly matrix:   12.2984 s
     timer analyze+factorize: 41.354 s
  PARDISO Solve Phase... Done in 371.159 ms.
  Solver solve [16]  |residual| = 5.2427e-15
  PARDISO Analysis Phase... Done in 2159 ms.
  PARDISO Factorization Phase... Done in 169.881 ms.
  Solver setup [17] n = 1200000  nnz = 43199712
     analyze?        1
     use learner?    1
     pattern locked? 1
     call learner?   0
     call reserve?   0
     timer assembly matrix:   12.7775 s
     timer analyze+factorize: 43.683 s
  PARDISO Solve Phase... Done in 370.681 ms.
  Solver solve [17]  |residual| = 9.39832e-16
  PARDISO Analysis Phase... Done in 2347.32 ms.
  PARDISO Factorization Phase... Done in 170.911 ms.
  Solver setup [18] n = 1200000  nnz = 43199712
     analyze?        1
     use learner?    1
     pattern locked? 1
     call learner?   0
     call reserve?   0
     timer assembly matrix:   13.2565 s
     timer analyze+factorize: 46.2013 s
  PARDISO Solve Phase... Done in 489.009 ms.
  Solver solve [18]  |residual| = 9.36733e-16
  PARDISO Analysis Phase... Done in 2355.05 ms.
  PARDISO Factorization Phase... Done in 173.425 ms.
  Solver setup [19] n = 1200000  nnz = 43199712
     analyze?        1
     use learner?    1
     pattern locked? 1
     call learner?   0
     call reserve?   0
     timer assembly matrix:   13.7904 s
     timer analyze+factorize: 48.7298 s
  PARDISO Solve Phase... Done in 489.972 ms.
  Solver solve [19]  |residual| = 9.31283e-16
  PARDISO Analysis Phase... Done in 2160.06 ms.
  PARDISO Factorization Phase... Done in 177.641 ms.
  Solver setup [20] n = 1200000  nnz = 43199712
     analyze?        1
     use learner?    1
     pattern locked? 1
     call learner?   0
     call reserve?   0
     timer assembly matrix:   14.3193 s
     timer analyze+factorize: 51.0676 s
  PARDISO Solve Phase... Done in 376.546 ms.
  Solver solve [20]  |residual| = 3.79666e-15
  PARDISO Analysis Phase... Done in 2185.92 ms.
  PARDISO Factorization Phase... Done in 169.658 ms.
  Solver setup [21] n = 1200000  nnz = 43199712
     analyze?        1
     use learner?    1
     pattern locked? 1
     call learner?   0
     call reserve?   0
     timer assembly matrix:   14.8123 s
     timer analyze+factorize: 53.4233 s
  PARDISO Solve Phase... Done in 481.002 ms.
  Solver solve [21]  |residual| = 9.32092e-16
  PARDISO Analysis Phase... Done in 2340.11 ms.
  PARDISO Factorization Phase... Done in 165.053 ms.
  Solver setup [22] n = 1200000  nnz = 43199712
     analyze?        1
     use learner?    1
     pattern locked? 1
     call learner?   0
     call reserve?   0
     timer assembly matrix:   15.3372 s
     timer analyze+factorize: 55.9285 s
  PARDISO Solve Phase... Done in 488.333 ms.
  Solver solve [22]  |residual| = 9.40753e-16
  PARDISO Analysis Phase... Done in 2344.67 ms.
  PARDISO Factorization Phase... Done in 166.066 ms.
  Solver setup [23] n = 1200000  nnz = 43199712
     analyze?        1
     use learner?    1
     pattern locked? 1
     call learner?   0
     call reserve?   0
     timer assembly matrix:   15.8733 s
     timer analyze+factorize: 58.4393 s
  PARDISO Solve Phase... Done in 487.737 ms.
  Solver solve [23]  |residual| = 9.27736e-16
  PARDISO Analysis Phase... Done in 2248.45 ms.
  PARDISO Factorization Phase... Done in 167.433 ms.
  Solver setup [24] n = 1200000  nnz = 43199712
     analyze?        1
     use learner?    1
     pattern locked? 1
     call learner?   0
     call reserve?   0
     timer assembly matrix:   16.4105 s
     timer analyze+factorize: 60.8553 s
  PARDISO Solve Phase... Done in 482.591 ms.
  Solver solve [24]  |residual| = 2.56425e-15
  PARDISO Analysis Phase... Done in 2183.79 ms.
  PARDISO Factorization Phase... Done in 170.198 ms.
  Solver setup [25] n = 1200000  nnz = 43199712
     analyze?        1
     use learner?    1
     pattern locked? 1
     call learner?   0
     call reserve?   0
     timer assembly matrix:   16.9425 s
     timer analyze+factorize: 63.2093 s
  PARDISO Solve Phase... Done in 374.401 ms.
  Solver solve [25]  |residual| = 9.31677e-16
  PARDISO Analysis Phase... Done in 2179.65 ms.
  PARDISO Factorization Phase... Done in 167.214 ms.
  Solver setup [26] n = 1200000  nnz = 43199712
     analyze?        1
     use learner?    1
     pattern locked? 1
     call learner?   0
     call reserve?   0
     timer assembly matrix:   17.4244 s
     timer analyze+factorize: 65.5563 s
  PARDISO Solve Phase... Done in 370.658 ms.
  Solver solve [26]  |residual| = 9.34366e-16
  PARDISO Analysis Phase... Done in 2180.84 ms.
  PARDISO Factorization Phase... Done in 170.128 ms.
  Solver setup [27] n = 1200000  nnz = 43199712
     analyze?        1
     use learner?    1
     pattern locked? 1
     call learner?   0
     call reserve?   0
     timer assembly matrix:   17.9049 s
     timer analyze+factorize: 67.9073 s
  PARDISO Solve Phase... Done in 373.631 ms.
  Solver solve [27]  |residual| = 9.30477e-16
  PARDISO Analysis Phase... Done in 2182.46 ms.
  PARDISO Factorization Phase... Done in 167.641 ms.
  Solver setup [28] n = 1200000  nnz = 43199712
     analyze?        1
     use learner?    1
     pattern locked? 1
     call learner?   0
     call reserve?   0
     timer assembly matrix:   18.3868 s
     timer analyze+factorize: 70.2574 s
  PARDISO Solve Phase... Done in 373.338 ms.
  Solver solve [28]  |residual| = 2.67278e-15
  PARDISO Analysis Phase... Done in 2346.21 ms.
  PARDISO Factorization Phase... Done in 169.708 ms.
  Solver setup [29] n = 1200000  nnz = 43199712
     analyze?        1
     use learner?    1
     pattern locked? 1
     call learner?   0
     call reserve?   0
     timer assembly matrix:   18.8663 s
     timer analyze+factorize: 72.7734 s
  PARDISO Solve Phase... Done in 487.993 ms.
  Solver solve [29]  |residual| = 9.26654e-16
  PARDISO Analysis Phase... Done in 2166.24 ms.
  PARDISO Factorization Phase... Done in 175.429 ms.
  Solver setup [30] n = 1200000  nnz = 43199712
     analyze?        1
     use learner?    1
     pattern locked? 1
     call learner?   0
     call reserve?   0
     timer assembly matrix:   19.3445 s
     timer analyze+factorize: 75.1152 s
  PARDISO Solve Phase... Done in 372.236 ms.
  Solver solve [30]  |residual| = 9.39255e-16
  PARDISO Analysis Phase... Done in 2193.18 ms.
  PARDISO Factorization Phase... Done in 171.42 ms.
  Solver setup [31] n = 1200000  nnz = 43199712
     analyze?        1
     use learner?    1
     pattern locked? 1
     call learner?   0
     call reserve?   0
     timer assembly matrix:   19.8245 s
     timer analyze+factorize: 77.4798 s
  PARDISO Solve Phase... Done in 374.307 ms.
  Solver solve [31]  |residual| = 9.22354e-16
  PARDISO Analysis Phase... Done in 2180.6 ms.
  PARDISO Factorization Phase... Done in 176.614 ms.
  Solver setup [32] n = 1200000  nnz = 43199712
     analyze?        1
     use learner?    1
     pattern locked? 1
     call learner?   0
     call reserve?   0
     timer assembly matrix:   20.3064 s
     timer analyze+factorize: 79.8371 s
  PARDISO Solve Phase... Done in 373.841 ms.
  Solver solve [32]  |residual| = 2.32903e-15
  PARDISO Analysis Phase... Done in 2353.02 ms.
  PARDISO Factorization Phase... Done in 167.516 ms.
  Solver setup [33] n = 1200000  nnz = 43199712
     analyze?        1
     use learner?    1
     pattern locked? 1
     call learner?   0
     call reserve?   0
     timer assembly matrix:   20.7908 s
     timer analyze+factorize: 82.3577 s
  PARDISO Solve Phase... Done in 487.343 ms.
  Solver solve [33]  |residual| = 9.25987e-16
  PARDISO Analysis Phase... Done in 2177.66 ms.
  PARDISO Factorization Phase... Done in 166.592 ms.
  Solver setup [34] n = 1200000  nnz = 43199712
     analyze?        1
     use learner?    1
     pattern locked? 1
     call learner?   0
     call reserve?   0
     timer assembly matrix:   21.318 s
     timer analyze+factorize: 84.702 s
  PARDISO Solve Phase... Done in 369.912 ms.
  Solver solve [34]  |residual| = 9.1514e-16
  PARDISO Analysis Phase... Done in 2162.56 ms.
  PARDISO Factorization Phase... Done in 167.05 ms.
  Solver setup [35] n = 1200000  nnz = 43199712
     analyze?        1
     use learner?    1
     pattern locked? 1
     call learner?   0
     call reserve?   0
     timer assembly matrix:   21.7966 s
     timer analyze+factorize: 87.0317 s
  PARDISO Solve Phase... Done in 369.828 ms.
  Solver solve [35]  |residual| = 9.27694e-16
  PARDISO Analysis Phase... Done in 2222.06 ms.
  PARDISO Factorization Phase... Done in 166.548 ms.
  Solver setup [36] n = 1200000  nnz = 43199712
     analyze?        1
     use learner?    1
     pattern locked? 1
     call learner?   0
     call reserve?   0
     timer assembly matrix:   22.2712 s
     timer analyze+factorize: 89.4204 s
  PARDISO Solve Phase... Done in 372.441 ms.
  Solver solve [36]  |residual| = 2.69547e-15
  PARDISO Analysis Phase... Done in 2193.22 ms.
  PARDISO Factorization Phase... Done in 167.881 ms.
  Solver setup [37] n = 1200000  nnz = 43199712
     analyze?        1
     use learner?    1
     pattern locked? 1
     call learner?   0
     call reserve?   0
     timer assembly matrix:   22.7498 s
     timer analyze+factorize: 91.7816 s
  PARDISO Solve Phase... Done in 489.574 ms.
  Solver solve [37]  |residual| = 9.24303e-16
  PARDISO Analysis Phase... Done in 2355.7 ms.
  PARDISO Factorization Phase... Done in 165.665 ms.
  Solver setup [38] n = 1200000  nnz = 43199712
     analyze?        1
     use learner?    1
     pattern locked? 1
     call learner?   0
     call reserve?   0
     timer assembly matrix:   23.2811 s
     timer analyze+factorize: 94.303 s
  PARDISO Solve Phase... Done in 372.11 ms.
  Solver solve [38]  |residual| = 9.25499e-16
  PARDISO Analysis Phase... Done in 2164.77 ms.
  PARDISO Factorization Phase... Done in 167.459 ms.
  Solver setup [39] n = 1200000  nnz = 43199712
     analyze?        1
     use learner?    1
     pattern locked? 1
     call learner?   0
     call reserve?   0
     timer assembly matrix:   23.7561 s
     timer analyze+factorize: 96.6353 s
  PARDISO Solve Phase... Done in 371.088 ms.
  Solver solve [39]  |residual| = 9.27845e-16
Wall time (loop)     : 158.047859 s
Simulation time      : 0.010000 s
RTF (wall/sim)       : 15804.785935

Final tip position   : 19999.999373  -0.000000  0.027812 m
Final tip angles XYZ : -0.000000  -2.885356  -0.000000 deg
peakRSS=11748804kB total=168.75s
